[2025-04-06T04:09:16.387+0000] {processor.py:186} INFO - Started process (PID=1898) to work on /home/airflow/.local/lib/python3.12/site-packages/airflow/example_dags/example_inlet_event_extra.py
[2025-04-06T04:09:16.388+0000] {processor.py:914} INFO - Processing file /home/airflow/.local/lib/python3.12/site-packages/airflow/example_dags/example_inlet_event_extra.py for tasks to queue
[2025-04-06T04:09:16.391+0000] {logging_mixin.py:190} INFO - [2025-04-06T04:09:16.390+0000] {dagbag.py:588} INFO - Filling up the DagBag from /home/airflow/.local/lib/python3.12/site-packages/airflow/example_dags/example_inlet_event_extra.py
[2025-04-06T04:09:17.195+0000] {processor.py:925} INFO - DAG(s) 'read_dataset_event_from_classic', 'read_dataset_event' retrieved from /home/airflow/.local/lib/python3.12/site-packages/airflow/example_dags/example_inlet_event_extra.py
[2025-04-06T04:09:17.229+0000] {logging_mixin.py:190} INFO - [2025-04-06T04:09:17.229+0000] {dag.py:3239} INFO - Sync 2 DAGs
[2025-04-06T04:09:17.261+0000] {logging_mixin.py:190} INFO - [2025-04-06T04:09:17.261+0000] {dag.py:4180} INFO - Setting next_dagrun for read_dataset_event to 2025-04-05 00:00:00+00:00, run_after=2025-04-06 00:00:00+00:00
[2025-04-06T04:09:17.267+0000] {logging_mixin.py:190} INFO - [2025-04-06T04:09:17.267+0000] {dag.py:4180} INFO - Setting next_dagrun for read_dataset_event_from_classic to 2025-04-05 00:00:00+00:00, run_after=2025-04-06 00:00:00+00:00
[2025-04-06T04:09:17.285+0000] {processor.py:208} INFO - Processing /home/airflow/.local/lib/python3.12/site-packages/airflow/example_dags/example_inlet_event_extra.py took 0.915 seconds
[2025-04-06T04:09:47.705+0000] {processor.py:186} INFO - Started process (PID=1961) to work on /home/airflow/.local/lib/python3.12/site-packages/airflow/example_dags/example_inlet_event_extra.py
[2025-04-06T04:09:47.706+0000] {processor.py:914} INFO - Processing file /home/airflow/.local/lib/python3.12/site-packages/airflow/example_dags/example_inlet_event_extra.py for tasks to queue
[2025-04-06T04:09:47.708+0000] {logging_mixin.py:190} INFO - [2025-04-06T04:09:47.708+0000] {dagbag.py:588} INFO - Filling up the DagBag from /home/airflow/.local/lib/python3.12/site-packages/airflow/example_dags/example_inlet_event_extra.py
[2025-04-06T04:09:48.218+0000] {processor.py:925} INFO - DAG(s) 'read_dataset_event', 'read_dataset_event_from_classic' retrieved from /home/airflow/.local/lib/python3.12/site-packages/airflow/example_dags/example_inlet_event_extra.py
[2025-04-06T04:09:48.237+0000] {logging_mixin.py:190} INFO - [2025-04-06T04:09:48.236+0000] {dag.py:3239} INFO - Sync 2 DAGs
[2025-04-06T04:09:48.266+0000] {logging_mixin.py:190} INFO - [2025-04-06T04:09:48.266+0000] {dag.py:4180} INFO - Setting next_dagrun for read_dataset_event to 2025-04-05 00:00:00+00:00, run_after=2025-04-06 00:00:00+00:00
[2025-04-06T04:09:48.272+0000] {logging_mixin.py:190} INFO - [2025-04-06T04:09:48.272+0000] {dag.py:4180} INFO - Setting next_dagrun for read_dataset_event_from_classic to 2025-04-05 00:00:00+00:00, run_after=2025-04-06 00:00:00+00:00
[2025-04-06T04:09:48.289+0000] {processor.py:208} INFO - Processing /home/airflow/.local/lib/python3.12/site-packages/airflow/example_dags/example_inlet_event_extra.py took 0.588 seconds
[2025-04-06T04:10:18.701+0000] {processor.py:186} INFO - Started process (PID=2024) to work on /home/airflow/.local/lib/python3.12/site-packages/airflow/example_dags/example_inlet_event_extra.py
[2025-04-06T04:10:18.702+0000] {processor.py:914} INFO - Processing file /home/airflow/.local/lib/python3.12/site-packages/airflow/example_dags/example_inlet_event_extra.py for tasks to queue
[2025-04-06T04:10:18.704+0000] {logging_mixin.py:190} INFO - [2025-04-06T04:10:18.704+0000] {dagbag.py:588} INFO - Filling up the DagBag from /home/airflow/.local/lib/python3.12/site-packages/airflow/example_dags/example_inlet_event_extra.py
[2025-04-06T04:10:19.203+0000] {processor.py:925} INFO - DAG(s) 'read_dataset_event_from_classic', 'read_dataset_event' retrieved from /home/airflow/.local/lib/python3.12/site-packages/airflow/example_dags/example_inlet_event_extra.py
[2025-04-06T04:10:19.217+0000] {logging_mixin.py:190} INFO - [2025-04-06T04:10:19.217+0000] {dag.py:3239} INFO - Sync 2 DAGs
[2025-04-06T04:10:19.235+0000] {logging_mixin.py:190} INFO - [2025-04-06T04:10:19.235+0000] {dag.py:4180} INFO - Setting next_dagrun for read_dataset_event to 2025-04-05 00:00:00+00:00, run_after=2025-04-06 00:00:00+00:00
[2025-04-06T04:10:19.238+0000] {logging_mixin.py:190} INFO - [2025-04-06T04:10:19.238+0000] {dag.py:4180} INFO - Setting next_dagrun for read_dataset_event_from_classic to 2025-04-05 00:00:00+00:00, run_after=2025-04-06 00:00:00+00:00
[2025-04-06T04:10:19.252+0000] {processor.py:208} INFO - Processing /home/airflow/.local/lib/python3.12/site-packages/airflow/example_dags/example_inlet_event_extra.py took 0.555 seconds
[2025-04-06T04:10:49.999+0000] {processor.py:186} INFO - Started process (PID=2089) to work on /home/airflow/.local/lib/python3.12/site-packages/airflow/example_dags/example_inlet_event_extra.py
[2025-04-06T04:10:50.000+0000] {processor.py:914} INFO - Processing file /home/airflow/.local/lib/python3.12/site-packages/airflow/example_dags/example_inlet_event_extra.py for tasks to queue
[2025-04-06T04:10:50.002+0000] {logging_mixin.py:190} INFO - [2025-04-06T04:10:50.002+0000] {dagbag.py:588} INFO - Filling up the DagBag from /home/airflow/.local/lib/python3.12/site-packages/airflow/example_dags/example_inlet_event_extra.py
[2025-04-06T04:10:50.380+0000] {processor.py:925} INFO - DAG(s) 'read_dataset_event_from_classic', 'read_dataset_event' retrieved from /home/airflow/.local/lib/python3.12/site-packages/airflow/example_dags/example_inlet_event_extra.py
[2025-04-06T04:10:50.398+0000] {logging_mixin.py:190} INFO - [2025-04-06T04:10:50.398+0000] {dag.py:3239} INFO - Sync 2 DAGs
[2025-04-06T04:10:50.415+0000] {logging_mixin.py:190} INFO - [2025-04-06T04:10:50.415+0000] {dag.py:4180} INFO - Setting next_dagrun for read_dataset_event to 2025-04-05 00:00:00+00:00, run_after=2025-04-06 00:00:00+00:00
[2025-04-06T04:10:50.418+0000] {logging_mixin.py:190} INFO - [2025-04-06T04:10:50.418+0000] {dag.py:4180} INFO - Setting next_dagrun for read_dataset_event_from_classic to 2025-04-05 00:00:00+00:00, run_after=2025-04-06 00:00:00+00:00
[2025-04-06T04:10:50.448+0000] {processor.py:208} INFO - Processing /home/airflow/.local/lib/python3.12/site-packages/airflow/example_dags/example_inlet_event_extra.py took 0.455 seconds
[2025-04-06T04:11:20.524+0000] {processor.py:186} INFO - Started process (PID=2140) to work on /home/airflow/.local/lib/python3.12/site-packages/airflow/example_dags/example_inlet_event_extra.py
[2025-04-06T04:11:20.527+0000] {processor.py:914} INFO - Processing file /home/airflow/.local/lib/python3.12/site-packages/airflow/example_dags/example_inlet_event_extra.py for tasks to queue
[2025-04-06T04:11:20.529+0000] {logging_mixin.py:190} INFO - [2025-04-06T04:11:20.529+0000] {dagbag.py:588} INFO - Filling up the DagBag from /home/airflow/.local/lib/python3.12/site-packages/airflow/example_dags/example_inlet_event_extra.py
[2025-04-06T04:11:20.994+0000] {processor.py:925} INFO - DAG(s) 'read_dataset_event_from_classic', 'read_dataset_event' retrieved from /home/airflow/.local/lib/python3.12/site-packages/airflow/example_dags/example_inlet_event_extra.py
[2025-04-06T04:11:21.011+0000] {logging_mixin.py:190} INFO - [2025-04-06T04:11:21.011+0000] {dag.py:3239} INFO - Sync 2 DAGs
[2025-04-06T04:11:21.028+0000] {logging_mixin.py:190} INFO - [2025-04-06T04:11:21.027+0000] {dag.py:4180} INFO - Setting next_dagrun for read_dataset_event to 2025-04-05 00:00:00+00:00, run_after=2025-04-06 00:00:00+00:00
[2025-04-06T04:11:21.031+0000] {logging_mixin.py:190} INFO - [2025-04-06T04:11:21.031+0000] {dag.py:4180} INFO - Setting next_dagrun for read_dataset_event_from_classic to 2025-04-05 00:00:00+00:00, run_after=2025-04-06 00:00:00+00:00
[2025-04-06T04:11:21.059+0000] {processor.py:208} INFO - Processing /home/airflow/.local/lib/python3.12/site-packages/airflow/example_dags/example_inlet_event_extra.py took 0.540 seconds
[2025-04-06T04:11:51.942+0000] {processor.py:186} INFO - Started process (PID=2205) to work on /home/airflow/.local/lib/python3.12/site-packages/airflow/example_dags/example_inlet_event_extra.py
[2025-04-06T04:11:51.944+0000] {processor.py:914} INFO - Processing file /home/airflow/.local/lib/python3.12/site-packages/airflow/example_dags/example_inlet_event_extra.py for tasks to queue
[2025-04-06T04:11:51.947+0000] {logging_mixin.py:190} INFO - [2025-04-06T04:11:51.946+0000] {dagbag.py:588} INFO - Filling up the DagBag from /home/airflow/.local/lib/python3.12/site-packages/airflow/example_dags/example_inlet_event_extra.py
[2025-04-06T04:11:52.489+0000] {processor.py:925} INFO - DAG(s) 'read_dataset_event_from_classic', 'read_dataset_event' retrieved from /home/airflow/.local/lib/python3.12/site-packages/airflow/example_dags/example_inlet_event_extra.py
[2025-04-06T04:11:52.509+0000] {logging_mixin.py:190} INFO - [2025-04-06T04:11:52.508+0000] {dag.py:3239} INFO - Sync 2 DAGs
[2025-04-06T04:11:52.529+0000] {logging_mixin.py:190} INFO - [2025-04-06T04:11:52.529+0000] {dag.py:4180} INFO - Setting next_dagrun for read_dataset_event to 2025-04-05 00:00:00+00:00, run_after=2025-04-06 00:00:00+00:00
[2025-04-06T04:11:52.535+0000] {logging_mixin.py:190} INFO - [2025-04-06T04:11:52.534+0000] {dag.py:4180} INFO - Setting next_dagrun for read_dataset_event_from_classic to 2025-04-05 00:00:00+00:00, run_after=2025-04-06 00:00:00+00:00
[2025-04-06T04:11:52.551+0000] {processor.py:208} INFO - Processing /home/airflow/.local/lib/python3.12/site-packages/airflow/example_dags/example_inlet_event_extra.py took 0.616 seconds
[2025-04-06T04:12:23.234+0000] {processor.py:186} INFO - Started process (PID=2268) to work on /home/airflow/.local/lib/python3.12/site-packages/airflow/example_dags/example_inlet_event_extra.py
[2025-04-06T04:12:23.247+0000] {processor.py:914} INFO - Processing file /home/airflow/.local/lib/python3.12/site-packages/airflow/example_dags/example_inlet_event_extra.py for tasks to queue
[2025-04-06T04:12:23.248+0000] {logging_mixin.py:190} INFO - [2025-04-06T04:12:23.248+0000] {dagbag.py:588} INFO - Filling up the DagBag from /home/airflow/.local/lib/python3.12/site-packages/airflow/example_dags/example_inlet_event_extra.py
[2025-04-06T04:12:23.727+0000] {processor.py:925} INFO - DAG(s) 'read_dataset_event_from_classic', 'read_dataset_event' retrieved from /home/airflow/.local/lib/python3.12/site-packages/airflow/example_dags/example_inlet_event_extra.py
[2025-04-06T04:12:23.744+0000] {logging_mixin.py:190} INFO - [2025-04-06T04:12:23.743+0000] {dag.py:3239} INFO - Sync 2 DAGs
[2025-04-06T04:12:23.767+0000] {logging_mixin.py:190} INFO - [2025-04-06T04:12:23.767+0000] {dag.py:4180} INFO - Setting next_dagrun for read_dataset_event to 2025-04-05 00:00:00+00:00, run_after=2025-04-06 00:00:00+00:00
[2025-04-06T04:12:23.772+0000] {logging_mixin.py:190} INFO - [2025-04-06T04:12:23.771+0000] {dag.py:4180} INFO - Setting next_dagrun for read_dataset_event_from_classic to 2025-04-05 00:00:00+00:00, run_after=2025-04-06 00:00:00+00:00
[2025-04-06T04:12:23.788+0000] {processor.py:208} INFO - Processing /home/airflow/.local/lib/python3.12/site-packages/airflow/example_dags/example_inlet_event_extra.py took 0.559 seconds
[2025-04-06T04:12:54.434+0000] {processor.py:186} INFO - Started process (PID=2331) to work on /home/airflow/.local/lib/python3.12/site-packages/airflow/example_dags/example_inlet_event_extra.py
[2025-04-06T04:12:54.436+0000] {processor.py:914} INFO - Processing file /home/airflow/.local/lib/python3.12/site-packages/airflow/example_dags/example_inlet_event_extra.py for tasks to queue
[2025-04-06T04:12:54.446+0000] {logging_mixin.py:190} INFO - [2025-04-06T04:12:54.438+0000] {dagbag.py:588} INFO - Filling up the DagBag from /home/airflow/.local/lib/python3.12/site-packages/airflow/example_dags/example_inlet_event_extra.py
[2025-04-06T04:12:55.058+0000] {processor.py:925} INFO - DAG(s) 'read_dataset_event_from_classic', 'read_dataset_event' retrieved from /home/airflow/.local/lib/python3.12/site-packages/airflow/example_dags/example_inlet_event_extra.py
[2025-04-06T04:12:55.078+0000] {logging_mixin.py:190} INFO - [2025-04-06T04:12:55.078+0000] {dag.py:3239} INFO - Sync 2 DAGs
[2025-04-06T04:12:55.099+0000] {logging_mixin.py:190} INFO - [2025-04-06T04:12:55.099+0000] {dag.py:4180} INFO - Setting next_dagrun for read_dataset_event to 2025-04-05 00:00:00+00:00, run_after=2025-04-06 00:00:00+00:00
[2025-04-06T04:12:55.104+0000] {logging_mixin.py:190} INFO - [2025-04-06T04:12:55.103+0000] {dag.py:4180} INFO - Setting next_dagrun for read_dataset_event_from_classic to 2025-04-05 00:00:00+00:00, run_after=2025-04-06 00:00:00+00:00
[2025-04-06T04:12:55.121+0000] {processor.py:208} INFO - Processing /home/airflow/.local/lib/python3.12/site-packages/airflow/example_dags/example_inlet_event_extra.py took 0.693 seconds
[2025-04-06T04:13:25.935+0000] {processor.py:186} INFO - Started process (PID=2394) to work on /home/airflow/.local/lib/python3.12/site-packages/airflow/example_dags/example_inlet_event_extra.py
[2025-04-06T04:13:25.937+0000] {processor.py:914} INFO - Processing file /home/airflow/.local/lib/python3.12/site-packages/airflow/example_dags/example_inlet_event_extra.py for tasks to queue
[2025-04-06T04:13:25.938+0000] {logging_mixin.py:190} INFO - [2025-04-06T04:13:25.938+0000] {dagbag.py:588} INFO - Filling up the DagBag from /home/airflow/.local/lib/python3.12/site-packages/airflow/example_dags/example_inlet_event_extra.py
[2025-04-06T04:13:26.476+0000] {processor.py:925} INFO - DAG(s) 'read_dataset_event', 'read_dataset_event_from_classic' retrieved from /home/airflow/.local/lib/python3.12/site-packages/airflow/example_dags/example_inlet_event_extra.py
[2025-04-06T04:13:26.497+0000] {logging_mixin.py:190} INFO - [2025-04-06T04:13:26.497+0000] {dag.py:3239} INFO - Sync 2 DAGs
[2025-04-06T04:13:26.524+0000] {logging_mixin.py:190} INFO - [2025-04-06T04:13:26.524+0000] {dag.py:4180} INFO - Setting next_dagrun for read_dataset_event to 2025-04-05 00:00:00+00:00, run_after=2025-04-06 00:00:00+00:00
[2025-04-06T04:13:26.529+0000] {logging_mixin.py:190} INFO - [2025-04-06T04:13:26.529+0000] {dag.py:4180} INFO - Setting next_dagrun for read_dataset_event_from_classic to 2025-04-05 00:00:00+00:00, run_after=2025-04-06 00:00:00+00:00
[2025-04-06T04:13:26.546+0000] {processor.py:208} INFO - Processing /home/airflow/.local/lib/python3.12/site-packages/airflow/example_dags/example_inlet_event_extra.py took 0.616 seconds
[2025-04-06T04:13:56.710+0000] {processor.py:186} INFO - Started process (PID=2457) to work on /home/airflow/.local/lib/python3.12/site-packages/airflow/example_dags/example_inlet_event_extra.py
[2025-04-06T04:13:56.722+0000] {processor.py:914} INFO - Processing file /home/airflow/.local/lib/python3.12/site-packages/airflow/example_dags/example_inlet_event_extra.py for tasks to queue
[2025-04-06T04:13:56.725+0000] {logging_mixin.py:190} INFO - [2025-04-06T04:13:56.725+0000] {dagbag.py:588} INFO - Filling up the DagBag from /home/airflow/.local/lib/python3.12/site-packages/airflow/example_dags/example_inlet_event_extra.py
[2025-04-06T04:13:57.195+0000] {processor.py:925} INFO - DAG(s) 'read_dataset_event', 'read_dataset_event_from_classic' retrieved from /home/airflow/.local/lib/python3.12/site-packages/airflow/example_dags/example_inlet_event_extra.py
[2025-04-06T04:13:57.212+0000] {logging_mixin.py:190} INFO - [2025-04-06T04:13:57.212+0000] {dag.py:3239} INFO - Sync 2 DAGs
[2025-04-06T04:13:57.230+0000] {logging_mixin.py:190} INFO - [2025-04-06T04:13:57.230+0000] {dag.py:4180} INFO - Setting next_dagrun for read_dataset_event to 2025-04-05 00:00:00+00:00, run_after=2025-04-06 00:00:00+00:00
[2025-04-06T04:13:57.234+0000] {logging_mixin.py:190} INFO - [2025-04-06T04:13:57.234+0000] {dag.py:4180} INFO - Setting next_dagrun for read_dataset_event_from_classic to 2025-04-05 00:00:00+00:00, run_after=2025-04-06 00:00:00+00:00
[2025-04-06T04:13:57.252+0000] {processor.py:208} INFO - Processing /home/airflow/.local/lib/python3.12/site-packages/airflow/example_dags/example_inlet_event_extra.py took 0.549 seconds
[2025-04-06T04:14:27.321+0000] {processor.py:186} INFO - Started process (PID=2520) to work on /home/airflow/.local/lib/python3.12/site-packages/airflow/example_dags/example_inlet_event_extra.py
[2025-04-06T04:14:27.334+0000] {processor.py:914} INFO - Processing file /home/airflow/.local/lib/python3.12/site-packages/airflow/example_dags/example_inlet_event_extra.py for tasks to queue
[2025-04-06T04:14:27.336+0000] {logging_mixin.py:190} INFO - [2025-04-06T04:14:27.336+0000] {dagbag.py:588} INFO - Filling up the DagBag from /home/airflow/.local/lib/python3.12/site-packages/airflow/example_dags/example_inlet_event_extra.py
[2025-04-06T04:14:27.769+0000] {processor.py:925} INFO - DAG(s) 'read_dataset_event_from_classic', 'read_dataset_event' retrieved from /home/airflow/.local/lib/python3.12/site-packages/airflow/example_dags/example_inlet_event_extra.py
[2025-04-06T04:14:27.787+0000] {logging_mixin.py:190} INFO - [2025-04-06T04:14:27.787+0000] {dag.py:3239} INFO - Sync 2 DAGs
[2025-04-06T04:14:27.813+0000] {logging_mixin.py:190} INFO - [2025-04-06T04:14:27.813+0000] {dag.py:4180} INFO - Setting next_dagrun for read_dataset_event to 2025-04-05 00:00:00+00:00, run_after=2025-04-06 00:00:00+00:00
[2025-04-06T04:14:27.818+0000] {logging_mixin.py:190} INFO - [2025-04-06T04:14:27.818+0000] {dag.py:4180} INFO - Setting next_dagrun for read_dataset_event_from_classic to 2025-04-05 00:00:00+00:00, run_after=2025-04-06 00:00:00+00:00
[2025-04-06T04:14:27.841+0000] {processor.py:208} INFO - Processing /home/airflow/.local/lib/python3.12/site-packages/airflow/example_dags/example_inlet_event_extra.py took 0.524 seconds
[2025-04-06T04:14:57.931+0000] {processor.py:186} INFO - Started process (PID=2583) to work on /home/airflow/.local/lib/python3.12/site-packages/airflow/example_dags/example_inlet_event_extra.py
[2025-04-06T04:14:57.938+0000] {processor.py:914} INFO - Processing file /home/airflow/.local/lib/python3.12/site-packages/airflow/example_dags/example_inlet_event_extra.py for tasks to queue
[2025-04-06T04:14:57.942+0000] {logging_mixin.py:190} INFO - [2025-04-06T04:14:57.941+0000] {dagbag.py:588} INFO - Filling up the DagBag from /home/airflow/.local/lib/python3.12/site-packages/airflow/example_dags/example_inlet_event_extra.py
[2025-04-06T04:14:58.462+0000] {processor.py:925} INFO - DAG(s) 'read_dataset_event', 'read_dataset_event_from_classic' retrieved from /home/airflow/.local/lib/python3.12/site-packages/airflow/example_dags/example_inlet_event_extra.py
[2025-04-06T04:14:58.480+0000] {logging_mixin.py:190} INFO - [2025-04-06T04:14:58.480+0000] {dag.py:3239} INFO - Sync 2 DAGs
[2025-04-06T04:14:58.528+0000] {logging_mixin.py:190} INFO - [2025-04-06T04:14:58.527+0000] {dag.py:4180} INFO - Setting next_dagrun for read_dataset_event to 2025-04-05 00:00:00+00:00, run_after=2025-04-06 00:00:00+00:00
[2025-04-06T04:14:58.532+0000] {logging_mixin.py:190} INFO - [2025-04-06T04:14:58.532+0000] {dag.py:4180} INFO - Setting next_dagrun for read_dataset_event_from_classic to 2025-04-05 00:00:00+00:00, run_after=2025-04-06 00:00:00+00:00
[2025-04-06T04:14:58.550+0000] {processor.py:208} INFO - Processing /home/airflow/.local/lib/python3.12/site-packages/airflow/example_dags/example_inlet_event_extra.py took 0.625 seconds
[2025-04-06T04:15:28.804+0000] {processor.py:186} INFO - Started process (PID=2646) to work on /home/airflow/.local/lib/python3.12/site-packages/airflow/example_dags/example_inlet_event_extra.py
[2025-04-06T04:15:28.806+0000] {processor.py:914} INFO - Processing file /home/airflow/.local/lib/python3.12/site-packages/airflow/example_dags/example_inlet_event_extra.py for tasks to queue
[2025-04-06T04:15:28.808+0000] {logging_mixin.py:190} INFO - [2025-04-06T04:15:28.808+0000] {dagbag.py:588} INFO - Filling up the DagBag from /home/airflow/.local/lib/python3.12/site-packages/airflow/example_dags/example_inlet_event_extra.py
[2025-04-06T04:15:29.668+0000] {processor.py:925} INFO - DAG(s) 'read_dataset_event', 'read_dataset_event_from_classic' retrieved from /home/airflow/.local/lib/python3.12/site-packages/airflow/example_dags/example_inlet_event_extra.py
[2025-04-06T04:15:29.696+0000] {logging_mixin.py:190} INFO - [2025-04-06T04:15:29.696+0000] {dag.py:3239} INFO - Sync 2 DAGs
[2025-04-06T04:15:29.727+0000] {logging_mixin.py:190} INFO - [2025-04-06T04:15:29.726+0000] {dag.py:4180} INFO - Setting next_dagrun for read_dataset_event to 2025-04-05 00:00:00+00:00, run_after=2025-04-06 00:00:00+00:00
[2025-04-06T04:15:29.731+0000] {logging_mixin.py:190} INFO - [2025-04-06T04:15:29.731+0000] {dag.py:4180} INFO - Setting next_dagrun for read_dataset_event_from_classic to 2025-04-05 00:00:00+00:00, run_after=2025-04-06 00:00:00+00:00
[2025-04-06T04:15:29.756+0000] {processor.py:208} INFO - Processing /home/airflow/.local/lib/python3.12/site-packages/airflow/example_dags/example_inlet_event_extra.py took 0.958 seconds
[2025-04-06T04:16:00.420+0000] {processor.py:186} INFO - Started process (PID=2709) to work on /home/airflow/.local/lib/python3.12/site-packages/airflow/example_dags/example_inlet_event_extra.py
[2025-04-06T04:16:00.422+0000] {processor.py:914} INFO - Processing file /home/airflow/.local/lib/python3.12/site-packages/airflow/example_dags/example_inlet_event_extra.py for tasks to queue
[2025-04-06T04:16:00.424+0000] {logging_mixin.py:190} INFO - [2025-04-06T04:16:00.424+0000] {dagbag.py:588} INFO - Filling up the DagBag from /home/airflow/.local/lib/python3.12/site-packages/airflow/example_dags/example_inlet_event_extra.py
[2025-04-06T04:16:01.006+0000] {processor.py:925} INFO - DAG(s) 'read_dataset_event', 'read_dataset_event_from_classic' retrieved from /home/airflow/.local/lib/python3.12/site-packages/airflow/example_dags/example_inlet_event_extra.py
[2025-04-06T04:16:01.025+0000] {logging_mixin.py:190} INFO - [2025-04-06T04:16:01.025+0000] {dag.py:3239} INFO - Sync 2 DAGs
[2025-04-06T04:16:01.051+0000] {logging_mixin.py:190} INFO - [2025-04-06T04:16:01.051+0000] {dag.py:4180} INFO - Setting next_dagrun for read_dataset_event to 2025-04-05 00:00:00+00:00, run_after=2025-04-06 00:00:00+00:00
[2025-04-06T04:16:01.055+0000] {logging_mixin.py:190} INFO - [2025-04-06T04:16:01.055+0000] {dag.py:4180} INFO - Setting next_dagrun for read_dataset_event_from_classic to 2025-04-05 00:00:00+00:00, run_after=2025-04-06 00:00:00+00:00
[2025-04-06T04:16:01.075+0000] {processor.py:208} INFO - Processing /home/airflow/.local/lib/python3.12/site-packages/airflow/example_dags/example_inlet_event_extra.py took 0.661 seconds
[2025-04-06T04:16:31.410+0000] {processor.py:186} INFO - Started process (PID=2772) to work on /home/airflow/.local/lib/python3.12/site-packages/airflow/example_dags/example_inlet_event_extra.py
[2025-04-06T04:16:31.411+0000] {processor.py:914} INFO - Processing file /home/airflow/.local/lib/python3.12/site-packages/airflow/example_dags/example_inlet_event_extra.py for tasks to queue
[2025-04-06T04:16:31.413+0000] {logging_mixin.py:190} INFO - [2025-04-06T04:16:31.413+0000] {dagbag.py:588} INFO - Filling up the DagBag from /home/airflow/.local/lib/python3.12/site-packages/airflow/example_dags/example_inlet_event_extra.py
[2025-04-06T04:16:31.942+0000] {processor.py:925} INFO - DAG(s) 'read_dataset_event', 'read_dataset_event_from_classic' retrieved from /home/airflow/.local/lib/python3.12/site-packages/airflow/example_dags/example_inlet_event_extra.py
[2025-04-06T04:16:31.962+0000] {logging_mixin.py:190} INFO - [2025-04-06T04:16:31.962+0000] {dag.py:3239} INFO - Sync 2 DAGs
[2025-04-06T04:16:31.985+0000] {logging_mixin.py:190} INFO - [2025-04-06T04:16:31.984+0000] {dag.py:4180} INFO - Setting next_dagrun for read_dataset_event to 2025-04-05 00:00:00+00:00, run_after=2025-04-06 00:00:00+00:00
[2025-04-06T04:16:31.990+0000] {logging_mixin.py:190} INFO - [2025-04-06T04:16:31.989+0000] {dag.py:4180} INFO - Setting next_dagrun for read_dataset_event_from_classic to 2025-04-05 00:00:00+00:00, run_after=2025-04-06 00:00:00+00:00
[2025-04-06T04:16:32.020+0000] {processor.py:208} INFO - Processing /home/airflow/.local/lib/python3.12/site-packages/airflow/example_dags/example_inlet_event_extra.py took 0.616 seconds
[2025-04-06T04:17:02.139+0000] {processor.py:186} INFO - Started process (PID=2835) to work on /home/airflow/.local/lib/python3.12/site-packages/airflow/example_dags/example_inlet_event_extra.py
[2025-04-06T04:17:02.152+0000] {processor.py:914} INFO - Processing file /home/airflow/.local/lib/python3.12/site-packages/airflow/example_dags/example_inlet_event_extra.py for tasks to queue
[2025-04-06T04:17:02.154+0000] {logging_mixin.py:190} INFO - [2025-04-06T04:17:02.154+0000] {dagbag.py:588} INFO - Filling up the DagBag from /home/airflow/.local/lib/python3.12/site-packages/airflow/example_dags/example_inlet_event_extra.py
[2025-04-06T04:17:02.642+0000] {processor.py:925} INFO - DAG(s) 'read_dataset_event', 'read_dataset_event_from_classic' retrieved from /home/airflow/.local/lib/python3.12/site-packages/airflow/example_dags/example_inlet_event_extra.py
[2025-04-06T04:17:02.664+0000] {logging_mixin.py:190} INFO - [2025-04-06T04:17:02.664+0000] {dag.py:3239} INFO - Sync 2 DAGs
[2025-04-06T04:17:02.702+0000] {logging_mixin.py:190} INFO - [2025-04-06T04:17:02.701+0000] {dag.py:4180} INFO - Setting next_dagrun for read_dataset_event to 2025-04-05 00:00:00+00:00, run_after=2025-04-06 00:00:00+00:00
[2025-04-06T04:17:02.709+0000] {logging_mixin.py:190} INFO - [2025-04-06T04:17:02.708+0000] {dag.py:4180} INFO - Setting next_dagrun for read_dataset_event_from_classic to 2025-04-05 00:00:00+00:00, run_after=2025-04-06 00:00:00+00:00
[2025-04-06T04:17:02.733+0000] {processor.py:208} INFO - Processing /home/airflow/.local/lib/python3.12/site-packages/airflow/example_dags/example_inlet_event_extra.py took 0.600 seconds
[2025-04-06T04:17:33.222+0000] {processor.py:186} INFO - Started process (PID=2898) to work on /home/airflow/.local/lib/python3.12/site-packages/airflow/example_dags/example_inlet_event_extra.py
[2025-04-06T04:17:33.224+0000] {processor.py:914} INFO - Processing file /home/airflow/.local/lib/python3.12/site-packages/airflow/example_dags/example_inlet_event_extra.py for tasks to queue
[2025-04-06T04:17:33.226+0000] {logging_mixin.py:190} INFO - [2025-04-06T04:17:33.226+0000] {dagbag.py:588} INFO - Filling up the DagBag from /home/airflow/.local/lib/python3.12/site-packages/airflow/example_dags/example_inlet_event_extra.py
[2025-04-06T04:17:33.756+0000] {processor.py:925} INFO - DAG(s) 'read_dataset_event', 'read_dataset_event_from_classic' retrieved from /home/airflow/.local/lib/python3.12/site-packages/airflow/example_dags/example_inlet_event_extra.py
[2025-04-06T04:17:33.777+0000] {logging_mixin.py:190} INFO - [2025-04-06T04:17:33.776+0000] {dag.py:3239} INFO - Sync 2 DAGs
[2025-04-06T04:17:33.798+0000] {logging_mixin.py:190} INFO - [2025-04-06T04:17:33.798+0000] {dag.py:4180} INFO - Setting next_dagrun for read_dataset_event to 2025-04-05 00:00:00+00:00, run_after=2025-04-06 00:00:00+00:00
[2025-04-06T04:17:33.803+0000] {logging_mixin.py:190} INFO - [2025-04-06T04:17:33.803+0000] {dag.py:4180} INFO - Setting next_dagrun for read_dataset_event_from_classic to 2025-04-05 00:00:00+00:00, run_after=2025-04-06 00:00:00+00:00
[2025-04-06T04:17:33.834+0000] {processor.py:208} INFO - Processing /home/airflow/.local/lib/python3.12/site-packages/airflow/example_dags/example_inlet_event_extra.py took 0.617 seconds
[2025-04-06T04:18:03.865+0000] {processor.py:186} INFO - Started process (PID=2961) to work on /home/airflow/.local/lib/python3.12/site-packages/airflow/example_dags/example_inlet_event_extra.py
[2025-04-06T04:18:03.867+0000] {processor.py:914} INFO - Processing file /home/airflow/.local/lib/python3.12/site-packages/airflow/example_dags/example_inlet_event_extra.py for tasks to queue
[2025-04-06T04:18:03.868+0000] {logging_mixin.py:190} INFO - [2025-04-06T04:18:03.868+0000] {dagbag.py:588} INFO - Filling up the DagBag from /home/airflow/.local/lib/python3.12/site-packages/airflow/example_dags/example_inlet_event_extra.py
[2025-04-06T04:18:04.305+0000] {processor.py:925} INFO - DAG(s) 'read_dataset_event_from_classic', 'read_dataset_event' retrieved from /home/airflow/.local/lib/python3.12/site-packages/airflow/example_dags/example_inlet_event_extra.py
[2025-04-06T04:18:04.323+0000] {logging_mixin.py:190} INFO - [2025-04-06T04:18:04.323+0000] {dag.py:3239} INFO - Sync 2 DAGs
[2025-04-06T04:18:04.343+0000] {logging_mixin.py:190} INFO - [2025-04-06T04:18:04.343+0000] {dag.py:4180} INFO - Setting next_dagrun for read_dataset_event to 2025-04-05 00:00:00+00:00, run_after=2025-04-06 00:00:00+00:00
[2025-04-06T04:18:04.347+0000] {logging_mixin.py:190} INFO - [2025-04-06T04:18:04.347+0000] {dag.py:4180} INFO - Setting next_dagrun for read_dataset_event_from_classic to 2025-04-05 00:00:00+00:00, run_after=2025-04-06 00:00:00+00:00
[2025-04-06T04:18:04.391+0000] {processor.py:208} INFO - Processing /home/airflow/.local/lib/python3.12/site-packages/airflow/example_dags/example_inlet_event_extra.py took 0.530 seconds
[2025-04-06T04:18:35.021+0000] {processor.py:186} INFO - Started process (PID=3024) to work on /home/airflow/.local/lib/python3.12/site-packages/airflow/example_dags/example_inlet_event_extra.py
[2025-04-06T04:18:35.023+0000] {processor.py:914} INFO - Processing file /home/airflow/.local/lib/python3.12/site-packages/airflow/example_dags/example_inlet_event_extra.py for tasks to queue
[2025-04-06T04:18:35.025+0000] {logging_mixin.py:190} INFO - [2025-04-06T04:18:35.025+0000] {dagbag.py:588} INFO - Filling up the DagBag from /home/airflow/.local/lib/python3.12/site-packages/airflow/example_dags/example_inlet_event_extra.py
[2025-04-06T04:18:35.511+0000] {processor.py:925} INFO - DAG(s) 'read_dataset_event', 'read_dataset_event_from_classic' retrieved from /home/airflow/.local/lib/python3.12/site-packages/airflow/example_dags/example_inlet_event_extra.py
[2025-04-06T04:18:35.530+0000] {logging_mixin.py:190} INFO - [2025-04-06T04:18:35.530+0000] {dag.py:3239} INFO - Sync 2 DAGs
[2025-04-06T04:18:35.555+0000] {logging_mixin.py:190} INFO - [2025-04-06T04:18:35.555+0000] {dag.py:4180} INFO - Setting next_dagrun for read_dataset_event to 2025-04-05 00:00:00+00:00, run_after=2025-04-06 00:00:00+00:00
[2025-04-06T04:18:35.559+0000] {logging_mixin.py:190} INFO - [2025-04-06T04:18:35.558+0000] {dag.py:4180} INFO - Setting next_dagrun for read_dataset_event_from_classic to 2025-04-05 00:00:00+00:00, run_after=2025-04-06 00:00:00+00:00
[2025-04-06T04:18:35.589+0000] {processor.py:208} INFO - Processing /home/airflow/.local/lib/python3.12/site-packages/airflow/example_dags/example_inlet_event_extra.py took 0.575 seconds
[2025-04-06T04:19:05.763+0000] {processor.py:186} INFO - Started process (PID=3087) to work on /home/airflow/.local/lib/python3.12/site-packages/airflow/example_dags/example_inlet_event_extra.py
[2025-04-06T04:19:05.776+0000] {processor.py:914} INFO - Processing file /home/airflow/.local/lib/python3.12/site-packages/airflow/example_dags/example_inlet_event_extra.py for tasks to queue
[2025-04-06T04:19:05.779+0000] {logging_mixin.py:190} INFO - [2025-04-06T04:19:05.779+0000] {dagbag.py:588} INFO - Filling up the DagBag from /home/airflow/.local/lib/python3.12/site-packages/airflow/example_dags/example_inlet_event_extra.py
[2025-04-06T04:19:06.321+0000] {processor.py:925} INFO - DAG(s) 'read_dataset_event', 'read_dataset_event_from_classic' retrieved from /home/airflow/.local/lib/python3.12/site-packages/airflow/example_dags/example_inlet_event_extra.py
[2025-04-06T04:19:06.341+0000] {logging_mixin.py:190} INFO - [2025-04-06T04:19:06.341+0000] {dag.py:3239} INFO - Sync 2 DAGs
[2025-04-06T04:19:06.366+0000] {logging_mixin.py:190} INFO - [2025-04-06T04:19:06.366+0000] {dag.py:4180} INFO - Setting next_dagrun for read_dataset_event to 2025-04-05 00:00:00+00:00, run_after=2025-04-06 00:00:00+00:00
[2025-04-06T04:19:06.371+0000] {logging_mixin.py:190} INFO - [2025-04-06T04:19:06.371+0000] {dag.py:4180} INFO - Setting next_dagrun for read_dataset_event_from_classic to 2025-04-05 00:00:00+00:00, run_after=2025-04-06 00:00:00+00:00
[2025-04-06T04:19:06.387+0000] {processor.py:208} INFO - Processing /home/airflow/.local/lib/python3.12/site-packages/airflow/example_dags/example_inlet_event_extra.py took 0.630 seconds
[2025-04-06T04:19:37.013+0000] {processor.py:186} INFO - Started process (PID=3150) to work on /home/airflow/.local/lib/python3.12/site-packages/airflow/example_dags/example_inlet_event_extra.py
[2025-04-06T04:19:37.014+0000] {processor.py:914} INFO - Processing file /home/airflow/.local/lib/python3.12/site-packages/airflow/example_dags/example_inlet_event_extra.py for tasks to queue
[2025-04-06T04:19:37.017+0000] {logging_mixin.py:190} INFO - [2025-04-06T04:19:37.017+0000] {dagbag.py:588} INFO - Filling up the DagBag from /home/airflow/.local/lib/python3.12/site-packages/airflow/example_dags/example_inlet_event_extra.py
[2025-04-06T04:19:37.517+0000] {processor.py:925} INFO - DAG(s) 'read_dataset_event_from_classic', 'read_dataset_event' retrieved from /home/airflow/.local/lib/python3.12/site-packages/airflow/example_dags/example_inlet_event_extra.py
[2025-04-06T04:19:37.534+0000] {logging_mixin.py:190} INFO - [2025-04-06T04:19:37.533+0000] {dag.py:3239} INFO - Sync 2 DAGs
[2025-04-06T04:19:37.556+0000] {logging_mixin.py:190} INFO - [2025-04-06T04:19:37.556+0000] {dag.py:4180} INFO - Setting next_dagrun for read_dataset_event to 2025-04-05 00:00:00+00:00, run_after=2025-04-06 00:00:00+00:00
[2025-04-06T04:19:37.561+0000] {logging_mixin.py:190} INFO - [2025-04-06T04:19:37.560+0000] {dag.py:4180} INFO - Setting next_dagrun for read_dataset_event_from_classic to 2025-04-05 00:00:00+00:00, run_after=2025-04-06 00:00:00+00:00
[2025-04-06T04:19:37.582+0000] {processor.py:208} INFO - Processing /home/airflow/.local/lib/python3.12/site-packages/airflow/example_dags/example_inlet_event_extra.py took 0.576 seconds
[2025-04-06T04:20:07.645+0000] {processor.py:186} INFO - Started process (PID=3213) to work on /home/airflow/.local/lib/python3.12/site-packages/airflow/example_dags/example_inlet_event_extra.py
[2025-04-06T04:20:07.646+0000] {processor.py:914} INFO - Processing file /home/airflow/.local/lib/python3.12/site-packages/airflow/example_dags/example_inlet_event_extra.py for tasks to queue
[2025-04-06T04:20:07.649+0000] {logging_mixin.py:190} INFO - [2025-04-06T04:20:07.648+0000] {dagbag.py:588} INFO - Filling up the DagBag from /home/airflow/.local/lib/python3.12/site-packages/airflow/example_dags/example_inlet_event_extra.py
[2025-04-06T04:20:08.105+0000] {processor.py:925} INFO - DAG(s) 'read_dataset_event', 'read_dataset_event_from_classic' retrieved from /home/airflow/.local/lib/python3.12/site-packages/airflow/example_dags/example_inlet_event_extra.py
[2025-04-06T04:20:08.126+0000] {logging_mixin.py:190} INFO - [2025-04-06T04:20:08.125+0000] {dag.py:3239} INFO - Sync 2 DAGs
[2025-04-06T04:20:08.145+0000] {logging_mixin.py:190} INFO - [2025-04-06T04:20:08.145+0000] {dag.py:4180} INFO - Setting next_dagrun for read_dataset_event to 2025-04-05 00:00:00+00:00, run_after=2025-04-06 00:00:00+00:00
[2025-04-06T04:20:08.149+0000] {logging_mixin.py:190} INFO - [2025-04-06T04:20:08.149+0000] {dag.py:4180} INFO - Setting next_dagrun for read_dataset_event_from_classic to 2025-04-05 00:00:00+00:00, run_after=2025-04-06 00:00:00+00:00
[2025-04-06T04:20:08.181+0000] {processor.py:208} INFO - Processing /home/airflow/.local/lib/python3.12/site-packages/airflow/example_dags/example_inlet_event_extra.py took 0.542 seconds
[2025-04-06T04:20:38.598+0000] {processor.py:186} INFO - Started process (PID=3276) to work on /home/airflow/.local/lib/python3.12/site-packages/airflow/example_dags/example_inlet_event_extra.py
[2025-04-06T04:20:38.602+0000] {processor.py:914} INFO - Processing file /home/airflow/.local/lib/python3.12/site-packages/airflow/example_dags/example_inlet_event_extra.py for tasks to queue
[2025-04-06T04:20:38.605+0000] {logging_mixin.py:190} INFO - [2025-04-06T04:20:38.604+0000] {dagbag.py:588} INFO - Filling up the DagBag from /home/airflow/.local/lib/python3.12/site-packages/airflow/example_dags/example_inlet_event_extra.py
[2025-04-06T04:20:39.154+0000] {processor.py:925} INFO - DAG(s) 'read_dataset_event_from_classic', 'read_dataset_event' retrieved from /home/airflow/.local/lib/python3.12/site-packages/airflow/example_dags/example_inlet_event_extra.py
[2025-04-06T04:20:39.173+0000] {logging_mixin.py:190} INFO - [2025-04-06T04:20:39.173+0000] {dag.py:3239} INFO - Sync 2 DAGs
[2025-04-06T04:20:39.193+0000] {logging_mixin.py:190} INFO - [2025-04-06T04:20:39.193+0000] {dag.py:4180} INFO - Setting next_dagrun for read_dataset_event to 2025-04-05 00:00:00+00:00, run_after=2025-04-06 00:00:00+00:00
[2025-04-06T04:20:39.198+0000] {logging_mixin.py:190} INFO - [2025-04-06T04:20:39.198+0000] {dag.py:4180} INFO - Setting next_dagrun for read_dataset_event_from_classic to 2025-04-05 00:00:00+00:00, run_after=2025-04-06 00:00:00+00:00
[2025-04-06T04:20:39.216+0000] {processor.py:208} INFO - Processing /home/airflow/.local/lib/python3.12/site-packages/airflow/example_dags/example_inlet_event_extra.py took 0.624 seconds
[2025-04-06T04:21:09.597+0000] {processor.py:186} INFO - Started process (PID=3339) to work on /home/airflow/.local/lib/python3.12/site-packages/airflow/example_dags/example_inlet_event_extra.py
[2025-04-06T04:21:09.610+0000] {processor.py:914} INFO - Processing file /home/airflow/.local/lib/python3.12/site-packages/airflow/example_dags/example_inlet_event_extra.py for tasks to queue
[2025-04-06T04:21:09.612+0000] {logging_mixin.py:190} INFO - [2025-04-06T04:21:09.612+0000] {dagbag.py:588} INFO - Filling up the DagBag from /home/airflow/.local/lib/python3.12/site-packages/airflow/example_dags/example_inlet_event_extra.py
[2025-04-06T04:21:10.111+0000] {processor.py:925} INFO - DAG(s) 'read_dataset_event', 'read_dataset_event_from_classic' retrieved from /home/airflow/.local/lib/python3.12/site-packages/airflow/example_dags/example_inlet_event_extra.py
[2025-04-06T04:21:10.133+0000] {logging_mixin.py:190} INFO - [2025-04-06T04:21:10.133+0000] {dag.py:3239} INFO - Sync 2 DAGs
[2025-04-06T04:21:10.158+0000] {logging_mixin.py:190} INFO - [2025-04-06T04:21:10.158+0000] {dag.py:4180} INFO - Setting next_dagrun for read_dataset_event to 2025-04-05 00:00:00+00:00, run_after=2025-04-06 00:00:00+00:00
[2025-04-06T04:21:10.163+0000] {logging_mixin.py:190} INFO - [2025-04-06T04:21:10.163+0000] {dag.py:4180} INFO - Setting next_dagrun for read_dataset_event_from_classic to 2025-04-05 00:00:00+00:00, run_after=2025-04-06 00:00:00+00:00
[2025-04-06T04:21:10.184+0000] {processor.py:208} INFO - Processing /home/airflow/.local/lib/python3.12/site-packages/airflow/example_dags/example_inlet_event_extra.py took 0.593 seconds
[2025-04-06T04:21:40.819+0000] {processor.py:186} INFO - Started process (PID=3402) to work on /home/airflow/.local/lib/python3.12/site-packages/airflow/example_dags/example_inlet_event_extra.py
[2025-04-06T04:21:40.832+0000] {processor.py:914} INFO - Processing file /home/airflow/.local/lib/python3.12/site-packages/airflow/example_dags/example_inlet_event_extra.py for tasks to queue
[2025-04-06T04:21:40.835+0000] {logging_mixin.py:190} INFO - [2025-04-06T04:21:40.835+0000] {dagbag.py:588} INFO - Filling up the DagBag from /home/airflow/.local/lib/python3.12/site-packages/airflow/example_dags/example_inlet_event_extra.py
[2025-04-06T04:21:41.321+0000] {processor.py:925} INFO - DAG(s) 'read_dataset_event', 'read_dataset_event_from_classic' retrieved from /home/airflow/.local/lib/python3.12/site-packages/airflow/example_dags/example_inlet_event_extra.py
[2025-04-06T04:21:41.342+0000] {logging_mixin.py:190} INFO - [2025-04-06T04:21:41.342+0000] {dag.py:3239} INFO - Sync 2 DAGs
[2025-04-06T04:21:41.361+0000] {logging_mixin.py:190} INFO - [2025-04-06T04:21:41.361+0000] {dag.py:4180} INFO - Setting next_dagrun for read_dataset_event to 2025-04-05 00:00:00+00:00, run_after=2025-04-06 00:00:00+00:00
[2025-04-06T04:21:41.366+0000] {logging_mixin.py:190} INFO - [2025-04-06T04:21:41.365+0000] {dag.py:4180} INFO - Setting next_dagrun for read_dataset_event_from_classic to 2025-04-05 00:00:00+00:00, run_after=2025-04-06 00:00:00+00:00
[2025-04-06T04:21:41.395+0000] {processor.py:208} INFO - Processing /home/airflow/.local/lib/python3.12/site-packages/airflow/example_dags/example_inlet_event_extra.py took 0.581 seconds
[2025-04-06T04:22:11.643+0000] {processor.py:186} INFO - Started process (PID=3465) to work on /home/airflow/.local/lib/python3.12/site-packages/airflow/example_dags/example_inlet_event_extra.py
[2025-04-06T04:22:11.657+0000] {processor.py:914} INFO - Processing file /home/airflow/.local/lib/python3.12/site-packages/airflow/example_dags/example_inlet_event_extra.py for tasks to queue
[2025-04-06T04:22:11.660+0000] {logging_mixin.py:190} INFO - [2025-04-06T04:22:11.660+0000] {dagbag.py:588} INFO - Filling up the DagBag from /home/airflow/.local/lib/python3.12/site-packages/airflow/example_dags/example_inlet_event_extra.py
[2025-04-06T04:22:12.122+0000] {processor.py:925} INFO - DAG(s) 'read_dataset_event_from_classic', 'read_dataset_event' retrieved from /home/airflow/.local/lib/python3.12/site-packages/airflow/example_dags/example_inlet_event_extra.py
[2025-04-06T04:22:12.141+0000] {logging_mixin.py:190} INFO - [2025-04-06T04:22:12.141+0000] {dag.py:3239} INFO - Sync 2 DAGs
[2025-04-06T04:22:12.175+0000] {logging_mixin.py:190} INFO - [2025-04-06T04:22:12.174+0000] {dag.py:4180} INFO - Setting next_dagrun for read_dataset_event to 2025-04-05 00:00:00+00:00, run_after=2025-04-06 00:00:00+00:00
[2025-04-06T04:22:12.180+0000] {logging_mixin.py:190} INFO - [2025-04-06T04:22:12.180+0000] {dag.py:4180} INFO - Setting next_dagrun for read_dataset_event_from_classic to 2025-04-05 00:00:00+00:00, run_after=2025-04-06 00:00:00+00:00
[2025-04-06T04:22:12.201+0000] {processor.py:208} INFO - Processing /home/airflow/.local/lib/python3.12/site-packages/airflow/example_dags/example_inlet_event_extra.py took 0.567 seconds
[2025-04-06T04:22:42.338+0000] {processor.py:186} INFO - Started process (PID=3528) to work on /home/airflow/.local/lib/python3.12/site-packages/airflow/example_dags/example_inlet_event_extra.py
[2025-04-06T04:22:42.340+0000] {processor.py:914} INFO - Processing file /home/airflow/.local/lib/python3.12/site-packages/airflow/example_dags/example_inlet_event_extra.py for tasks to queue
[2025-04-06T04:22:42.342+0000] {logging_mixin.py:190} INFO - [2025-04-06T04:22:42.341+0000] {dagbag.py:588} INFO - Filling up the DagBag from /home/airflow/.local/lib/python3.12/site-packages/airflow/example_dags/example_inlet_event_extra.py
[2025-04-06T04:22:42.907+0000] {processor.py:925} INFO - DAG(s) 'read_dataset_event', 'read_dataset_event_from_classic' retrieved from /home/airflow/.local/lib/python3.12/site-packages/airflow/example_dags/example_inlet_event_extra.py
[2025-04-06T04:22:42.924+0000] {logging_mixin.py:190} INFO - [2025-04-06T04:22:42.924+0000] {dag.py:3239} INFO - Sync 2 DAGs
[2025-04-06T04:22:42.947+0000] {logging_mixin.py:190} INFO - [2025-04-06T04:22:42.947+0000] {dag.py:4180} INFO - Setting next_dagrun for read_dataset_event to 2025-04-05 00:00:00+00:00, run_after=2025-04-06 00:00:00+00:00
[2025-04-06T04:22:42.952+0000] {logging_mixin.py:190} INFO - [2025-04-06T04:22:42.951+0000] {dag.py:4180} INFO - Setting next_dagrun for read_dataset_event_from_classic to 2025-04-05 00:00:00+00:00, run_after=2025-04-06 00:00:00+00:00
[2025-04-06T04:22:42.969+0000] {processor.py:208} INFO - Processing /home/airflow/.local/lib/python3.12/site-packages/airflow/example_dags/example_inlet_event_extra.py took 0.637 seconds
[2025-04-06T04:23:13.320+0000] {processor.py:186} INFO - Started process (PID=3591) to work on /home/airflow/.local/lib/python3.12/site-packages/airflow/example_dags/example_inlet_event_extra.py
[2025-04-06T04:23:13.339+0000] {processor.py:914} INFO - Processing file /home/airflow/.local/lib/python3.12/site-packages/airflow/example_dags/example_inlet_event_extra.py for tasks to queue
[2025-04-06T04:23:13.340+0000] {logging_mixin.py:190} INFO - [2025-04-06T04:23:13.340+0000] {dagbag.py:588} INFO - Filling up the DagBag from /home/airflow/.local/lib/python3.12/site-packages/airflow/example_dags/example_inlet_event_extra.py
[2025-04-06T04:23:13.794+0000] {processor.py:925} INFO - DAG(s) 'read_dataset_event', 'read_dataset_event_from_classic' retrieved from /home/airflow/.local/lib/python3.12/site-packages/airflow/example_dags/example_inlet_event_extra.py
[2025-04-06T04:23:13.815+0000] {logging_mixin.py:190} INFO - [2025-04-06T04:23:13.815+0000] {dag.py:3239} INFO - Sync 2 DAGs
[2025-04-06T04:23:13.834+0000] {logging_mixin.py:190} INFO - [2025-04-06T04:23:13.833+0000] {dag.py:4180} INFO - Setting next_dagrun for read_dataset_event to 2025-04-05 00:00:00+00:00, run_after=2025-04-06 00:00:00+00:00
[2025-04-06T04:23:13.838+0000] {logging_mixin.py:190} INFO - [2025-04-06T04:23:13.837+0000] {dag.py:4180} INFO - Setting next_dagrun for read_dataset_event_from_classic to 2025-04-05 00:00:00+00:00, run_after=2025-04-06 00:00:00+00:00
[2025-04-06T04:23:13.867+0000] {processor.py:208} INFO - Processing /home/airflow/.local/lib/python3.12/site-packages/airflow/example_dags/example_inlet_event_extra.py took 0.552 seconds
[2025-04-06T04:23:44.115+0000] {processor.py:186} INFO - Started process (PID=3654) to work on /home/airflow/.local/lib/python3.12/site-packages/airflow/example_dags/example_inlet_event_extra.py
[2025-04-06T04:23:44.126+0000] {processor.py:914} INFO - Processing file /home/airflow/.local/lib/python3.12/site-packages/airflow/example_dags/example_inlet_event_extra.py for tasks to queue
[2025-04-06T04:23:44.128+0000] {logging_mixin.py:190} INFO - [2025-04-06T04:23:44.127+0000] {dagbag.py:588} INFO - Filling up the DagBag from /home/airflow/.local/lib/python3.12/site-packages/airflow/example_dags/example_inlet_event_extra.py
[2025-04-06T04:23:44.629+0000] {processor.py:925} INFO - DAG(s) 'read_dataset_event_from_classic', 'read_dataset_event' retrieved from /home/airflow/.local/lib/python3.12/site-packages/airflow/example_dags/example_inlet_event_extra.py
[2025-04-06T04:23:44.649+0000] {logging_mixin.py:190} INFO - [2025-04-06T04:23:44.648+0000] {dag.py:3239} INFO - Sync 2 DAGs
[2025-04-06T04:23:44.671+0000] {logging_mixin.py:190} INFO - [2025-04-06T04:23:44.670+0000] {dag.py:4180} INFO - Setting next_dagrun for read_dataset_event to 2025-04-05 00:00:00+00:00, run_after=2025-04-06 00:00:00+00:00
[2025-04-06T04:23:44.676+0000] {logging_mixin.py:190} INFO - [2025-04-06T04:23:44.676+0000] {dag.py:4180} INFO - Setting next_dagrun for read_dataset_event_from_classic to 2025-04-05 00:00:00+00:00, run_after=2025-04-06 00:00:00+00:00
[2025-04-06T04:23:44.695+0000] {processor.py:208} INFO - Processing /home/airflow/.local/lib/python3.12/site-packages/airflow/example_dags/example_inlet_event_extra.py took 0.586 seconds
[2025-04-06T04:24:15.489+0000] {processor.py:186} INFO - Started process (PID=3717) to work on /home/airflow/.local/lib/python3.12/site-packages/airflow/example_dags/example_inlet_event_extra.py
[2025-04-06T04:24:15.490+0000] {processor.py:914} INFO - Processing file /home/airflow/.local/lib/python3.12/site-packages/airflow/example_dags/example_inlet_event_extra.py for tasks to queue
[2025-04-06T04:24:15.493+0000] {logging_mixin.py:190} INFO - [2025-04-06T04:24:15.492+0000] {dagbag.py:588} INFO - Filling up the DagBag from /home/airflow/.local/lib/python3.12/site-packages/airflow/example_dags/example_inlet_event_extra.py
[2025-04-06T04:24:16.009+0000] {processor.py:925} INFO - DAG(s) 'read_dataset_event', 'read_dataset_event_from_classic' retrieved from /home/airflow/.local/lib/python3.12/site-packages/airflow/example_dags/example_inlet_event_extra.py
[2025-04-06T04:24:16.043+0000] {logging_mixin.py:190} INFO - [2025-04-06T04:24:16.043+0000] {dag.py:3239} INFO - Sync 2 DAGs
[2025-04-06T04:24:16.082+0000] {logging_mixin.py:190} INFO - [2025-04-06T04:24:16.082+0000] {dag.py:4180} INFO - Setting next_dagrun for read_dataset_event to 2025-04-05 00:00:00+00:00, run_after=2025-04-06 00:00:00+00:00
[2025-04-06T04:24:16.087+0000] {logging_mixin.py:190} INFO - [2025-04-06T04:24:16.087+0000] {dag.py:4180} INFO - Setting next_dagrun for read_dataset_event_from_classic to 2025-04-05 00:00:00+00:00, run_after=2025-04-06 00:00:00+00:00
[2025-04-06T04:24:16.107+0000] {processor.py:208} INFO - Processing /home/airflow/.local/lib/python3.12/site-packages/airflow/example_dags/example_inlet_event_extra.py took 0.625 seconds
[2025-04-06T04:24:46.693+0000] {processor.py:186} INFO - Started process (PID=3780) to work on /home/airflow/.local/lib/python3.12/site-packages/airflow/example_dags/example_inlet_event_extra.py
[2025-04-06T04:24:46.706+0000] {processor.py:914} INFO - Processing file /home/airflow/.local/lib/python3.12/site-packages/airflow/example_dags/example_inlet_event_extra.py for tasks to queue
[2025-04-06T04:24:46.708+0000] {logging_mixin.py:190} INFO - [2025-04-06T04:24:46.708+0000] {dagbag.py:588} INFO - Filling up the DagBag from /home/airflow/.local/lib/python3.12/site-packages/airflow/example_dags/example_inlet_event_extra.py
[2025-04-06T04:24:47.001+0000] {processor.py:925} INFO - DAG(s) 'read_dataset_event_from_classic', 'read_dataset_event' retrieved from /home/airflow/.local/lib/python3.12/site-packages/airflow/example_dags/example_inlet_event_extra.py
[2025-04-06T04:24:47.024+0000] {logging_mixin.py:190} INFO - [2025-04-06T04:24:47.024+0000] {dag.py:3239} INFO - Sync 2 DAGs
[2025-04-06T04:24:47.048+0000] {logging_mixin.py:190} INFO - [2025-04-06T04:24:47.048+0000] {dag.py:4180} INFO - Setting next_dagrun for read_dataset_event to 2025-04-05 00:00:00+00:00, run_after=2025-04-06 00:00:00+00:00
[2025-04-06T04:24:47.053+0000] {logging_mixin.py:190} INFO - [2025-04-06T04:24:47.052+0000] {dag.py:4180} INFO - Setting next_dagrun for read_dataset_event_from_classic to 2025-04-05 00:00:00+00:00, run_after=2025-04-06 00:00:00+00:00
[2025-04-06T04:24:47.073+0000] {processor.py:208} INFO - Processing /home/airflow/.local/lib/python3.12/site-packages/airflow/example_dags/example_inlet_event_extra.py took 0.387 seconds
[2025-04-06T04:25:17.163+0000] {processor.py:186} INFO - Started process (PID=3843) to work on /home/airflow/.local/lib/python3.12/site-packages/airflow/example_dags/example_inlet_event_extra.py
[2025-04-06T04:25:17.176+0000] {processor.py:914} INFO - Processing file /home/airflow/.local/lib/python3.12/site-packages/airflow/example_dags/example_inlet_event_extra.py for tasks to queue
[2025-04-06T04:25:17.178+0000] {logging_mixin.py:190} INFO - [2025-04-06T04:25:17.178+0000] {dagbag.py:588} INFO - Filling up the DagBag from /home/airflow/.local/lib/python3.12/site-packages/airflow/example_dags/example_inlet_event_extra.py
[2025-04-06T04:25:17.505+0000] {processor.py:925} INFO - DAG(s) 'read_dataset_event', 'read_dataset_event_from_classic' retrieved from /home/airflow/.local/lib/python3.12/site-packages/airflow/example_dags/example_inlet_event_extra.py
[2025-04-06T04:25:17.526+0000] {logging_mixin.py:190} INFO - [2025-04-06T04:25:17.526+0000] {dag.py:3239} INFO - Sync 2 DAGs
[2025-04-06T04:25:17.550+0000] {logging_mixin.py:190} INFO - [2025-04-06T04:25:17.550+0000] {dag.py:4180} INFO - Setting next_dagrun for read_dataset_event to 2025-04-05 00:00:00+00:00, run_after=2025-04-06 00:00:00+00:00
[2025-04-06T04:25:17.556+0000] {logging_mixin.py:190} INFO - [2025-04-06T04:25:17.556+0000] {dag.py:4180} INFO - Setting next_dagrun for read_dataset_event_from_classic to 2025-04-05 00:00:00+00:00, run_after=2025-04-06 00:00:00+00:00
[2025-04-06T04:25:17.585+0000] {processor.py:208} INFO - Processing /home/airflow/.local/lib/python3.12/site-packages/airflow/example_dags/example_inlet_event_extra.py took 0.426 seconds
[2025-04-06T04:25:47.779+0000] {processor.py:186} INFO - Started process (PID=3906) to work on /home/airflow/.local/lib/python3.12/site-packages/airflow/example_dags/example_inlet_event_extra.py
[2025-04-06T04:25:47.780+0000] {processor.py:914} INFO - Processing file /home/airflow/.local/lib/python3.12/site-packages/airflow/example_dags/example_inlet_event_extra.py for tasks to queue
[2025-04-06T04:25:47.783+0000] {logging_mixin.py:190} INFO - [2025-04-06T04:25:47.782+0000] {dagbag.py:588} INFO - Filling up the DagBag from /home/airflow/.local/lib/python3.12/site-packages/airflow/example_dags/example_inlet_event_extra.py
[2025-04-06T04:25:48.100+0000] {processor.py:925} INFO - DAG(s) 'read_dataset_event_from_classic', 'read_dataset_event' retrieved from /home/airflow/.local/lib/python3.12/site-packages/airflow/example_dags/example_inlet_event_extra.py
[2025-04-06T04:25:48.122+0000] {logging_mixin.py:190} INFO - [2025-04-06T04:25:48.122+0000] {dag.py:3239} INFO - Sync 2 DAGs
[2025-04-06T04:25:48.149+0000] {logging_mixin.py:190} INFO - [2025-04-06T04:25:48.149+0000] {dag.py:4180} INFO - Setting next_dagrun for read_dataset_event to 2025-04-05 00:00:00+00:00, run_after=2025-04-06 00:00:00+00:00
[2025-04-06T04:25:48.155+0000] {logging_mixin.py:190} INFO - [2025-04-06T04:25:48.155+0000] {dag.py:4180} INFO - Setting next_dagrun for read_dataset_event_from_classic to 2025-04-05 00:00:00+00:00, run_after=2025-04-06 00:00:00+00:00
[2025-04-06T04:25:48.181+0000] {processor.py:208} INFO - Processing /home/airflow/.local/lib/python3.12/site-packages/airflow/example_dags/example_inlet_event_extra.py took 0.410 seconds
