[2025-04-06T04:09:33.172+0000] {processor.py:186} INFO - Started process (PID=1909) to work on /home/airflow/.local/lib/python3.12/site-packages/airflow/example_dags/example_latest_only.py
[2025-04-06T04:09:33.172+0000] {processor.py:914} INFO - Processing file /home/airflow/.local/lib/python3.12/site-packages/airflow/example_dags/example_latest_only.py for tasks to queue
[2025-04-06T04:09:33.174+0000] {logging_mixin.py:190} INFO - [2025-04-06T04:09:33.174+0000] {dagbag.py:588} INFO - Filling up the DagBag from /home/airflow/.local/lib/python3.12/site-packages/airflow/example_dags/example_latest_only.py
[2025-04-06T04:09:33.179+0000] {processor.py:925} INFO - DAG(s) 'latest_only' retrieved from /home/airflow/.local/lib/python3.12/site-packages/airflow/example_dags/example_latest_only.py
[2025-04-06T04:09:33.198+0000] {logging_mixin.py:190} INFO - [2025-04-06T04:09:33.198+0000] {dag.py:3239} INFO - Sync 1 DAGs
[2025-04-06T04:09:33.218+0000] {logging_mixin.py:190} INFO - [2025-04-06T04:09:33.218+0000] {dag.py:4180} INFO - Setting next_dagrun for latest_only to 2025-04-06 00:00:00+00:00, run_after=2025-04-06 04:00:00+00:00
[2025-04-06T04:09:33.240+0000] {processor.py:208} INFO - Processing /home/airflow/.local/lib/python3.12/site-packages/airflow/example_dags/example_latest_only.py took 0.073 seconds
[2025-04-06T04:10:03.394+0000] {processor.py:186} INFO - Started process (PID=1972) to work on /home/airflow/.local/lib/python3.12/site-packages/airflow/example_dags/example_latest_only.py
[2025-04-06T04:10:03.395+0000] {processor.py:914} INFO - Processing file /home/airflow/.local/lib/python3.12/site-packages/airflow/example_dags/example_latest_only.py for tasks to queue
[2025-04-06T04:10:03.398+0000] {logging_mixin.py:190} INFO - [2025-04-06T04:10:03.397+0000] {dagbag.py:588} INFO - Filling up the DagBag from /home/airflow/.local/lib/python3.12/site-packages/airflow/example_dags/example_latest_only.py
[2025-04-06T04:10:03.405+0000] {processor.py:925} INFO - DAG(s) 'latest_only' retrieved from /home/airflow/.local/lib/python3.12/site-packages/airflow/example_dags/example_latest_only.py
[2025-04-06T04:10:03.425+0000] {logging_mixin.py:190} INFO - [2025-04-06T04:10:03.425+0000] {dag.py:3239} INFO - Sync 1 DAGs
[2025-04-06T04:10:03.450+0000] {logging_mixin.py:190} INFO - [2025-04-06T04:10:03.450+0000] {dag.py:4180} INFO - Setting next_dagrun for latest_only to 2025-04-06 00:00:00+00:00, run_after=2025-04-06 04:00:00+00:00
[2025-04-06T04:10:03.476+0000] {processor.py:208} INFO - Processing /home/airflow/.local/lib/python3.12/site-packages/airflow/example_dags/example_latest_only.py took 0.088 seconds
[2025-04-06T04:10:34.212+0000] {processor.py:186} INFO - Started process (PID=2035) to work on /home/airflow/.local/lib/python3.12/site-packages/airflow/example_dags/example_latest_only.py
[2025-04-06T04:10:34.213+0000] {processor.py:914} INFO - Processing file /home/airflow/.local/lib/python3.12/site-packages/airflow/example_dags/example_latest_only.py for tasks to queue
[2025-04-06T04:10:34.216+0000] {logging_mixin.py:190} INFO - [2025-04-06T04:10:34.215+0000] {dagbag.py:588} INFO - Filling up the DagBag from /home/airflow/.local/lib/python3.12/site-packages/airflow/example_dags/example_latest_only.py
[2025-04-06T04:10:34.224+0000] {processor.py:925} INFO - DAG(s) 'latest_only' retrieved from /home/airflow/.local/lib/python3.12/site-packages/airflow/example_dags/example_latest_only.py
[2025-04-06T04:10:34.243+0000] {logging_mixin.py:190} INFO - [2025-04-06T04:10:34.243+0000] {dag.py:3239} INFO - Sync 1 DAGs
[2025-04-06T04:10:34.273+0000] {logging_mixin.py:190} INFO - [2025-04-06T04:10:34.272+0000] {dag.py:4180} INFO - Setting next_dagrun for latest_only to 2025-04-06 00:00:00+00:00, run_after=2025-04-06 04:00:00+00:00
[2025-04-06T04:10:34.294+0000] {processor.py:208} INFO - Processing /home/airflow/.local/lib/python3.12/site-packages/airflow/example_dags/example_latest_only.py took 0.088 seconds
[2025-04-06T04:11:04.588+0000] {processor.py:186} INFO - Started process (PID=2098) to work on /home/airflow/.local/lib/python3.12/site-packages/airflow/example_dags/example_latest_only.py
[2025-04-06T04:11:04.595+0000] {processor.py:914} INFO - Processing file /home/airflow/.local/lib/python3.12/site-packages/airflow/example_dags/example_latest_only.py for tasks to queue
[2025-04-06T04:11:04.597+0000] {logging_mixin.py:190} INFO - [2025-04-06T04:11:04.596+0000] {dagbag.py:588} INFO - Filling up the DagBag from /home/airflow/.local/lib/python3.12/site-packages/airflow/example_dags/example_latest_only.py
[2025-04-06T04:11:04.602+0000] {processor.py:925} INFO - DAG(s) 'latest_only' retrieved from /home/airflow/.local/lib/python3.12/site-packages/airflow/example_dags/example_latest_only.py
[2025-04-06T04:11:04.621+0000] {logging_mixin.py:190} INFO - [2025-04-06T04:11:04.621+0000] {dag.py:3239} INFO - Sync 1 DAGs
[2025-04-06T04:11:04.638+0000] {logging_mixin.py:190} INFO - [2025-04-06T04:11:04.638+0000] {dag.py:4180} INFO - Setting next_dagrun for latest_only to 2025-04-06 00:00:00+00:00, run_after=2025-04-06 04:00:00+00:00
[2025-04-06T04:11:04.658+0000] {processor.py:208} INFO - Processing /home/airflow/.local/lib/python3.12/site-packages/airflow/example_dags/example_latest_only.py took 0.076 seconds
[2025-04-06T04:11:34.915+0000] {processor.py:186} INFO - Started process (PID=2161) to work on /home/airflow/.local/lib/python3.12/site-packages/airflow/example_dags/example_latest_only.py
[2025-04-06T04:11:34.917+0000] {processor.py:914} INFO - Processing file /home/airflow/.local/lib/python3.12/site-packages/airflow/example_dags/example_latest_only.py for tasks to queue
[2025-04-06T04:11:34.919+0000] {logging_mixin.py:190} INFO - [2025-04-06T04:11:34.919+0000] {dagbag.py:588} INFO - Filling up the DagBag from /home/airflow/.local/lib/python3.12/site-packages/airflow/example_dags/example_latest_only.py
[2025-04-06T04:11:34.928+0000] {processor.py:925} INFO - DAG(s) 'latest_only' retrieved from /home/airflow/.local/lib/python3.12/site-packages/airflow/example_dags/example_latest_only.py
[2025-04-06T04:11:34.953+0000] {logging_mixin.py:190} INFO - [2025-04-06T04:11:34.953+0000] {dag.py:3239} INFO - Sync 1 DAGs
[2025-04-06T04:11:34.987+0000] {logging_mixin.py:190} INFO - [2025-04-06T04:11:34.986+0000] {dag.py:4180} INFO - Setting next_dagrun for latest_only to 2025-04-06 00:00:00+00:00, run_after=2025-04-06 04:00:00+00:00
[2025-04-06T04:11:35.017+0000] {processor.py:208} INFO - Processing /home/airflow/.local/lib/python3.12/site-packages/airflow/example_dags/example_latest_only.py took 0.108 seconds
[2025-04-06T04:12:05.380+0000] {processor.py:186} INFO - Started process (PID=2224) to work on /home/airflow/.local/lib/python3.12/site-packages/airflow/example_dags/example_latest_only.py
[2025-04-06T04:12:05.382+0000] {processor.py:914} INFO - Processing file /home/airflow/.local/lib/python3.12/site-packages/airflow/example_dags/example_latest_only.py for tasks to queue
[2025-04-06T04:12:05.385+0000] {logging_mixin.py:190} INFO - [2025-04-06T04:12:05.384+0000] {dagbag.py:588} INFO - Filling up the DagBag from /home/airflow/.local/lib/python3.12/site-packages/airflow/example_dags/example_latest_only.py
[2025-04-06T04:12:05.394+0000] {processor.py:925} INFO - DAG(s) 'latest_only' retrieved from /home/airflow/.local/lib/python3.12/site-packages/airflow/example_dags/example_latest_only.py
[2025-04-06T04:12:05.418+0000] {logging_mixin.py:190} INFO - [2025-04-06T04:12:05.418+0000] {dag.py:3239} INFO - Sync 1 DAGs
[2025-04-06T04:12:05.451+0000] {logging_mixin.py:190} INFO - [2025-04-06T04:12:05.450+0000] {dag.py:4180} INFO - Setting next_dagrun for latest_only to 2025-04-06 00:00:00+00:00, run_after=2025-04-06 04:00:00+00:00
[2025-04-06T04:12:05.496+0000] {processor.py:208} INFO - Processing /home/airflow/.local/lib/python3.12/site-packages/airflow/example_dags/example_latest_only.py took 0.123 seconds
[2025-04-06T04:12:35.752+0000] {processor.py:186} INFO - Started process (PID=2287) to work on /home/airflow/.local/lib/python3.12/site-packages/airflow/example_dags/example_latest_only.py
[2025-04-06T04:12:35.765+0000] {processor.py:914} INFO - Processing file /home/airflow/.local/lib/python3.12/site-packages/airflow/example_dags/example_latest_only.py for tasks to queue
[2025-04-06T04:12:35.768+0000] {logging_mixin.py:190} INFO - [2025-04-06T04:12:35.767+0000] {dagbag.py:588} INFO - Filling up the DagBag from /home/airflow/.local/lib/python3.12/site-packages/airflow/example_dags/example_latest_only.py
[2025-04-06T04:12:35.775+0000] {processor.py:925} INFO - DAG(s) 'latest_only' retrieved from /home/airflow/.local/lib/python3.12/site-packages/airflow/example_dags/example_latest_only.py
[2025-04-06T04:12:35.794+0000] {logging_mixin.py:190} INFO - [2025-04-06T04:12:35.794+0000] {dag.py:3239} INFO - Sync 1 DAGs
[2025-04-06T04:12:35.812+0000] {logging_mixin.py:190} INFO - [2025-04-06T04:12:35.812+0000] {dag.py:4180} INFO - Setting next_dagrun for latest_only to 2025-04-06 00:00:00+00:00, run_after=2025-04-06 04:00:00+00:00
[2025-04-06T04:12:35.831+0000] {processor.py:208} INFO - Processing /home/airflow/.local/lib/python3.12/site-packages/airflow/example_dags/example_latest_only.py took 0.084 seconds
[2025-04-06T04:13:06.230+0000] {processor.py:186} INFO - Started process (PID=2350) to work on /home/airflow/.local/lib/python3.12/site-packages/airflow/example_dags/example_latest_only.py
[2025-04-06T04:13:06.243+0000] {processor.py:914} INFO - Processing file /home/airflow/.local/lib/python3.12/site-packages/airflow/example_dags/example_latest_only.py for tasks to queue
[2025-04-06T04:13:06.246+0000] {logging_mixin.py:190} INFO - [2025-04-06T04:13:06.246+0000] {dagbag.py:588} INFO - Filling up the DagBag from /home/airflow/.local/lib/python3.12/site-packages/airflow/example_dags/example_latest_only.py
[2025-04-06T04:13:06.253+0000] {processor.py:925} INFO - DAG(s) 'latest_only' retrieved from /home/airflow/.local/lib/python3.12/site-packages/airflow/example_dags/example_latest_only.py
[2025-04-06T04:13:06.271+0000] {logging_mixin.py:190} INFO - [2025-04-06T04:13:06.271+0000] {dag.py:3239} INFO - Sync 1 DAGs
[2025-04-06T04:13:06.291+0000] {logging_mixin.py:190} INFO - [2025-04-06T04:13:06.291+0000] {dag.py:4180} INFO - Setting next_dagrun for latest_only to 2025-04-06 00:00:00+00:00, run_after=2025-04-06 04:00:00+00:00
[2025-04-06T04:13:06.311+0000] {processor.py:208} INFO - Processing /home/airflow/.local/lib/python3.12/site-packages/airflow/example_dags/example_latest_only.py took 0.089 seconds
[2025-04-06T04:13:36.544+0000] {processor.py:186} INFO - Started process (PID=2413) to work on /home/airflow/.local/lib/python3.12/site-packages/airflow/example_dags/example_latest_only.py
[2025-04-06T04:13:36.545+0000] {processor.py:914} INFO - Processing file /home/airflow/.local/lib/python3.12/site-packages/airflow/example_dags/example_latest_only.py for tasks to queue
[2025-04-06T04:13:36.556+0000] {logging_mixin.py:190} INFO - [2025-04-06T04:13:36.555+0000] {dagbag.py:588} INFO - Filling up the DagBag from /home/airflow/.local/lib/python3.12/site-packages/airflow/example_dags/example_latest_only.py
[2025-04-06T04:13:36.565+0000] {processor.py:925} INFO - DAG(s) 'latest_only' retrieved from /home/airflow/.local/lib/python3.12/site-packages/airflow/example_dags/example_latest_only.py
[2025-04-06T04:13:36.604+0000] {logging_mixin.py:190} INFO - [2025-04-06T04:13:36.603+0000] {dag.py:3239} INFO - Sync 1 DAGs
[2025-04-06T04:13:36.665+0000] {logging_mixin.py:190} INFO - [2025-04-06T04:13:36.665+0000] {dag.py:4180} INFO - Setting next_dagrun for latest_only to 2025-04-06 00:00:00+00:00, run_after=2025-04-06 04:00:00+00:00
[2025-04-06T04:13:36.727+0000] {processor.py:208} INFO - Processing /home/airflow/.local/lib/python3.12/site-packages/airflow/example_dags/example_latest_only.py took 0.188 seconds
[2025-04-06T04:14:06.858+0000] {processor.py:186} INFO - Started process (PID=2476) to work on /home/airflow/.local/lib/python3.12/site-packages/airflow/example_dags/example_latest_only.py
[2025-04-06T04:14:06.860+0000] {processor.py:914} INFO - Processing file /home/airflow/.local/lib/python3.12/site-packages/airflow/example_dags/example_latest_only.py for tasks to queue
[2025-04-06T04:14:06.871+0000] {logging_mixin.py:190} INFO - [2025-04-06T04:14:06.870+0000] {dagbag.py:588} INFO - Filling up the DagBag from /home/airflow/.local/lib/python3.12/site-packages/airflow/example_dags/example_latest_only.py
[2025-04-06T04:14:06.885+0000] {processor.py:925} INFO - DAG(s) 'latest_only' retrieved from /home/airflow/.local/lib/python3.12/site-packages/airflow/example_dags/example_latest_only.py
[2025-04-06T04:14:06.904+0000] {logging_mixin.py:190} INFO - [2025-04-06T04:14:06.904+0000] {dag.py:3239} INFO - Sync 1 DAGs
[2025-04-06T04:14:06.926+0000] {logging_mixin.py:190} INFO - [2025-04-06T04:14:06.926+0000] {dag.py:4180} INFO - Setting next_dagrun for latest_only to 2025-04-06 00:00:00+00:00, run_after=2025-04-06 04:00:00+00:00
[2025-04-06T04:14:06.951+0000] {processor.py:208} INFO - Processing /home/airflow/.local/lib/python3.12/site-packages/airflow/example_dags/example_latest_only.py took 0.099 seconds
[2025-04-06T04:14:37.361+0000] {processor.py:186} INFO - Started process (PID=2539) to work on /home/airflow/.local/lib/python3.12/site-packages/airflow/example_dags/example_latest_only.py
[2025-04-06T04:14:37.364+0000] {processor.py:914} INFO - Processing file /home/airflow/.local/lib/python3.12/site-packages/airflow/example_dags/example_latest_only.py for tasks to queue
[2025-04-06T04:14:37.367+0000] {logging_mixin.py:190} INFO - [2025-04-06T04:14:37.367+0000] {dagbag.py:588} INFO - Filling up the DagBag from /home/airflow/.local/lib/python3.12/site-packages/airflow/example_dags/example_latest_only.py
[2025-04-06T04:14:37.377+0000] {processor.py:925} INFO - DAG(s) 'latest_only' retrieved from /home/airflow/.local/lib/python3.12/site-packages/airflow/example_dags/example_latest_only.py
[2025-04-06T04:14:37.397+0000] {logging_mixin.py:190} INFO - [2025-04-06T04:14:37.396+0000] {dag.py:3239} INFO - Sync 1 DAGs
[2025-04-06T04:14:37.414+0000] {logging_mixin.py:190} INFO - [2025-04-06T04:14:37.414+0000] {dag.py:4180} INFO - Setting next_dagrun for latest_only to 2025-04-06 00:00:00+00:00, run_after=2025-04-06 04:00:00+00:00
[2025-04-06T04:14:37.432+0000] {processor.py:208} INFO - Processing /home/airflow/.local/lib/python3.12/site-packages/airflow/example_dags/example_latest_only.py took 0.076 seconds
[2025-04-06T04:15:07.763+0000] {processor.py:186} INFO - Started process (PID=2602) to work on /home/airflow/.local/lib/python3.12/site-packages/airflow/example_dags/example_latest_only.py
[2025-04-06T04:15:07.764+0000] {processor.py:914} INFO - Processing file /home/airflow/.local/lib/python3.12/site-packages/airflow/example_dags/example_latest_only.py for tasks to queue
[2025-04-06T04:15:07.767+0000] {logging_mixin.py:190} INFO - [2025-04-06T04:15:07.766+0000] {dagbag.py:588} INFO - Filling up the DagBag from /home/airflow/.local/lib/python3.12/site-packages/airflow/example_dags/example_latest_only.py
[2025-04-06T04:15:07.773+0000] {processor.py:925} INFO - DAG(s) 'latest_only' retrieved from /home/airflow/.local/lib/python3.12/site-packages/airflow/example_dags/example_latest_only.py
[2025-04-06T04:15:07.793+0000] {logging_mixin.py:190} INFO - [2025-04-06T04:15:07.793+0000] {dag.py:3239} INFO - Sync 1 DAGs
[2025-04-06T04:15:07.814+0000] {logging_mixin.py:190} INFO - [2025-04-06T04:15:07.813+0000] {dag.py:4180} INFO - Setting next_dagrun for latest_only to 2025-04-06 00:00:00+00:00, run_after=2025-04-06 04:00:00+00:00
[2025-04-06T04:15:07.834+0000] {processor.py:208} INFO - Processing /home/airflow/.local/lib/python3.12/site-packages/airflow/example_dags/example_latest_only.py took 0.075 seconds
[2025-04-06T04:15:38.298+0000] {processor.py:186} INFO - Started process (PID=2665) to work on /home/airflow/.local/lib/python3.12/site-packages/airflow/example_dags/example_latest_only.py
[2025-04-06T04:15:38.300+0000] {processor.py:914} INFO - Processing file /home/airflow/.local/lib/python3.12/site-packages/airflow/example_dags/example_latest_only.py for tasks to queue
[2025-04-06T04:15:38.302+0000] {logging_mixin.py:190} INFO - [2025-04-06T04:15:38.302+0000] {dagbag.py:588} INFO - Filling up the DagBag from /home/airflow/.local/lib/python3.12/site-packages/airflow/example_dags/example_latest_only.py
[2025-04-06T04:15:38.306+0000] {processor.py:925} INFO - DAG(s) 'latest_only' retrieved from /home/airflow/.local/lib/python3.12/site-packages/airflow/example_dags/example_latest_only.py
[2025-04-06T04:15:38.325+0000] {logging_mixin.py:190} INFO - [2025-04-06T04:15:38.325+0000] {dag.py:3239} INFO - Sync 1 DAGs
[2025-04-06T04:15:38.347+0000] {logging_mixin.py:190} INFO - [2025-04-06T04:15:38.347+0000] {dag.py:4180} INFO - Setting next_dagrun for latest_only to 2025-04-06 00:00:00+00:00, run_after=2025-04-06 04:00:00+00:00
[2025-04-06T04:15:38.381+0000] {processor.py:208} INFO - Processing /home/airflow/.local/lib/python3.12/site-packages/airflow/example_dags/example_latest_only.py took 0.088 seconds
[2025-04-06T04:16:08.550+0000] {processor.py:186} INFO - Started process (PID=2728) to work on /home/airflow/.local/lib/python3.12/site-packages/airflow/example_dags/example_latest_only.py
[2025-04-06T04:16:08.552+0000] {processor.py:914} INFO - Processing file /home/airflow/.local/lib/python3.12/site-packages/airflow/example_dags/example_latest_only.py for tasks to queue
[2025-04-06T04:16:08.555+0000] {logging_mixin.py:190} INFO - [2025-04-06T04:16:08.554+0000] {dagbag.py:588} INFO - Filling up the DagBag from /home/airflow/.local/lib/python3.12/site-packages/airflow/example_dags/example_latest_only.py
[2025-04-06T04:16:08.561+0000] {processor.py:925} INFO - DAG(s) 'latest_only' retrieved from /home/airflow/.local/lib/python3.12/site-packages/airflow/example_dags/example_latest_only.py
[2025-04-06T04:16:08.578+0000] {logging_mixin.py:190} INFO - [2025-04-06T04:16:08.578+0000] {dag.py:3239} INFO - Sync 1 DAGs
[2025-04-06T04:16:08.603+0000] {logging_mixin.py:190} INFO - [2025-04-06T04:16:08.603+0000] {dag.py:4180} INFO - Setting next_dagrun for latest_only to 2025-04-06 00:00:00+00:00, run_after=2025-04-06 04:00:00+00:00
[2025-04-06T04:16:08.622+0000] {processor.py:208} INFO - Processing /home/airflow/.local/lib/python3.12/site-packages/airflow/example_dags/example_latest_only.py took 0.087 seconds
[2025-04-06T04:16:39.048+0000] {processor.py:186} INFO - Started process (PID=2791) to work on /home/airflow/.local/lib/python3.12/site-packages/airflow/example_dags/example_latest_only.py
[2025-04-06T04:16:39.061+0000] {processor.py:914} INFO - Processing file /home/airflow/.local/lib/python3.12/site-packages/airflow/example_dags/example_latest_only.py for tasks to queue
[2025-04-06T04:16:39.063+0000] {logging_mixin.py:190} INFO - [2025-04-06T04:16:39.063+0000] {dagbag.py:588} INFO - Filling up the DagBag from /home/airflow/.local/lib/python3.12/site-packages/airflow/example_dags/example_latest_only.py
[2025-04-06T04:16:39.068+0000] {processor.py:925} INFO - DAG(s) 'latest_only' retrieved from /home/airflow/.local/lib/python3.12/site-packages/airflow/example_dags/example_latest_only.py
[2025-04-06T04:16:39.090+0000] {logging_mixin.py:190} INFO - [2025-04-06T04:16:39.089+0000] {dag.py:3239} INFO - Sync 1 DAGs
[2025-04-06T04:16:39.109+0000] {logging_mixin.py:190} INFO - [2025-04-06T04:16:39.108+0000] {dag.py:4180} INFO - Setting next_dagrun for latest_only to 2025-04-06 00:00:00+00:00, run_after=2025-04-06 04:00:00+00:00
[2025-04-06T04:16:39.134+0000] {processor.py:208} INFO - Processing /home/airflow/.local/lib/python3.12/site-packages/airflow/example_dags/example_latest_only.py took 0.091 seconds
[2025-04-06T04:17:09.183+0000] {processor.py:186} INFO - Started process (PID=2854) to work on /home/airflow/.local/lib/python3.12/site-packages/airflow/example_dags/example_latest_only.py
[2025-04-06T04:17:09.185+0000] {processor.py:914} INFO - Processing file /home/airflow/.local/lib/python3.12/site-packages/airflow/example_dags/example_latest_only.py for tasks to queue
[2025-04-06T04:17:09.188+0000] {logging_mixin.py:190} INFO - [2025-04-06T04:17:09.188+0000] {dagbag.py:588} INFO - Filling up the DagBag from /home/airflow/.local/lib/python3.12/site-packages/airflow/example_dags/example_latest_only.py
[2025-04-06T04:17:09.193+0000] {processor.py:925} INFO - DAG(s) 'latest_only' retrieved from /home/airflow/.local/lib/python3.12/site-packages/airflow/example_dags/example_latest_only.py
[2025-04-06T04:17:09.212+0000] {logging_mixin.py:190} INFO - [2025-04-06T04:17:09.212+0000] {dag.py:3239} INFO - Sync 1 DAGs
[2025-04-06T04:17:09.232+0000] {logging_mixin.py:190} INFO - [2025-04-06T04:17:09.232+0000] {dag.py:4180} INFO - Setting next_dagrun for latest_only to 2025-04-06 00:00:00+00:00, run_after=2025-04-06 04:00:00+00:00
[2025-04-06T04:17:09.253+0000] {processor.py:208} INFO - Processing /home/airflow/.local/lib/python3.12/site-packages/airflow/example_dags/example_latest_only.py took 0.074 seconds
[2025-04-06T04:17:39.319+0000] {processor.py:186} INFO - Started process (PID=2917) to work on /home/airflow/.local/lib/python3.12/site-packages/airflow/example_dags/example_latest_only.py
[2025-04-06T04:17:39.321+0000] {processor.py:914} INFO - Processing file /home/airflow/.local/lib/python3.12/site-packages/airflow/example_dags/example_latest_only.py for tasks to queue
[2025-04-06T04:17:39.323+0000] {logging_mixin.py:190} INFO - [2025-04-06T04:17:39.322+0000] {dagbag.py:588} INFO - Filling up the DagBag from /home/airflow/.local/lib/python3.12/site-packages/airflow/example_dags/example_latest_only.py
[2025-04-06T04:17:39.328+0000] {processor.py:925} INFO - DAG(s) 'latest_only' retrieved from /home/airflow/.local/lib/python3.12/site-packages/airflow/example_dags/example_latest_only.py
[2025-04-06T04:17:39.348+0000] {logging_mixin.py:190} INFO - [2025-04-06T04:17:39.348+0000] {dag.py:3239} INFO - Sync 1 DAGs
[2025-04-06T04:17:39.370+0000] {logging_mixin.py:190} INFO - [2025-04-06T04:17:39.370+0000] {dag.py:4180} INFO - Setting next_dagrun for latest_only to 2025-04-06 00:00:00+00:00, run_after=2025-04-06 04:00:00+00:00
[2025-04-06T04:17:39.389+0000] {processor.py:208} INFO - Processing /home/airflow/.local/lib/python3.12/site-packages/airflow/example_dags/example_latest_only.py took 0.075 seconds
[2025-04-06T04:18:09.458+0000] {processor.py:186} INFO - Started process (PID=2980) to work on /home/airflow/.local/lib/python3.12/site-packages/airflow/example_dags/example_latest_only.py
[2025-04-06T04:18:09.471+0000] {processor.py:914} INFO - Processing file /home/airflow/.local/lib/python3.12/site-packages/airflow/example_dags/example_latest_only.py for tasks to queue
[2025-04-06T04:18:09.473+0000] {logging_mixin.py:190} INFO - [2025-04-06T04:18:09.473+0000] {dagbag.py:588} INFO - Filling up the DagBag from /home/airflow/.local/lib/python3.12/site-packages/airflow/example_dags/example_latest_only.py
[2025-04-06T04:18:09.478+0000] {processor.py:925} INFO - DAG(s) 'latest_only' retrieved from /home/airflow/.local/lib/python3.12/site-packages/airflow/example_dags/example_latest_only.py
[2025-04-06T04:18:09.498+0000] {logging_mixin.py:190} INFO - [2025-04-06T04:18:09.498+0000] {dag.py:3239} INFO - Sync 1 DAGs
[2025-04-06T04:18:09.518+0000] {logging_mixin.py:190} INFO - [2025-04-06T04:18:09.518+0000] {dag.py:4180} INFO - Setting next_dagrun for latest_only to 2025-04-06 00:00:00+00:00, run_after=2025-04-06 04:00:00+00:00
[2025-04-06T04:18:09.537+0000] {processor.py:208} INFO - Processing /home/airflow/.local/lib/python3.12/site-packages/airflow/example_dags/example_latest_only.py took 0.084 seconds
[2025-04-06T04:18:39.712+0000] {processor.py:186} INFO - Started process (PID=3043) to work on /home/airflow/.local/lib/python3.12/site-packages/airflow/example_dags/example_latest_only.py
[2025-04-06T04:18:39.714+0000] {processor.py:914} INFO - Processing file /home/airflow/.local/lib/python3.12/site-packages/airflow/example_dags/example_latest_only.py for tasks to queue
[2025-04-06T04:18:39.715+0000] {logging_mixin.py:190} INFO - [2025-04-06T04:18:39.715+0000] {dagbag.py:588} INFO - Filling up the DagBag from /home/airflow/.local/lib/python3.12/site-packages/airflow/example_dags/example_latest_only.py
[2025-04-06T04:18:39.721+0000] {processor.py:925} INFO - DAG(s) 'latest_only' retrieved from /home/airflow/.local/lib/python3.12/site-packages/airflow/example_dags/example_latest_only.py
[2025-04-06T04:18:39.741+0000] {logging_mixin.py:190} INFO - [2025-04-06T04:18:39.741+0000] {dag.py:3239} INFO - Sync 1 DAGs
[2025-04-06T04:18:39.760+0000] {logging_mixin.py:190} INFO - [2025-04-06T04:18:39.760+0000] {dag.py:4180} INFO - Setting next_dagrun for latest_only to 2025-04-06 00:00:00+00:00, run_after=2025-04-06 04:00:00+00:00
[2025-04-06T04:18:39.779+0000] {processor.py:208} INFO - Processing /home/airflow/.local/lib/python3.12/site-packages/airflow/example_dags/example_latest_only.py took 0.072 seconds
[2025-04-06T04:19:09.868+0000] {processor.py:186} INFO - Started process (PID=3106) to work on /home/airflow/.local/lib/python3.12/site-packages/airflow/example_dags/example_latest_only.py
[2025-04-06T04:19:09.870+0000] {processor.py:914} INFO - Processing file /home/airflow/.local/lib/python3.12/site-packages/airflow/example_dags/example_latest_only.py for tasks to queue
[2025-04-06T04:19:09.872+0000] {logging_mixin.py:190} INFO - [2025-04-06T04:19:09.872+0000] {dagbag.py:588} INFO - Filling up the DagBag from /home/airflow/.local/lib/python3.12/site-packages/airflow/example_dags/example_latest_only.py
[2025-04-06T04:19:09.877+0000] {processor.py:925} INFO - DAG(s) 'latest_only' retrieved from /home/airflow/.local/lib/python3.12/site-packages/airflow/example_dags/example_latest_only.py
[2025-04-06T04:19:09.898+0000] {logging_mixin.py:190} INFO - [2025-04-06T04:19:09.898+0000] {dag.py:3239} INFO - Sync 1 DAGs
[2025-04-06T04:19:09.916+0000] {logging_mixin.py:190} INFO - [2025-04-06T04:19:09.915+0000] {dag.py:4180} INFO - Setting next_dagrun for latest_only to 2025-04-06 00:00:00+00:00, run_after=2025-04-06 04:00:00+00:00
[2025-04-06T04:19:09.936+0000] {processor.py:208} INFO - Processing /home/airflow/.local/lib/python3.12/site-packages/airflow/example_dags/example_latest_only.py took 0.075 seconds
[2025-04-06T04:19:39.994+0000] {processor.py:186} INFO - Started process (PID=3168) to work on /home/airflow/.local/lib/python3.12/site-packages/airflow/example_dags/example_latest_only.py
[2025-04-06T04:19:40.011+0000] {processor.py:914} INFO - Processing file /home/airflow/.local/lib/python3.12/site-packages/airflow/example_dags/example_latest_only.py for tasks to queue
[2025-04-06T04:19:40.014+0000] {logging_mixin.py:190} INFO - [2025-04-06T04:19:40.014+0000] {dagbag.py:588} INFO - Filling up the DagBag from /home/airflow/.local/lib/python3.12/site-packages/airflow/example_dags/example_latest_only.py
[2025-04-06T04:19:40.022+0000] {processor.py:925} INFO - DAG(s) 'latest_only' retrieved from /home/airflow/.local/lib/python3.12/site-packages/airflow/example_dags/example_latest_only.py
[2025-04-06T04:19:40.045+0000] {logging_mixin.py:190} INFO - [2025-04-06T04:19:40.045+0000] {dag.py:3239} INFO - Sync 1 DAGs
[2025-04-06T04:19:40.070+0000] {logging_mixin.py:190} INFO - [2025-04-06T04:19:40.069+0000] {dag.py:4180} INFO - Setting next_dagrun for latest_only to 2025-04-06 00:00:00+00:00, run_after=2025-04-06 04:00:00+00:00
[2025-04-06T04:19:40.093+0000] {processor.py:208} INFO - Processing /home/airflow/.local/lib/python3.12/site-packages/airflow/example_dags/example_latest_only.py took 0.105 seconds
[2025-04-06T04:20:10.673+0000] {processor.py:186} INFO - Started process (PID=3231) to work on /home/airflow/.local/lib/python3.12/site-packages/airflow/example_dags/example_latest_only.py
[2025-04-06T04:20:10.687+0000] {processor.py:914} INFO - Processing file /home/airflow/.local/lib/python3.12/site-packages/airflow/example_dags/example_latest_only.py for tasks to queue
[2025-04-06T04:20:10.689+0000] {logging_mixin.py:190} INFO - [2025-04-06T04:20:10.688+0000] {dagbag.py:588} INFO - Filling up the DagBag from /home/airflow/.local/lib/python3.12/site-packages/airflow/example_dags/example_latest_only.py
[2025-04-06T04:20:10.693+0000] {processor.py:925} INFO - DAG(s) 'latest_only' retrieved from /home/airflow/.local/lib/python3.12/site-packages/airflow/example_dags/example_latest_only.py
[2025-04-06T04:20:10.712+0000] {logging_mixin.py:190} INFO - [2025-04-06T04:20:10.711+0000] {dag.py:3239} INFO - Sync 1 DAGs
[2025-04-06T04:20:10.730+0000] {logging_mixin.py:190} INFO - [2025-04-06T04:20:10.729+0000] {dag.py:4180} INFO - Setting next_dagrun for latest_only to 2025-04-06 00:00:00+00:00, run_after=2025-04-06 04:00:00+00:00
[2025-04-06T04:20:10.748+0000] {processor.py:208} INFO - Processing /home/airflow/.local/lib/python3.12/site-packages/airflow/example_dags/example_latest_only.py took 0.080 seconds
[2025-04-06T04:20:41.620+0000] {processor.py:186} INFO - Started process (PID=3294) to work on /home/airflow/.local/lib/python3.12/site-packages/airflow/example_dags/example_latest_only.py
[2025-04-06T04:20:41.622+0000] {processor.py:914} INFO - Processing file /home/airflow/.local/lib/python3.12/site-packages/airflow/example_dags/example_latest_only.py for tasks to queue
[2025-04-06T04:20:41.624+0000] {logging_mixin.py:190} INFO - [2025-04-06T04:20:41.624+0000] {dagbag.py:588} INFO - Filling up the DagBag from /home/airflow/.local/lib/python3.12/site-packages/airflow/example_dags/example_latest_only.py
[2025-04-06T04:20:41.632+0000] {processor.py:925} INFO - DAG(s) 'latest_only' retrieved from /home/airflow/.local/lib/python3.12/site-packages/airflow/example_dags/example_latest_only.py
[2025-04-06T04:20:41.655+0000] {logging_mixin.py:190} INFO - [2025-04-06T04:20:41.655+0000] {dag.py:3239} INFO - Sync 1 DAGs
[2025-04-06T04:20:41.675+0000] {logging_mixin.py:190} INFO - [2025-04-06T04:20:41.675+0000] {dag.py:4180} INFO - Setting next_dagrun for latest_only to 2025-04-06 00:00:00+00:00, run_after=2025-04-06 04:00:00+00:00
[2025-04-06T04:20:41.697+0000] {processor.py:208} INFO - Processing /home/airflow/.local/lib/python3.12/site-packages/airflow/example_dags/example_latest_only.py took 0.084 seconds
[2025-04-06T04:21:12.608+0000] {processor.py:186} INFO - Started process (PID=3357) to work on /home/airflow/.local/lib/python3.12/site-packages/airflow/example_dags/example_latest_only.py
[2025-04-06T04:21:12.609+0000] {processor.py:914} INFO - Processing file /home/airflow/.local/lib/python3.12/site-packages/airflow/example_dags/example_latest_only.py for tasks to queue
[2025-04-06T04:21:12.611+0000] {logging_mixin.py:190} INFO - [2025-04-06T04:21:12.611+0000] {dagbag.py:588} INFO - Filling up the DagBag from /home/airflow/.local/lib/python3.12/site-packages/airflow/example_dags/example_latest_only.py
[2025-04-06T04:21:12.618+0000] {processor.py:925} INFO - DAG(s) 'latest_only' retrieved from /home/airflow/.local/lib/python3.12/site-packages/airflow/example_dags/example_latest_only.py
[2025-04-06T04:21:12.636+0000] {logging_mixin.py:190} INFO - [2025-04-06T04:21:12.636+0000] {dag.py:3239} INFO - Sync 1 DAGs
[2025-04-06T04:21:12.658+0000] {logging_mixin.py:190} INFO - [2025-04-06T04:21:12.658+0000] {dag.py:4180} INFO - Setting next_dagrun for latest_only to 2025-04-06 00:00:00+00:00, run_after=2025-04-06 04:00:00+00:00
[2025-04-06T04:21:12.678+0000] {processor.py:208} INFO - Processing /home/airflow/.local/lib/python3.12/site-packages/airflow/example_dags/example_latest_only.py took 0.077 seconds
[2025-04-06T04:21:42.834+0000] {processor.py:186} INFO - Started process (PID=3420) to work on /home/airflow/.local/lib/python3.12/site-packages/airflow/example_dags/example_latest_only.py
[2025-04-06T04:21:42.836+0000] {processor.py:914} INFO - Processing file /home/airflow/.local/lib/python3.12/site-packages/airflow/example_dags/example_latest_only.py for tasks to queue
[2025-04-06T04:21:42.838+0000] {logging_mixin.py:190} INFO - [2025-04-06T04:21:42.837+0000] {dagbag.py:588} INFO - Filling up the DagBag from /home/airflow/.local/lib/python3.12/site-packages/airflow/example_dags/example_latest_only.py
[2025-04-06T04:21:42.843+0000] {processor.py:925} INFO - DAG(s) 'latest_only' retrieved from /home/airflow/.local/lib/python3.12/site-packages/airflow/example_dags/example_latest_only.py
[2025-04-06T04:21:42.865+0000] {logging_mixin.py:190} INFO - [2025-04-06T04:21:42.865+0000] {dag.py:3239} INFO - Sync 1 DAGs
[2025-04-06T04:21:42.883+0000] {logging_mixin.py:190} INFO - [2025-04-06T04:21:42.883+0000] {dag.py:4180} INFO - Setting next_dagrun for latest_only to 2025-04-06 00:00:00+00:00, run_after=2025-04-06 04:00:00+00:00
[2025-04-06T04:21:42.902+0000] {processor.py:208} INFO - Processing /home/airflow/.local/lib/python3.12/site-packages/airflow/example_dags/example_latest_only.py took 0.074 seconds
[2025-04-06T04:22:13.695+0000] {processor.py:186} INFO - Started process (PID=3483) to work on /home/airflow/.local/lib/python3.12/site-packages/airflow/example_dags/example_latest_only.py
[2025-04-06T04:22:13.703+0000] {processor.py:914} INFO - Processing file /home/airflow/.local/lib/python3.12/site-packages/airflow/example_dags/example_latest_only.py for tasks to queue
[2025-04-06T04:22:13.705+0000] {logging_mixin.py:190} INFO - [2025-04-06T04:22:13.705+0000] {dagbag.py:588} INFO - Filling up the DagBag from /home/airflow/.local/lib/python3.12/site-packages/airflow/example_dags/example_latest_only.py
[2025-04-06T04:22:13.711+0000] {processor.py:925} INFO - DAG(s) 'latest_only' retrieved from /home/airflow/.local/lib/python3.12/site-packages/airflow/example_dags/example_latest_only.py
[2025-04-06T04:22:13.729+0000] {logging_mixin.py:190} INFO - [2025-04-06T04:22:13.729+0000] {dag.py:3239} INFO - Sync 1 DAGs
[2025-04-06T04:22:13.748+0000] {logging_mixin.py:190} INFO - [2025-04-06T04:22:13.748+0000] {dag.py:4180} INFO - Setting next_dagrun for latest_only to 2025-04-06 00:00:00+00:00, run_after=2025-04-06 04:00:00+00:00
[2025-04-06T04:22:13.943+0000] {processor.py:208} INFO - Processing /home/airflow/.local/lib/python3.12/site-packages/airflow/example_dags/example_latest_only.py took 0.253 seconds
[2025-04-06T04:22:44.470+0000] {processor.py:186} INFO - Started process (PID=3546) to work on /home/airflow/.local/lib/python3.12/site-packages/airflow/example_dags/example_latest_only.py
[2025-04-06T04:22:44.471+0000] {processor.py:914} INFO - Processing file /home/airflow/.local/lib/python3.12/site-packages/airflow/example_dags/example_latest_only.py for tasks to queue
[2025-04-06T04:22:44.475+0000] {logging_mixin.py:190} INFO - [2025-04-06T04:22:44.474+0000] {dagbag.py:588} INFO - Filling up the DagBag from /home/airflow/.local/lib/python3.12/site-packages/airflow/example_dags/example_latest_only.py
[2025-04-06T04:22:44.483+0000] {processor.py:925} INFO - DAG(s) 'latest_only' retrieved from /home/airflow/.local/lib/python3.12/site-packages/airflow/example_dags/example_latest_only.py
[2025-04-06T04:22:44.504+0000] {logging_mixin.py:190} INFO - [2025-04-06T04:22:44.504+0000] {dag.py:3239} INFO - Sync 1 DAGs
[2025-04-06T04:22:44.530+0000] {logging_mixin.py:190} INFO - [2025-04-06T04:22:44.530+0000] {dag.py:4180} INFO - Setting next_dagrun for latest_only to 2025-04-06 00:00:00+00:00, run_after=2025-04-06 04:00:00+00:00
[2025-04-06T04:22:44.551+0000] {processor.py:208} INFO - Processing /home/airflow/.local/lib/python3.12/site-packages/airflow/example_dags/example_latest_only.py took 0.088 seconds
[2025-04-06T04:23:15.352+0000] {processor.py:186} INFO - Started process (PID=3609) to work on /home/airflow/.local/lib/python3.12/site-packages/airflow/example_dags/example_latest_only.py
[2025-04-06T04:23:15.354+0000] {processor.py:914} INFO - Processing file /home/airflow/.local/lib/python3.12/site-packages/airflow/example_dags/example_latest_only.py for tasks to queue
[2025-04-06T04:23:15.357+0000] {logging_mixin.py:190} INFO - [2025-04-06T04:23:15.356+0000] {dagbag.py:588} INFO - Filling up the DagBag from /home/airflow/.local/lib/python3.12/site-packages/airflow/example_dags/example_latest_only.py
[2025-04-06T04:23:15.366+0000] {processor.py:925} INFO - DAG(s) 'latest_only' retrieved from /home/airflow/.local/lib/python3.12/site-packages/airflow/example_dags/example_latest_only.py
[2025-04-06T04:23:15.390+0000] {logging_mixin.py:190} INFO - [2025-04-06T04:23:15.389+0000] {dag.py:3239} INFO - Sync 1 DAGs
[2025-04-06T04:23:15.410+0000] {logging_mixin.py:190} INFO - [2025-04-06T04:23:15.410+0000] {dag.py:4180} INFO - Setting next_dagrun for latest_only to 2025-04-06 00:00:00+00:00, run_after=2025-04-06 04:00:00+00:00
[2025-04-06T04:23:15.435+0000] {processor.py:208} INFO - Processing /home/airflow/.local/lib/python3.12/site-packages/airflow/example_dags/example_latest_only.py took 0.089 seconds
[2025-04-06T04:23:46.197+0000] {processor.py:186} INFO - Started process (PID=3672) to work on /home/airflow/.local/lib/python3.12/site-packages/airflow/example_dags/example_latest_only.py
[2025-04-06T04:23:46.199+0000] {processor.py:914} INFO - Processing file /home/airflow/.local/lib/python3.12/site-packages/airflow/example_dags/example_latest_only.py for tasks to queue
[2025-04-06T04:23:46.208+0000] {logging_mixin.py:190} INFO - [2025-04-06T04:23:46.207+0000] {dagbag.py:588} INFO - Filling up the DagBag from /home/airflow/.local/lib/python3.12/site-packages/airflow/example_dags/example_latest_only.py
[2025-04-06T04:23:46.254+0000] {processor.py:925} INFO - DAG(s) 'latest_only' retrieved from /home/airflow/.local/lib/python3.12/site-packages/airflow/example_dags/example_latest_only.py
[2025-04-06T04:23:46.290+0000] {logging_mixin.py:190} INFO - [2025-04-06T04:23:46.290+0000] {dag.py:3239} INFO - Sync 1 DAGs
[2025-04-06T04:23:46.330+0000] {logging_mixin.py:190} INFO - [2025-04-06T04:23:46.330+0000] {dag.py:4180} INFO - Setting next_dagrun for latest_only to 2025-04-06 00:00:00+00:00, run_after=2025-04-06 04:00:00+00:00
[2025-04-06T04:23:46.363+0000] {processor.py:208} INFO - Processing /home/airflow/.local/lib/python3.12/site-packages/airflow/example_dags/example_latest_only.py took 0.195 seconds
[2025-04-06T04:24:17.018+0000] {processor.py:186} INFO - Started process (PID=3735) to work on /home/airflow/.local/lib/python3.12/site-packages/airflow/example_dags/example_latest_only.py
[2025-04-06T04:24:17.020+0000] {processor.py:914} INFO - Processing file /home/airflow/.local/lib/python3.12/site-packages/airflow/example_dags/example_latest_only.py for tasks to queue
[2025-04-06T04:24:17.023+0000] {logging_mixin.py:190} INFO - [2025-04-06T04:24:17.022+0000] {dagbag.py:588} INFO - Filling up the DagBag from /home/airflow/.local/lib/python3.12/site-packages/airflow/example_dags/example_latest_only.py
[2025-04-06T04:24:17.030+0000] {processor.py:925} INFO - DAG(s) 'latest_only' retrieved from /home/airflow/.local/lib/python3.12/site-packages/airflow/example_dags/example_latest_only.py
[2025-04-06T04:24:17.051+0000] {logging_mixin.py:190} INFO - [2025-04-06T04:24:17.051+0000] {dag.py:3239} INFO - Sync 1 DAGs
[2025-04-06T04:24:17.074+0000] {logging_mixin.py:190} INFO - [2025-04-06T04:24:17.074+0000] {dag.py:4180} INFO - Setting next_dagrun for latest_only to 2025-04-06 00:00:00+00:00, run_after=2025-04-06 04:00:00+00:00
[2025-04-06T04:24:17.095+0000] {processor.py:208} INFO - Processing /home/airflow/.local/lib/python3.12/site-packages/airflow/example_dags/example_latest_only.py took 0.084 seconds
[2025-04-06T04:24:47.227+0000] {processor.py:186} INFO - Started process (PID=3785) to work on /home/airflow/.local/lib/python3.12/site-packages/airflow/example_dags/example_latest_only.py
[2025-04-06T04:24:47.228+0000] {processor.py:914} INFO - Processing file /home/airflow/.local/lib/python3.12/site-packages/airflow/example_dags/example_latest_only.py for tasks to queue
[2025-04-06T04:24:47.230+0000] {logging_mixin.py:190} INFO - [2025-04-06T04:24:47.230+0000] {dagbag.py:588} INFO - Filling up the DagBag from /home/airflow/.local/lib/python3.12/site-packages/airflow/example_dags/example_latest_only.py
[2025-04-06T04:24:47.239+0000] {processor.py:925} INFO - DAG(s) 'latest_only' retrieved from /home/airflow/.local/lib/python3.12/site-packages/airflow/example_dags/example_latest_only.py
[2025-04-06T04:24:47.262+0000] {logging_mixin.py:190} INFO - [2025-04-06T04:24:47.261+0000] {dag.py:3239} INFO - Sync 1 DAGs
[2025-04-06T04:24:47.283+0000] {logging_mixin.py:190} INFO - [2025-04-06T04:24:47.283+0000] {dag.py:4180} INFO - Setting next_dagrun for latest_only to 2025-04-06 00:00:00+00:00, run_after=2025-04-06 04:00:00+00:00
[2025-04-06T04:24:47.300+0000] {processor.py:208} INFO - Processing /home/airflow/.local/lib/python3.12/site-packages/airflow/example_dags/example_latest_only.py took 0.079 seconds
[2025-04-06T04:25:17.614+0000] {processor.py:186} INFO - Started process (PID=3845) to work on /home/airflow/.local/lib/python3.12/site-packages/airflow/example_dags/example_latest_only.py
[2025-04-06T04:25:17.615+0000] {processor.py:914} INFO - Processing file /home/airflow/.local/lib/python3.12/site-packages/airflow/example_dags/example_latest_only.py for tasks to queue
[2025-04-06T04:25:17.617+0000] {logging_mixin.py:190} INFO - [2025-04-06T04:25:17.617+0000] {dagbag.py:588} INFO - Filling up the DagBag from /home/airflow/.local/lib/python3.12/site-packages/airflow/example_dags/example_latest_only.py
[2025-04-06T04:25:17.625+0000] {processor.py:925} INFO - DAG(s) 'latest_only' retrieved from /home/airflow/.local/lib/python3.12/site-packages/airflow/example_dags/example_latest_only.py
[2025-04-06T04:25:17.644+0000] {logging_mixin.py:190} INFO - [2025-04-06T04:25:17.643+0000] {dag.py:3239} INFO - Sync 1 DAGs
[2025-04-06T04:25:17.668+0000] {logging_mixin.py:190} INFO - [2025-04-06T04:25:17.668+0000] {dag.py:4180} INFO - Setting next_dagrun for latest_only to 2025-04-06 00:00:00+00:00, run_after=2025-04-06 04:00:00+00:00
[2025-04-06T04:25:17.686+0000] {processor.py:208} INFO - Processing /home/airflow/.local/lib/python3.12/site-packages/airflow/example_dags/example_latest_only.py took 0.077 seconds
[2025-04-06T04:25:47.787+0000] {processor.py:186} INFO - Started process (PID=3907) to work on /home/airflow/.local/lib/python3.12/site-packages/airflow/example_dags/example_latest_only.py
[2025-04-06T04:25:47.788+0000] {processor.py:914} INFO - Processing file /home/airflow/.local/lib/python3.12/site-packages/airflow/example_dags/example_latest_only.py for tasks to queue
[2025-04-06T04:25:47.789+0000] {logging_mixin.py:190} INFO - [2025-04-06T04:25:47.789+0000] {dagbag.py:588} INFO - Filling up the DagBag from /home/airflow/.local/lib/python3.12/site-packages/airflow/example_dags/example_latest_only.py
[2025-04-06T04:25:47.796+0000] {processor.py:925} INFO - DAG(s) 'latest_only' retrieved from /home/airflow/.local/lib/python3.12/site-packages/airflow/example_dags/example_latest_only.py
[2025-04-06T04:25:47.813+0000] {logging_mixin.py:190} INFO - [2025-04-06T04:25:47.813+0000] {dag.py:3239} INFO - Sync 1 DAGs
[2025-04-06T04:25:47.834+0000] {logging_mixin.py:190} INFO - [2025-04-06T04:25:47.834+0000] {dag.py:4180} INFO - Setting next_dagrun for latest_only to 2025-04-06 00:00:00+00:00, run_after=2025-04-06 04:00:00+00:00
[2025-04-06T04:25:47.853+0000] {processor.py:208} INFO - Processing /home/airflow/.local/lib/python3.12/site-packages/airflow/example_dags/example_latest_only.py took 0.071 seconds
