[2025-04-06T04:09:11.898+0000] {processor.py:186} INFO - Started process (PID=1876) to work on /home/airflow/.local/lib/python3.12/site-packages/airflow/example_dags/example_external_task_marker_dag.py
[2025-04-06T04:09:11.899+0000] {processor.py:914} INFO - Processing file /home/airflow/.local/lib/python3.12/site-packages/airflow/example_dags/example_external_task_marker_dag.py for tasks to queue
[2025-04-06T04:09:11.901+0000] {logging_mixin.py:190} INFO - [2025-04-06T04:09:11.901+0000] {dagbag.py:588} INFO - Filling up the DagBag from /home/airflow/.local/lib/python3.12/site-packages/airflow/example_dags/example_external_task_marker_dag.py
[2025-04-06T04:09:11.931+0000] {processor.py:925} INFO - DAG(s) 'example_external_task_marker_parent', 'example_external_task_marker_child' retrieved from /home/airflow/.local/lib/python3.12/site-packages/airflow/example_dags/example_external_task_marker_dag.py
[2025-04-06T04:09:11.990+0000] {logging_mixin.py:190} INFO - [2025-04-06T04:09:11.990+0000] {dag.py:3239} INFO - Sync 2 DAGs
[2025-04-06T04:09:12.047+0000] {logging_mixin.py:190} INFO - [2025-04-06T04:09:12.047+0000] {dag.py:4180} INFO - Setting next_dagrun for example_external_task_marker_child to None, run_after=None
[2025-04-06T04:09:12.053+0000] {logging_mixin.py:190} INFO - [2025-04-06T04:09:12.053+0000] {dag.py:4180} INFO - Setting next_dagrun for example_external_task_marker_parent to None, run_after=None
[2025-04-06T04:09:12.121+0000] {processor.py:208} INFO - Processing /home/airflow/.local/lib/python3.12/site-packages/airflow/example_dags/example_external_task_marker_dag.py took 0.239 seconds
[2025-04-06T04:09:42.585+0000] {processor.py:186} INFO - Started process (PID=1938) to work on /home/airflow/.local/lib/python3.12/site-packages/airflow/example_dags/example_external_task_marker_dag.py
[2025-04-06T04:09:42.586+0000] {processor.py:914} INFO - Processing file /home/airflow/.local/lib/python3.12/site-packages/airflow/example_dags/example_external_task_marker_dag.py for tasks to queue
[2025-04-06T04:09:42.588+0000] {logging_mixin.py:190} INFO - [2025-04-06T04:09:42.588+0000] {dagbag.py:588} INFO - Filling up the DagBag from /home/airflow/.local/lib/python3.12/site-packages/airflow/example_dags/example_external_task_marker_dag.py
[2025-04-06T04:09:42.597+0000] {processor.py:925} INFO - DAG(s) 'example_external_task_marker_parent', 'example_external_task_marker_child' retrieved from /home/airflow/.local/lib/python3.12/site-packages/airflow/example_dags/example_external_task_marker_dag.py
[2025-04-06T04:09:42.618+0000] {logging_mixin.py:190} INFO - [2025-04-06T04:09:42.617+0000] {dag.py:3239} INFO - Sync 2 DAGs
[2025-04-06T04:09:42.630+0000] {logging_mixin.py:190} INFO - [2025-04-06T04:09:42.630+0000] {dag.py:4180} INFO - Setting next_dagrun for example_external_task_marker_child to None, run_after=None
[2025-04-06T04:09:42.634+0000] {logging_mixin.py:190} INFO - [2025-04-06T04:09:42.633+0000] {dag.py:4180} INFO - Setting next_dagrun for example_external_task_marker_parent to None, run_after=None
[2025-04-06T04:09:42.648+0000] {processor.py:208} INFO - Processing /home/airflow/.local/lib/python3.12/site-packages/airflow/example_dags/example_external_task_marker_dag.py took 0.069 seconds
[2025-04-06T04:10:13.033+0000] {processor.py:186} INFO - Started process (PID=2001) to work on /home/airflow/.local/lib/python3.12/site-packages/airflow/example_dags/example_external_task_marker_dag.py
[2025-04-06T04:10:13.034+0000] {processor.py:914} INFO - Processing file /home/airflow/.local/lib/python3.12/site-packages/airflow/example_dags/example_external_task_marker_dag.py for tasks to queue
[2025-04-06T04:10:13.037+0000] {logging_mixin.py:190} INFO - [2025-04-06T04:10:13.037+0000] {dagbag.py:588} INFO - Filling up the DagBag from /home/airflow/.local/lib/python3.12/site-packages/airflow/example_dags/example_external_task_marker_dag.py
[2025-04-06T04:10:13.046+0000] {processor.py:925} INFO - DAG(s) 'example_external_task_marker_parent', 'example_external_task_marker_child' retrieved from /home/airflow/.local/lib/python3.12/site-packages/airflow/example_dags/example_external_task_marker_dag.py
[2025-04-06T04:10:13.072+0000] {logging_mixin.py:190} INFO - [2025-04-06T04:10:13.071+0000] {dag.py:3239} INFO - Sync 2 DAGs
[2025-04-06T04:10:13.091+0000] {logging_mixin.py:190} INFO - [2025-04-06T04:10:13.090+0000] {dag.py:4180} INFO - Setting next_dagrun for example_external_task_marker_child to None, run_after=None
[2025-04-06T04:10:13.094+0000] {logging_mixin.py:190} INFO - [2025-04-06T04:10:13.094+0000] {dag.py:4180} INFO - Setting next_dagrun for example_external_task_marker_parent to None, run_after=None
[2025-04-06T04:10:13.115+0000] {processor.py:208} INFO - Processing /home/airflow/.local/lib/python3.12/site-packages/airflow/example_dags/example_external_task_marker_dag.py took 0.089 seconds
[2025-04-06T04:10:43.243+0000] {processor.py:186} INFO - Started process (PID=2064) to work on /home/airflow/.local/lib/python3.12/site-packages/airflow/example_dags/example_external_task_marker_dag.py
[2025-04-06T04:10:43.246+0000] {processor.py:914} INFO - Processing file /home/airflow/.local/lib/python3.12/site-packages/airflow/example_dags/example_external_task_marker_dag.py for tasks to queue
[2025-04-06T04:10:43.249+0000] {logging_mixin.py:190} INFO - [2025-04-06T04:10:43.248+0000] {dagbag.py:588} INFO - Filling up the DagBag from /home/airflow/.local/lib/python3.12/site-packages/airflow/example_dags/example_external_task_marker_dag.py
[2025-04-06T04:10:43.257+0000] {processor.py:925} INFO - DAG(s) 'example_external_task_marker_child', 'example_external_task_marker_parent' retrieved from /home/airflow/.local/lib/python3.12/site-packages/airflow/example_dags/example_external_task_marker_dag.py
[2025-04-06T04:10:43.283+0000] {logging_mixin.py:190} INFO - [2025-04-06T04:10:43.282+0000] {dag.py:3239} INFO - Sync 2 DAGs
[2025-04-06T04:10:43.297+0000] {logging_mixin.py:190} INFO - [2025-04-06T04:10:43.296+0000] {dag.py:4180} INFO - Setting next_dagrun for example_external_task_marker_child to None, run_after=None
[2025-04-06T04:10:43.300+0000] {logging_mixin.py:190} INFO - [2025-04-06T04:10:43.299+0000] {dag.py:4180} INFO - Setting next_dagrun for example_external_task_marker_parent to None, run_after=None
[2025-04-06T04:10:43.317+0000] {processor.py:208} INFO - Processing /home/airflow/.local/lib/python3.12/site-packages/airflow/example_dags/example_external_task_marker_dag.py took 0.079 seconds
[2025-04-06T04:11:13.690+0000] {processor.py:186} INFO - Started process (PID=2127) to work on /home/airflow/.local/lib/python3.12/site-packages/airflow/example_dags/example_external_task_marker_dag.py
[2025-04-06T04:11:13.694+0000] {processor.py:914} INFO - Processing file /home/airflow/.local/lib/python3.12/site-packages/airflow/example_dags/example_external_task_marker_dag.py for tasks to queue
[2025-04-06T04:11:13.697+0000] {logging_mixin.py:190} INFO - [2025-04-06T04:11:13.697+0000] {dagbag.py:588} INFO - Filling up the DagBag from /home/airflow/.local/lib/python3.12/site-packages/airflow/example_dags/example_external_task_marker_dag.py
[2025-04-06T04:11:13.705+0000] {processor.py:925} INFO - DAG(s) 'example_external_task_marker_parent', 'example_external_task_marker_child' retrieved from /home/airflow/.local/lib/python3.12/site-packages/airflow/example_dags/example_external_task_marker_dag.py
[2025-04-06T04:11:13.727+0000] {logging_mixin.py:190} INFO - [2025-04-06T04:11:13.726+0000] {dag.py:3239} INFO - Sync 2 DAGs
[2025-04-06T04:11:13.737+0000] {logging_mixin.py:190} INFO - [2025-04-06T04:11:13.737+0000] {dag.py:4180} INFO - Setting next_dagrun for example_external_task_marker_child to None, run_after=None
[2025-04-06T04:11:13.740+0000] {logging_mixin.py:190} INFO - [2025-04-06T04:11:13.740+0000] {dag.py:4180} INFO - Setting next_dagrun for example_external_task_marker_parent to None, run_after=None
[2025-04-06T04:11:13.757+0000] {processor.py:208} INFO - Processing /home/airflow/.local/lib/python3.12/site-packages/airflow/example_dags/example_external_task_marker_dag.py took 0.073 seconds
[2025-04-06T04:11:44.302+0000] {processor.py:186} INFO - Started process (PID=2190) to work on /home/airflow/.local/lib/python3.12/site-packages/airflow/example_dags/example_external_task_marker_dag.py
[2025-04-06T04:11:44.303+0000] {processor.py:914} INFO - Processing file /home/airflow/.local/lib/python3.12/site-packages/airflow/example_dags/example_external_task_marker_dag.py for tasks to queue
[2025-04-06T04:11:44.305+0000] {logging_mixin.py:190} INFO - [2025-04-06T04:11:44.305+0000] {dagbag.py:588} INFO - Filling up the DagBag from /home/airflow/.local/lib/python3.12/site-packages/airflow/example_dags/example_external_task_marker_dag.py
[2025-04-06T04:11:44.311+0000] {processor.py:925} INFO - DAG(s) 'example_external_task_marker_parent', 'example_external_task_marker_child' retrieved from /home/airflow/.local/lib/python3.12/site-packages/airflow/example_dags/example_external_task_marker_dag.py
[2025-04-06T04:11:44.335+0000] {logging_mixin.py:190} INFO - [2025-04-06T04:11:44.335+0000] {dag.py:3239} INFO - Sync 2 DAGs
[2025-04-06T04:11:44.346+0000] {logging_mixin.py:190} INFO - [2025-04-06T04:11:44.346+0000] {dag.py:4180} INFO - Setting next_dagrun for example_external_task_marker_child to None, run_after=None
[2025-04-06T04:11:44.349+0000] {logging_mixin.py:190} INFO - [2025-04-06T04:11:44.349+0000] {dag.py:4180} INFO - Setting next_dagrun for example_external_task_marker_parent to None, run_after=None
[2025-04-06T04:11:44.367+0000] {processor.py:208} INFO - Processing /home/airflow/.local/lib/python3.12/site-packages/airflow/example_dags/example_external_task_marker_dag.py took 0.070 seconds
[2025-04-06T04:12:14.494+0000] {processor.py:186} INFO - Started process (PID=2253) to work on /home/airflow/.local/lib/python3.12/site-packages/airflow/example_dags/example_external_task_marker_dag.py
[2025-04-06T04:12:14.495+0000] {processor.py:914} INFO - Processing file /home/airflow/.local/lib/python3.12/site-packages/airflow/example_dags/example_external_task_marker_dag.py for tasks to queue
[2025-04-06T04:12:14.497+0000] {logging_mixin.py:190} INFO - [2025-04-06T04:12:14.497+0000] {dagbag.py:588} INFO - Filling up the DagBag from /home/airflow/.local/lib/python3.12/site-packages/airflow/example_dags/example_external_task_marker_dag.py
[2025-04-06T04:12:14.503+0000] {processor.py:925} INFO - DAG(s) 'example_external_task_marker_child', 'example_external_task_marker_parent' retrieved from /home/airflow/.local/lib/python3.12/site-packages/airflow/example_dags/example_external_task_marker_dag.py
[2025-04-06T04:12:14.524+0000] {logging_mixin.py:190} INFO - [2025-04-06T04:12:14.524+0000] {dag.py:3239} INFO - Sync 2 DAGs
[2025-04-06T04:12:14.538+0000] {logging_mixin.py:190} INFO - [2025-04-06T04:12:14.538+0000] {dag.py:4180} INFO - Setting next_dagrun for example_external_task_marker_child to None, run_after=None
[2025-04-06T04:12:14.542+0000] {logging_mixin.py:190} INFO - [2025-04-06T04:12:14.542+0000] {dag.py:4180} INFO - Setting next_dagrun for example_external_task_marker_parent to None, run_after=None
[2025-04-06T04:12:14.562+0000] {processor.py:208} INFO - Processing /home/airflow/.local/lib/python3.12/site-packages/airflow/example_dags/example_external_task_marker_dag.py took 0.073 seconds
[2025-04-06T04:12:45.084+0000] {processor.py:186} INFO - Started process (PID=2316) to work on /home/airflow/.local/lib/python3.12/site-packages/airflow/example_dags/example_external_task_marker_dag.py
[2025-04-06T04:12:45.086+0000] {processor.py:914} INFO - Processing file /home/airflow/.local/lib/python3.12/site-packages/airflow/example_dags/example_external_task_marker_dag.py for tasks to queue
[2025-04-06T04:12:45.090+0000] {logging_mixin.py:190} INFO - [2025-04-06T04:12:45.089+0000] {dagbag.py:588} INFO - Filling up the DagBag from /home/airflow/.local/lib/python3.12/site-packages/airflow/example_dags/example_external_task_marker_dag.py
[2025-04-06T04:12:45.100+0000] {processor.py:925} INFO - DAG(s) 'example_external_task_marker_parent', 'example_external_task_marker_child' retrieved from /home/airflow/.local/lib/python3.12/site-packages/airflow/example_dags/example_external_task_marker_dag.py
[2025-04-06T04:12:45.131+0000] {logging_mixin.py:190} INFO - [2025-04-06T04:12:45.130+0000] {dag.py:3239} INFO - Sync 2 DAGs
[2025-04-06T04:12:45.148+0000] {logging_mixin.py:190} INFO - [2025-04-06T04:12:45.148+0000] {dag.py:4180} INFO - Setting next_dagrun for example_external_task_marker_child to None, run_after=None
[2025-04-06T04:12:45.153+0000] {logging_mixin.py:190} INFO - [2025-04-06T04:12:45.153+0000] {dag.py:4180} INFO - Setting next_dagrun for example_external_task_marker_parent to None, run_after=None
[2025-04-06T04:12:45.171+0000] {processor.py:208} INFO - Processing /home/airflow/.local/lib/python3.12/site-packages/airflow/example_dags/example_external_task_marker_dag.py took 0.094 seconds
[2025-04-06T04:13:15.226+0000] {processor.py:186} INFO - Started process (PID=2378) to work on /home/airflow/.local/lib/python3.12/site-packages/airflow/example_dags/example_external_task_marker_dag.py
[2025-04-06T04:13:15.227+0000] {processor.py:914} INFO - Processing file /home/airflow/.local/lib/python3.12/site-packages/airflow/example_dags/example_external_task_marker_dag.py for tasks to queue
[2025-04-06T04:13:15.229+0000] {logging_mixin.py:190} INFO - [2025-04-06T04:13:15.229+0000] {dagbag.py:588} INFO - Filling up the DagBag from /home/airflow/.local/lib/python3.12/site-packages/airflow/example_dags/example_external_task_marker_dag.py
[2025-04-06T04:13:15.236+0000] {processor.py:925} INFO - DAG(s) 'example_external_task_marker_child', 'example_external_task_marker_parent' retrieved from /home/airflow/.local/lib/python3.12/site-packages/airflow/example_dags/example_external_task_marker_dag.py
[2025-04-06T04:13:15.259+0000] {logging_mixin.py:190} INFO - [2025-04-06T04:13:15.258+0000] {dag.py:3239} INFO - Sync 2 DAGs
[2025-04-06T04:13:15.271+0000] {logging_mixin.py:190} INFO - [2025-04-06T04:13:15.270+0000] {dag.py:4180} INFO - Setting next_dagrun for example_external_task_marker_child to None, run_after=None
[2025-04-06T04:13:15.273+0000] {logging_mixin.py:190} INFO - [2025-04-06T04:13:15.273+0000] {dag.py:4180} INFO - Setting next_dagrun for example_external_task_marker_parent to None, run_after=None
[2025-04-06T04:13:15.292+0000] {processor.py:208} INFO - Processing /home/airflow/.local/lib/python3.12/site-packages/airflow/example_dags/example_external_task_marker_dag.py took 0.071 seconds
[2025-04-06T04:13:45.839+0000] {processor.py:186} INFO - Started process (PID=2441) to work on /home/airflow/.local/lib/python3.12/site-packages/airflow/example_dags/example_external_task_marker_dag.py
[2025-04-06T04:13:45.843+0000] {processor.py:914} INFO - Processing file /home/airflow/.local/lib/python3.12/site-packages/airflow/example_dags/example_external_task_marker_dag.py for tasks to queue
[2025-04-06T04:13:45.845+0000] {logging_mixin.py:190} INFO - [2025-04-06T04:13:45.844+0000] {dagbag.py:588} INFO - Filling up the DagBag from /home/airflow/.local/lib/python3.12/site-packages/airflow/example_dags/example_external_task_marker_dag.py
[2025-04-06T04:13:45.853+0000] {processor.py:925} INFO - DAG(s) 'example_external_task_marker_child', 'example_external_task_marker_parent' retrieved from /home/airflow/.local/lib/python3.12/site-packages/airflow/example_dags/example_external_task_marker_dag.py
[2025-04-06T04:13:45.875+0000] {logging_mixin.py:190} INFO - [2025-04-06T04:13:45.875+0000] {dag.py:3239} INFO - Sync 2 DAGs
[2025-04-06T04:13:45.887+0000] {logging_mixin.py:190} INFO - [2025-04-06T04:13:45.887+0000] {dag.py:4180} INFO - Setting next_dagrun for example_external_task_marker_child to None, run_after=None
[2025-04-06T04:13:45.891+0000] {logging_mixin.py:190} INFO - [2025-04-06T04:13:45.891+0000] {dag.py:4180} INFO - Setting next_dagrun for example_external_task_marker_parent to None, run_after=None
[2025-04-06T04:13:45.920+0000] {processor.py:208} INFO - Processing /home/airflow/.local/lib/python3.12/site-packages/airflow/example_dags/example_external_task_marker_dag.py took 0.088 seconds
[2025-04-06T04:14:16.125+0000] {processor.py:186} INFO - Started process (PID=2504) to work on /home/airflow/.local/lib/python3.12/site-packages/airflow/example_dags/example_external_task_marker_dag.py
[2025-04-06T04:14:16.126+0000] {processor.py:914} INFO - Processing file /home/airflow/.local/lib/python3.12/site-packages/airflow/example_dags/example_external_task_marker_dag.py for tasks to queue
[2025-04-06T04:14:16.128+0000] {logging_mixin.py:190} INFO - [2025-04-06T04:14:16.127+0000] {dagbag.py:588} INFO - Filling up the DagBag from /home/airflow/.local/lib/python3.12/site-packages/airflow/example_dags/example_external_task_marker_dag.py
[2025-04-06T04:14:16.135+0000] {processor.py:925} INFO - DAG(s) 'example_external_task_marker_child', 'example_external_task_marker_parent' retrieved from /home/airflow/.local/lib/python3.12/site-packages/airflow/example_dags/example_external_task_marker_dag.py
[2025-04-06T04:14:16.153+0000] {logging_mixin.py:190} INFO - [2025-04-06T04:14:16.153+0000] {dag.py:3239} INFO - Sync 2 DAGs
[2025-04-06T04:14:16.165+0000] {logging_mixin.py:190} INFO - [2025-04-06T04:14:16.165+0000] {dag.py:4180} INFO - Setting next_dagrun for example_external_task_marker_child to None, run_after=None
[2025-04-06T04:14:16.168+0000] {logging_mixin.py:190} INFO - [2025-04-06T04:14:16.168+0000] {dag.py:4180} INFO - Setting next_dagrun for example_external_task_marker_parent to None, run_after=None
[2025-04-06T04:14:16.184+0000] {processor.py:208} INFO - Processing /home/airflow/.local/lib/python3.12/site-packages/airflow/example_dags/example_external_task_marker_dag.py took 0.065 seconds
[2025-04-06T04:14:46.507+0000] {processor.py:186} INFO - Started process (PID=2567) to work on /home/airflow/.local/lib/python3.12/site-packages/airflow/example_dags/example_external_task_marker_dag.py
[2025-04-06T04:14:46.508+0000] {processor.py:914} INFO - Processing file /home/airflow/.local/lib/python3.12/site-packages/airflow/example_dags/example_external_task_marker_dag.py for tasks to queue
[2025-04-06T04:14:46.510+0000] {logging_mixin.py:190} INFO - [2025-04-06T04:14:46.510+0000] {dagbag.py:588} INFO - Filling up the DagBag from /home/airflow/.local/lib/python3.12/site-packages/airflow/example_dags/example_external_task_marker_dag.py
[2025-04-06T04:14:46.518+0000] {processor.py:925} INFO - DAG(s) 'example_external_task_marker_parent', 'example_external_task_marker_child' retrieved from /home/airflow/.local/lib/python3.12/site-packages/airflow/example_dags/example_external_task_marker_dag.py
[2025-04-06T04:14:46.538+0000] {logging_mixin.py:190} INFO - [2025-04-06T04:14:46.538+0000] {dag.py:3239} INFO - Sync 2 DAGs
[2025-04-06T04:14:46.551+0000] {logging_mixin.py:190} INFO - [2025-04-06T04:14:46.551+0000] {dag.py:4180} INFO - Setting next_dagrun for example_external_task_marker_child to None, run_after=None
[2025-04-06T04:14:46.554+0000] {logging_mixin.py:190} INFO - [2025-04-06T04:14:46.554+0000] {dag.py:4180} INFO - Setting next_dagrun for example_external_task_marker_parent to None, run_after=None
[2025-04-06T04:14:46.570+0000] {processor.py:208} INFO - Processing /home/airflow/.local/lib/python3.12/site-packages/airflow/example_dags/example_external_task_marker_dag.py took 0.067 seconds
[2025-04-06T04:15:16.988+0000] {processor.py:186} INFO - Started process (PID=2630) to work on /home/airflow/.local/lib/python3.12/site-packages/airflow/example_dags/example_external_task_marker_dag.py
[2025-04-06T04:15:16.990+0000] {processor.py:914} INFO - Processing file /home/airflow/.local/lib/python3.12/site-packages/airflow/example_dags/example_external_task_marker_dag.py for tasks to queue
[2025-04-06T04:15:16.992+0000] {logging_mixin.py:190} INFO - [2025-04-06T04:15:16.991+0000] {dagbag.py:588} INFO - Filling up the DagBag from /home/airflow/.local/lib/python3.12/site-packages/airflow/example_dags/example_external_task_marker_dag.py
[2025-04-06T04:15:16.998+0000] {processor.py:925} INFO - DAG(s) 'example_external_task_marker_child', 'example_external_task_marker_parent' retrieved from /home/airflow/.local/lib/python3.12/site-packages/airflow/example_dags/example_external_task_marker_dag.py
[2025-04-06T04:15:17.033+0000] {logging_mixin.py:190} INFO - [2025-04-06T04:15:17.033+0000] {dag.py:3239} INFO - Sync 2 DAGs
[2025-04-06T04:15:17.052+0000] {logging_mixin.py:190} INFO - [2025-04-06T04:15:17.052+0000] {dag.py:4180} INFO - Setting next_dagrun for example_external_task_marker_child to None, run_after=None
[2025-04-06T04:15:17.058+0000] {logging_mixin.py:190} INFO - [2025-04-06T04:15:17.058+0000] {dag.py:4180} INFO - Setting next_dagrun for example_external_task_marker_parent to None, run_after=None
[2025-04-06T04:15:17.078+0000] {processor.py:208} INFO - Processing /home/airflow/.local/lib/python3.12/site-packages/airflow/example_dags/example_external_task_marker_dag.py took 0.094 seconds
[2025-04-06T04:15:47.448+0000] {processor.py:186} INFO - Started process (PID=2693) to work on /home/airflow/.local/lib/python3.12/site-packages/airflow/example_dags/example_external_task_marker_dag.py
[2025-04-06T04:15:47.449+0000] {processor.py:914} INFO - Processing file /home/airflow/.local/lib/python3.12/site-packages/airflow/example_dags/example_external_task_marker_dag.py for tasks to queue
[2025-04-06T04:15:47.451+0000] {logging_mixin.py:190} INFO - [2025-04-06T04:15:47.451+0000] {dagbag.py:588} INFO - Filling up the DagBag from /home/airflow/.local/lib/python3.12/site-packages/airflow/example_dags/example_external_task_marker_dag.py
[2025-04-06T04:15:47.458+0000] {processor.py:925} INFO - DAG(s) 'example_external_task_marker_child', 'example_external_task_marker_parent' retrieved from /home/airflow/.local/lib/python3.12/site-packages/airflow/example_dags/example_external_task_marker_dag.py
[2025-04-06T04:15:47.480+0000] {logging_mixin.py:190} INFO - [2025-04-06T04:15:47.480+0000] {dag.py:3239} INFO - Sync 2 DAGs
[2025-04-06T04:15:47.492+0000] {logging_mixin.py:190} INFO - [2025-04-06T04:15:47.492+0000] {dag.py:4180} INFO - Setting next_dagrun for example_external_task_marker_child to None, run_after=None
[2025-04-06T04:15:47.495+0000] {logging_mixin.py:190} INFO - [2025-04-06T04:15:47.495+0000] {dag.py:4180} INFO - Setting next_dagrun for example_external_task_marker_parent to None, run_after=None
[2025-04-06T04:15:47.519+0000] {processor.py:208} INFO - Processing /home/airflow/.local/lib/python3.12/site-packages/airflow/example_dags/example_external_task_marker_dag.py took 0.076 seconds
[2025-04-06T04:16:18.005+0000] {processor.py:186} INFO - Started process (PID=2756) to work on /home/airflow/.local/lib/python3.12/site-packages/airflow/example_dags/example_external_task_marker_dag.py
[2025-04-06T04:16:18.006+0000] {processor.py:914} INFO - Processing file /home/airflow/.local/lib/python3.12/site-packages/airflow/example_dags/example_external_task_marker_dag.py for tasks to queue
[2025-04-06T04:16:18.010+0000] {logging_mixin.py:190} INFO - [2025-04-06T04:16:18.009+0000] {dagbag.py:588} INFO - Filling up the DagBag from /home/airflow/.local/lib/python3.12/site-packages/airflow/example_dags/example_external_task_marker_dag.py
[2025-04-06T04:16:18.020+0000] {processor.py:925} INFO - DAG(s) 'example_external_task_marker_parent', 'example_external_task_marker_child' retrieved from /home/airflow/.local/lib/python3.12/site-packages/airflow/example_dags/example_external_task_marker_dag.py
[2025-04-06T04:16:18.052+0000] {logging_mixin.py:190} INFO - [2025-04-06T04:16:18.051+0000] {dag.py:3239} INFO - Sync 2 DAGs
[2025-04-06T04:16:18.073+0000] {logging_mixin.py:190} INFO - [2025-04-06T04:16:18.072+0000] {dag.py:4180} INFO - Setting next_dagrun for example_external_task_marker_child to None, run_after=None
[2025-04-06T04:16:18.077+0000] {logging_mixin.py:190} INFO - [2025-04-06T04:16:18.077+0000] {dag.py:4180} INFO - Setting next_dagrun for example_external_task_marker_parent to None, run_after=None
[2025-04-06T04:16:18.105+0000] {processor.py:208} INFO - Processing /home/airflow/.local/lib/python3.12/site-packages/airflow/example_dags/example_external_task_marker_dag.py took 0.107 seconds
[2025-04-06T04:16:48.308+0000] {processor.py:186} INFO - Started process (PID=2819) to work on /home/airflow/.local/lib/python3.12/site-packages/airflow/example_dags/example_external_task_marker_dag.py
[2025-04-06T04:16:48.309+0000] {processor.py:914} INFO - Processing file /home/airflow/.local/lib/python3.12/site-packages/airflow/example_dags/example_external_task_marker_dag.py for tasks to queue
[2025-04-06T04:16:48.311+0000] {logging_mixin.py:190} INFO - [2025-04-06T04:16:48.311+0000] {dagbag.py:588} INFO - Filling up the DagBag from /home/airflow/.local/lib/python3.12/site-packages/airflow/example_dags/example_external_task_marker_dag.py
[2025-04-06T04:16:48.318+0000] {processor.py:925} INFO - DAG(s) 'example_external_task_marker_parent', 'example_external_task_marker_child' retrieved from /home/airflow/.local/lib/python3.12/site-packages/airflow/example_dags/example_external_task_marker_dag.py
[2025-04-06T04:16:48.337+0000] {logging_mixin.py:190} INFO - [2025-04-06T04:16:48.337+0000] {dag.py:3239} INFO - Sync 2 DAGs
[2025-04-06T04:16:48.348+0000] {logging_mixin.py:190} INFO - [2025-04-06T04:16:48.348+0000] {dag.py:4180} INFO - Setting next_dagrun for example_external_task_marker_child to None, run_after=None
[2025-04-06T04:16:48.351+0000] {logging_mixin.py:190} INFO - [2025-04-06T04:16:48.351+0000] {dag.py:4180} INFO - Setting next_dagrun for example_external_task_marker_parent to None, run_after=None
[2025-04-06T04:16:48.369+0000] {processor.py:208} INFO - Processing /home/airflow/.local/lib/python3.12/site-packages/airflow/example_dags/example_external_task_marker_dag.py took 0.067 seconds
[2025-04-06T04:17:19.333+0000] {processor.py:186} INFO - Started process (PID=2882) to work on /home/airflow/.local/lib/python3.12/site-packages/airflow/example_dags/example_external_task_marker_dag.py
[2025-04-06T04:17:19.334+0000] {processor.py:914} INFO - Processing file /home/airflow/.local/lib/python3.12/site-packages/airflow/example_dags/example_external_task_marker_dag.py for tasks to queue
[2025-04-06T04:17:19.336+0000] {logging_mixin.py:190} INFO - [2025-04-06T04:17:19.336+0000] {dagbag.py:588} INFO - Filling up the DagBag from /home/airflow/.local/lib/python3.12/site-packages/airflow/example_dags/example_external_task_marker_dag.py
[2025-04-06T04:17:19.342+0000] {processor.py:925} INFO - DAG(s) 'example_external_task_marker_child', 'example_external_task_marker_parent' retrieved from /home/airflow/.local/lib/python3.12/site-packages/airflow/example_dags/example_external_task_marker_dag.py
[2025-04-06T04:17:19.362+0000] {logging_mixin.py:190} INFO - [2025-04-06T04:17:19.362+0000] {dag.py:3239} INFO - Sync 2 DAGs
[2025-04-06T04:17:19.374+0000] {logging_mixin.py:190} INFO - [2025-04-06T04:17:19.374+0000] {dag.py:4180} INFO - Setting next_dagrun for example_external_task_marker_child to None, run_after=None
[2025-04-06T04:17:19.378+0000] {logging_mixin.py:190} INFO - [2025-04-06T04:17:19.377+0000] {dag.py:4180} INFO - Setting next_dagrun for example_external_task_marker_parent to None, run_after=None
[2025-04-06T04:17:19.393+0000] {processor.py:208} INFO - Processing /home/airflow/.local/lib/python3.12/site-packages/airflow/example_dags/example_external_task_marker_dag.py took 0.065 seconds
[2025-04-06T04:17:49.641+0000] {processor.py:186} INFO - Started process (PID=2945) to work on /home/airflow/.local/lib/python3.12/site-packages/airflow/example_dags/example_external_task_marker_dag.py
[2025-04-06T04:17:49.643+0000] {processor.py:914} INFO - Processing file /home/airflow/.local/lib/python3.12/site-packages/airflow/example_dags/example_external_task_marker_dag.py for tasks to queue
[2025-04-06T04:17:49.645+0000] {logging_mixin.py:190} INFO - [2025-04-06T04:17:49.645+0000] {dagbag.py:588} INFO - Filling up the DagBag from /home/airflow/.local/lib/python3.12/site-packages/airflow/example_dags/example_external_task_marker_dag.py
[2025-04-06T04:17:49.653+0000] {processor.py:925} INFO - DAG(s) 'example_external_task_marker_parent', 'example_external_task_marker_child' retrieved from /home/airflow/.local/lib/python3.12/site-packages/airflow/example_dags/example_external_task_marker_dag.py
[2025-04-06T04:17:49.679+0000] {logging_mixin.py:190} INFO - [2025-04-06T04:17:49.679+0000] {dag.py:3239} INFO - Sync 2 DAGs
[2025-04-06T04:17:49.693+0000] {logging_mixin.py:190} INFO - [2025-04-06T04:17:49.692+0000] {dag.py:4180} INFO - Setting next_dagrun for example_external_task_marker_child to None, run_after=None
[2025-04-06T04:17:49.696+0000] {logging_mixin.py:190} INFO - [2025-04-06T04:17:49.695+0000] {dag.py:4180} INFO - Setting next_dagrun for example_external_task_marker_parent to None, run_after=None
[2025-04-06T04:17:49.710+0000] {processor.py:208} INFO - Processing /home/airflow/.local/lib/python3.12/site-packages/airflow/example_dags/example_external_task_marker_dag.py took 0.076 seconds
[2025-04-06T04:18:20.623+0000] {processor.py:186} INFO - Started process (PID=3008) to work on /home/airflow/.local/lib/python3.12/site-packages/airflow/example_dags/example_external_task_marker_dag.py
[2025-04-06T04:18:20.625+0000] {processor.py:914} INFO - Processing file /home/airflow/.local/lib/python3.12/site-packages/airflow/example_dags/example_external_task_marker_dag.py for tasks to queue
[2025-04-06T04:18:20.627+0000] {logging_mixin.py:190} INFO - [2025-04-06T04:18:20.626+0000] {dagbag.py:588} INFO - Filling up the DagBag from /home/airflow/.local/lib/python3.12/site-packages/airflow/example_dags/example_external_task_marker_dag.py
[2025-04-06T04:18:20.635+0000] {processor.py:925} INFO - DAG(s) 'example_external_task_marker_parent', 'example_external_task_marker_child' retrieved from /home/airflow/.local/lib/python3.12/site-packages/airflow/example_dags/example_external_task_marker_dag.py
[2025-04-06T04:18:20.658+0000] {logging_mixin.py:190} INFO - [2025-04-06T04:18:20.658+0000] {dag.py:3239} INFO - Sync 2 DAGs
[2025-04-06T04:18:20.670+0000] {logging_mixin.py:190} INFO - [2025-04-06T04:18:20.670+0000] {dag.py:4180} INFO - Setting next_dagrun for example_external_task_marker_child to None, run_after=None
[2025-04-06T04:18:20.674+0000] {logging_mixin.py:190} INFO - [2025-04-06T04:18:20.674+0000] {dag.py:4180} INFO - Setting next_dagrun for example_external_task_marker_parent to None, run_after=None
[2025-04-06T04:18:20.691+0000] {processor.py:208} INFO - Processing /home/airflow/.local/lib/python3.12/site-packages/airflow/example_dags/example_external_task_marker_dag.py took 0.074 seconds
[2025-04-06T04:18:50.934+0000] {processor.py:186} INFO - Started process (PID=3071) to work on /home/airflow/.local/lib/python3.12/site-packages/airflow/example_dags/example_external_task_marker_dag.py
[2025-04-06T04:18:50.935+0000] {processor.py:914} INFO - Processing file /home/airflow/.local/lib/python3.12/site-packages/airflow/example_dags/example_external_task_marker_dag.py for tasks to queue
[2025-04-06T04:18:50.937+0000] {logging_mixin.py:190} INFO - [2025-04-06T04:18:50.936+0000] {dagbag.py:588} INFO - Filling up the DagBag from /home/airflow/.local/lib/python3.12/site-packages/airflow/example_dags/example_external_task_marker_dag.py
[2025-04-06T04:18:50.943+0000] {processor.py:925} INFO - DAG(s) 'example_external_task_marker_child', 'example_external_task_marker_parent' retrieved from /home/airflow/.local/lib/python3.12/site-packages/airflow/example_dags/example_external_task_marker_dag.py
[2025-04-06T04:18:50.966+0000] {logging_mixin.py:190} INFO - [2025-04-06T04:18:50.966+0000] {dag.py:3239} INFO - Sync 2 DAGs
[2025-04-06T04:18:50.980+0000] {logging_mixin.py:190} INFO - [2025-04-06T04:18:50.980+0000] {dag.py:4180} INFO - Setting next_dagrun for example_external_task_marker_child to None, run_after=None
[2025-04-06T04:18:50.983+0000] {logging_mixin.py:190} INFO - [2025-04-06T04:18:50.983+0000] {dag.py:4180} INFO - Setting next_dagrun for example_external_task_marker_parent to None, run_after=None
[2025-04-06T04:18:50.999+0000] {processor.py:208} INFO - Processing /home/airflow/.local/lib/python3.12/site-packages/airflow/example_dags/example_external_task_marker_dag.py took 0.071 seconds
[2025-04-06T04:19:21.139+0000] {processor.py:186} INFO - Started process (PID=3134) to work on /home/airflow/.local/lib/python3.12/site-packages/airflow/example_dags/example_external_task_marker_dag.py
[2025-04-06T04:19:21.140+0000] {processor.py:914} INFO - Processing file /home/airflow/.local/lib/python3.12/site-packages/airflow/example_dags/example_external_task_marker_dag.py for tasks to queue
[2025-04-06T04:19:21.142+0000] {logging_mixin.py:190} INFO - [2025-04-06T04:19:21.142+0000] {dagbag.py:588} INFO - Filling up the DagBag from /home/airflow/.local/lib/python3.12/site-packages/airflow/example_dags/example_external_task_marker_dag.py
[2025-04-06T04:19:21.148+0000] {processor.py:925} INFO - DAG(s) 'example_external_task_marker_child', 'example_external_task_marker_parent' retrieved from /home/airflow/.local/lib/python3.12/site-packages/airflow/example_dags/example_external_task_marker_dag.py
[2025-04-06T04:19:21.168+0000] {logging_mixin.py:190} INFO - [2025-04-06T04:19:21.168+0000] {dag.py:3239} INFO - Sync 2 DAGs
[2025-04-06T04:19:21.179+0000] {logging_mixin.py:190} INFO - [2025-04-06T04:19:21.179+0000] {dag.py:4180} INFO - Setting next_dagrun for example_external_task_marker_child to None, run_after=None
[2025-04-06T04:19:21.182+0000] {logging_mixin.py:190} INFO - [2025-04-06T04:19:21.181+0000] {dag.py:4180} INFO - Setting next_dagrun for example_external_task_marker_parent to None, run_after=None
[2025-04-06T04:19:21.201+0000] {processor.py:208} INFO - Processing /home/airflow/.local/lib/python3.12/site-packages/airflow/example_dags/example_external_task_marker_dag.py took 0.066 seconds
[2025-04-06T04:19:51.429+0000] {processor.py:186} INFO - Started process (PID=3197) to work on /home/airflow/.local/lib/python3.12/site-packages/airflow/example_dags/example_external_task_marker_dag.py
[2025-04-06T04:19:51.430+0000] {processor.py:914} INFO - Processing file /home/airflow/.local/lib/python3.12/site-packages/airflow/example_dags/example_external_task_marker_dag.py for tasks to queue
[2025-04-06T04:19:51.432+0000] {logging_mixin.py:190} INFO - [2025-04-06T04:19:51.431+0000] {dagbag.py:588} INFO - Filling up the DagBag from /home/airflow/.local/lib/python3.12/site-packages/airflow/example_dags/example_external_task_marker_dag.py
[2025-04-06T04:19:51.439+0000] {processor.py:925} INFO - DAG(s) 'example_external_task_marker_parent', 'example_external_task_marker_child' retrieved from /home/airflow/.local/lib/python3.12/site-packages/airflow/example_dags/example_external_task_marker_dag.py
[2025-04-06T04:19:51.460+0000] {logging_mixin.py:190} INFO - [2025-04-06T04:19:51.459+0000] {dag.py:3239} INFO - Sync 2 DAGs
[2025-04-06T04:19:51.473+0000] {logging_mixin.py:190} INFO - [2025-04-06T04:19:51.472+0000] {dag.py:4180} INFO - Setting next_dagrun for example_external_task_marker_child to None, run_after=None
[2025-04-06T04:19:51.476+0000] {logging_mixin.py:190} INFO - [2025-04-06T04:19:51.476+0000] {dag.py:4180} INFO - Setting next_dagrun for example_external_task_marker_parent to None, run_after=None
[2025-04-06T04:19:51.494+0000] {processor.py:208} INFO - Processing /home/airflow/.local/lib/python3.12/site-packages/airflow/example_dags/example_external_task_marker_dag.py took 0.070 seconds
[2025-04-06T04:20:22.959+0000] {processor.py:186} INFO - Started process (PID=3260) to work on /home/airflow/.local/lib/python3.12/site-packages/airflow/example_dags/example_external_task_marker_dag.py
[2025-04-06T04:20:22.960+0000] {processor.py:914} INFO - Processing file /home/airflow/.local/lib/python3.12/site-packages/airflow/example_dags/example_external_task_marker_dag.py for tasks to queue
[2025-04-06T04:20:22.964+0000] {logging_mixin.py:190} INFO - [2025-04-06T04:20:22.962+0000] {dagbag.py:588} INFO - Filling up the DagBag from /home/airflow/.local/lib/python3.12/site-packages/airflow/example_dags/example_external_task_marker_dag.py
[2025-04-06T04:20:22.974+0000] {processor.py:925} INFO - DAG(s) 'example_external_task_marker_child', 'example_external_task_marker_parent' retrieved from /home/airflow/.local/lib/python3.12/site-packages/airflow/example_dags/example_external_task_marker_dag.py
[2025-04-06T04:20:23.014+0000] {logging_mixin.py:190} INFO - [2025-04-06T04:20:23.012+0000] {dag.py:3239} INFO - Sync 2 DAGs
[2025-04-06T04:20:23.031+0000] {logging_mixin.py:190} INFO - [2025-04-06T04:20:23.031+0000] {dag.py:4180} INFO - Setting next_dagrun for example_external_task_marker_child to None, run_after=None
[2025-04-06T04:20:23.036+0000] {logging_mixin.py:190} INFO - [2025-04-06T04:20:23.036+0000] {dag.py:4180} INFO - Setting next_dagrun for example_external_task_marker_parent to None, run_after=None
[2025-04-06T04:20:23.070+0000] {processor.py:208} INFO - Processing /home/airflow/.local/lib/python3.12/site-packages/airflow/example_dags/example_external_task_marker_dag.py took 0.119 seconds
[2025-04-06T04:20:53.674+0000] {processor.py:186} INFO - Started process (PID=3323) to work on /home/airflow/.local/lib/python3.12/site-packages/airflow/example_dags/example_external_task_marker_dag.py
[2025-04-06T04:20:53.676+0000] {processor.py:914} INFO - Processing file /home/airflow/.local/lib/python3.12/site-packages/airflow/example_dags/example_external_task_marker_dag.py for tasks to queue
[2025-04-06T04:20:53.678+0000] {logging_mixin.py:190} INFO - [2025-04-06T04:20:53.677+0000] {dagbag.py:588} INFO - Filling up the DagBag from /home/airflow/.local/lib/python3.12/site-packages/airflow/example_dags/example_external_task_marker_dag.py
[2025-04-06T04:20:53.686+0000] {processor.py:925} INFO - DAG(s) 'example_external_task_marker_child', 'example_external_task_marker_parent' retrieved from /home/airflow/.local/lib/python3.12/site-packages/airflow/example_dags/example_external_task_marker_dag.py
[2025-04-06T04:20:53.706+0000] {logging_mixin.py:190} INFO - [2025-04-06T04:20:53.706+0000] {dag.py:3239} INFO - Sync 2 DAGs
[2025-04-06T04:20:53.720+0000] {logging_mixin.py:190} INFO - [2025-04-06T04:20:53.720+0000] {dag.py:4180} INFO - Setting next_dagrun for example_external_task_marker_child to None, run_after=None
[2025-04-06T04:20:53.723+0000] {logging_mixin.py:190} INFO - [2025-04-06T04:20:53.723+0000] {dag.py:4180} INFO - Setting next_dagrun for example_external_task_marker_parent to None, run_after=None
[2025-04-06T04:20:53.741+0000] {processor.py:208} INFO - Processing /home/airflow/.local/lib/python3.12/site-packages/airflow/example_dags/example_external_task_marker_dag.py took 0.072 seconds
[2025-04-06T04:21:23.843+0000] {processor.py:186} INFO - Started process (PID=3386) to work on /home/airflow/.local/lib/python3.12/site-packages/airflow/example_dags/example_external_task_marker_dag.py
[2025-04-06T04:21:23.845+0000] {processor.py:914} INFO - Processing file /home/airflow/.local/lib/python3.12/site-packages/airflow/example_dags/example_external_task_marker_dag.py for tasks to queue
[2025-04-06T04:21:23.846+0000] {logging_mixin.py:190} INFO - [2025-04-06T04:21:23.846+0000] {dagbag.py:588} INFO - Filling up the DagBag from /home/airflow/.local/lib/python3.12/site-packages/airflow/example_dags/example_external_task_marker_dag.py
[2025-04-06T04:21:23.853+0000] {processor.py:925} INFO - DAG(s) 'example_external_task_marker_parent', 'example_external_task_marker_child' retrieved from /home/airflow/.local/lib/python3.12/site-packages/airflow/example_dags/example_external_task_marker_dag.py
[2025-04-06T04:21:23.875+0000] {logging_mixin.py:190} INFO - [2025-04-06T04:21:23.875+0000] {dag.py:3239} INFO - Sync 2 DAGs
[2025-04-06T04:21:23.888+0000] {logging_mixin.py:190} INFO - [2025-04-06T04:21:23.888+0000] {dag.py:4180} INFO - Setting next_dagrun for example_external_task_marker_child to None, run_after=None
[2025-04-06T04:21:23.891+0000] {logging_mixin.py:190} INFO - [2025-04-06T04:21:23.891+0000] {dag.py:4180} INFO - Setting next_dagrun for example_external_task_marker_parent to None, run_after=None
[2025-04-06T04:21:23.907+0000] {processor.py:208} INFO - Processing /home/airflow/.local/lib/python3.12/site-packages/airflow/example_dags/example_external_task_marker_dag.py took 0.067 seconds
[2025-04-06T04:21:54.351+0000] {processor.py:186} INFO - Started process (PID=3449) to work on /home/airflow/.local/lib/python3.12/site-packages/airflow/example_dags/example_external_task_marker_dag.py
[2025-04-06T04:21:54.352+0000] {processor.py:914} INFO - Processing file /home/airflow/.local/lib/python3.12/site-packages/airflow/example_dags/example_external_task_marker_dag.py for tasks to queue
[2025-04-06T04:21:54.354+0000] {logging_mixin.py:190} INFO - [2025-04-06T04:21:54.354+0000] {dagbag.py:588} INFO - Filling up the DagBag from /home/airflow/.local/lib/python3.12/site-packages/airflow/example_dags/example_external_task_marker_dag.py
[2025-04-06T04:21:54.360+0000] {processor.py:925} INFO - DAG(s) 'example_external_task_marker_child', 'example_external_task_marker_parent' retrieved from /home/airflow/.local/lib/python3.12/site-packages/airflow/example_dags/example_external_task_marker_dag.py
[2025-04-06T04:21:54.383+0000] {logging_mixin.py:190} INFO - [2025-04-06T04:21:54.382+0000] {dag.py:3239} INFO - Sync 2 DAGs
[2025-04-06T04:21:54.395+0000] {logging_mixin.py:190} INFO - [2025-04-06T04:21:54.395+0000] {dag.py:4180} INFO - Setting next_dagrun for example_external_task_marker_child to None, run_after=None
[2025-04-06T04:21:54.398+0000] {logging_mixin.py:190} INFO - [2025-04-06T04:21:54.398+0000] {dag.py:4180} INFO - Setting next_dagrun for example_external_task_marker_parent to None, run_after=None
[2025-04-06T04:21:54.414+0000] {processor.py:208} INFO - Processing /home/airflow/.local/lib/python3.12/site-packages/airflow/example_dags/example_external_task_marker_dag.py took 0.068 seconds
[2025-04-06T04:22:25.476+0000] {processor.py:186} INFO - Started process (PID=3512) to work on /home/airflow/.local/lib/python3.12/site-packages/airflow/example_dags/example_external_task_marker_dag.py
[2025-04-06T04:22:25.477+0000] {processor.py:914} INFO - Processing file /home/airflow/.local/lib/python3.12/site-packages/airflow/example_dags/example_external_task_marker_dag.py for tasks to queue
[2025-04-06T04:22:25.479+0000] {logging_mixin.py:190} INFO - [2025-04-06T04:22:25.478+0000] {dagbag.py:588} INFO - Filling up the DagBag from /home/airflow/.local/lib/python3.12/site-packages/airflow/example_dags/example_external_task_marker_dag.py
[2025-04-06T04:22:25.484+0000] {processor.py:925} INFO - DAG(s) 'example_external_task_marker_parent', 'example_external_task_marker_child' retrieved from /home/airflow/.local/lib/python3.12/site-packages/airflow/example_dags/example_external_task_marker_dag.py
[2025-04-06T04:22:25.508+0000] {logging_mixin.py:190} INFO - [2025-04-06T04:22:25.508+0000] {dag.py:3239} INFO - Sync 2 DAGs
[2025-04-06T04:22:25.520+0000] {logging_mixin.py:190} INFO - [2025-04-06T04:22:25.519+0000] {dag.py:4180} INFO - Setting next_dagrun for example_external_task_marker_child to None, run_after=None
[2025-04-06T04:22:25.523+0000] {logging_mixin.py:190} INFO - [2025-04-06T04:22:25.523+0000] {dag.py:4180} INFO - Setting next_dagrun for example_external_task_marker_parent to None, run_after=None
[2025-04-06T04:22:25.544+0000] {processor.py:208} INFO - Processing /home/airflow/.local/lib/python3.12/site-packages/airflow/example_dags/example_external_task_marker_dag.py took 0.073 seconds
[2025-04-06T04:22:56.546+0000] {processor.py:186} INFO - Started process (PID=3575) to work on /home/airflow/.local/lib/python3.12/site-packages/airflow/example_dags/example_external_task_marker_dag.py
[2025-04-06T04:22:56.548+0000] {processor.py:914} INFO - Processing file /home/airflow/.local/lib/python3.12/site-packages/airflow/example_dags/example_external_task_marker_dag.py for tasks to queue
[2025-04-06T04:22:56.550+0000] {logging_mixin.py:190} INFO - [2025-04-06T04:22:56.550+0000] {dagbag.py:588} INFO - Filling up the DagBag from /home/airflow/.local/lib/python3.12/site-packages/airflow/example_dags/example_external_task_marker_dag.py
[2025-04-06T04:22:56.557+0000] {processor.py:925} INFO - DAG(s) 'example_external_task_marker_child', 'example_external_task_marker_parent' retrieved from /home/airflow/.local/lib/python3.12/site-packages/airflow/example_dags/example_external_task_marker_dag.py
[2025-04-06T04:22:56.576+0000] {logging_mixin.py:190} INFO - [2025-04-06T04:22:56.576+0000] {dag.py:3239} INFO - Sync 2 DAGs
[2025-04-06T04:22:56.589+0000] {logging_mixin.py:190} INFO - [2025-04-06T04:22:56.589+0000] {dag.py:4180} INFO - Setting next_dagrun for example_external_task_marker_child to None, run_after=None
[2025-04-06T04:22:56.593+0000] {logging_mixin.py:190} INFO - [2025-04-06T04:22:56.593+0000] {dag.py:4180} INFO - Setting next_dagrun for example_external_task_marker_parent to None, run_after=None
[2025-04-06T04:22:56.610+0000] {processor.py:208} INFO - Processing /home/airflow/.local/lib/python3.12/site-packages/airflow/example_dags/example_external_task_marker_dag.py took 0.070 seconds
[2025-04-06T04:23:27.858+0000] {processor.py:186} INFO - Started process (PID=3638) to work on /home/airflow/.local/lib/python3.12/site-packages/airflow/example_dags/example_external_task_marker_dag.py
[2025-04-06T04:23:27.859+0000] {processor.py:914} INFO - Processing file /home/airflow/.local/lib/python3.12/site-packages/airflow/example_dags/example_external_task_marker_dag.py for tasks to queue
[2025-04-06T04:23:27.860+0000] {logging_mixin.py:190} INFO - [2025-04-06T04:23:27.860+0000] {dagbag.py:588} INFO - Filling up the DagBag from /home/airflow/.local/lib/python3.12/site-packages/airflow/example_dags/example_external_task_marker_dag.py
[2025-04-06T04:23:27.866+0000] {processor.py:925} INFO - DAG(s) 'example_external_task_marker_child', 'example_external_task_marker_parent' retrieved from /home/airflow/.local/lib/python3.12/site-packages/airflow/example_dags/example_external_task_marker_dag.py
[2025-04-06T04:23:27.888+0000] {logging_mixin.py:190} INFO - [2025-04-06T04:23:27.888+0000] {dag.py:3239} INFO - Sync 2 DAGs
[2025-04-06T04:23:27.899+0000] {logging_mixin.py:190} INFO - [2025-04-06T04:23:27.899+0000] {dag.py:4180} INFO - Setting next_dagrun for example_external_task_marker_child to None, run_after=None
[2025-04-06T04:23:28.050+0000] {logging_mixin.py:190} INFO - [2025-04-06T04:23:28.049+0000] {dag.py:4180} INFO - Setting next_dagrun for example_external_task_marker_parent to None, run_after=None
[2025-04-06T04:23:28.072+0000] {processor.py:208} INFO - Processing /home/airflow/.local/lib/python3.12/site-packages/airflow/example_dags/example_external_task_marker_dag.py took 0.221 seconds
[2025-04-06T04:23:58.491+0000] {processor.py:186} INFO - Started process (PID=3701) to work on /home/airflow/.local/lib/python3.12/site-packages/airflow/example_dags/example_external_task_marker_dag.py
[2025-04-06T04:23:58.492+0000] {processor.py:914} INFO - Processing file /home/airflow/.local/lib/python3.12/site-packages/airflow/example_dags/example_external_task_marker_dag.py for tasks to queue
[2025-04-06T04:23:58.494+0000] {logging_mixin.py:190} INFO - [2025-04-06T04:23:58.494+0000] {dagbag.py:588} INFO - Filling up the DagBag from /home/airflow/.local/lib/python3.12/site-packages/airflow/example_dags/example_external_task_marker_dag.py
[2025-04-06T04:23:58.501+0000] {processor.py:925} INFO - DAG(s) 'example_external_task_marker_child', 'example_external_task_marker_parent' retrieved from /home/airflow/.local/lib/python3.12/site-packages/airflow/example_dags/example_external_task_marker_dag.py
[2025-04-06T04:23:58.531+0000] {logging_mixin.py:190} INFO - [2025-04-06T04:23:58.531+0000] {dag.py:3239} INFO - Sync 2 DAGs
[2025-04-06T04:23:58.547+0000] {logging_mixin.py:190} INFO - [2025-04-06T04:23:58.547+0000] {dag.py:4180} INFO - Setting next_dagrun for example_external_task_marker_child to None, run_after=None
[2025-04-06T04:23:58.551+0000] {logging_mixin.py:190} INFO - [2025-04-06T04:23:58.551+0000] {dag.py:4180} INFO - Setting next_dagrun for example_external_task_marker_parent to None, run_after=None
[2025-04-06T04:23:58.572+0000] {processor.py:208} INFO - Processing /home/airflow/.local/lib/python3.12/site-packages/airflow/example_dags/example_external_task_marker_dag.py took 0.085 seconds
[2025-04-06T04:24:29.428+0000] {processor.py:186} INFO - Started process (PID=3764) to work on /home/airflow/.local/lib/python3.12/site-packages/airflow/example_dags/example_external_task_marker_dag.py
[2025-04-06T04:24:29.430+0000] {processor.py:914} INFO - Processing file /home/airflow/.local/lib/python3.12/site-packages/airflow/example_dags/example_external_task_marker_dag.py for tasks to queue
[2025-04-06T04:24:29.432+0000] {logging_mixin.py:190} INFO - [2025-04-06T04:24:29.431+0000] {dagbag.py:588} INFO - Filling up the DagBag from /home/airflow/.local/lib/python3.12/site-packages/airflow/example_dags/example_external_task_marker_dag.py
[2025-04-06T04:24:29.438+0000] {processor.py:925} INFO - DAG(s) 'example_external_task_marker_parent', 'example_external_task_marker_child' retrieved from /home/airflow/.local/lib/python3.12/site-packages/airflow/example_dags/example_external_task_marker_dag.py
[2025-04-06T04:24:29.458+0000] {logging_mixin.py:190} INFO - [2025-04-06T04:24:29.457+0000] {dag.py:3239} INFO - Sync 2 DAGs
[2025-04-06T04:24:29.473+0000] {logging_mixin.py:190} INFO - [2025-04-06T04:24:29.472+0000] {dag.py:4180} INFO - Setting next_dagrun for example_external_task_marker_child to None, run_after=None
[2025-04-06T04:24:29.476+0000] {logging_mixin.py:190} INFO - [2025-04-06T04:24:29.476+0000] {dag.py:4180} INFO - Setting next_dagrun for example_external_task_marker_parent to None, run_after=None
[2025-04-06T04:24:29.497+0000] {processor.py:208} INFO - Processing /home/airflow/.local/lib/python3.12/site-packages/airflow/example_dags/example_external_task_marker_dag.py took 0.074 seconds
[2025-04-06T04:24:59.843+0000] {processor.py:186} INFO - Started process (PID=3827) to work on /home/airflow/.local/lib/python3.12/site-packages/airflow/example_dags/example_external_task_marker_dag.py
[2025-04-06T04:24:59.845+0000] {processor.py:914} INFO - Processing file /home/airflow/.local/lib/python3.12/site-packages/airflow/example_dags/example_external_task_marker_dag.py for tasks to queue
[2025-04-06T04:24:59.847+0000] {logging_mixin.py:190} INFO - [2025-04-06T04:24:59.847+0000] {dagbag.py:588} INFO - Filling up the DagBag from /home/airflow/.local/lib/python3.12/site-packages/airflow/example_dags/example_external_task_marker_dag.py
[2025-04-06T04:24:59.855+0000] {processor.py:925} INFO - DAG(s) 'example_external_task_marker_parent', 'example_external_task_marker_child' retrieved from /home/airflow/.local/lib/python3.12/site-packages/airflow/example_dags/example_external_task_marker_dag.py
[2025-04-06T04:24:59.882+0000] {logging_mixin.py:190} INFO - [2025-04-06T04:24:59.882+0000] {dag.py:3239} INFO - Sync 2 DAGs
[2025-04-06T04:24:59.895+0000] {logging_mixin.py:190} INFO - [2025-04-06T04:24:59.895+0000] {dag.py:4180} INFO - Setting next_dagrun for example_external_task_marker_child to None, run_after=None
[2025-04-06T04:24:59.900+0000] {logging_mixin.py:190} INFO - [2025-04-06T04:24:59.900+0000] {dag.py:4180} INFO - Setting next_dagrun for example_external_task_marker_parent to None, run_after=None
[2025-04-06T04:24:59.919+0000] {processor.py:208} INFO - Processing /home/airflow/.local/lib/python3.12/site-packages/airflow/example_dags/example_external_task_marker_dag.py took 0.081 seconds
[2025-04-06T04:25:30.594+0000] {processor.py:186} INFO - Started process (PID=3890) to work on /home/airflow/.local/lib/python3.12/site-packages/airflow/example_dags/example_external_task_marker_dag.py
[2025-04-06T04:25:30.596+0000] {processor.py:914} INFO - Processing file /home/airflow/.local/lib/python3.12/site-packages/airflow/example_dags/example_external_task_marker_dag.py for tasks to queue
[2025-04-06T04:25:30.598+0000] {logging_mixin.py:190} INFO - [2025-04-06T04:25:30.598+0000] {dagbag.py:588} INFO - Filling up the DagBag from /home/airflow/.local/lib/python3.12/site-packages/airflow/example_dags/example_external_task_marker_dag.py
[2025-04-06T04:25:30.605+0000] {processor.py:925} INFO - DAG(s) 'example_external_task_marker_parent', 'example_external_task_marker_child' retrieved from /home/airflow/.local/lib/python3.12/site-packages/airflow/example_dags/example_external_task_marker_dag.py
[2025-04-06T04:25:30.629+0000] {logging_mixin.py:190} INFO - [2025-04-06T04:25:30.628+0000] {dag.py:3239} INFO - Sync 2 DAGs
[2025-04-06T04:25:30.643+0000] {logging_mixin.py:190} INFO - [2025-04-06T04:25:30.643+0000] {dag.py:4180} INFO - Setting next_dagrun for example_external_task_marker_child to None, run_after=None
[2025-04-06T04:25:30.645+0000] {logging_mixin.py:190} INFO - [2025-04-06T04:25:30.645+0000] {dag.py:4180} INFO - Setting next_dagrun for example_external_task_marker_parent to None, run_after=None
[2025-04-06T04:25:30.660+0000] {processor.py:208} INFO - Processing /home/airflow/.local/lib/python3.12/site-packages/airflow/example_dags/example_external_task_marker_dag.py took 0.077 seconds
[2025-04-06T04:26:01.694+0000] {processor.py:186} INFO - Started process (PID=3954) to work on /home/airflow/.local/lib/python3.12/site-packages/airflow/example_dags/example_external_task_marker_dag.py
[2025-04-06T04:26:01.695+0000] {processor.py:914} INFO - Processing file /home/airflow/.local/lib/python3.12/site-packages/airflow/example_dags/example_external_task_marker_dag.py for tasks to queue
[2025-04-06T04:26:01.697+0000] {logging_mixin.py:190} INFO - [2025-04-06T04:26:01.697+0000] {dagbag.py:588} INFO - Filling up the DagBag from /home/airflow/.local/lib/python3.12/site-packages/airflow/example_dags/example_external_task_marker_dag.py
[2025-04-06T04:26:01.705+0000] {processor.py:925} INFO - DAG(s) 'example_external_task_marker_child', 'example_external_task_marker_parent' retrieved from /home/airflow/.local/lib/python3.12/site-packages/airflow/example_dags/example_external_task_marker_dag.py
[2025-04-06T04:26:01.729+0000] {logging_mixin.py:190} INFO - [2025-04-06T04:26:01.728+0000] {dag.py:3239} INFO - Sync 2 DAGs
[2025-04-06T04:26:01.747+0000] {logging_mixin.py:190} INFO - [2025-04-06T04:26:01.747+0000] {dag.py:4180} INFO - Setting next_dagrun for example_external_task_marker_child to None, run_after=None
[2025-04-06T04:26:01.751+0000] {logging_mixin.py:190} INFO - [2025-04-06T04:26:01.750+0000] {dag.py:4180} INFO - Setting next_dagrun for example_external_task_marker_parent to None, run_after=None
[2025-04-06T04:26:01.770+0000] {processor.py:208} INFO - Processing /home/airflow/.local/lib/python3.12/site-packages/airflow/example_dags/example_external_task_marker_dag.py took 0.081 seconds
