[2025-04-06T04:09:04.801+0000] {processor.py:186} INFO - Started process (PID=1852) to work on /home/airflow/.local/lib/python3.12/site-packages/airflow/example_dags/example_sla_dag.py
[2025-04-06T04:09:04.802+0000] {processor.py:914} INFO - Processing file /home/airflow/.local/lib/python3.12/site-packages/airflow/example_dags/example_sla_dag.py for tasks to queue
[2025-04-06T04:09:04.816+0000] {logging_mixin.py:190} INFO - [2025-04-06T04:09:04.804+0000] {dagbag.py:588} INFO - Filling up the DagBag from /home/airflow/.local/lib/python3.12/site-packages/airflow/example_dags/example_sla_dag.py
[2025-04-06T04:09:04.851+0000] {processor.py:925} INFO - DAG(s) 'example_sla_dag' retrieved from /home/airflow/.local/lib/python3.12/site-packages/airflow/example_dags/example_sla_dag.py
[2025-04-06T04:09:04.925+0000] {logging_mixin.py:190} INFO - [2025-04-06T04:09:04.925+0000] {dag.py:3239} INFO - Sync 1 DAGs
[2025-04-06T04:09:05.021+0000] {logging_mixin.py:190} INFO - [2025-04-06T04:09:05.021+0000] {dag.py:4180} INFO - Setting next_dagrun for example_sla_dag to 2025-04-06 04:06:00+00:00, run_after=2025-04-06 04:08:00+00:00
[2025-04-06T04:09:05.128+0000] {processor.py:208} INFO - Processing /home/airflow/.local/lib/python3.12/site-packages/airflow/example_dags/example_sla_dag.py took 0.359 seconds
[2025-04-06T04:09:35.391+0000] {processor.py:186} INFO - Started process (PID=1915) to work on /home/airflow/.local/lib/python3.12/site-packages/airflow/example_dags/example_sla_dag.py
[2025-04-06T04:09:35.392+0000] {processor.py:914} INFO - Processing file /home/airflow/.local/lib/python3.12/site-packages/airflow/example_dags/example_sla_dag.py for tasks to queue
[2025-04-06T04:09:35.394+0000] {logging_mixin.py:190} INFO - [2025-04-06T04:09:35.394+0000] {dagbag.py:588} INFO - Filling up the DagBag from /home/airflow/.local/lib/python3.12/site-packages/airflow/example_dags/example_sla_dag.py
[2025-04-06T04:09:35.403+0000] {processor.py:925} INFO - DAG(s) 'example_sla_dag' retrieved from /home/airflow/.local/lib/python3.12/site-packages/airflow/example_dags/example_sla_dag.py
[2025-04-06T04:09:35.420+0000] {logging_mixin.py:190} INFO - [2025-04-06T04:09:35.420+0000] {dag.py:3239} INFO - Sync 1 DAGs
[2025-04-06T04:09:35.440+0000] {logging_mixin.py:190} INFO - [2025-04-06T04:09:35.440+0000] {dag.py:4180} INFO - Setting next_dagrun for example_sla_dag to 2025-04-06 04:06:00+00:00, run_after=2025-04-06 04:08:00+00:00
[2025-04-06T04:09:35.459+0000] {processor.py:208} INFO - Processing /home/airflow/.local/lib/python3.12/site-packages/airflow/example_dags/example_sla_dag.py took 0.072 seconds
[2025-04-06T04:10:05.647+0000] {processor.py:186} INFO - Started process (PID=1978) to work on /home/airflow/.local/lib/python3.12/site-packages/airflow/example_dags/example_sla_dag.py
[2025-04-06T04:10:05.651+0000] {processor.py:914} INFO - Processing file /home/airflow/.local/lib/python3.12/site-packages/airflow/example_dags/example_sla_dag.py for tasks to queue
[2025-04-06T04:10:05.653+0000] {logging_mixin.py:190} INFO - [2025-04-06T04:10:05.652+0000] {dagbag.py:588} INFO - Filling up the DagBag from /home/airflow/.local/lib/python3.12/site-packages/airflow/example_dags/example_sla_dag.py
[2025-04-06T04:10:05.662+0000] {processor.py:925} INFO - DAG(s) 'example_sla_dag' retrieved from /home/airflow/.local/lib/python3.12/site-packages/airflow/example_dags/example_sla_dag.py
[2025-04-06T04:10:05.679+0000] {logging_mixin.py:190} INFO - [2025-04-06T04:10:05.679+0000] {dag.py:3239} INFO - Sync 1 DAGs
[2025-04-06T04:10:05.705+0000] {logging_mixin.py:190} INFO - [2025-04-06T04:10:05.704+0000] {dag.py:4180} INFO - Setting next_dagrun for example_sla_dag to 2025-04-06 04:08:00+00:00, run_after=2025-04-06 04:10:00+00:00
[2025-04-06T04:10:05.729+0000] {processor.py:208} INFO - Processing /home/airflow/.local/lib/python3.12/site-packages/airflow/example_dags/example_sla_dag.py took 0.088 seconds
[2025-04-06T04:10:36.455+0000] {processor.py:186} INFO - Started process (PID=2041) to work on /home/airflow/.local/lib/python3.12/site-packages/airflow/example_dags/example_sla_dag.py
[2025-04-06T04:10:36.456+0000] {processor.py:914} INFO - Processing file /home/airflow/.local/lib/python3.12/site-packages/airflow/example_dags/example_sla_dag.py for tasks to queue
[2025-04-06T04:10:36.457+0000] {logging_mixin.py:190} INFO - [2025-04-06T04:10:36.457+0000] {dagbag.py:588} INFO - Filling up the DagBag from /home/airflow/.local/lib/python3.12/site-packages/airflow/example_dags/example_sla_dag.py
[2025-04-06T04:10:36.465+0000] {processor.py:925} INFO - DAG(s) 'example_sla_dag' retrieved from /home/airflow/.local/lib/python3.12/site-packages/airflow/example_dags/example_sla_dag.py
[2025-04-06T04:10:36.482+0000] {logging_mixin.py:190} INFO - [2025-04-06T04:10:36.482+0000] {dag.py:3239} INFO - Sync 1 DAGs
[2025-04-06T04:10:36.504+0000] {logging_mixin.py:190} INFO - [2025-04-06T04:10:36.503+0000] {dag.py:4180} INFO - Setting next_dagrun for example_sla_dag to 2025-04-06 04:08:00+00:00, run_after=2025-04-06 04:10:00+00:00
[2025-04-06T04:10:36.519+0000] {processor.py:208} INFO - Processing /home/airflow/.local/lib/python3.12/site-packages/airflow/example_dags/example_sla_dag.py took 0.070 seconds
[2025-04-06T04:11:06.845+0000] {processor.py:186} INFO - Started process (PID=2104) to work on /home/airflow/.local/lib/python3.12/site-packages/airflow/example_dags/example_sla_dag.py
[2025-04-06T04:11:06.846+0000] {processor.py:914} INFO - Processing file /home/airflow/.local/lib/python3.12/site-packages/airflow/example_dags/example_sla_dag.py for tasks to queue
[2025-04-06T04:11:06.847+0000] {logging_mixin.py:190} INFO - [2025-04-06T04:11:06.847+0000] {dagbag.py:588} INFO - Filling up the DagBag from /home/airflow/.local/lib/python3.12/site-packages/airflow/example_dags/example_sla_dag.py
[2025-04-06T04:11:06.855+0000] {processor.py:925} INFO - DAG(s) 'example_sla_dag' retrieved from /home/airflow/.local/lib/python3.12/site-packages/airflow/example_dags/example_sla_dag.py
[2025-04-06T04:11:06.874+0000] {logging_mixin.py:190} INFO - [2025-04-06T04:11:06.873+0000] {dag.py:3239} INFO - Sync 1 DAGs
[2025-04-06T04:11:06.894+0000] {logging_mixin.py:190} INFO - [2025-04-06T04:11:06.893+0000] {dag.py:4180} INFO - Setting next_dagrun for example_sla_dag to 2025-04-06 04:08:00+00:00, run_after=2025-04-06 04:10:00+00:00
[2025-04-06T04:11:06.913+0000] {processor.py:208} INFO - Processing /home/airflow/.local/lib/python3.12/site-packages/airflow/example_dags/example_sla_dag.py took 0.073 seconds
[2025-04-06T04:11:37.192+0000] {processor.py:186} INFO - Started process (PID=2167) to work on /home/airflow/.local/lib/python3.12/site-packages/airflow/example_dags/example_sla_dag.py
[2025-04-06T04:11:37.195+0000] {processor.py:914} INFO - Processing file /home/airflow/.local/lib/python3.12/site-packages/airflow/example_dags/example_sla_dag.py for tasks to queue
[2025-04-06T04:11:37.196+0000] {logging_mixin.py:190} INFO - [2025-04-06T04:11:37.196+0000] {dagbag.py:588} INFO - Filling up the DagBag from /home/airflow/.local/lib/python3.12/site-packages/airflow/example_dags/example_sla_dag.py
[2025-04-06T04:11:37.206+0000] {processor.py:925} INFO - DAG(s) 'example_sla_dag' retrieved from /home/airflow/.local/lib/python3.12/site-packages/airflow/example_dags/example_sla_dag.py
[2025-04-06T04:11:37.224+0000] {logging_mixin.py:190} INFO - [2025-04-06T04:11:37.224+0000] {dag.py:3239} INFO - Sync 1 DAGs
[2025-04-06T04:11:37.247+0000] {logging_mixin.py:190} INFO - [2025-04-06T04:11:37.247+0000] {dag.py:4180} INFO - Setting next_dagrun for example_sla_dag to 2025-04-06 04:08:00+00:00, run_after=2025-04-06 04:10:00+00:00
[2025-04-06T04:11:37.274+0000] {processor.py:208} INFO - Processing /home/airflow/.local/lib/python3.12/site-packages/airflow/example_dags/example_sla_dag.py took 0.087 seconds
[2025-04-06T04:12:07.661+0000] {processor.py:186} INFO - Started process (PID=2230) to work on /home/airflow/.local/lib/python3.12/site-packages/airflow/example_dags/example_sla_dag.py
[2025-04-06T04:12:07.662+0000] {processor.py:914} INFO - Processing file /home/airflow/.local/lib/python3.12/site-packages/airflow/example_dags/example_sla_dag.py for tasks to queue
[2025-04-06T04:12:07.664+0000] {logging_mixin.py:190} INFO - [2025-04-06T04:12:07.664+0000] {dagbag.py:588} INFO - Filling up the DagBag from /home/airflow/.local/lib/python3.12/site-packages/airflow/example_dags/example_sla_dag.py
[2025-04-06T04:12:07.672+0000] {processor.py:925} INFO - DAG(s) 'example_sla_dag' retrieved from /home/airflow/.local/lib/python3.12/site-packages/airflow/example_dags/example_sla_dag.py
[2025-04-06T04:12:07.692+0000] {logging_mixin.py:190} INFO - [2025-04-06T04:12:07.692+0000] {dag.py:3239} INFO - Sync 1 DAGs
[2025-04-06T04:12:07.713+0000] {logging_mixin.py:190} INFO - [2025-04-06T04:12:07.713+0000] {dag.py:4180} INFO - Setting next_dagrun for example_sla_dag to 2025-04-06 04:10:00+00:00, run_after=2025-04-06 04:12:00+00:00
[2025-04-06T04:12:07.737+0000] {processor.py:208} INFO - Processing /home/airflow/.local/lib/python3.12/site-packages/airflow/example_dags/example_sla_dag.py took 0.081 seconds
[2025-04-06T04:12:38.040+0000] {processor.py:186} INFO - Started process (PID=2293) to work on /home/airflow/.local/lib/python3.12/site-packages/airflow/example_dags/example_sla_dag.py
[2025-04-06T04:12:38.041+0000] {processor.py:914} INFO - Processing file /home/airflow/.local/lib/python3.12/site-packages/airflow/example_dags/example_sla_dag.py for tasks to queue
[2025-04-06T04:12:38.043+0000] {logging_mixin.py:190} INFO - [2025-04-06T04:12:38.043+0000] {dagbag.py:588} INFO - Filling up the DagBag from /home/airflow/.local/lib/python3.12/site-packages/airflow/example_dags/example_sla_dag.py
[2025-04-06T04:12:38.051+0000] {processor.py:925} INFO - DAG(s) 'example_sla_dag' retrieved from /home/airflow/.local/lib/python3.12/site-packages/airflow/example_dags/example_sla_dag.py
[2025-04-06T04:12:38.070+0000] {logging_mixin.py:190} INFO - [2025-04-06T04:12:38.070+0000] {dag.py:3239} INFO - Sync 1 DAGs
[2025-04-06T04:12:38.097+0000] {logging_mixin.py:190} INFO - [2025-04-06T04:12:38.097+0000] {dag.py:4180} INFO - Setting next_dagrun for example_sla_dag to 2025-04-06 04:10:00+00:00, run_after=2025-04-06 04:12:00+00:00
[2025-04-06T04:12:38.114+0000] {processor.py:208} INFO - Processing /home/airflow/.local/lib/python3.12/site-packages/airflow/example_dags/example_sla_dag.py took 0.078 seconds
[2025-04-06T04:13:08.480+0000] {processor.py:186} INFO - Started process (PID=2356) to work on /home/airflow/.local/lib/python3.12/site-packages/airflow/example_dags/example_sla_dag.py
[2025-04-06T04:13:08.481+0000] {processor.py:914} INFO - Processing file /home/airflow/.local/lib/python3.12/site-packages/airflow/example_dags/example_sla_dag.py for tasks to queue
[2025-04-06T04:13:08.483+0000] {logging_mixin.py:190} INFO - [2025-04-06T04:13:08.483+0000] {dagbag.py:588} INFO - Filling up the DagBag from /home/airflow/.local/lib/python3.12/site-packages/airflow/example_dags/example_sla_dag.py
[2025-04-06T04:13:08.491+0000] {processor.py:925} INFO - DAG(s) 'example_sla_dag' retrieved from /home/airflow/.local/lib/python3.12/site-packages/airflow/example_dags/example_sla_dag.py
[2025-04-06T04:13:08.506+0000] {logging_mixin.py:190} INFO - [2025-04-06T04:13:08.506+0000] {dag.py:3239} INFO - Sync 1 DAGs
[2025-04-06T04:13:08.525+0000] {logging_mixin.py:190} INFO - [2025-04-06T04:13:08.525+0000] {dag.py:4180} INFO - Setting next_dagrun for example_sla_dag to 2025-04-06 04:10:00+00:00, run_after=2025-04-06 04:12:00+00:00
[2025-04-06T04:13:08.544+0000] {processor.py:208} INFO - Processing /home/airflow/.local/lib/python3.12/site-packages/airflow/example_dags/example_sla_dag.py took 0.068 seconds
[2025-04-06T04:13:39.018+0000] {processor.py:186} INFO - Started process (PID=2419) to work on /home/airflow/.local/lib/python3.12/site-packages/airflow/example_dags/example_sla_dag.py
[2025-04-06T04:13:39.021+0000] {processor.py:914} INFO - Processing file /home/airflow/.local/lib/python3.12/site-packages/airflow/example_dags/example_sla_dag.py for tasks to queue
[2025-04-06T04:13:39.023+0000] {logging_mixin.py:190} INFO - [2025-04-06T04:13:39.023+0000] {dagbag.py:588} INFO - Filling up the DagBag from /home/airflow/.local/lib/python3.12/site-packages/airflow/example_dags/example_sla_dag.py
[2025-04-06T04:13:39.038+0000] {processor.py:925} INFO - DAG(s) 'example_sla_dag' retrieved from /home/airflow/.local/lib/python3.12/site-packages/airflow/example_dags/example_sla_dag.py
[2025-04-06T04:13:39.070+0000] {logging_mixin.py:190} INFO - [2025-04-06T04:13:39.069+0000] {dag.py:3239} INFO - Sync 1 DAGs
[2025-04-06T04:13:39.098+0000] {logging_mixin.py:190} INFO - [2025-04-06T04:13:39.098+0000] {dag.py:4180} INFO - Setting next_dagrun for example_sla_dag to 2025-04-06 04:10:00+00:00, run_after=2025-04-06 04:12:00+00:00
[2025-04-06T04:13:39.134+0000] {processor.py:208} INFO - Processing /home/airflow/.local/lib/python3.12/site-packages/airflow/example_dags/example_sla_dag.py took 0.122 seconds
[2025-04-06T04:14:09.188+0000] {processor.py:186} INFO - Started process (PID=2482) to work on /home/airflow/.local/lib/python3.12/site-packages/airflow/example_dags/example_sla_dag.py
[2025-04-06T04:14:09.189+0000] {processor.py:914} INFO - Processing file /home/airflow/.local/lib/python3.12/site-packages/airflow/example_dags/example_sla_dag.py for tasks to queue
[2025-04-06T04:14:09.191+0000] {logging_mixin.py:190} INFO - [2025-04-06T04:14:09.191+0000] {dagbag.py:588} INFO - Filling up the DagBag from /home/airflow/.local/lib/python3.12/site-packages/airflow/example_dags/example_sla_dag.py
[2025-04-06T04:14:09.199+0000] {processor.py:925} INFO - DAG(s) 'example_sla_dag' retrieved from /home/airflow/.local/lib/python3.12/site-packages/airflow/example_dags/example_sla_dag.py
[2025-04-06T04:14:09.217+0000] {logging_mixin.py:190} INFO - [2025-04-06T04:14:09.217+0000] {dag.py:3239} INFO - Sync 1 DAGs
[2025-04-06T04:14:09.238+0000] {logging_mixin.py:190} INFO - [2025-04-06T04:14:09.238+0000] {dag.py:4180} INFO - Setting next_dagrun for example_sla_dag to 2025-04-06 04:12:00+00:00, run_after=2025-04-06 04:14:00+00:00
[2025-04-06T04:14:09.255+0000] {processor.py:208} INFO - Processing /home/airflow/.local/lib/python3.12/site-packages/airflow/example_dags/example_sla_dag.py took 0.073 seconds
[2025-04-06T04:14:39.608+0000] {processor.py:186} INFO - Started process (PID=2545) to work on /home/airflow/.local/lib/python3.12/site-packages/airflow/example_dags/example_sla_dag.py
[2025-04-06T04:14:39.609+0000] {processor.py:914} INFO - Processing file /home/airflow/.local/lib/python3.12/site-packages/airflow/example_dags/example_sla_dag.py for tasks to queue
[2025-04-06T04:14:39.610+0000] {logging_mixin.py:190} INFO - [2025-04-06T04:14:39.610+0000] {dagbag.py:588} INFO - Filling up the DagBag from /home/airflow/.local/lib/python3.12/site-packages/airflow/example_dags/example_sla_dag.py
[2025-04-06T04:14:39.617+0000] {processor.py:925} INFO - DAG(s) 'example_sla_dag' retrieved from /home/airflow/.local/lib/python3.12/site-packages/airflow/example_dags/example_sla_dag.py
[2025-04-06T04:14:39.634+0000] {logging_mixin.py:190} INFO - [2025-04-06T04:14:39.633+0000] {dag.py:3239} INFO - Sync 1 DAGs
[2025-04-06T04:14:39.652+0000] {logging_mixin.py:190} INFO - [2025-04-06T04:14:39.652+0000] {dag.py:4180} INFO - Setting next_dagrun for example_sla_dag to 2025-04-06 04:12:00+00:00, run_after=2025-04-06 04:14:00+00:00
[2025-04-06T04:14:39.669+0000] {processor.py:208} INFO - Processing /home/airflow/.local/lib/python3.12/site-packages/airflow/example_dags/example_sla_dag.py took 0.065 seconds
[2025-04-06T04:15:10.027+0000] {processor.py:186} INFO - Started process (PID=2608) to work on /home/airflow/.local/lib/python3.12/site-packages/airflow/example_dags/example_sla_dag.py
[2025-04-06T04:15:10.028+0000] {processor.py:914} INFO - Processing file /home/airflow/.local/lib/python3.12/site-packages/airflow/example_dags/example_sla_dag.py for tasks to queue
[2025-04-06T04:15:10.030+0000] {logging_mixin.py:190} INFO - [2025-04-06T04:15:10.030+0000] {dagbag.py:588} INFO - Filling up the DagBag from /home/airflow/.local/lib/python3.12/site-packages/airflow/example_dags/example_sla_dag.py
[2025-04-06T04:15:10.040+0000] {processor.py:925} INFO - DAG(s) 'example_sla_dag' retrieved from /home/airflow/.local/lib/python3.12/site-packages/airflow/example_dags/example_sla_dag.py
[2025-04-06T04:15:10.056+0000] {logging_mixin.py:190} INFO - [2025-04-06T04:15:10.056+0000] {dag.py:3239} INFO - Sync 1 DAGs
[2025-04-06T04:15:10.078+0000] {logging_mixin.py:190} INFO - [2025-04-06T04:15:10.078+0000] {dag.py:4180} INFO - Setting next_dagrun for example_sla_dag to 2025-04-06 04:12:00+00:00, run_after=2025-04-06 04:14:00+00:00
[2025-04-06T04:15:10.095+0000] {processor.py:208} INFO - Processing /home/airflow/.local/lib/python3.12/site-packages/airflow/example_dags/example_sla_dag.py took 0.073 seconds
[2025-04-06T04:15:40.590+0000] {processor.py:186} INFO - Started process (PID=2671) to work on /home/airflow/.local/lib/python3.12/site-packages/airflow/example_dags/example_sla_dag.py
[2025-04-06T04:15:40.592+0000] {processor.py:914} INFO - Processing file /home/airflow/.local/lib/python3.12/site-packages/airflow/example_dags/example_sla_dag.py for tasks to queue
[2025-04-06T04:15:40.595+0000] {logging_mixin.py:190} INFO - [2025-04-06T04:15:40.594+0000] {dagbag.py:588} INFO - Filling up the DagBag from /home/airflow/.local/lib/python3.12/site-packages/airflow/example_dags/example_sla_dag.py
[2025-04-06T04:15:40.615+0000] {processor.py:925} INFO - DAG(s) 'example_sla_dag' retrieved from /home/airflow/.local/lib/python3.12/site-packages/airflow/example_dags/example_sla_dag.py
[2025-04-06T04:15:40.633+0000] {logging_mixin.py:190} INFO - [2025-04-06T04:15:40.633+0000] {dag.py:3239} INFO - Sync 1 DAGs
[2025-04-06T04:15:40.659+0000] {logging_mixin.py:190} INFO - [2025-04-06T04:15:40.659+0000] {dag.py:4180} INFO - Setting next_dagrun for example_sla_dag to 2025-04-06 04:12:00+00:00, run_after=2025-04-06 04:14:00+00:00
[2025-04-06T04:15:40.676+0000] {processor.py:208} INFO - Processing /home/airflow/.local/lib/python3.12/site-packages/airflow/example_dags/example_sla_dag.py took 0.096 seconds
[2025-04-06T04:16:10.811+0000] {processor.py:186} INFO - Started process (PID=2734) to work on /home/airflow/.local/lib/python3.12/site-packages/airflow/example_dags/example_sla_dag.py
[2025-04-06T04:16:10.813+0000] {processor.py:914} INFO - Processing file /home/airflow/.local/lib/python3.12/site-packages/airflow/example_dags/example_sla_dag.py for tasks to queue
[2025-04-06T04:16:10.815+0000] {logging_mixin.py:190} INFO - [2025-04-06T04:16:10.815+0000] {dagbag.py:588} INFO - Filling up the DagBag from /home/airflow/.local/lib/python3.12/site-packages/airflow/example_dags/example_sla_dag.py
[2025-04-06T04:16:10.825+0000] {processor.py:925} INFO - DAG(s) 'example_sla_dag' retrieved from /home/airflow/.local/lib/python3.12/site-packages/airflow/example_dags/example_sla_dag.py
[2025-04-06T04:16:10.845+0000] {logging_mixin.py:190} INFO - [2025-04-06T04:16:10.844+0000] {dag.py:3239} INFO - Sync 1 DAGs
[2025-04-06T04:16:10.871+0000] {logging_mixin.py:190} INFO - [2025-04-06T04:16:10.871+0000] {dag.py:4180} INFO - Setting next_dagrun for example_sla_dag to 2025-04-06 04:14:00+00:00, run_after=2025-04-06 04:16:00+00:00
[2025-04-06T04:16:10.896+0000] {processor.py:208} INFO - Processing /home/airflow/.local/lib/python3.12/site-packages/airflow/example_dags/example_sla_dag.py took 0.090 seconds
[2025-04-06T04:16:41.269+0000] {processor.py:186} INFO - Started process (PID=2797) to work on /home/airflow/.local/lib/python3.12/site-packages/airflow/example_dags/example_sla_dag.py
[2025-04-06T04:16:41.270+0000] {processor.py:914} INFO - Processing file /home/airflow/.local/lib/python3.12/site-packages/airflow/example_dags/example_sla_dag.py for tasks to queue
[2025-04-06T04:16:41.272+0000] {logging_mixin.py:190} INFO - [2025-04-06T04:16:41.272+0000] {dagbag.py:588} INFO - Filling up the DagBag from /home/airflow/.local/lib/python3.12/site-packages/airflow/example_dags/example_sla_dag.py
[2025-04-06T04:16:41.279+0000] {processor.py:925} INFO - DAG(s) 'example_sla_dag' retrieved from /home/airflow/.local/lib/python3.12/site-packages/airflow/example_dags/example_sla_dag.py
[2025-04-06T04:16:41.302+0000] {logging_mixin.py:190} INFO - [2025-04-06T04:16:41.302+0000] {dag.py:3239} INFO - Sync 1 DAGs
[2025-04-06T04:16:41.336+0000] {logging_mixin.py:190} INFO - [2025-04-06T04:16:41.335+0000] {dag.py:4180} INFO - Setting next_dagrun for example_sla_dag to 2025-04-06 04:14:00+00:00, run_after=2025-04-06 04:16:00+00:00
[2025-04-06T04:16:41.360+0000] {processor.py:208} INFO - Processing /home/airflow/.local/lib/python3.12/site-packages/airflow/example_dags/example_sla_dag.py took 0.095 seconds
[2025-04-06T04:17:11.418+0000] {processor.py:186} INFO - Started process (PID=2860) to work on /home/airflow/.local/lib/python3.12/site-packages/airflow/example_dags/example_sla_dag.py
[2025-04-06T04:17:11.420+0000] {processor.py:914} INFO - Processing file /home/airflow/.local/lib/python3.12/site-packages/airflow/example_dags/example_sla_dag.py for tasks to queue
[2025-04-06T04:17:11.422+0000] {logging_mixin.py:190} INFO - [2025-04-06T04:17:11.421+0000] {dagbag.py:588} INFO - Filling up the DagBag from /home/airflow/.local/lib/python3.12/site-packages/airflow/example_dags/example_sla_dag.py
[2025-04-06T04:17:11.429+0000] {processor.py:925} INFO - DAG(s) 'example_sla_dag' retrieved from /home/airflow/.local/lib/python3.12/site-packages/airflow/example_dags/example_sla_dag.py
[2025-04-06T04:17:11.447+0000] {logging_mixin.py:190} INFO - [2025-04-06T04:17:11.447+0000] {dag.py:3239} INFO - Sync 1 DAGs
[2025-04-06T04:17:11.467+0000] {logging_mixin.py:190} INFO - [2025-04-06T04:17:11.467+0000] {dag.py:4180} INFO - Setting next_dagrun for example_sla_dag to 2025-04-06 04:14:00+00:00, run_after=2025-04-06 04:16:00+00:00
[2025-04-06T04:17:11.488+0000] {processor.py:208} INFO - Processing /home/airflow/.local/lib/python3.12/site-packages/airflow/example_dags/example_sla_dag.py took 0.075 seconds
[2025-04-06T04:17:41.558+0000] {processor.py:186} INFO - Started process (PID=2923) to work on /home/airflow/.local/lib/python3.12/site-packages/airflow/example_dags/example_sla_dag.py
[2025-04-06T04:17:41.559+0000] {processor.py:914} INFO - Processing file /home/airflow/.local/lib/python3.12/site-packages/airflow/example_dags/example_sla_dag.py for tasks to queue
[2025-04-06T04:17:41.560+0000] {logging_mixin.py:190} INFO - [2025-04-06T04:17:41.560+0000] {dagbag.py:588} INFO - Filling up the DagBag from /home/airflow/.local/lib/python3.12/site-packages/airflow/example_dags/example_sla_dag.py
[2025-04-06T04:17:41.569+0000] {processor.py:925} INFO - DAG(s) 'example_sla_dag' retrieved from /home/airflow/.local/lib/python3.12/site-packages/airflow/example_dags/example_sla_dag.py
[2025-04-06T04:17:41.596+0000] {logging_mixin.py:190} INFO - [2025-04-06T04:17:41.595+0000] {dag.py:3239} INFO - Sync 1 DAGs
[2025-04-06T04:17:41.635+0000] {logging_mixin.py:190} INFO - [2025-04-06T04:17:41.635+0000] {dag.py:4180} INFO - Setting next_dagrun for example_sla_dag to 2025-04-06 04:14:00+00:00, run_after=2025-04-06 04:16:00+00:00
[2025-04-06T04:17:41.659+0000] {processor.py:208} INFO - Processing /home/airflow/.local/lib/python3.12/site-packages/airflow/example_dags/example_sla_dag.py took 0.106 seconds
[2025-04-06T04:18:11.712+0000] {processor.py:186} INFO - Started process (PID=2986) to work on /home/airflow/.local/lib/python3.12/site-packages/airflow/example_dags/example_sla_dag.py
[2025-04-06T04:18:11.713+0000] {processor.py:914} INFO - Processing file /home/airflow/.local/lib/python3.12/site-packages/airflow/example_dags/example_sla_dag.py for tasks to queue
[2025-04-06T04:18:11.716+0000] {logging_mixin.py:190} INFO - [2025-04-06T04:18:11.715+0000] {dagbag.py:588} INFO - Filling up the DagBag from /home/airflow/.local/lib/python3.12/site-packages/airflow/example_dags/example_sla_dag.py
[2025-04-06T04:18:11.724+0000] {processor.py:925} INFO - DAG(s) 'example_sla_dag' retrieved from /home/airflow/.local/lib/python3.12/site-packages/airflow/example_dags/example_sla_dag.py
[2025-04-06T04:18:11.739+0000] {logging_mixin.py:190} INFO - [2025-04-06T04:18:11.739+0000] {dag.py:3239} INFO - Sync 1 DAGs
[2025-04-06T04:18:11.759+0000] {logging_mixin.py:190} INFO - [2025-04-06T04:18:11.759+0000] {dag.py:4180} INFO - Setting next_dagrun for example_sla_dag to 2025-04-06 04:16:00+00:00, run_after=2025-04-06 04:18:00+00:00
[2025-04-06T04:18:11.780+0000] {processor.py:208} INFO - Processing /home/airflow/.local/lib/python3.12/site-packages/airflow/example_dags/example_sla_dag.py took 0.073 seconds
[2025-04-06T04:18:41.996+0000] {processor.py:186} INFO - Started process (PID=3049) to work on /home/airflow/.local/lib/python3.12/site-packages/airflow/example_dags/example_sla_dag.py
[2025-04-06T04:18:41.998+0000] {processor.py:914} INFO - Processing file /home/airflow/.local/lib/python3.12/site-packages/airflow/example_dags/example_sla_dag.py for tasks to queue
[2025-04-06T04:18:42.001+0000] {logging_mixin.py:190} INFO - [2025-04-06T04:18:42.000+0000] {dagbag.py:588} INFO - Filling up the DagBag from /home/airflow/.local/lib/python3.12/site-packages/airflow/example_dags/example_sla_dag.py
[2025-04-06T04:18:42.012+0000] {processor.py:925} INFO - DAG(s) 'example_sla_dag' retrieved from /home/airflow/.local/lib/python3.12/site-packages/airflow/example_dags/example_sla_dag.py
[2025-04-06T04:18:42.035+0000] {logging_mixin.py:190} INFO - [2025-04-06T04:18:42.035+0000] {dag.py:3239} INFO - Sync 1 DAGs
[2025-04-06T04:18:42.063+0000] {logging_mixin.py:190} INFO - [2025-04-06T04:18:42.062+0000] {dag.py:4180} INFO - Setting next_dagrun for example_sla_dag to 2025-04-06 04:16:00+00:00, run_after=2025-04-06 04:18:00+00:00
[2025-04-06T04:18:42.088+0000] {processor.py:208} INFO - Processing /home/airflow/.local/lib/python3.12/site-packages/airflow/example_dags/example_sla_dag.py took 0.098 seconds
[2025-04-06T04:19:12.173+0000] {processor.py:186} INFO - Started process (PID=3112) to work on /home/airflow/.local/lib/python3.12/site-packages/airflow/example_dags/example_sla_dag.py
[2025-04-06T04:19:12.174+0000] {processor.py:914} INFO - Processing file /home/airflow/.local/lib/python3.12/site-packages/airflow/example_dags/example_sla_dag.py for tasks to queue
[2025-04-06T04:19:12.176+0000] {logging_mixin.py:190} INFO - [2025-04-06T04:19:12.176+0000] {dagbag.py:588} INFO - Filling up the DagBag from /home/airflow/.local/lib/python3.12/site-packages/airflow/example_dags/example_sla_dag.py
[2025-04-06T04:19:12.186+0000] {processor.py:925} INFO - DAG(s) 'example_sla_dag' retrieved from /home/airflow/.local/lib/python3.12/site-packages/airflow/example_dags/example_sla_dag.py
[2025-04-06T04:19:12.203+0000] {logging_mixin.py:190} INFO - [2025-04-06T04:19:12.203+0000] {dag.py:3239} INFO - Sync 1 DAGs
[2025-04-06T04:19:12.226+0000] {logging_mixin.py:190} INFO - [2025-04-06T04:19:12.226+0000] {dag.py:4180} INFO - Setting next_dagrun for example_sla_dag to 2025-04-06 04:16:00+00:00, run_after=2025-04-06 04:18:00+00:00
[2025-04-06T04:19:12.246+0000] {processor.py:208} INFO - Processing /home/airflow/.local/lib/python3.12/site-packages/airflow/example_dags/example_sla_dag.py took 0.079 seconds
[2025-04-06T04:19:42.377+0000] {processor.py:186} INFO - Started process (PID=3175) to work on /home/airflow/.local/lib/python3.12/site-packages/airflow/example_dags/example_sla_dag.py
[2025-04-06T04:19:42.378+0000] {processor.py:914} INFO - Processing file /home/airflow/.local/lib/python3.12/site-packages/airflow/example_dags/example_sla_dag.py for tasks to queue
[2025-04-06T04:19:42.380+0000] {logging_mixin.py:190} INFO - [2025-04-06T04:19:42.380+0000] {dagbag.py:588} INFO - Filling up the DagBag from /home/airflow/.local/lib/python3.12/site-packages/airflow/example_dags/example_sla_dag.py
[2025-04-06T04:19:42.389+0000] {processor.py:925} INFO - DAG(s) 'example_sla_dag' retrieved from /home/airflow/.local/lib/python3.12/site-packages/airflow/example_dags/example_sla_dag.py
[2025-04-06T04:19:42.405+0000] {logging_mixin.py:190} INFO - [2025-04-06T04:19:42.405+0000] {dag.py:3239} INFO - Sync 1 DAGs
[2025-04-06T04:19:42.423+0000] {logging_mixin.py:190} INFO - [2025-04-06T04:19:42.423+0000] {dag.py:4180} INFO - Setting next_dagrun for example_sla_dag to 2025-04-06 04:16:00+00:00, run_after=2025-04-06 04:18:00+00:00
[2025-04-06T04:19:42.441+0000] {processor.py:208} INFO - Processing /home/airflow/.local/lib/python3.12/site-packages/airflow/example_dags/example_sla_dag.py took 0.069 seconds
[2025-04-06T04:20:13.013+0000] {processor.py:186} INFO - Started process (PID=3238) to work on /home/airflow/.local/lib/python3.12/site-packages/airflow/example_dags/example_sla_dag.py
[2025-04-06T04:20:13.014+0000] {processor.py:914} INFO - Processing file /home/airflow/.local/lib/python3.12/site-packages/airflow/example_dags/example_sla_dag.py for tasks to queue
[2025-04-06T04:20:13.016+0000] {logging_mixin.py:190} INFO - [2025-04-06T04:20:13.016+0000] {dagbag.py:588} INFO - Filling up the DagBag from /home/airflow/.local/lib/python3.12/site-packages/airflow/example_dags/example_sla_dag.py
[2025-04-06T04:20:13.025+0000] {processor.py:925} INFO - DAG(s) 'example_sla_dag' retrieved from /home/airflow/.local/lib/python3.12/site-packages/airflow/example_dags/example_sla_dag.py
[2025-04-06T04:20:13.044+0000] {logging_mixin.py:190} INFO - [2025-04-06T04:20:13.044+0000] {dag.py:3239} INFO - Sync 1 DAGs
[2025-04-06T04:20:13.064+0000] {logging_mixin.py:190} INFO - [2025-04-06T04:20:13.064+0000] {dag.py:4180} INFO - Setting next_dagrun for example_sla_dag to 2025-04-06 04:18:00+00:00, run_after=2025-04-06 04:20:00+00:00
[2025-04-06T04:20:13.085+0000] {processor.py:208} INFO - Processing /home/airflow/.local/lib/python3.12/site-packages/airflow/example_dags/example_sla_dag.py took 0.077 seconds
[2025-04-06T04:20:43.624+0000] {processor.py:186} INFO - Started process (PID=3301) to work on /home/airflow/.local/lib/python3.12/site-packages/airflow/example_dags/example_sla_dag.py
[2025-04-06T04:20:43.625+0000] {processor.py:914} INFO - Processing file /home/airflow/.local/lib/python3.12/site-packages/airflow/example_dags/example_sla_dag.py for tasks to queue
[2025-04-06T04:20:43.627+0000] {logging_mixin.py:190} INFO - [2025-04-06T04:20:43.627+0000] {dagbag.py:588} INFO - Filling up the DagBag from /home/airflow/.local/lib/python3.12/site-packages/airflow/example_dags/example_sla_dag.py
[2025-04-06T04:20:43.637+0000] {processor.py:925} INFO - DAG(s) 'example_sla_dag' retrieved from /home/airflow/.local/lib/python3.12/site-packages/airflow/example_dags/example_sla_dag.py
[2025-04-06T04:20:43.657+0000] {logging_mixin.py:190} INFO - [2025-04-06T04:20:43.657+0000] {dag.py:3239} INFO - Sync 1 DAGs
[2025-04-06T04:20:43.680+0000] {logging_mixin.py:190} INFO - [2025-04-06T04:20:43.680+0000] {dag.py:4180} INFO - Setting next_dagrun for example_sla_dag to 2025-04-06 04:18:00+00:00, run_after=2025-04-06 04:20:00+00:00
[2025-04-06T04:20:43.699+0000] {processor.py:208} INFO - Processing /home/airflow/.local/lib/python3.12/site-packages/airflow/example_dags/example_sla_dag.py took 0.082 seconds
[2025-04-06T04:21:13.923+0000] {processor.py:186} INFO - Started process (PID=3364) to work on /home/airflow/.local/lib/python3.12/site-packages/airflow/example_dags/example_sla_dag.py
[2025-04-06T04:21:13.924+0000] {processor.py:914} INFO - Processing file /home/airflow/.local/lib/python3.12/site-packages/airflow/example_dags/example_sla_dag.py for tasks to queue
[2025-04-06T04:21:13.926+0000] {logging_mixin.py:190} INFO - [2025-04-06T04:21:13.926+0000] {dagbag.py:588} INFO - Filling up the DagBag from /home/airflow/.local/lib/python3.12/site-packages/airflow/example_dags/example_sla_dag.py
[2025-04-06T04:21:13.934+0000] {processor.py:925} INFO - DAG(s) 'example_sla_dag' retrieved from /home/airflow/.local/lib/python3.12/site-packages/airflow/example_dags/example_sla_dag.py
[2025-04-06T04:21:13.948+0000] {logging_mixin.py:190} INFO - [2025-04-06T04:21:13.948+0000] {dag.py:3239} INFO - Sync 1 DAGs
[2025-04-06T04:21:13.969+0000] {logging_mixin.py:190} INFO - [2025-04-06T04:21:13.969+0000] {dag.py:4180} INFO - Setting next_dagrun for example_sla_dag to 2025-04-06 04:18:00+00:00, run_after=2025-04-06 04:20:00+00:00
[2025-04-06T04:21:13.986+0000] {processor.py:208} INFO - Processing /home/airflow/.local/lib/python3.12/site-packages/airflow/example_dags/example_sla_dag.py took 0.068 seconds
[2025-04-06T04:21:44.151+0000] {processor.py:186} INFO - Started process (PID=3426) to work on /home/airflow/.local/lib/python3.12/site-packages/airflow/example_dags/example_sla_dag.py
[2025-04-06T04:21:44.152+0000] {processor.py:914} INFO - Processing file /home/airflow/.local/lib/python3.12/site-packages/airflow/example_dags/example_sla_dag.py for tasks to queue
[2025-04-06T04:21:44.154+0000] {logging_mixin.py:190} INFO - [2025-04-06T04:21:44.153+0000] {dagbag.py:588} INFO - Filling up the DagBag from /home/airflow/.local/lib/python3.12/site-packages/airflow/example_dags/example_sla_dag.py
[2025-04-06T04:21:44.162+0000] {processor.py:925} INFO - DAG(s) 'example_sla_dag' retrieved from /home/airflow/.local/lib/python3.12/site-packages/airflow/example_dags/example_sla_dag.py
[2025-04-06T04:21:44.181+0000] {logging_mixin.py:190} INFO - [2025-04-06T04:21:44.181+0000] {dag.py:3239} INFO - Sync 1 DAGs
[2025-04-06T04:21:44.200+0000] {logging_mixin.py:190} INFO - [2025-04-06T04:21:44.200+0000] {dag.py:4180} INFO - Setting next_dagrun for example_sla_dag to 2025-04-06 04:18:00+00:00, run_after=2025-04-06 04:20:00+00:00
[2025-04-06T04:21:44.220+0000] {processor.py:208} INFO - Processing /home/airflow/.local/lib/python3.12/site-packages/airflow/example_dags/example_sla_dag.py took 0.075 seconds
[2025-04-06T04:22:14.369+0000] {processor.py:186} INFO - Started process (PID=3489) to work on /home/airflow/.local/lib/python3.12/site-packages/airflow/example_dags/example_sla_dag.py
[2025-04-06T04:22:14.370+0000] {processor.py:914} INFO - Processing file /home/airflow/.local/lib/python3.12/site-packages/airflow/example_dags/example_sla_dag.py for tasks to queue
[2025-04-06T04:22:14.374+0000] {logging_mixin.py:190} INFO - [2025-04-06T04:22:14.373+0000] {dagbag.py:588} INFO - Filling up the DagBag from /home/airflow/.local/lib/python3.12/site-packages/airflow/example_dags/example_sla_dag.py
[2025-04-06T04:22:14.381+0000] {processor.py:925} INFO - DAG(s) 'example_sla_dag' retrieved from /home/airflow/.local/lib/python3.12/site-packages/airflow/example_dags/example_sla_dag.py
[2025-04-06T04:22:14.402+0000] {logging_mixin.py:190} INFO - [2025-04-06T04:22:14.401+0000] {dag.py:3239} INFO - Sync 1 DAGs
[2025-04-06T04:22:14.427+0000] {logging_mixin.py:190} INFO - [2025-04-06T04:22:14.427+0000] {dag.py:4180} INFO - Setting next_dagrun for example_sla_dag to 2025-04-06 04:20:00+00:00, run_after=2025-04-06 04:22:00+00:00
[2025-04-06T04:22:14.450+0000] {processor.py:208} INFO - Processing /home/airflow/.local/lib/python3.12/site-packages/airflow/example_dags/example_sla_dag.py took 0.087 seconds
[2025-04-06T04:22:44.779+0000] {processor.py:186} INFO - Started process (PID=3552) to work on /home/airflow/.local/lib/python3.12/site-packages/airflow/example_dags/example_sla_dag.py
[2025-04-06T04:22:44.780+0000] {processor.py:914} INFO - Processing file /home/airflow/.local/lib/python3.12/site-packages/airflow/example_dags/example_sla_dag.py for tasks to queue
[2025-04-06T04:22:44.782+0000] {logging_mixin.py:190} INFO - [2025-04-06T04:22:44.782+0000] {dagbag.py:588} INFO - Filling up the DagBag from /home/airflow/.local/lib/python3.12/site-packages/airflow/example_dags/example_sla_dag.py
[2025-04-06T04:22:44.789+0000] {processor.py:925} INFO - DAG(s) 'example_sla_dag' retrieved from /home/airflow/.local/lib/python3.12/site-packages/airflow/example_dags/example_sla_dag.py
[2025-04-06T04:22:44.805+0000] {logging_mixin.py:190} INFO - [2025-04-06T04:22:44.805+0000] {dag.py:3239} INFO - Sync 1 DAGs
[2025-04-06T04:22:44.827+0000] {logging_mixin.py:190} INFO - [2025-04-06T04:22:44.827+0000] {dag.py:4180} INFO - Setting next_dagrun for example_sla_dag to 2025-04-06 04:20:00+00:00, run_after=2025-04-06 04:22:00+00:00
[2025-04-06T04:22:45.019+0000] {processor.py:208} INFO - Processing /home/airflow/.local/lib/python3.12/site-packages/airflow/example_dags/example_sla_dag.py took 0.245 seconds
[2025-04-06T04:23:15.697+0000] {processor.py:186} INFO - Started process (PID=3615) to work on /home/airflow/.local/lib/python3.12/site-packages/airflow/example_dags/example_sla_dag.py
[2025-04-06T04:23:15.699+0000] {processor.py:914} INFO - Processing file /home/airflow/.local/lib/python3.12/site-packages/airflow/example_dags/example_sla_dag.py for tasks to queue
[2025-04-06T04:23:15.701+0000] {logging_mixin.py:190} INFO - [2025-04-06T04:23:15.701+0000] {dagbag.py:588} INFO - Filling up the DagBag from /home/airflow/.local/lib/python3.12/site-packages/airflow/example_dags/example_sla_dag.py
[2025-04-06T04:23:15.710+0000] {processor.py:925} INFO - DAG(s) 'example_sla_dag' retrieved from /home/airflow/.local/lib/python3.12/site-packages/airflow/example_dags/example_sla_dag.py
[2025-04-06T04:23:15.728+0000] {logging_mixin.py:190} INFO - [2025-04-06T04:23:15.728+0000] {dag.py:3239} INFO - Sync 1 DAGs
[2025-04-06T04:23:15.751+0000] {logging_mixin.py:190} INFO - [2025-04-06T04:23:15.751+0000] {dag.py:4180} INFO - Setting next_dagrun for example_sla_dag to 2025-04-06 04:20:00+00:00, run_after=2025-04-06 04:22:00+00:00
[2025-04-06T04:23:15.773+0000] {processor.py:208} INFO - Processing /home/airflow/.local/lib/python3.12/site-packages/airflow/example_dags/example_sla_dag.py took 0.081 seconds
[2025-04-06T04:23:46.611+0000] {processor.py:186} INFO - Started process (PID=3678) to work on /home/airflow/.local/lib/python3.12/site-packages/airflow/example_dags/example_sla_dag.py
[2025-04-06T04:23:46.612+0000] {processor.py:914} INFO - Processing file /home/airflow/.local/lib/python3.12/site-packages/airflow/example_dags/example_sla_dag.py for tasks to queue
[2025-04-06T04:23:46.614+0000] {logging_mixin.py:190} INFO - [2025-04-06T04:23:46.614+0000] {dagbag.py:588} INFO - Filling up the DagBag from /home/airflow/.local/lib/python3.12/site-packages/airflow/example_dags/example_sla_dag.py
[2025-04-06T04:23:46.622+0000] {processor.py:925} INFO - DAG(s) 'example_sla_dag' retrieved from /home/airflow/.local/lib/python3.12/site-packages/airflow/example_dags/example_sla_dag.py
[2025-04-06T04:23:46.644+0000] {logging_mixin.py:190} INFO - [2025-04-06T04:23:46.643+0000] {dag.py:3239} INFO - Sync 1 DAGs
[2025-04-06T04:23:46.667+0000] {logging_mixin.py:190} INFO - [2025-04-06T04:23:46.667+0000] {dag.py:4180} INFO - Setting next_dagrun for example_sla_dag to 2025-04-06 04:20:00+00:00, run_after=2025-04-06 04:22:00+00:00
[2025-04-06T04:23:46.689+0000] {processor.py:208} INFO - Processing /home/airflow/.local/lib/python3.12/site-packages/airflow/example_dags/example_sla_dag.py took 0.084 seconds
[2025-04-06T04:24:17.290+0000] {processor.py:186} INFO - Started process (PID=3741) to work on /home/airflow/.local/lib/python3.12/site-packages/airflow/example_dags/example_sla_dag.py
[2025-04-06T04:24:17.292+0000] {processor.py:914} INFO - Processing file /home/airflow/.local/lib/python3.12/site-packages/airflow/example_dags/example_sla_dag.py for tasks to queue
[2025-04-06T04:24:17.293+0000] {logging_mixin.py:190} INFO - [2025-04-06T04:24:17.293+0000] {dagbag.py:588} INFO - Filling up the DagBag from /home/airflow/.local/lib/python3.12/site-packages/airflow/example_dags/example_sla_dag.py
[2025-04-06T04:24:17.438+0000] {processor.py:925} INFO - DAG(s) 'example_sla_dag' retrieved from /home/airflow/.local/lib/python3.12/site-packages/airflow/example_dags/example_sla_dag.py
[2025-04-06T04:24:17.451+0000] {logging_mixin.py:190} INFO - [2025-04-06T04:24:17.451+0000] {dag.py:3239} INFO - Sync 1 DAGs
[2025-04-06T04:24:17.466+0000] {logging_mixin.py:190} INFO - [2025-04-06T04:24:17.466+0000] {dag.py:4180} INFO - Setting next_dagrun for example_sla_dag to 2025-04-06 04:22:00+00:00, run_after=2025-04-06 04:24:00+00:00
[2025-04-06T04:24:17.481+0000] {processor.py:208} INFO - Processing /home/airflow/.local/lib/python3.12/site-packages/airflow/example_dags/example_sla_dag.py took 0.195 seconds
[2025-04-06T04:24:47.753+0000] {processor.py:186} INFO - Started process (PID=3804) to work on /home/airflow/.local/lib/python3.12/site-packages/airflow/example_dags/example_sla_dag.py
[2025-04-06T04:24:47.754+0000] {processor.py:914} INFO - Processing file /home/airflow/.local/lib/python3.12/site-packages/airflow/example_dags/example_sla_dag.py for tasks to queue
[2025-04-06T04:24:47.756+0000] {logging_mixin.py:190} INFO - [2025-04-06T04:24:47.756+0000] {dagbag.py:588} INFO - Filling up the DagBag from /home/airflow/.local/lib/python3.12/site-packages/airflow/example_dags/example_sla_dag.py
[2025-04-06T04:24:47.764+0000] {processor.py:925} INFO - DAG(s) 'example_sla_dag' retrieved from /home/airflow/.local/lib/python3.12/site-packages/airflow/example_dags/example_sla_dag.py
[2025-04-06T04:24:47.782+0000] {logging_mixin.py:190} INFO - [2025-04-06T04:24:47.782+0000] {dag.py:3239} INFO - Sync 1 DAGs
[2025-04-06T04:24:47.800+0000] {logging_mixin.py:190} INFO - [2025-04-06T04:24:47.799+0000] {dag.py:4180} INFO - Setting next_dagrun for example_sla_dag to 2025-04-06 04:22:00+00:00, run_after=2025-04-06 04:24:00+00:00
[2025-04-06T04:24:47.816+0000] {processor.py:208} INFO - Processing /home/airflow/.local/lib/python3.12/site-packages/airflow/example_dags/example_sla_dag.py took 0.069 seconds
[2025-04-06T04:25:18.334+0000] {processor.py:186} INFO - Started process (PID=3864) to work on /home/airflow/.local/lib/python3.12/site-packages/airflow/example_dags/example_sla_dag.py
[2025-04-06T04:25:18.335+0000] {processor.py:914} INFO - Processing file /home/airflow/.local/lib/python3.12/site-packages/airflow/example_dags/example_sla_dag.py for tasks to queue
[2025-04-06T04:25:18.338+0000] {logging_mixin.py:190} INFO - [2025-04-06T04:25:18.337+0000] {dagbag.py:588} INFO - Filling up the DagBag from /home/airflow/.local/lib/python3.12/site-packages/airflow/example_dags/example_sla_dag.py
[2025-04-06T04:25:18.347+0000] {processor.py:925} INFO - DAG(s) 'example_sla_dag' retrieved from /home/airflow/.local/lib/python3.12/site-packages/airflow/example_dags/example_sla_dag.py
[2025-04-06T04:25:18.364+0000] {logging_mixin.py:190} INFO - [2025-04-06T04:25:18.364+0000] {dag.py:3239} INFO - Sync 1 DAGs
[2025-04-06T04:25:18.395+0000] {logging_mixin.py:190} INFO - [2025-04-06T04:25:18.395+0000] {dag.py:4180} INFO - Setting next_dagrun for example_sla_dag to 2025-04-06 04:22:00+00:00, run_after=2025-04-06 04:24:00+00:00
[2025-04-06T04:25:18.415+0000] {processor.py:208} INFO - Processing /home/airflow/.local/lib/python3.12/site-packages/airflow/example_dags/example_sla_dag.py took 0.088 seconds
[2025-04-06T04:25:48.881+0000] {processor.py:186} INFO - Started process (PID=3920) to work on /home/airflow/.local/lib/python3.12/site-packages/airflow/example_dags/example_sla_dag.py
[2025-04-06T04:25:48.882+0000] {processor.py:914} INFO - Processing file /home/airflow/.local/lib/python3.12/site-packages/airflow/example_dags/example_sla_dag.py for tasks to queue
[2025-04-06T04:25:48.884+0000] {logging_mixin.py:190} INFO - [2025-04-06T04:25:48.884+0000] {dagbag.py:588} INFO - Filling up the DagBag from /home/airflow/.local/lib/python3.12/site-packages/airflow/example_dags/example_sla_dag.py
[2025-04-06T04:25:48.892+0000] {processor.py:925} INFO - DAG(s) 'example_sla_dag' retrieved from /home/airflow/.local/lib/python3.12/site-packages/airflow/example_dags/example_sla_dag.py
[2025-04-06T04:25:48.907+0000] {logging_mixin.py:190} INFO - [2025-04-06T04:25:48.907+0000] {dag.py:3239} INFO - Sync 1 DAGs
[2025-04-06T04:25:48.932+0000] {logging_mixin.py:190} INFO - [2025-04-06T04:25:48.931+0000] {dag.py:4180} INFO - Setting next_dagrun for example_sla_dag to 2025-04-06 04:22:00+00:00, run_after=2025-04-06 04:24:00+00:00
[2025-04-06T04:25:48.948+0000] {processor.py:208} INFO - Processing /home/airflow/.local/lib/python3.12/site-packages/airflow/example_dags/example_sla_dag.py took 0.071 seconds
