[2025-04-06T04:09:08.061+0000] {processor.py:186} INFO - Started process (PID=1859) to work on /home/airflow/.local/lib/python3.12/site-packages/airflow/example_dags/example_skip_dag.py
[2025-04-06T04:09:08.062+0000] {processor.py:914} INFO - Processing file /home/airflow/.local/lib/python3.12/site-packages/airflow/example_dags/example_skip_dag.py for tasks to queue
[2025-04-06T04:09:08.074+0000] {logging_mixin.py:190} INFO - [2025-04-06T04:09:08.064+0000] {dagbag.py:588} INFO - Filling up the DagBag from /home/airflow/.local/lib/python3.12/site-packages/airflow/example_dags/example_skip_dag.py
[2025-04-06T04:09:08.106+0000] {processor.py:925} INFO - DAG(s) 'example_skip_dag' retrieved from /home/airflow/.local/lib/python3.12/site-packages/airflow/example_dags/example_skip_dag.py
[2025-04-06T04:09:08.166+0000] {logging_mixin.py:190} INFO - [2025-04-06T04:09:08.166+0000] {dag.py:3239} INFO - Sync 1 DAGs
[2025-04-06T04:09:08.259+0000] {logging_mixin.py:190} INFO - [2025-04-06T04:09:08.259+0000] {dag.py:4180} INFO - Setting next_dagrun for example_skip_dag to 2025-04-05 00:00:00+00:00, run_after=2025-04-06 00:00:00+00:00
[2025-04-06T04:09:08.347+0000] {processor.py:208} INFO - Processing /home/airflow/.local/lib/python3.12/site-packages/airflow/example_dags/example_skip_dag.py took 0.304 seconds
[2025-04-06T04:09:38.474+0000] {processor.py:186} INFO - Started process (PID=1921) to work on /home/airflow/.local/lib/python3.12/site-packages/airflow/example_dags/example_skip_dag.py
[2025-04-06T04:09:38.475+0000] {processor.py:914} INFO - Processing file /home/airflow/.local/lib/python3.12/site-packages/airflow/example_dags/example_skip_dag.py for tasks to queue
[2025-04-06T04:09:38.477+0000] {logging_mixin.py:190} INFO - [2025-04-06T04:09:38.477+0000] {dagbag.py:588} INFO - Filling up the DagBag from /home/airflow/.local/lib/python3.12/site-packages/airflow/example_dags/example_skip_dag.py
[2025-04-06T04:09:38.483+0000] {processor.py:925} INFO - DAG(s) 'example_skip_dag' retrieved from /home/airflow/.local/lib/python3.12/site-packages/airflow/example_dags/example_skip_dag.py
[2025-04-06T04:09:38.500+0000] {logging_mixin.py:190} INFO - [2025-04-06T04:09:38.500+0000] {dag.py:3239} INFO - Sync 1 DAGs
[2025-04-06T04:09:38.519+0000] {logging_mixin.py:190} INFO - [2025-04-06T04:09:38.519+0000] {dag.py:4180} INFO - Setting next_dagrun for example_skip_dag to 2025-04-05 00:00:00+00:00, run_after=2025-04-06 00:00:00+00:00
[2025-04-06T04:09:38.534+0000] {processor.py:208} INFO - Processing /home/airflow/.local/lib/python3.12/site-packages/airflow/example_dags/example_skip_dag.py took 0.065 seconds
[2025-04-06T04:10:08.596+0000] {processor.py:186} INFO - Started process (PID=1984) to work on /home/airflow/.local/lib/python3.12/site-packages/airflow/example_dags/example_skip_dag.py
[2025-04-06T04:10:08.598+0000] {processor.py:914} INFO - Processing file /home/airflow/.local/lib/python3.12/site-packages/airflow/example_dags/example_skip_dag.py for tasks to queue
[2025-04-06T04:10:08.600+0000] {logging_mixin.py:190} INFO - [2025-04-06T04:10:08.600+0000] {dagbag.py:588} INFO - Filling up the DagBag from /home/airflow/.local/lib/python3.12/site-packages/airflow/example_dags/example_skip_dag.py
[2025-04-06T04:10:08.611+0000] {processor.py:925} INFO - DAG(s) 'example_skip_dag' retrieved from /home/airflow/.local/lib/python3.12/site-packages/airflow/example_dags/example_skip_dag.py
[2025-04-06T04:10:08.633+0000] {logging_mixin.py:190} INFO - [2025-04-06T04:10:08.632+0000] {dag.py:3239} INFO - Sync 1 DAGs
[2025-04-06T04:10:08.658+0000] {logging_mixin.py:190} INFO - [2025-04-06T04:10:08.658+0000] {dag.py:4180} INFO - Setting next_dagrun for example_skip_dag to 2025-04-05 00:00:00+00:00, run_after=2025-04-06 00:00:00+00:00
[2025-04-06T04:10:08.678+0000] {processor.py:208} INFO - Processing /home/airflow/.local/lib/python3.12/site-packages/airflow/example_dags/example_skip_dag.py took 0.088 seconds
[2025-04-06T04:10:39.361+0000] {processor.py:186} INFO - Started process (PID=2047) to work on /home/airflow/.local/lib/python3.12/site-packages/airflow/example_dags/example_skip_dag.py
[2025-04-06T04:10:39.362+0000] {processor.py:914} INFO - Processing file /home/airflow/.local/lib/python3.12/site-packages/airflow/example_dags/example_skip_dag.py for tasks to queue
[2025-04-06T04:10:39.364+0000] {logging_mixin.py:190} INFO - [2025-04-06T04:10:39.364+0000] {dagbag.py:588} INFO - Filling up the DagBag from /home/airflow/.local/lib/python3.12/site-packages/airflow/example_dags/example_skip_dag.py
[2025-04-06T04:10:39.371+0000] {processor.py:925} INFO - DAG(s) 'example_skip_dag' retrieved from /home/airflow/.local/lib/python3.12/site-packages/airflow/example_dags/example_skip_dag.py
[2025-04-06T04:10:39.393+0000] {logging_mixin.py:190} INFO - [2025-04-06T04:10:39.392+0000] {dag.py:3239} INFO - Sync 1 DAGs
[2025-04-06T04:10:39.422+0000] {logging_mixin.py:190} INFO - [2025-04-06T04:10:39.422+0000] {dag.py:4180} INFO - Setting next_dagrun for example_skip_dag to 2025-04-05 00:00:00+00:00, run_after=2025-04-06 00:00:00+00:00
[2025-04-06T04:10:39.458+0000] {processor.py:208} INFO - Processing /home/airflow/.local/lib/python3.12/site-packages/airflow/example_dags/example_skip_dag.py took 0.103 seconds
[2025-04-06T04:11:09.570+0000] {processor.py:186} INFO - Started process (PID=2109) to work on /home/airflow/.local/lib/python3.12/site-packages/airflow/example_dags/example_skip_dag.py
[2025-04-06T04:11:09.572+0000] {processor.py:914} INFO - Processing file /home/airflow/.local/lib/python3.12/site-packages/airflow/example_dags/example_skip_dag.py for tasks to queue
[2025-04-06T04:11:09.574+0000] {logging_mixin.py:190} INFO - [2025-04-06T04:11:09.573+0000] {dagbag.py:588} INFO - Filling up the DagBag from /home/airflow/.local/lib/python3.12/site-packages/airflow/example_dags/example_skip_dag.py
[2025-04-06T04:11:09.581+0000] {processor.py:925} INFO - DAG(s) 'example_skip_dag' retrieved from /home/airflow/.local/lib/python3.12/site-packages/airflow/example_dags/example_skip_dag.py
[2025-04-06T04:11:09.600+0000] {logging_mixin.py:190} INFO - [2025-04-06T04:11:09.600+0000] {dag.py:3239} INFO - Sync 1 DAGs
[2025-04-06T04:11:09.621+0000] {logging_mixin.py:190} INFO - [2025-04-06T04:11:09.621+0000] {dag.py:4180} INFO - Setting next_dagrun for example_skip_dag to 2025-04-05 00:00:00+00:00, run_after=2025-04-06 00:00:00+00:00
[2025-04-06T04:11:09.639+0000] {processor.py:208} INFO - Processing /home/airflow/.local/lib/python3.12/site-packages/airflow/example_dags/example_skip_dag.py took 0.074 seconds
[2025-04-06T04:11:40.059+0000] {processor.py:186} INFO - Started process (PID=2173) to work on /home/airflow/.local/lib/python3.12/site-packages/airflow/example_dags/example_skip_dag.py
[2025-04-06T04:11:40.060+0000] {processor.py:914} INFO - Processing file /home/airflow/.local/lib/python3.12/site-packages/airflow/example_dags/example_skip_dag.py for tasks to queue
[2025-04-06T04:11:40.062+0000] {logging_mixin.py:190} INFO - [2025-04-06T04:11:40.062+0000] {dagbag.py:588} INFO - Filling up the DagBag from /home/airflow/.local/lib/python3.12/site-packages/airflow/example_dags/example_skip_dag.py
[2025-04-06T04:11:40.070+0000] {processor.py:925} INFO - DAG(s) 'example_skip_dag' retrieved from /home/airflow/.local/lib/python3.12/site-packages/airflow/example_dags/example_skip_dag.py
[2025-04-06T04:11:40.090+0000] {logging_mixin.py:190} INFO - [2025-04-06T04:11:40.090+0000] {dag.py:3239} INFO - Sync 1 DAGs
[2025-04-06T04:11:40.112+0000] {logging_mixin.py:190} INFO - [2025-04-06T04:11:40.112+0000] {dag.py:4180} INFO - Setting next_dagrun for example_skip_dag to 2025-04-05 00:00:00+00:00, run_after=2025-04-06 00:00:00+00:00
[2025-04-06T04:11:40.136+0000] {processor.py:208} INFO - Processing /home/airflow/.local/lib/python3.12/site-packages/airflow/example_dags/example_skip_dag.py took 0.083 seconds
[2025-04-06T04:12:11.501+0000] {processor.py:186} INFO - Started process (PID=2236) to work on /home/airflow/.local/lib/python3.12/site-packages/airflow/example_dags/example_skip_dag.py
[2025-04-06T04:12:11.502+0000] {processor.py:914} INFO - Processing file /home/airflow/.local/lib/python3.12/site-packages/airflow/example_dags/example_skip_dag.py for tasks to queue
[2025-04-06T04:12:11.504+0000] {logging_mixin.py:190} INFO - [2025-04-06T04:12:11.504+0000] {dagbag.py:588} INFO - Filling up the DagBag from /home/airflow/.local/lib/python3.12/site-packages/airflow/example_dags/example_skip_dag.py
[2025-04-06T04:12:11.509+0000] {processor.py:925} INFO - DAG(s) 'example_skip_dag' retrieved from /home/airflow/.local/lib/python3.12/site-packages/airflow/example_dags/example_skip_dag.py
[2025-04-06T04:12:11.529+0000] {logging_mixin.py:190} INFO - [2025-04-06T04:12:11.529+0000] {dag.py:3239} INFO - Sync 1 DAGs
[2025-04-06T04:12:11.550+0000] {logging_mixin.py:190} INFO - [2025-04-06T04:12:11.550+0000] {dag.py:4180} INFO - Setting next_dagrun for example_skip_dag to 2025-04-05 00:00:00+00:00, run_after=2025-04-06 00:00:00+00:00
[2025-04-06T04:12:11.570+0000] {processor.py:208} INFO - Processing /home/airflow/.local/lib/python3.12/site-packages/airflow/example_dags/example_skip_dag.py took 0.074 seconds
[2025-04-06T04:12:41.889+0000] {processor.py:186} INFO - Started process (PID=2299) to work on /home/airflow/.local/lib/python3.12/site-packages/airflow/example_dags/example_skip_dag.py
[2025-04-06T04:12:41.890+0000] {processor.py:914} INFO - Processing file /home/airflow/.local/lib/python3.12/site-packages/airflow/example_dags/example_skip_dag.py for tasks to queue
[2025-04-06T04:12:41.892+0000] {logging_mixin.py:190} INFO - [2025-04-06T04:12:41.892+0000] {dagbag.py:588} INFO - Filling up the DagBag from /home/airflow/.local/lib/python3.12/site-packages/airflow/example_dags/example_skip_dag.py
[2025-04-06T04:12:41.900+0000] {processor.py:925} INFO - DAG(s) 'example_skip_dag' retrieved from /home/airflow/.local/lib/python3.12/site-packages/airflow/example_dags/example_skip_dag.py
[2025-04-06T04:12:41.921+0000] {logging_mixin.py:190} INFO - [2025-04-06T04:12:41.921+0000] {dag.py:3239} INFO - Sync 1 DAGs
[2025-04-06T04:12:41.940+0000] {logging_mixin.py:190} INFO - [2025-04-06T04:12:41.939+0000] {dag.py:4180} INFO - Setting next_dagrun for example_skip_dag to 2025-04-05 00:00:00+00:00, run_after=2025-04-06 00:00:00+00:00
[2025-04-06T04:12:41.958+0000] {processor.py:208} INFO - Processing /home/airflow/.local/lib/python3.12/site-packages/airflow/example_dags/example_skip_dag.py took 0.075 seconds
[2025-04-06T04:13:12.305+0000] {processor.py:186} INFO - Started process (PID=2362) to work on /home/airflow/.local/lib/python3.12/site-packages/airflow/example_dags/example_skip_dag.py
[2025-04-06T04:13:12.306+0000] {processor.py:914} INFO - Processing file /home/airflow/.local/lib/python3.12/site-packages/airflow/example_dags/example_skip_dag.py for tasks to queue
[2025-04-06T04:13:12.308+0000] {logging_mixin.py:190} INFO - [2025-04-06T04:13:12.307+0000] {dagbag.py:588} INFO - Filling up the DagBag from /home/airflow/.local/lib/python3.12/site-packages/airflow/example_dags/example_skip_dag.py
[2025-04-06T04:13:12.315+0000] {processor.py:925} INFO - DAG(s) 'example_skip_dag' retrieved from /home/airflow/.local/lib/python3.12/site-packages/airflow/example_dags/example_skip_dag.py
[2025-04-06T04:13:12.334+0000] {logging_mixin.py:190} INFO - [2025-04-06T04:13:12.334+0000] {dag.py:3239} INFO - Sync 1 DAGs
[2025-04-06T04:13:12.355+0000] {logging_mixin.py:190} INFO - [2025-04-06T04:13:12.355+0000] {dag.py:4180} INFO - Setting next_dagrun for example_skip_dag to 2025-04-05 00:00:00+00:00, run_after=2025-04-06 00:00:00+00:00
[2025-04-06T04:13:12.375+0000] {processor.py:208} INFO - Processing /home/airflow/.local/lib/python3.12/site-packages/airflow/example_dags/example_skip_dag.py took 0.075 seconds
[2025-04-06T04:13:42.896+0000] {processor.py:186} INFO - Started process (PID=2425) to work on /home/airflow/.local/lib/python3.12/site-packages/airflow/example_dags/example_skip_dag.py
[2025-04-06T04:13:42.897+0000] {processor.py:914} INFO - Processing file /home/airflow/.local/lib/python3.12/site-packages/airflow/example_dags/example_skip_dag.py for tasks to queue
[2025-04-06T04:13:42.900+0000] {logging_mixin.py:190} INFO - [2025-04-06T04:13:42.900+0000] {dagbag.py:588} INFO - Filling up the DagBag from /home/airflow/.local/lib/python3.12/site-packages/airflow/example_dags/example_skip_dag.py
[2025-04-06T04:13:42.910+0000] {processor.py:925} INFO - DAG(s) 'example_skip_dag' retrieved from /home/airflow/.local/lib/python3.12/site-packages/airflow/example_dags/example_skip_dag.py
[2025-04-06T04:13:42.936+0000] {logging_mixin.py:190} INFO - [2025-04-06T04:13:42.936+0000] {dag.py:3239} INFO - Sync 1 DAGs
[2025-04-06T04:13:42.967+0000] {logging_mixin.py:190} INFO - [2025-04-06T04:13:42.967+0000] {dag.py:4180} INFO - Setting next_dagrun for example_skip_dag to 2025-04-05 00:00:00+00:00, run_after=2025-04-06 00:00:00+00:00
[2025-04-06T04:13:42.995+0000] {processor.py:208} INFO - Processing /home/airflow/.local/lib/python3.12/site-packages/airflow/example_dags/example_skip_dag.py took 0.105 seconds
[2025-04-06T04:14:13.987+0000] {processor.py:186} INFO - Started process (PID=2488) to work on /home/airflow/.local/lib/python3.12/site-packages/airflow/example_dags/example_skip_dag.py
[2025-04-06T04:14:13.989+0000] {processor.py:914} INFO - Processing file /home/airflow/.local/lib/python3.12/site-packages/airflow/example_dags/example_skip_dag.py for tasks to queue
[2025-04-06T04:14:13.991+0000] {logging_mixin.py:190} INFO - [2025-04-06T04:14:13.990+0000] {dagbag.py:588} INFO - Filling up the DagBag from /home/airflow/.local/lib/python3.12/site-packages/airflow/example_dags/example_skip_dag.py
[2025-04-06T04:14:13.998+0000] {processor.py:925} INFO - DAG(s) 'example_skip_dag' retrieved from /home/airflow/.local/lib/python3.12/site-packages/airflow/example_dags/example_skip_dag.py
[2025-04-06T04:14:14.021+0000] {logging_mixin.py:190} INFO - [2025-04-06T04:14:14.020+0000] {dag.py:3239} INFO - Sync 1 DAGs
[2025-04-06T04:14:14.039+0000] {logging_mixin.py:190} INFO - [2025-04-06T04:14:14.039+0000] {dag.py:4180} INFO - Setting next_dagrun for example_skip_dag to 2025-04-05 00:00:00+00:00, run_after=2025-04-06 00:00:00+00:00
[2025-04-06T04:14:14.056+0000] {processor.py:208} INFO - Processing /home/airflow/.local/lib/python3.12/site-packages/airflow/example_dags/example_skip_dag.py took 0.074 seconds
[2025-04-06T04:14:44.481+0000] {processor.py:186} INFO - Started process (PID=2551) to work on /home/airflow/.local/lib/python3.12/site-packages/airflow/example_dags/example_skip_dag.py
[2025-04-06T04:14:44.482+0000] {processor.py:914} INFO - Processing file /home/airflow/.local/lib/python3.12/site-packages/airflow/example_dags/example_skip_dag.py for tasks to queue
[2025-04-06T04:14:44.484+0000] {logging_mixin.py:190} INFO - [2025-04-06T04:14:44.483+0000] {dagbag.py:588} INFO - Filling up the DagBag from /home/airflow/.local/lib/python3.12/site-packages/airflow/example_dags/example_skip_dag.py
[2025-04-06T04:14:44.489+0000] {processor.py:925} INFO - DAG(s) 'example_skip_dag' retrieved from /home/airflow/.local/lib/python3.12/site-packages/airflow/example_dags/example_skip_dag.py
[2025-04-06T04:14:44.508+0000] {logging_mixin.py:190} INFO - [2025-04-06T04:14:44.508+0000] {dag.py:3239} INFO - Sync 1 DAGs
[2025-04-06T04:14:44.526+0000] {logging_mixin.py:190} INFO - [2025-04-06T04:14:44.526+0000] {dag.py:4180} INFO - Setting next_dagrun for example_skip_dag to 2025-04-05 00:00:00+00:00, run_after=2025-04-06 00:00:00+00:00
[2025-04-06T04:14:44.544+0000] {processor.py:208} INFO - Processing /home/airflow/.local/lib/python3.12/site-packages/airflow/example_dags/example_skip_dag.py took 0.068 seconds
[2025-04-06T04:15:14.895+0000] {processor.py:186} INFO - Started process (PID=2614) to work on /home/airflow/.local/lib/python3.12/site-packages/airflow/example_dags/example_skip_dag.py
[2025-04-06T04:15:14.896+0000] {processor.py:914} INFO - Processing file /home/airflow/.local/lib/python3.12/site-packages/airflow/example_dags/example_skip_dag.py for tasks to queue
[2025-04-06T04:15:14.898+0000] {logging_mixin.py:190} INFO - [2025-04-06T04:15:14.898+0000] {dagbag.py:588} INFO - Filling up the DagBag from /home/airflow/.local/lib/python3.12/site-packages/airflow/example_dags/example_skip_dag.py
[2025-04-06T04:15:14.904+0000] {processor.py:925} INFO - DAG(s) 'example_skip_dag' retrieved from /home/airflow/.local/lib/python3.12/site-packages/airflow/example_dags/example_skip_dag.py
[2025-04-06T04:15:14.923+0000] {logging_mixin.py:190} INFO - [2025-04-06T04:15:14.923+0000] {dag.py:3239} INFO - Sync 1 DAGs
[2025-04-06T04:15:14.943+0000] {logging_mixin.py:190} INFO - [2025-04-06T04:15:14.943+0000] {dag.py:4180} INFO - Setting next_dagrun for example_skip_dag to 2025-04-05 00:00:00+00:00, run_after=2025-04-06 00:00:00+00:00
[2025-04-06T04:15:14.964+0000] {processor.py:208} INFO - Processing /home/airflow/.local/lib/python3.12/site-packages/airflow/example_dags/example_skip_dag.py took 0.075 seconds
[2025-04-06T04:15:45.412+0000] {processor.py:186} INFO - Started process (PID=2677) to work on /home/airflow/.local/lib/python3.12/site-packages/airflow/example_dags/example_skip_dag.py
[2025-04-06T04:15:45.420+0000] {processor.py:914} INFO - Processing file /home/airflow/.local/lib/python3.12/site-packages/airflow/example_dags/example_skip_dag.py for tasks to queue
[2025-04-06T04:15:45.422+0000] {logging_mixin.py:190} INFO - [2025-04-06T04:15:45.421+0000] {dagbag.py:588} INFO - Filling up the DagBag from /home/airflow/.local/lib/python3.12/site-packages/airflow/example_dags/example_skip_dag.py
[2025-04-06T04:15:45.428+0000] {processor.py:925} INFO - DAG(s) 'example_skip_dag' retrieved from /home/airflow/.local/lib/python3.12/site-packages/airflow/example_dags/example_skip_dag.py
[2025-04-06T04:15:45.451+0000] {logging_mixin.py:190} INFO - [2025-04-06T04:15:45.451+0000] {dag.py:3239} INFO - Sync 1 DAGs
[2025-04-06T04:15:45.470+0000] {logging_mixin.py:190} INFO - [2025-04-06T04:15:45.470+0000] {dag.py:4180} INFO - Setting next_dagrun for example_skip_dag to 2025-04-05 00:00:00+00:00, run_after=2025-04-06 00:00:00+00:00
[2025-04-06T04:15:45.494+0000] {processor.py:208} INFO - Processing /home/airflow/.local/lib/python3.12/site-packages/airflow/example_dags/example_skip_dag.py took 0.087 seconds
[2025-04-06T04:16:15.721+0000] {processor.py:186} INFO - Started process (PID=2739) to work on /home/airflow/.local/lib/python3.12/site-packages/airflow/example_dags/example_skip_dag.py
[2025-04-06T04:16:15.722+0000] {processor.py:914} INFO - Processing file /home/airflow/.local/lib/python3.12/site-packages/airflow/example_dags/example_skip_dag.py for tasks to queue
[2025-04-06T04:16:15.726+0000] {logging_mixin.py:190} INFO - [2025-04-06T04:16:15.725+0000] {dagbag.py:588} INFO - Filling up the DagBag from /home/airflow/.local/lib/python3.12/site-packages/airflow/example_dags/example_skip_dag.py
[2025-04-06T04:16:15.734+0000] {processor.py:925} INFO - DAG(s) 'example_skip_dag' retrieved from /home/airflow/.local/lib/python3.12/site-packages/airflow/example_dags/example_skip_dag.py
[2025-04-06T04:16:15.760+0000] {logging_mixin.py:190} INFO - [2025-04-06T04:16:15.759+0000] {dag.py:3239} INFO - Sync 1 DAGs
[2025-04-06T04:16:15.784+0000] {logging_mixin.py:190} INFO - [2025-04-06T04:16:15.783+0000] {dag.py:4180} INFO - Setting next_dagrun for example_skip_dag to 2025-04-05 00:00:00+00:00, run_after=2025-04-06 00:00:00+00:00
[2025-04-06T04:16:15.816+0000] {processor.py:208} INFO - Processing /home/airflow/.local/lib/python3.12/site-packages/airflow/example_dags/example_skip_dag.py took 0.102 seconds
[2025-04-06T04:16:47.113+0000] {processor.py:186} INFO - Started process (PID=2803) to work on /home/airflow/.local/lib/python3.12/site-packages/airflow/example_dags/example_skip_dag.py
[2025-04-06T04:16:47.115+0000] {processor.py:914} INFO - Processing file /home/airflow/.local/lib/python3.12/site-packages/airflow/example_dags/example_skip_dag.py for tasks to queue
[2025-04-06T04:16:47.120+0000] {logging_mixin.py:190} INFO - [2025-04-06T04:16:47.119+0000] {dagbag.py:588} INFO - Filling up the DagBag from /home/airflow/.local/lib/python3.12/site-packages/airflow/example_dags/example_skip_dag.py
[2025-04-06T04:16:47.132+0000] {processor.py:925} INFO - DAG(s) 'example_skip_dag' retrieved from /home/airflow/.local/lib/python3.12/site-packages/airflow/example_dags/example_skip_dag.py
[2025-04-06T04:16:47.164+0000] {logging_mixin.py:190} INFO - [2025-04-06T04:16:47.163+0000] {dag.py:3239} INFO - Sync 1 DAGs
[2025-04-06T04:16:47.186+0000] {logging_mixin.py:190} INFO - [2025-04-06T04:16:47.186+0000] {dag.py:4180} INFO - Setting next_dagrun for example_skip_dag to 2025-04-05 00:00:00+00:00, run_after=2025-04-06 00:00:00+00:00
[2025-04-06T04:16:47.210+0000] {processor.py:208} INFO - Processing /home/airflow/.local/lib/python3.12/site-packages/airflow/example_dags/example_skip_dag.py took 0.104 seconds
[2025-04-06T04:17:17.261+0000] {processor.py:186} INFO - Started process (PID=2865) to work on /home/airflow/.local/lib/python3.12/site-packages/airflow/example_dags/example_skip_dag.py
[2025-04-06T04:17:17.266+0000] {processor.py:914} INFO - Processing file /home/airflow/.local/lib/python3.12/site-packages/airflow/example_dags/example_skip_dag.py for tasks to queue
[2025-04-06T04:17:17.269+0000] {logging_mixin.py:190} INFO - [2025-04-06T04:17:17.269+0000] {dagbag.py:588} INFO - Filling up the DagBag from /home/airflow/.local/lib/python3.12/site-packages/airflow/example_dags/example_skip_dag.py
[2025-04-06T04:17:17.274+0000] {processor.py:925} INFO - DAG(s) 'example_skip_dag' retrieved from /home/airflow/.local/lib/python3.12/site-packages/airflow/example_dags/example_skip_dag.py
[2025-04-06T04:17:17.294+0000] {logging_mixin.py:190} INFO - [2025-04-06T04:17:17.294+0000] {dag.py:3239} INFO - Sync 1 DAGs
[2025-04-06T04:17:17.314+0000] {logging_mixin.py:190} INFO - [2025-04-06T04:17:17.314+0000] {dag.py:4180} INFO - Setting next_dagrun for example_skip_dag to 2025-04-05 00:00:00+00:00, run_after=2025-04-06 00:00:00+00:00
[2025-04-06T04:17:17.336+0000] {processor.py:208} INFO - Processing /home/airflow/.local/lib/python3.12/site-packages/airflow/example_dags/example_skip_dag.py took 0.080 seconds
[2025-04-06T04:17:47.399+0000] {processor.py:186} INFO - Started process (PID=2928) to work on /home/airflow/.local/lib/python3.12/site-packages/airflow/example_dags/example_skip_dag.py
[2025-04-06T04:17:47.412+0000] {processor.py:914} INFO - Processing file /home/airflow/.local/lib/python3.12/site-packages/airflow/example_dags/example_skip_dag.py for tasks to queue
[2025-04-06T04:17:47.415+0000] {logging_mixin.py:190} INFO - [2025-04-06T04:17:47.415+0000] {dagbag.py:588} INFO - Filling up the DagBag from /home/airflow/.local/lib/python3.12/site-packages/airflow/example_dags/example_skip_dag.py
[2025-04-06T04:17:47.422+0000] {processor.py:925} INFO - DAG(s) 'example_skip_dag' retrieved from /home/airflow/.local/lib/python3.12/site-packages/airflow/example_dags/example_skip_dag.py
[2025-04-06T04:17:47.444+0000] {logging_mixin.py:190} INFO - [2025-04-06T04:17:47.444+0000] {dag.py:3239} INFO - Sync 1 DAGs
[2025-04-06T04:17:47.465+0000] {logging_mixin.py:190} INFO - [2025-04-06T04:17:47.465+0000] {dag.py:4180} INFO - Setting next_dagrun for example_skip_dag to 2025-04-05 00:00:00+00:00, run_after=2025-04-06 00:00:00+00:00
[2025-04-06T04:17:47.486+0000] {processor.py:208} INFO - Processing /home/airflow/.local/lib/python3.12/site-packages/airflow/example_dags/example_skip_dag.py took 0.092 seconds
[2025-04-06T04:18:18.591+0000] {processor.py:186} INFO - Started process (PID=2992) to work on /home/airflow/.local/lib/python3.12/site-packages/airflow/example_dags/example_skip_dag.py
[2025-04-06T04:18:18.599+0000] {processor.py:914} INFO - Processing file /home/airflow/.local/lib/python3.12/site-packages/airflow/example_dags/example_skip_dag.py for tasks to queue
[2025-04-06T04:18:18.601+0000] {logging_mixin.py:190} INFO - [2025-04-06T04:18:18.601+0000] {dagbag.py:588} INFO - Filling up the DagBag from /home/airflow/.local/lib/python3.12/site-packages/airflow/example_dags/example_skip_dag.py
[2025-04-06T04:18:18.606+0000] {processor.py:925} INFO - DAG(s) 'example_skip_dag' retrieved from /home/airflow/.local/lib/python3.12/site-packages/airflow/example_dags/example_skip_dag.py
[2025-04-06T04:18:18.625+0000] {logging_mixin.py:190} INFO - [2025-04-06T04:18:18.624+0000] {dag.py:3239} INFO - Sync 1 DAGs
[2025-04-06T04:18:18.643+0000] {logging_mixin.py:190} INFO - [2025-04-06T04:18:18.643+0000] {dag.py:4180} INFO - Setting next_dagrun for example_skip_dag to 2025-04-05 00:00:00+00:00, run_after=2025-04-06 00:00:00+00:00
[2025-04-06T04:18:18.663+0000] {processor.py:208} INFO - Processing /home/airflow/.local/lib/python3.12/site-packages/airflow/example_dags/example_skip_dag.py took 0.077 seconds
[2025-04-06T04:18:48.896+0000] {processor.py:186} INFO - Started process (PID=3054) to work on /home/airflow/.local/lib/python3.12/site-packages/airflow/example_dags/example_skip_dag.py
[2025-04-06T04:18:48.897+0000] {processor.py:914} INFO - Processing file /home/airflow/.local/lib/python3.12/site-packages/airflow/example_dags/example_skip_dag.py for tasks to queue
[2025-04-06T04:18:48.900+0000] {logging_mixin.py:190} INFO - [2025-04-06T04:18:48.899+0000] {dagbag.py:588} INFO - Filling up the DagBag from /home/airflow/.local/lib/python3.12/site-packages/airflow/example_dags/example_skip_dag.py
[2025-04-06T04:18:48.906+0000] {processor.py:925} INFO - DAG(s) 'example_skip_dag' retrieved from /home/airflow/.local/lib/python3.12/site-packages/airflow/example_dags/example_skip_dag.py
[2025-04-06T04:18:48.927+0000] {logging_mixin.py:190} INFO - [2025-04-06T04:18:48.927+0000] {dag.py:3239} INFO - Sync 1 DAGs
[2025-04-06T04:18:48.955+0000] {logging_mixin.py:190} INFO - [2025-04-06T04:18:48.955+0000] {dag.py:4180} INFO - Setting next_dagrun for example_skip_dag to 2025-04-05 00:00:00+00:00, run_after=2025-04-06 00:00:00+00:00
[2025-04-06T04:18:48.984+0000] {processor.py:208} INFO - Processing /home/airflow/.local/lib/python3.12/site-packages/airflow/example_dags/example_skip_dag.py took 0.094 seconds
[2025-04-06T04:19:20.198+0000] {processor.py:186} INFO - Started process (PID=3118) to work on /home/airflow/.local/lib/python3.12/site-packages/airflow/example_dags/example_skip_dag.py
[2025-04-06T04:19:20.199+0000] {processor.py:914} INFO - Processing file /home/airflow/.local/lib/python3.12/site-packages/airflow/example_dags/example_skip_dag.py for tasks to queue
[2025-04-06T04:19:20.201+0000] {logging_mixin.py:190} INFO - [2025-04-06T04:19:20.201+0000] {dagbag.py:588} INFO - Filling up the DagBag from /home/airflow/.local/lib/python3.12/site-packages/airflow/example_dags/example_skip_dag.py
[2025-04-06T04:19:20.208+0000] {processor.py:925} INFO - DAG(s) 'example_skip_dag' retrieved from /home/airflow/.local/lib/python3.12/site-packages/airflow/example_dags/example_skip_dag.py
[2025-04-06T04:19:20.229+0000] {logging_mixin.py:190} INFO - [2025-04-06T04:19:20.229+0000] {dag.py:3239} INFO - Sync 1 DAGs
[2025-04-06T04:19:20.250+0000] {logging_mixin.py:190} INFO - [2025-04-06T04:19:20.249+0000] {dag.py:4180} INFO - Setting next_dagrun for example_skip_dag to 2025-04-05 00:00:00+00:00, run_after=2025-04-06 00:00:00+00:00
[2025-04-06T04:19:20.270+0000] {processor.py:208} INFO - Processing /home/airflow/.local/lib/python3.12/site-packages/airflow/example_dags/example_skip_dag.py took 0.077 seconds
[2025-04-06T04:19:50.358+0000] {processor.py:186} INFO - Started process (PID=3180) to work on /home/airflow/.local/lib/python3.12/site-packages/airflow/example_dags/example_skip_dag.py
[2025-04-06T04:19:50.361+0000] {processor.py:914} INFO - Processing file /home/airflow/.local/lib/python3.12/site-packages/airflow/example_dags/example_skip_dag.py for tasks to queue
[2025-04-06T04:19:50.364+0000] {logging_mixin.py:190} INFO - [2025-04-06T04:19:50.364+0000] {dagbag.py:588} INFO - Filling up the DagBag from /home/airflow/.local/lib/python3.12/site-packages/airflow/example_dags/example_skip_dag.py
[2025-04-06T04:19:50.375+0000] {processor.py:925} INFO - DAG(s) 'example_skip_dag' retrieved from /home/airflow/.local/lib/python3.12/site-packages/airflow/example_dags/example_skip_dag.py
[2025-04-06T04:19:50.401+0000] {logging_mixin.py:190} INFO - [2025-04-06T04:19:50.401+0000] {dag.py:3239} INFO - Sync 1 DAGs
[2025-04-06T04:19:50.425+0000] {logging_mixin.py:190} INFO - [2025-04-06T04:19:50.425+0000] {dag.py:4180} INFO - Setting next_dagrun for example_skip_dag to 2025-04-05 00:00:00+00:00, run_after=2025-04-06 00:00:00+00:00
[2025-04-06T04:19:50.448+0000] {processor.py:208} INFO - Processing /home/airflow/.local/lib/python3.12/site-packages/airflow/example_dags/example_skip_dag.py took 0.099 seconds
[2025-04-06T04:20:21.053+0000] {processor.py:186} INFO - Started process (PID=3244) to work on /home/airflow/.local/lib/python3.12/site-packages/airflow/example_dags/example_skip_dag.py
[2025-04-06T04:20:21.059+0000] {processor.py:914} INFO - Processing file /home/airflow/.local/lib/python3.12/site-packages/airflow/example_dags/example_skip_dag.py for tasks to queue
[2025-04-06T04:20:21.063+0000] {logging_mixin.py:190} INFO - [2025-04-06T04:20:21.062+0000] {dagbag.py:588} INFO - Filling up the DagBag from /home/airflow/.local/lib/python3.12/site-packages/airflow/example_dags/example_skip_dag.py
[2025-04-06T04:20:21.072+0000] {processor.py:925} INFO - DAG(s) 'example_skip_dag' retrieved from /home/airflow/.local/lib/python3.12/site-packages/airflow/example_dags/example_skip_dag.py
[2025-04-06T04:20:21.105+0000] {logging_mixin.py:190} INFO - [2025-04-06T04:20:21.105+0000] {dag.py:3239} INFO - Sync 1 DAGs
[2025-04-06T04:20:21.140+0000] {logging_mixin.py:190} INFO - [2025-04-06T04:20:21.139+0000] {dag.py:4180} INFO - Setting next_dagrun for example_skip_dag to 2025-04-05 00:00:00+00:00, run_after=2025-04-06 00:00:00+00:00
[2025-04-06T04:20:21.216+0000] {processor.py:208} INFO - Processing /home/airflow/.local/lib/python3.12/site-packages/airflow/example_dags/example_skip_dag.py took 0.169 seconds
[2025-04-06T04:20:51.530+0000] {processor.py:186} INFO - Started process (PID=3306) to work on /home/airflow/.local/lib/python3.12/site-packages/airflow/example_dags/example_skip_dag.py
[2025-04-06T04:20:51.532+0000] {processor.py:914} INFO - Processing file /home/airflow/.local/lib/python3.12/site-packages/airflow/example_dags/example_skip_dag.py for tasks to queue
[2025-04-06T04:20:51.535+0000] {logging_mixin.py:190} INFO - [2025-04-06T04:20:51.534+0000] {dagbag.py:588} INFO - Filling up the DagBag from /home/airflow/.local/lib/python3.12/site-packages/airflow/example_dags/example_skip_dag.py
[2025-04-06T04:20:51.542+0000] {processor.py:925} INFO - DAG(s) 'example_skip_dag' retrieved from /home/airflow/.local/lib/python3.12/site-packages/airflow/example_dags/example_skip_dag.py
[2025-04-06T04:20:51.567+0000] {logging_mixin.py:190} INFO - [2025-04-06T04:20:51.567+0000] {dag.py:3239} INFO - Sync 1 DAGs
[2025-04-06T04:20:51.596+0000] {logging_mixin.py:190} INFO - [2025-04-06T04:20:51.596+0000] {dag.py:4180} INFO - Setting next_dagrun for example_skip_dag to 2025-04-05 00:00:00+00:00, run_after=2025-04-06 00:00:00+00:00
[2025-04-06T04:20:51.614+0000] {processor.py:208} INFO - Processing /home/airflow/.local/lib/python3.12/site-packages/airflow/example_dags/example_skip_dag.py took 0.090 seconds
[2025-04-06T04:21:22.862+0000] {processor.py:186} INFO - Started process (PID=3370) to work on /home/airflow/.local/lib/python3.12/site-packages/airflow/example_dags/example_skip_dag.py
[2025-04-06T04:21:22.868+0000] {processor.py:914} INFO - Processing file /home/airflow/.local/lib/python3.12/site-packages/airflow/example_dags/example_skip_dag.py for tasks to queue
[2025-04-06T04:21:22.870+0000] {logging_mixin.py:190} INFO - [2025-04-06T04:21:22.869+0000] {dagbag.py:588} INFO - Filling up the DagBag from /home/airflow/.local/lib/python3.12/site-packages/airflow/example_dags/example_skip_dag.py
[2025-04-06T04:21:22.875+0000] {processor.py:925} INFO - DAG(s) 'example_skip_dag' retrieved from /home/airflow/.local/lib/python3.12/site-packages/airflow/example_dags/example_skip_dag.py
[2025-04-06T04:21:22.896+0000] {logging_mixin.py:190} INFO - [2025-04-06T04:21:22.895+0000] {dag.py:3239} INFO - Sync 1 DAGs
[2025-04-06T04:21:22.914+0000] {logging_mixin.py:190} INFO - [2025-04-06T04:21:22.914+0000] {dag.py:4180} INFO - Setting next_dagrun for example_skip_dag to 2025-04-05 00:00:00+00:00, run_after=2025-04-06 00:00:00+00:00
[2025-04-06T04:21:22.932+0000] {processor.py:208} INFO - Processing /home/airflow/.local/lib/python3.12/site-packages/airflow/example_dags/example_skip_dag.py took 0.076 seconds
[2025-04-06T04:21:53.419+0000] {processor.py:186} INFO - Started process (PID=3433) to work on /home/airflow/.local/lib/python3.12/site-packages/airflow/example_dags/example_skip_dag.py
[2025-04-06T04:21:53.420+0000] {processor.py:914} INFO - Processing file /home/airflow/.local/lib/python3.12/site-packages/airflow/example_dags/example_skip_dag.py for tasks to queue
[2025-04-06T04:21:53.423+0000] {logging_mixin.py:190} INFO - [2025-04-06T04:21:53.422+0000] {dagbag.py:588} INFO - Filling up the DagBag from /home/airflow/.local/lib/python3.12/site-packages/airflow/example_dags/example_skip_dag.py
[2025-04-06T04:21:53.428+0000] {processor.py:925} INFO - DAG(s) 'example_skip_dag' retrieved from /home/airflow/.local/lib/python3.12/site-packages/airflow/example_dags/example_skip_dag.py
[2025-04-06T04:21:53.447+0000] {logging_mixin.py:190} INFO - [2025-04-06T04:21:53.447+0000] {dag.py:3239} INFO - Sync 1 DAGs
[2025-04-06T04:21:53.465+0000] {logging_mixin.py:190} INFO - [2025-04-06T04:21:53.465+0000] {dag.py:4180} INFO - Setting next_dagrun for example_skip_dag to 2025-04-05 00:00:00+00:00, run_after=2025-04-06 00:00:00+00:00
[2025-04-06T04:21:53.485+0000] {processor.py:208} INFO - Processing /home/airflow/.local/lib/python3.12/site-packages/airflow/example_dags/example_skip_dag.py took 0.073 seconds
[2025-04-06T04:22:24.434+0000] {processor.py:186} INFO - Started process (PID=3496) to work on /home/airflow/.local/lib/python3.12/site-packages/airflow/example_dags/example_skip_dag.py
[2025-04-06T04:22:24.442+0000] {processor.py:914} INFO - Processing file /home/airflow/.local/lib/python3.12/site-packages/airflow/example_dags/example_skip_dag.py for tasks to queue
[2025-04-06T04:22:24.446+0000] {logging_mixin.py:190} INFO - [2025-04-06T04:22:24.445+0000] {dagbag.py:588} INFO - Filling up the DagBag from /home/airflow/.local/lib/python3.12/site-packages/airflow/example_dags/example_skip_dag.py
[2025-04-06T04:22:24.456+0000] {processor.py:925} INFO - DAG(s) 'example_skip_dag' retrieved from /home/airflow/.local/lib/python3.12/site-packages/airflow/example_dags/example_skip_dag.py
[2025-04-06T04:22:24.488+0000] {logging_mixin.py:190} INFO - [2025-04-06T04:22:24.488+0000] {dag.py:3239} INFO - Sync 1 DAGs
[2025-04-06T04:22:24.515+0000] {logging_mixin.py:190} INFO - [2025-04-06T04:22:24.515+0000] {dag.py:4180} INFO - Setting next_dagrun for example_skip_dag to 2025-04-05 00:00:00+00:00, run_after=2025-04-06 00:00:00+00:00
[2025-04-06T04:22:24.542+0000] {processor.py:208} INFO - Processing /home/airflow/.local/lib/python3.12/site-packages/airflow/example_dags/example_skip_dag.py took 0.113 seconds
[2025-04-06T04:22:55.158+0000] {processor.py:186} INFO - Started process (PID=3559) to work on /home/airflow/.local/lib/python3.12/site-packages/airflow/example_dags/example_skip_dag.py
[2025-04-06T04:22:55.160+0000] {processor.py:914} INFO - Processing file /home/airflow/.local/lib/python3.12/site-packages/airflow/example_dags/example_skip_dag.py for tasks to queue
[2025-04-06T04:22:55.162+0000] {logging_mixin.py:190} INFO - [2025-04-06T04:22:55.162+0000] {dagbag.py:588} INFO - Filling up the DagBag from /home/airflow/.local/lib/python3.12/site-packages/airflow/example_dags/example_skip_dag.py
[2025-04-06T04:22:55.168+0000] {processor.py:925} INFO - DAG(s) 'example_skip_dag' retrieved from /home/airflow/.local/lib/python3.12/site-packages/airflow/example_dags/example_skip_dag.py
[2025-04-06T04:22:55.189+0000] {logging_mixin.py:190} INFO - [2025-04-06T04:22:55.189+0000] {dag.py:3239} INFO - Sync 1 DAGs
[2025-04-06T04:22:55.340+0000] {logging_mixin.py:190} INFO - [2025-04-06T04:22:55.340+0000] {dag.py:4180} INFO - Setting next_dagrun for example_skip_dag to 2025-04-05 00:00:00+00:00, run_after=2025-04-06 00:00:00+00:00
[2025-04-06T04:22:55.361+0000] {processor.py:208} INFO - Processing /home/airflow/.local/lib/python3.12/site-packages/airflow/example_dags/example_skip_dag.py took 0.209 seconds
[2025-04-06T04:23:25.877+0000] {processor.py:186} INFO - Started process (PID=3622) to work on /home/airflow/.local/lib/python3.12/site-packages/airflow/example_dags/example_skip_dag.py
[2025-04-06T04:23:25.883+0000] {processor.py:914} INFO - Processing file /home/airflow/.local/lib/python3.12/site-packages/airflow/example_dags/example_skip_dag.py for tasks to queue
[2025-04-06T04:23:25.885+0000] {logging_mixin.py:190} INFO - [2025-04-06T04:23:25.884+0000] {dagbag.py:588} INFO - Filling up the DagBag from /home/airflow/.local/lib/python3.12/site-packages/airflow/example_dags/example_skip_dag.py
[2025-04-06T04:23:25.892+0000] {processor.py:925} INFO - DAG(s) 'example_skip_dag' retrieved from /home/airflow/.local/lib/python3.12/site-packages/airflow/example_dags/example_skip_dag.py
[2025-04-06T04:23:25.915+0000] {logging_mixin.py:190} INFO - [2025-04-06T04:23:25.915+0000] {dag.py:3239} INFO - Sync 1 DAGs
[2025-04-06T04:23:25.934+0000] {logging_mixin.py:190} INFO - [2025-04-06T04:23:25.934+0000] {dag.py:4180} INFO - Setting next_dagrun for example_skip_dag to 2025-04-05 00:00:00+00:00, run_after=2025-04-06 00:00:00+00:00
[2025-04-06T04:23:25.956+0000] {processor.py:208} INFO - Processing /home/airflow/.local/lib/python3.12/site-packages/airflow/example_dags/example_skip_dag.py took 0.086 seconds
[2025-04-06T04:23:56.305+0000] {processor.py:186} INFO - Started process (PID=3684) to work on /home/airflow/.local/lib/python3.12/site-packages/airflow/example_dags/example_skip_dag.py
[2025-04-06T04:23:56.306+0000] {processor.py:914} INFO - Processing file /home/airflow/.local/lib/python3.12/site-packages/airflow/example_dags/example_skip_dag.py for tasks to queue
[2025-04-06T04:23:56.308+0000] {logging_mixin.py:190} INFO - [2025-04-06T04:23:56.308+0000] {dagbag.py:588} INFO - Filling up the DagBag from /home/airflow/.local/lib/python3.12/site-packages/airflow/example_dags/example_skip_dag.py
[2025-04-06T04:23:56.314+0000] {processor.py:925} INFO - DAG(s) 'example_skip_dag' retrieved from /home/airflow/.local/lib/python3.12/site-packages/airflow/example_dags/example_skip_dag.py
[2025-04-06T04:23:56.336+0000] {logging_mixin.py:190} INFO - [2025-04-06T04:23:56.336+0000] {dag.py:3239} INFO - Sync 1 DAGs
[2025-04-06T04:23:56.354+0000] {logging_mixin.py:190} INFO - [2025-04-06T04:23:56.353+0000] {dag.py:4180} INFO - Setting next_dagrun for example_skip_dag to 2025-04-05 00:00:00+00:00, run_after=2025-04-06 00:00:00+00:00
[2025-04-06T04:23:56.372+0000] {processor.py:208} INFO - Processing /home/airflow/.local/lib/python3.12/site-packages/airflow/example_dags/example_skip_dag.py took 0.075 seconds
[2025-04-06T04:24:27.517+0000] {processor.py:186} INFO - Started process (PID=3748) to work on /home/airflow/.local/lib/python3.12/site-packages/airflow/example_dags/example_skip_dag.py
[2025-04-06T04:24:27.523+0000] {processor.py:914} INFO - Processing file /home/airflow/.local/lib/python3.12/site-packages/airflow/example_dags/example_skip_dag.py for tasks to queue
[2025-04-06T04:24:27.525+0000] {logging_mixin.py:190} INFO - [2025-04-06T04:24:27.525+0000] {dagbag.py:588} INFO - Filling up the DagBag from /home/airflow/.local/lib/python3.12/site-packages/airflow/example_dags/example_skip_dag.py
[2025-04-06T04:24:27.531+0000] {processor.py:925} INFO - DAG(s) 'example_skip_dag' retrieved from /home/airflow/.local/lib/python3.12/site-packages/airflow/example_dags/example_skip_dag.py
[2025-04-06T04:24:27.550+0000] {logging_mixin.py:190} INFO - [2025-04-06T04:24:27.550+0000] {dag.py:3239} INFO - Sync 1 DAGs
[2025-04-06T04:24:27.573+0000] {logging_mixin.py:190} INFO - [2025-04-06T04:24:27.573+0000] {dag.py:4180} INFO - Setting next_dagrun for example_skip_dag to 2025-04-05 00:00:00+00:00, run_after=2025-04-06 00:00:00+00:00
[2025-04-06T04:24:27.590+0000] {processor.py:208} INFO - Processing /home/airflow/.local/lib/python3.12/site-packages/airflow/example_dags/example_skip_dag.py took 0.079 seconds
[2025-04-06T04:24:57.891+0000] {processor.py:186} INFO - Started process (PID=3811) to work on /home/airflow/.local/lib/python3.12/site-packages/airflow/example_dags/example_skip_dag.py
[2025-04-06T04:24:57.893+0000] {processor.py:914} INFO - Processing file /home/airflow/.local/lib/python3.12/site-packages/airflow/example_dags/example_skip_dag.py for tasks to queue
[2025-04-06T04:24:57.895+0000] {logging_mixin.py:190} INFO - [2025-04-06T04:24:57.895+0000] {dagbag.py:588} INFO - Filling up the DagBag from /home/airflow/.local/lib/python3.12/site-packages/airflow/example_dags/example_skip_dag.py
[2025-04-06T04:24:57.902+0000] {processor.py:925} INFO - DAG(s) 'example_skip_dag' retrieved from /home/airflow/.local/lib/python3.12/site-packages/airflow/example_dags/example_skip_dag.py
[2025-04-06T04:24:57.925+0000] {logging_mixin.py:190} INFO - [2025-04-06T04:24:57.925+0000] {dag.py:3239} INFO - Sync 1 DAGs
[2025-04-06T04:24:57.951+0000] {logging_mixin.py:190} INFO - [2025-04-06T04:24:57.951+0000] {dag.py:4180} INFO - Setting next_dagrun for example_skip_dag to 2025-04-05 00:00:00+00:00, run_after=2025-04-06 00:00:00+00:00
[2025-04-06T04:24:57.978+0000] {processor.py:208} INFO - Processing /home/airflow/.local/lib/python3.12/site-packages/airflow/example_dags/example_skip_dag.py took 0.096 seconds
[2025-04-06T04:25:28.659+0000] {processor.py:186} INFO - Started process (PID=3874) to work on /home/airflow/.local/lib/python3.12/site-packages/airflow/example_dags/example_skip_dag.py
[2025-04-06T04:25:28.663+0000] {processor.py:914} INFO - Processing file /home/airflow/.local/lib/python3.12/site-packages/airflow/example_dags/example_skip_dag.py for tasks to queue
[2025-04-06T04:25:28.666+0000] {logging_mixin.py:190} INFO - [2025-04-06T04:25:28.666+0000] {dagbag.py:588} INFO - Filling up the DagBag from /home/airflow/.local/lib/python3.12/site-packages/airflow/example_dags/example_skip_dag.py
[2025-04-06T04:25:28.677+0000] {processor.py:925} INFO - DAG(s) 'example_skip_dag' retrieved from /home/airflow/.local/lib/python3.12/site-packages/airflow/example_dags/example_skip_dag.py
[2025-04-06T04:25:28.704+0000] {logging_mixin.py:190} INFO - [2025-04-06T04:25:28.704+0000] {dag.py:3239} INFO - Sync 1 DAGs
[2025-04-06T04:25:28.721+0000] {logging_mixin.py:190} INFO - [2025-04-06T04:25:28.721+0000] {dag.py:4180} INFO - Setting next_dagrun for example_skip_dag to 2025-04-05 00:00:00+00:00, run_after=2025-04-06 00:00:00+00:00
[2025-04-06T04:25:28.740+0000] {processor.py:208} INFO - Processing /home/airflow/.local/lib/python3.12/site-packages/airflow/example_dags/example_skip_dag.py took 0.088 seconds
[2025-04-06T04:25:59.693+0000] {processor.py:186} INFO - Started process (PID=3937) to work on /home/airflow/.local/lib/python3.12/site-packages/airflow/example_dags/example_skip_dag.py
[2025-04-06T04:25:59.695+0000] {processor.py:914} INFO - Processing file /home/airflow/.local/lib/python3.12/site-packages/airflow/example_dags/example_skip_dag.py for tasks to queue
[2025-04-06T04:25:59.697+0000] {logging_mixin.py:190} INFO - [2025-04-06T04:25:59.696+0000] {dagbag.py:588} INFO - Filling up the DagBag from /home/airflow/.local/lib/python3.12/site-packages/airflow/example_dags/example_skip_dag.py
[2025-04-06T04:25:59.704+0000] {processor.py:925} INFO - DAG(s) 'example_skip_dag' retrieved from /home/airflow/.local/lib/python3.12/site-packages/airflow/example_dags/example_skip_dag.py
[2025-04-06T04:25:59.727+0000] {logging_mixin.py:190} INFO - [2025-04-06T04:25:59.726+0000] {dag.py:3239} INFO - Sync 1 DAGs
[2025-04-06T04:25:59.751+0000] {logging_mixin.py:190} INFO - [2025-04-06T04:25:59.751+0000] {dag.py:4180} INFO - Setting next_dagrun for example_skip_dag to 2025-04-05 00:00:00+00:00, run_after=2025-04-06 00:00:00+00:00
[2025-04-06T04:25:59.770+0000] {processor.py:208} INFO - Processing /home/airflow/.local/lib/python3.12/site-packages/airflow/example_dags/example_skip_dag.py took 0.084 seconds
