[2025-04-06T04:09:16.960+0000] {processor.py:186} INFO - Started process (PID=1902) to work on /home/airflow/.local/lib/python3.12/site-packages/airflow/example_dags/example_latest_only_with_trigger.py
[2025-04-06T04:09:16.961+0000] {processor.py:914} INFO - Processing file /home/airflow/.local/lib/python3.12/site-packages/airflow/example_dags/example_latest_only_with_trigger.py for tasks to queue
[2025-04-06T04:09:16.964+0000] {logging_mixin.py:190} INFO - [2025-04-06T04:09:16.963+0000] {dagbag.py:588} INFO - Filling up the DagBag from /home/airflow/.local/lib/python3.12/site-packages/airflow/example_dags/example_latest_only_with_trigger.py
[2025-04-06T04:09:16.975+0000] {processor.py:925} INFO - DAG(s) 'latest_only_with_trigger' retrieved from /home/airflow/.local/lib/python3.12/site-packages/airflow/example_dags/example_latest_only_with_trigger.py
[2025-04-06T04:09:16.999+0000] {logging_mixin.py:190} INFO - [2025-04-06T04:09:16.999+0000] {dag.py:3239} INFO - Sync 1 DAGs
[2025-04-06T04:09:17.036+0000] {logging_mixin.py:190} INFO - [2025-04-06T04:09:17.036+0000] {dag.py:4180} INFO - Setting next_dagrun for latest_only_with_trigger to 2025-04-06 00:00:00+00:00, run_after=2025-04-06 04:00:00+00:00
[2025-04-06T04:09:17.061+0000] {processor.py:208} INFO - Processing /home/airflow/.local/lib/python3.12/site-packages/airflow/example_dags/example_latest_only_with_trigger.py took 0.108 seconds
[2025-04-06T04:09:47.999+0000] {processor.py:186} INFO - Started process (PID=1965) to work on /home/airflow/.local/lib/python3.12/site-packages/airflow/example_dags/example_latest_only_with_trigger.py
[2025-04-06T04:09:48.000+0000] {processor.py:914} INFO - Processing file /home/airflow/.local/lib/python3.12/site-packages/airflow/example_dags/example_latest_only_with_trigger.py for tasks to queue
[2025-04-06T04:09:48.003+0000] {logging_mixin.py:190} INFO - [2025-04-06T04:09:48.002+0000] {dagbag.py:588} INFO - Filling up the DagBag from /home/airflow/.local/lib/python3.12/site-packages/airflow/example_dags/example_latest_only_with_trigger.py
[2025-04-06T04:09:48.010+0000] {processor.py:925} INFO - DAG(s) 'latest_only_with_trigger' retrieved from /home/airflow/.local/lib/python3.12/site-packages/airflow/example_dags/example_latest_only_with_trigger.py
[2025-04-06T04:09:48.030+0000] {logging_mixin.py:190} INFO - [2025-04-06T04:09:48.030+0000] {dag.py:3239} INFO - Sync 1 DAGs
[2025-04-06T04:09:48.051+0000] {logging_mixin.py:190} INFO - [2025-04-06T04:09:48.050+0000] {dag.py:4180} INFO - Setting next_dagrun for latest_only_with_trigger to 2025-04-06 00:00:00+00:00, run_after=2025-04-06 04:00:00+00:00
[2025-04-06T04:09:48.084+0000] {processor.py:208} INFO - Processing /home/airflow/.local/lib/python3.12/site-packages/airflow/example_dags/example_latest_only_with_trigger.py took 0.091 seconds
[2025-04-06T04:10:18.996+0000] {processor.py:186} INFO - Started process (PID=2028) to work on /home/airflow/.local/lib/python3.12/site-packages/airflow/example_dags/example_latest_only_with_trigger.py
[2025-04-06T04:10:18.997+0000] {processor.py:914} INFO - Processing file /home/airflow/.local/lib/python3.12/site-packages/airflow/example_dags/example_latest_only_with_trigger.py for tasks to queue
[2025-04-06T04:10:19.000+0000] {logging_mixin.py:190} INFO - [2025-04-06T04:10:18.999+0000] {dagbag.py:588} INFO - Filling up the DagBag from /home/airflow/.local/lib/python3.12/site-packages/airflow/example_dags/example_latest_only_with_trigger.py
[2025-04-06T04:10:19.012+0000] {processor.py:925} INFO - DAG(s) 'latest_only_with_trigger' retrieved from /home/airflow/.local/lib/python3.12/site-packages/airflow/example_dags/example_latest_only_with_trigger.py
[2025-04-06T04:10:19.036+0000] {logging_mixin.py:190} INFO - [2025-04-06T04:10:19.035+0000] {dag.py:3239} INFO - Sync 1 DAGs
[2025-04-06T04:10:19.061+0000] {logging_mixin.py:190} INFO - [2025-04-06T04:10:19.061+0000] {dag.py:4180} INFO - Setting next_dagrun for latest_only_with_trigger to 2025-04-06 00:00:00+00:00, run_after=2025-04-06 04:00:00+00:00
[2025-04-06T04:10:19.082+0000] {processor.py:208} INFO - Processing /home/airflow/.local/lib/python3.12/site-packages/airflow/example_dags/example_latest_only_with_trigger.py took 0.091 seconds
[2025-04-06T04:10:50.109+0000] {processor.py:186} INFO - Started process (PID=2091) to work on /home/airflow/.local/lib/python3.12/site-packages/airflow/example_dags/example_latest_only_with_trigger.py
[2025-04-06T04:10:50.110+0000] {processor.py:914} INFO - Processing file /home/airflow/.local/lib/python3.12/site-packages/airflow/example_dags/example_latest_only_with_trigger.py for tasks to queue
[2025-04-06T04:10:50.112+0000] {logging_mixin.py:190} INFO - [2025-04-06T04:10:50.112+0000] {dagbag.py:588} INFO - Filling up the DagBag from /home/airflow/.local/lib/python3.12/site-packages/airflow/example_dags/example_latest_only_with_trigger.py
[2025-04-06T04:10:50.117+0000] {processor.py:925} INFO - DAG(s) 'latest_only_with_trigger' retrieved from /home/airflow/.local/lib/python3.12/site-packages/airflow/example_dags/example_latest_only_with_trigger.py
[2025-04-06T04:10:50.135+0000] {logging_mixin.py:190} INFO - [2025-04-06T04:10:50.135+0000] {dag.py:3239} INFO - Sync 1 DAGs
[2025-04-06T04:10:50.152+0000] {logging_mixin.py:190} INFO - [2025-04-06T04:10:50.152+0000] {dag.py:4180} INFO - Setting next_dagrun for latest_only_with_trigger to 2025-04-06 00:00:00+00:00, run_after=2025-04-06 04:00:00+00:00
[2025-04-06T04:10:50.170+0000] {processor.py:208} INFO - Processing /home/airflow/.local/lib/python3.12/site-packages/airflow/example_dags/example_latest_only_with_trigger.py took 0.066 seconds
[2025-04-06T04:11:20.628+0000] {processor.py:186} INFO - Started process (PID=2142) to work on /home/airflow/.local/lib/python3.12/site-packages/airflow/example_dags/example_latest_only_with_trigger.py
[2025-04-06T04:11:20.629+0000] {processor.py:914} INFO - Processing file /home/airflow/.local/lib/python3.12/site-packages/airflow/example_dags/example_latest_only_with_trigger.py for tasks to queue
[2025-04-06T04:11:20.631+0000] {logging_mixin.py:190} INFO - [2025-04-06T04:11:20.631+0000] {dagbag.py:588} INFO - Filling up the DagBag from /home/airflow/.local/lib/python3.12/site-packages/airflow/example_dags/example_latest_only_with_trigger.py
[2025-04-06T04:11:20.637+0000] {processor.py:925} INFO - DAG(s) 'latest_only_with_trigger' retrieved from /home/airflow/.local/lib/python3.12/site-packages/airflow/example_dags/example_latest_only_with_trigger.py
[2025-04-06T04:11:20.656+0000] {logging_mixin.py:190} INFO - [2025-04-06T04:11:20.656+0000] {dag.py:3239} INFO - Sync 1 DAGs
[2025-04-06T04:11:20.675+0000] {logging_mixin.py:190} INFO - [2025-04-06T04:11:20.675+0000] {dag.py:4180} INFO - Setting next_dagrun for latest_only_with_trigger to 2025-04-06 00:00:00+00:00, run_after=2025-04-06 04:00:00+00:00
[2025-04-06T04:11:20.695+0000] {processor.py:208} INFO - Processing /home/airflow/.local/lib/python3.12/site-packages/airflow/example_dags/example_latest_only_with_trigger.py took 0.072 seconds
[2025-04-06T04:11:50.889+0000] {processor.py:186} INFO - Started process (PID=2204) to work on /home/airflow/.local/lib/python3.12/site-packages/airflow/example_dags/example_latest_only_with_trigger.py
[2025-04-06T04:11:50.898+0000] {processor.py:914} INFO - Processing file /home/airflow/.local/lib/python3.12/site-packages/airflow/example_dags/example_latest_only_with_trigger.py for tasks to queue
[2025-04-06T04:11:50.900+0000] {logging_mixin.py:190} INFO - [2025-04-06T04:11:50.900+0000] {dagbag.py:588} INFO - Filling up the DagBag from /home/airflow/.local/lib/python3.12/site-packages/airflow/example_dags/example_latest_only_with_trigger.py
[2025-04-06T04:11:50.907+0000] {processor.py:925} INFO - DAG(s) 'latest_only_with_trigger' retrieved from /home/airflow/.local/lib/python3.12/site-packages/airflow/example_dags/example_latest_only_with_trigger.py
[2025-04-06T04:11:50.932+0000] {logging_mixin.py:190} INFO - [2025-04-06T04:11:50.932+0000] {dag.py:3239} INFO - Sync 1 DAGs
[2025-04-06T04:11:50.955+0000] {logging_mixin.py:190} INFO - [2025-04-06T04:11:50.954+0000] {dag.py:4180} INFO - Setting next_dagrun for latest_only_with_trigger to 2025-04-06 00:00:00+00:00, run_after=2025-04-06 04:00:00+00:00
[2025-04-06T04:11:50.984+0000] {processor.py:208} INFO - Processing /home/airflow/.local/lib/python3.12/site-packages/airflow/example_dags/example_latest_only_with_trigger.py took 0.100 seconds
[2025-04-06T04:12:21.126+0000] {processor.py:186} INFO - Started process (PID=2267) to work on /home/airflow/.local/lib/python3.12/site-packages/airflow/example_dags/example_latest_only_with_trigger.py
[2025-04-06T04:12:21.128+0000] {processor.py:914} INFO - Processing file /home/airflow/.local/lib/python3.12/site-packages/airflow/example_dags/example_latest_only_with_trigger.py for tasks to queue
[2025-04-06T04:12:21.130+0000] {logging_mixin.py:190} INFO - [2025-04-06T04:12:21.130+0000] {dagbag.py:588} INFO - Filling up the DagBag from /home/airflow/.local/lib/python3.12/site-packages/airflow/example_dags/example_latest_only_with_trigger.py
[2025-04-06T04:12:21.138+0000] {processor.py:925} INFO - DAG(s) 'latest_only_with_trigger' retrieved from /home/airflow/.local/lib/python3.12/site-packages/airflow/example_dags/example_latest_only_with_trigger.py
[2025-04-06T04:12:21.159+0000] {logging_mixin.py:190} INFO - [2025-04-06T04:12:21.159+0000] {dag.py:3239} INFO - Sync 1 DAGs
[2025-04-06T04:12:21.182+0000] {logging_mixin.py:190} INFO - [2025-04-06T04:12:21.181+0000] {dag.py:4180} INFO - Setting next_dagrun for latest_only_with_trigger to 2025-04-06 00:00:00+00:00, run_after=2025-04-06 04:00:00+00:00
[2025-04-06T04:12:21.201+0000] {processor.py:208} INFO - Processing /home/airflow/.local/lib/python3.12/site-packages/airflow/example_dags/example_latest_only_with_trigger.py took 0.080 seconds
[2025-04-06T04:12:51.337+0000] {processor.py:186} INFO - Started process (PID=2330) to work on /home/airflow/.local/lib/python3.12/site-packages/airflow/example_dags/example_latest_only_with_trigger.py
[2025-04-06T04:12:51.338+0000] {processor.py:914} INFO - Processing file /home/airflow/.local/lib/python3.12/site-packages/airflow/example_dags/example_latest_only_with_trigger.py for tasks to queue
[2025-04-06T04:12:51.340+0000] {logging_mixin.py:190} INFO - [2025-04-06T04:12:51.340+0000] {dagbag.py:588} INFO - Filling up the DagBag from /home/airflow/.local/lib/python3.12/site-packages/airflow/example_dags/example_latest_only_with_trigger.py
[2025-04-06T04:12:51.347+0000] {processor.py:925} INFO - DAG(s) 'latest_only_with_trigger' retrieved from /home/airflow/.local/lib/python3.12/site-packages/airflow/example_dags/example_latest_only_with_trigger.py
[2025-04-06T04:12:51.367+0000] {logging_mixin.py:190} INFO - [2025-04-06T04:12:51.366+0000] {dag.py:3239} INFO - Sync 1 DAGs
[2025-04-06T04:12:51.391+0000] {logging_mixin.py:190} INFO - [2025-04-06T04:12:51.391+0000] {dag.py:4180} INFO - Setting next_dagrun for latest_only_with_trigger to 2025-04-06 00:00:00+00:00, run_after=2025-04-06 04:00:00+00:00
[2025-04-06T04:12:51.407+0000] {processor.py:208} INFO - Processing /home/airflow/.local/lib/python3.12/site-packages/airflow/example_dags/example_latest_only_with_trigger.py took 0.078 seconds
[2025-04-06T04:13:21.904+0000] {processor.py:186} INFO - Started process (PID=2393) to work on /home/airflow/.local/lib/python3.12/site-packages/airflow/example_dags/example_latest_only_with_trigger.py
[2025-04-06T04:13:21.905+0000] {processor.py:914} INFO - Processing file /home/airflow/.local/lib/python3.12/site-packages/airflow/example_dags/example_latest_only_with_trigger.py for tasks to queue
[2025-04-06T04:13:21.907+0000] {logging_mixin.py:190} INFO - [2025-04-06T04:13:21.907+0000] {dagbag.py:588} INFO - Filling up the DagBag from /home/airflow/.local/lib/python3.12/site-packages/airflow/example_dags/example_latest_only_with_trigger.py
[2025-04-06T04:13:21.914+0000] {processor.py:925} INFO - DAG(s) 'latest_only_with_trigger' retrieved from /home/airflow/.local/lib/python3.12/site-packages/airflow/example_dags/example_latest_only_with_trigger.py
[2025-04-06T04:13:21.935+0000] {logging_mixin.py:190} INFO - [2025-04-06T04:13:21.935+0000] {dag.py:3239} INFO - Sync 1 DAGs
[2025-04-06T04:13:21.957+0000] {logging_mixin.py:190} INFO - [2025-04-06T04:13:21.956+0000] {dag.py:4180} INFO - Setting next_dagrun for latest_only_with_trigger to 2025-04-06 00:00:00+00:00, run_after=2025-04-06 04:00:00+00:00
[2025-04-06T04:13:21.981+0000] {processor.py:208} INFO - Processing /home/airflow/.local/lib/python3.12/site-packages/airflow/example_dags/example_latest_only_with_trigger.py took 0.082 seconds
[2025-04-06T04:13:52.539+0000] {processor.py:186} INFO - Started process (PID=2455) to work on /home/airflow/.local/lib/python3.12/site-packages/airflow/example_dags/example_latest_only_with_trigger.py
[2025-04-06T04:13:52.540+0000] {processor.py:914} INFO - Processing file /home/airflow/.local/lib/python3.12/site-packages/airflow/example_dags/example_latest_only_with_trigger.py for tasks to queue
[2025-04-06T04:13:52.543+0000] {logging_mixin.py:190} INFO - [2025-04-06T04:13:52.542+0000] {dagbag.py:588} INFO - Filling up the DagBag from /home/airflow/.local/lib/python3.12/site-packages/airflow/example_dags/example_latest_only_with_trigger.py
[2025-04-06T04:13:52.552+0000] {processor.py:925} INFO - DAG(s) 'latest_only_with_trigger' retrieved from /home/airflow/.local/lib/python3.12/site-packages/airflow/example_dags/example_latest_only_with_trigger.py
[2025-04-06T04:13:52.576+0000] {logging_mixin.py:190} INFO - [2025-04-06T04:13:52.576+0000] {dag.py:3239} INFO - Sync 1 DAGs
[2025-04-06T04:13:52.603+0000] {logging_mixin.py:190} INFO - [2025-04-06T04:13:52.602+0000] {dag.py:4180} INFO - Setting next_dagrun for latest_only_with_trigger to 2025-04-06 00:00:00+00:00, run_after=2025-04-06 04:00:00+00:00
[2025-04-06T04:13:52.627+0000] {processor.py:208} INFO - Processing /home/airflow/.local/lib/python3.12/site-packages/airflow/example_dags/example_latest_only_with_trigger.py took 0.100 seconds
[2025-04-06T04:14:23.198+0000] {processor.py:186} INFO - Started process (PID=2518) to work on /home/airflow/.local/lib/python3.12/site-packages/airflow/example_dags/example_latest_only_with_trigger.py
[2025-04-06T04:14:23.199+0000] {processor.py:914} INFO - Processing file /home/airflow/.local/lib/python3.12/site-packages/airflow/example_dags/example_latest_only_with_trigger.py for tasks to queue
[2025-04-06T04:14:23.201+0000] {logging_mixin.py:190} INFO - [2025-04-06T04:14:23.201+0000] {dagbag.py:588} INFO - Filling up the DagBag from /home/airflow/.local/lib/python3.12/site-packages/airflow/example_dags/example_latest_only_with_trigger.py
[2025-04-06T04:14:23.206+0000] {processor.py:925} INFO - DAG(s) 'latest_only_with_trigger' retrieved from /home/airflow/.local/lib/python3.12/site-packages/airflow/example_dags/example_latest_only_with_trigger.py
[2025-04-06T04:14:23.225+0000] {logging_mixin.py:190} INFO - [2025-04-06T04:14:23.225+0000] {dag.py:3239} INFO - Sync 1 DAGs
[2025-04-06T04:14:23.244+0000] {logging_mixin.py:190} INFO - [2025-04-06T04:14:23.244+0000] {dag.py:4180} INFO - Setting next_dagrun for latest_only_with_trigger to 2025-04-06 00:00:00+00:00, run_after=2025-04-06 04:00:00+00:00
[2025-04-06T04:14:23.264+0000] {processor.py:208} INFO - Processing /home/airflow/.local/lib/python3.12/site-packages/airflow/example_dags/example_latest_only_with_trigger.py took 0.072 seconds
[2025-04-06T04:14:53.771+0000] {processor.py:186} INFO - Started process (PID=2581) to work on /home/airflow/.local/lib/python3.12/site-packages/airflow/example_dags/example_latest_only_with_trigger.py
[2025-04-06T04:14:53.772+0000] {processor.py:914} INFO - Processing file /home/airflow/.local/lib/python3.12/site-packages/airflow/example_dags/example_latest_only_with_trigger.py for tasks to queue
[2025-04-06T04:14:53.774+0000] {logging_mixin.py:190} INFO - [2025-04-06T04:14:53.774+0000] {dagbag.py:588} INFO - Filling up the DagBag from /home/airflow/.local/lib/python3.12/site-packages/airflow/example_dags/example_latest_only_with_trigger.py
[2025-04-06T04:14:53.779+0000] {processor.py:925} INFO - DAG(s) 'latest_only_with_trigger' retrieved from /home/airflow/.local/lib/python3.12/site-packages/airflow/example_dags/example_latest_only_with_trigger.py
[2025-04-06T04:14:53.810+0000] {logging_mixin.py:190} INFO - [2025-04-06T04:14:53.810+0000] {dag.py:3239} INFO - Sync 1 DAGs
[2025-04-06T04:14:53.841+0000] {logging_mixin.py:190} INFO - [2025-04-06T04:14:53.841+0000] {dag.py:4180} INFO - Setting next_dagrun for latest_only_with_trigger to 2025-04-06 00:00:00+00:00, run_after=2025-04-06 04:00:00+00:00
[2025-04-06T04:14:53.864+0000] {processor.py:208} INFO - Processing /home/airflow/.local/lib/python3.12/site-packages/airflow/example_dags/example_latest_only_with_trigger.py took 0.098 seconds
[2025-04-06T04:15:24.077+0000] {processor.py:186} INFO - Started process (PID=2644) to work on /home/airflow/.local/lib/python3.12/site-packages/airflow/example_dags/example_latest_only_with_trigger.py
[2025-04-06T04:15:24.085+0000] {processor.py:914} INFO - Processing file /home/airflow/.local/lib/python3.12/site-packages/airflow/example_dags/example_latest_only_with_trigger.py for tasks to queue
[2025-04-06T04:15:24.086+0000] {logging_mixin.py:190} INFO - [2025-04-06T04:15:24.086+0000] {dagbag.py:588} INFO - Filling up the DagBag from /home/airflow/.local/lib/python3.12/site-packages/airflow/example_dags/example_latest_only_with_trigger.py
[2025-04-06T04:15:24.092+0000] {processor.py:925} INFO - DAG(s) 'latest_only_with_trigger' retrieved from /home/airflow/.local/lib/python3.12/site-packages/airflow/example_dags/example_latest_only_with_trigger.py
[2025-04-06T04:15:24.112+0000] {logging_mixin.py:190} INFO - [2025-04-06T04:15:24.112+0000] {dag.py:3239} INFO - Sync 1 DAGs
[2025-04-06T04:15:24.131+0000] {logging_mixin.py:190} INFO - [2025-04-06T04:15:24.131+0000] {dag.py:4180} INFO - Setting next_dagrun for latest_only_with_trigger to 2025-04-06 00:00:00+00:00, run_after=2025-04-06 04:00:00+00:00
[2025-04-06T04:15:24.151+0000] {processor.py:208} INFO - Processing /home/airflow/.local/lib/python3.12/site-packages/airflow/example_dags/example_latest_only_with_trigger.py took 0.080 seconds
[2025-04-06T04:15:54.606+0000] {processor.py:186} INFO - Started process (PID=2707) to work on /home/airflow/.local/lib/python3.12/site-packages/airflow/example_dags/example_latest_only_with_trigger.py
[2025-04-06T04:15:54.607+0000] {processor.py:914} INFO - Processing file /home/airflow/.local/lib/python3.12/site-packages/airflow/example_dags/example_latest_only_with_trigger.py for tasks to queue
[2025-04-06T04:15:54.610+0000] {logging_mixin.py:190} INFO - [2025-04-06T04:15:54.610+0000] {dagbag.py:588} INFO - Filling up the DagBag from /home/airflow/.local/lib/python3.12/site-packages/airflow/example_dags/example_latest_only_with_trigger.py
[2025-04-06T04:15:54.619+0000] {processor.py:925} INFO - DAG(s) 'latest_only_with_trigger' retrieved from /home/airflow/.local/lib/python3.12/site-packages/airflow/example_dags/example_latest_only_with_trigger.py
[2025-04-06T04:15:54.641+0000] {logging_mixin.py:190} INFO - [2025-04-06T04:15:54.641+0000] {dag.py:3239} INFO - Sync 1 DAGs
[2025-04-06T04:15:54.666+0000] {logging_mixin.py:190} INFO - [2025-04-06T04:15:54.666+0000] {dag.py:4180} INFO - Setting next_dagrun for latest_only_with_trigger to 2025-04-06 00:00:00+00:00, run_after=2025-04-06 04:00:00+00:00
[2025-04-06T04:15:54.691+0000] {processor.py:208} INFO - Processing /home/airflow/.local/lib/python3.12/site-packages/airflow/example_dags/example_latest_only_with_trigger.py took 0.091 seconds
[2025-04-06T04:16:25.270+0000] {processor.py:186} INFO - Started process (PID=2770) to work on /home/airflow/.local/lib/python3.12/site-packages/airflow/example_dags/example_latest_only_with_trigger.py
[2025-04-06T04:16:25.272+0000] {processor.py:914} INFO - Processing file /home/airflow/.local/lib/python3.12/site-packages/airflow/example_dags/example_latest_only_with_trigger.py for tasks to queue
[2025-04-06T04:16:25.274+0000] {logging_mixin.py:190} INFO - [2025-04-06T04:16:25.273+0000] {dagbag.py:588} INFO - Filling up the DagBag from /home/airflow/.local/lib/python3.12/site-packages/airflow/example_dags/example_latest_only_with_trigger.py
[2025-04-06T04:16:25.280+0000] {processor.py:925} INFO - DAG(s) 'latest_only_with_trigger' retrieved from /home/airflow/.local/lib/python3.12/site-packages/airflow/example_dags/example_latest_only_with_trigger.py
[2025-04-06T04:16:25.301+0000] {logging_mixin.py:190} INFO - [2025-04-06T04:16:25.301+0000] {dag.py:3239} INFO - Sync 1 DAGs
[2025-04-06T04:16:25.319+0000] {logging_mixin.py:190} INFO - [2025-04-06T04:16:25.319+0000] {dag.py:4180} INFO - Setting next_dagrun for latest_only_with_trigger to 2025-04-06 00:00:00+00:00, run_after=2025-04-06 04:00:00+00:00
[2025-04-06T04:16:25.342+0000] {processor.py:208} INFO - Processing /home/airflow/.local/lib/python3.12/site-packages/airflow/example_dags/example_latest_only_with_trigger.py took 0.076 seconds
[2025-04-06T04:16:55.958+0000] {processor.py:186} INFO - Started process (PID=2833) to work on /home/airflow/.local/lib/python3.12/site-packages/airflow/example_dags/example_latest_only_with_trigger.py
[2025-04-06T04:16:55.964+0000] {processor.py:914} INFO - Processing file /home/airflow/.local/lib/python3.12/site-packages/airflow/example_dags/example_latest_only_with_trigger.py for tasks to queue
[2025-04-06T04:16:55.967+0000] {logging_mixin.py:190} INFO - [2025-04-06T04:16:55.966+0000] {dagbag.py:588} INFO - Filling up the DagBag from /home/airflow/.local/lib/python3.12/site-packages/airflow/example_dags/example_latest_only_with_trigger.py
[2025-04-06T04:16:55.975+0000] {processor.py:925} INFO - DAG(s) 'latest_only_with_trigger' retrieved from /home/airflow/.local/lib/python3.12/site-packages/airflow/example_dags/example_latest_only_with_trigger.py
[2025-04-06T04:16:56.001+0000] {logging_mixin.py:190} INFO - [2025-04-06T04:16:56.001+0000] {dag.py:3239} INFO - Sync 1 DAGs
[2025-04-06T04:16:56.037+0000] {logging_mixin.py:190} INFO - [2025-04-06T04:16:56.036+0000] {dag.py:4180} INFO - Setting next_dagrun for latest_only_with_trigger to 2025-04-06 00:00:00+00:00, run_after=2025-04-06 04:00:00+00:00
[2025-04-06T04:16:56.060+0000] {processor.py:208} INFO - Processing /home/airflow/.local/lib/python3.12/site-packages/airflow/example_dags/example_latest_only_with_trigger.py took 0.108 seconds
[2025-04-06T04:17:26.501+0000] {processor.py:186} INFO - Started process (PID=2896) to work on /home/airflow/.local/lib/python3.12/site-packages/airflow/example_dags/example_latest_only_with_trigger.py
[2025-04-06T04:17:26.502+0000] {processor.py:914} INFO - Processing file /home/airflow/.local/lib/python3.12/site-packages/airflow/example_dags/example_latest_only_with_trigger.py for tasks to queue
[2025-04-06T04:17:26.503+0000] {logging_mixin.py:190} INFO - [2025-04-06T04:17:26.503+0000] {dagbag.py:588} INFO - Filling up the DagBag from /home/airflow/.local/lib/python3.12/site-packages/airflow/example_dags/example_latest_only_with_trigger.py
[2025-04-06T04:17:26.509+0000] {processor.py:925} INFO - DAG(s) 'latest_only_with_trigger' retrieved from /home/airflow/.local/lib/python3.12/site-packages/airflow/example_dags/example_latest_only_with_trigger.py
[2025-04-06T04:17:26.528+0000] {logging_mixin.py:190} INFO - [2025-04-06T04:17:26.528+0000] {dag.py:3239} INFO - Sync 1 DAGs
[2025-04-06T04:17:26.546+0000] {logging_mixin.py:190} INFO - [2025-04-06T04:17:26.545+0000] {dag.py:4180} INFO - Setting next_dagrun for latest_only_with_trigger to 2025-04-06 00:00:00+00:00, run_after=2025-04-06 04:00:00+00:00
[2025-04-06T04:17:26.566+0000] {processor.py:208} INFO - Processing /home/airflow/.local/lib/python3.12/site-packages/airflow/example_dags/example_latest_only_with_trigger.py took 0.071 seconds
[2025-04-06T04:17:57.119+0000] {processor.py:186} INFO - Started process (PID=2959) to work on /home/airflow/.local/lib/python3.12/site-packages/airflow/example_dags/example_latest_only_with_trigger.py
[2025-04-06T04:17:57.120+0000] {processor.py:914} INFO - Processing file /home/airflow/.local/lib/python3.12/site-packages/airflow/example_dags/example_latest_only_with_trigger.py for tasks to queue
[2025-04-06T04:17:57.122+0000] {logging_mixin.py:190} INFO - [2025-04-06T04:17:57.122+0000] {dagbag.py:588} INFO - Filling up the DagBag from /home/airflow/.local/lib/python3.12/site-packages/airflow/example_dags/example_latest_only_with_trigger.py
[2025-04-06T04:17:57.127+0000] {processor.py:925} INFO - DAG(s) 'latest_only_with_trigger' retrieved from /home/airflow/.local/lib/python3.12/site-packages/airflow/example_dags/example_latest_only_with_trigger.py
[2025-04-06T04:17:57.146+0000] {logging_mixin.py:190} INFO - [2025-04-06T04:17:57.146+0000] {dag.py:3239} INFO - Sync 1 DAGs
[2025-04-06T04:17:57.163+0000] {logging_mixin.py:190} INFO - [2025-04-06T04:17:57.163+0000] {dag.py:4180} INFO - Setting next_dagrun for latest_only_with_trigger to 2025-04-06 00:00:00+00:00, run_after=2025-04-06 04:00:00+00:00
[2025-04-06T04:17:57.181+0000] {processor.py:208} INFO - Processing /home/airflow/.local/lib/python3.12/site-packages/airflow/example_dags/example_latest_only_with_trigger.py took 0.068 seconds
[2025-04-06T04:18:27.215+0000] {processor.py:186} INFO - Started process (PID=3022) to work on /home/airflow/.local/lib/python3.12/site-packages/airflow/example_dags/example_latest_only_with_trigger.py
[2025-04-06T04:18:27.223+0000] {processor.py:914} INFO - Processing file /home/airflow/.local/lib/python3.12/site-packages/airflow/example_dags/example_latest_only_with_trigger.py for tasks to queue
[2025-04-06T04:18:27.224+0000] {logging_mixin.py:190} INFO - [2025-04-06T04:18:27.224+0000] {dagbag.py:588} INFO - Filling up the DagBag from /home/airflow/.local/lib/python3.12/site-packages/airflow/example_dags/example_latest_only_with_trigger.py
[2025-04-06T04:18:27.230+0000] {processor.py:925} INFO - DAG(s) 'latest_only_with_trigger' retrieved from /home/airflow/.local/lib/python3.12/site-packages/airflow/example_dags/example_latest_only_with_trigger.py
[2025-04-06T04:18:27.253+0000] {logging_mixin.py:190} INFO - [2025-04-06T04:18:27.253+0000] {dag.py:3239} INFO - Sync 1 DAGs
[2025-04-06T04:18:27.272+0000] {logging_mixin.py:190} INFO - [2025-04-06T04:18:27.272+0000] {dag.py:4180} INFO - Setting next_dagrun for latest_only_with_trigger to 2025-04-06 00:00:00+00:00, run_after=2025-04-06 04:00:00+00:00
[2025-04-06T04:18:27.303+0000] {processor.py:208} INFO - Processing /home/airflow/.local/lib/python3.12/site-packages/airflow/example_dags/example_latest_only_with_trigger.py took 0.092 seconds
[2025-04-06T04:18:57.598+0000] {processor.py:186} INFO - Started process (PID=3085) to work on /home/airflow/.local/lib/python3.12/site-packages/airflow/example_dags/example_latest_only_with_trigger.py
[2025-04-06T04:18:57.599+0000] {processor.py:914} INFO - Processing file /home/airflow/.local/lib/python3.12/site-packages/airflow/example_dags/example_latest_only_with_trigger.py for tasks to queue
[2025-04-06T04:18:57.601+0000] {logging_mixin.py:190} INFO - [2025-04-06T04:18:57.601+0000] {dagbag.py:588} INFO - Filling up the DagBag from /home/airflow/.local/lib/python3.12/site-packages/airflow/example_dags/example_latest_only_with_trigger.py
[2025-04-06T04:18:57.607+0000] {processor.py:925} INFO - DAG(s) 'latest_only_with_trigger' retrieved from /home/airflow/.local/lib/python3.12/site-packages/airflow/example_dags/example_latest_only_with_trigger.py
[2025-04-06T04:18:57.631+0000] {logging_mixin.py:190} INFO - [2025-04-06T04:18:57.631+0000] {dag.py:3239} INFO - Sync 1 DAGs
[2025-04-06T04:18:57.650+0000] {logging_mixin.py:190} INFO - [2025-04-06T04:18:57.650+0000] {dag.py:4180} INFO - Setting next_dagrun for latest_only_with_trigger to 2025-04-06 00:00:00+00:00, run_after=2025-04-06 04:00:00+00:00
[2025-04-06T04:18:57.674+0000] {processor.py:208} INFO - Processing /home/airflow/.local/lib/python3.12/site-packages/airflow/example_dags/example_latest_only_with_trigger.py took 0.082 seconds
[2025-04-06T04:19:27.833+0000] {processor.py:186} INFO - Started process (PID=3147) to work on /home/airflow/.local/lib/python3.12/site-packages/airflow/example_dags/example_latest_only_with_trigger.py
[2025-04-06T04:19:27.835+0000] {processor.py:914} INFO - Processing file /home/airflow/.local/lib/python3.12/site-packages/airflow/example_dags/example_latest_only_with_trigger.py for tasks to queue
[2025-04-06T04:19:27.836+0000] {logging_mixin.py:190} INFO - [2025-04-06T04:19:27.836+0000] {dagbag.py:588} INFO - Filling up the DagBag from /home/airflow/.local/lib/python3.12/site-packages/airflow/example_dags/example_latest_only_with_trigger.py
[2025-04-06T04:19:27.842+0000] {processor.py:925} INFO - DAG(s) 'latest_only_with_trigger' retrieved from /home/airflow/.local/lib/python3.12/site-packages/airflow/example_dags/example_latest_only_with_trigger.py
[2025-04-06T04:19:27.863+0000] {logging_mixin.py:190} INFO - [2025-04-06T04:19:27.863+0000] {dag.py:3239} INFO - Sync 1 DAGs
[2025-04-06T04:19:27.885+0000] {logging_mixin.py:190} INFO - [2025-04-06T04:19:27.885+0000] {dag.py:4180} INFO - Setting next_dagrun for latest_only_with_trigger to 2025-04-06 00:00:00+00:00, run_after=2025-04-06 04:00:00+00:00
[2025-04-06T04:19:27.909+0000] {processor.py:208} INFO - Processing /home/airflow/.local/lib/python3.12/site-packages/airflow/example_dags/example_latest_only_with_trigger.py took 0.081 seconds
[2025-04-06T04:19:58.029+0000] {processor.py:186} INFO - Started process (PID=3210) to work on /home/airflow/.local/lib/python3.12/site-packages/airflow/example_dags/example_latest_only_with_trigger.py
[2025-04-06T04:19:58.031+0000] {processor.py:914} INFO - Processing file /home/airflow/.local/lib/python3.12/site-packages/airflow/example_dags/example_latest_only_with_trigger.py for tasks to queue
[2025-04-06T04:19:58.033+0000] {logging_mixin.py:190} INFO - [2025-04-06T04:19:58.032+0000] {dagbag.py:588} INFO - Filling up the DagBag from /home/airflow/.local/lib/python3.12/site-packages/airflow/example_dags/example_latest_only_with_trigger.py
[2025-04-06T04:19:58.039+0000] {processor.py:925} INFO - DAG(s) 'latest_only_with_trigger' retrieved from /home/airflow/.local/lib/python3.12/site-packages/airflow/example_dags/example_latest_only_with_trigger.py
[2025-04-06T04:19:58.063+0000] {logging_mixin.py:190} INFO - [2025-04-06T04:19:58.063+0000] {dag.py:3239} INFO - Sync 1 DAGs
[2025-04-06T04:19:58.086+0000] {logging_mixin.py:190} INFO - [2025-04-06T04:19:58.086+0000] {dag.py:4180} INFO - Setting next_dagrun for latest_only_with_trigger to 2025-04-06 00:00:00+00:00, run_after=2025-04-06 04:00:00+00:00
[2025-04-06T04:19:58.110+0000] {processor.py:208} INFO - Processing /home/airflow/.local/lib/python3.12/site-packages/airflow/example_dags/example_latest_only_with_trigger.py took 0.087 seconds
[2025-04-06T04:20:28.583+0000] {processor.py:186} INFO - Started process (PID=3273) to work on /home/airflow/.local/lib/python3.12/site-packages/airflow/example_dags/example_latest_only_with_trigger.py
[2025-04-06T04:20:28.593+0000] {processor.py:914} INFO - Processing file /home/airflow/.local/lib/python3.12/site-packages/airflow/example_dags/example_latest_only_with_trigger.py for tasks to queue
[2025-04-06T04:20:28.595+0000] {logging_mixin.py:190} INFO - [2025-04-06T04:20:28.595+0000] {dagbag.py:588} INFO - Filling up the DagBag from /home/airflow/.local/lib/python3.12/site-packages/airflow/example_dags/example_latest_only_with_trigger.py
[2025-04-06T04:20:28.610+0000] {processor.py:925} INFO - DAG(s) 'latest_only_with_trigger' retrieved from /home/airflow/.local/lib/python3.12/site-packages/airflow/example_dags/example_latest_only_with_trigger.py
[2025-04-06T04:20:28.635+0000] {logging_mixin.py:190} INFO - [2025-04-06T04:20:28.635+0000] {dag.py:3239} INFO - Sync 1 DAGs
[2025-04-06T04:20:28.677+0000] {logging_mixin.py:190} INFO - [2025-04-06T04:20:28.677+0000] {dag.py:4180} INFO - Setting next_dagrun for latest_only_with_trigger to 2025-04-06 00:00:00+00:00, run_after=2025-04-06 04:00:00+00:00
[2025-04-06T04:20:28.740+0000] {processor.py:208} INFO - Processing /home/airflow/.local/lib/python3.12/site-packages/airflow/example_dags/example_latest_only_with_trigger.py took 0.163 seconds
[2025-04-06T04:20:59.385+0000] {processor.py:186} INFO - Started process (PID=3336) to work on /home/airflow/.local/lib/python3.12/site-packages/airflow/example_dags/example_latest_only_with_trigger.py
[2025-04-06T04:20:59.386+0000] {processor.py:914} INFO - Processing file /home/airflow/.local/lib/python3.12/site-packages/airflow/example_dags/example_latest_only_with_trigger.py for tasks to queue
[2025-04-06T04:20:59.389+0000] {logging_mixin.py:190} INFO - [2025-04-06T04:20:59.389+0000] {dagbag.py:588} INFO - Filling up the DagBag from /home/airflow/.local/lib/python3.12/site-packages/airflow/example_dags/example_latest_only_with_trigger.py
[2025-04-06T04:20:59.399+0000] {processor.py:925} INFO - DAG(s) 'latest_only_with_trigger' retrieved from /home/airflow/.local/lib/python3.12/site-packages/airflow/example_dags/example_latest_only_with_trigger.py
[2025-04-06T04:20:59.420+0000] {logging_mixin.py:190} INFO - [2025-04-06T04:20:59.420+0000] {dag.py:3239} INFO - Sync 1 DAGs
[2025-04-06T04:20:59.441+0000] {logging_mixin.py:190} INFO - [2025-04-06T04:20:59.441+0000] {dag.py:4180} INFO - Setting next_dagrun for latest_only_with_trigger to 2025-04-06 00:00:00+00:00, run_after=2025-04-06 04:00:00+00:00
[2025-04-06T04:20:59.465+0000] {processor.py:208} INFO - Processing /home/airflow/.local/lib/python3.12/site-packages/airflow/example_dags/example_latest_only_with_trigger.py took 0.087 seconds
[2025-04-06T04:21:29.615+0000] {processor.py:186} INFO - Started process (PID=3399) to work on /home/airflow/.local/lib/python3.12/site-packages/airflow/example_dags/example_latest_only_with_trigger.py
[2025-04-06T04:21:29.617+0000] {processor.py:914} INFO - Processing file /home/airflow/.local/lib/python3.12/site-packages/airflow/example_dags/example_latest_only_with_trigger.py for tasks to queue
[2025-04-06T04:21:29.619+0000] {logging_mixin.py:190} INFO - [2025-04-06T04:21:29.619+0000] {dagbag.py:588} INFO - Filling up the DagBag from /home/airflow/.local/lib/python3.12/site-packages/airflow/example_dags/example_latest_only_with_trigger.py
[2025-04-06T04:21:29.626+0000] {processor.py:925} INFO - DAG(s) 'latest_only_with_trigger' retrieved from /home/airflow/.local/lib/python3.12/site-packages/airflow/example_dags/example_latest_only_with_trigger.py
[2025-04-06T04:21:29.647+0000] {logging_mixin.py:190} INFO - [2025-04-06T04:21:29.647+0000] {dag.py:3239} INFO - Sync 1 DAGs
[2025-04-06T04:21:29.670+0000] {logging_mixin.py:190} INFO - [2025-04-06T04:21:29.670+0000] {dag.py:4180} INFO - Setting next_dagrun for latest_only_with_trigger to 2025-04-06 00:00:00+00:00, run_after=2025-04-06 04:00:00+00:00
[2025-04-06T04:21:29.688+0000] {processor.py:208} INFO - Processing /home/airflow/.local/lib/python3.12/site-packages/airflow/example_dags/example_latest_only_with_trigger.py took 0.079 seconds
[2025-04-06T04:21:59.941+0000] {processor.py:186} INFO - Started process (PID=3462) to work on /home/airflow/.local/lib/python3.12/site-packages/airflow/example_dags/example_latest_only_with_trigger.py
[2025-04-06T04:21:59.949+0000] {processor.py:914} INFO - Processing file /home/airflow/.local/lib/python3.12/site-packages/airflow/example_dags/example_latest_only_with_trigger.py for tasks to queue
[2025-04-06T04:21:59.951+0000] {logging_mixin.py:190} INFO - [2025-04-06T04:21:59.951+0000] {dagbag.py:588} INFO - Filling up the DagBag from /home/airflow/.local/lib/python3.12/site-packages/airflow/example_dags/example_latest_only_with_trigger.py
[2025-04-06T04:21:59.958+0000] {processor.py:925} INFO - DAG(s) 'latest_only_with_trigger' retrieved from /home/airflow/.local/lib/python3.12/site-packages/airflow/example_dags/example_latest_only_with_trigger.py
[2025-04-06T04:21:59.977+0000] {logging_mixin.py:190} INFO - [2025-04-06T04:21:59.976+0000] {dag.py:3239} INFO - Sync 1 DAGs
[2025-04-06T04:21:59.996+0000] {logging_mixin.py:190} INFO - [2025-04-06T04:21:59.996+0000] {dag.py:4180} INFO - Setting next_dagrun for latest_only_with_trigger to 2025-04-06 00:00:00+00:00, run_after=2025-04-06 04:00:00+00:00
[2025-04-06T04:22:00.017+0000] {processor.py:208} INFO - Processing /home/airflow/.local/lib/python3.12/site-packages/airflow/example_dags/example_latest_only_with_trigger.py took 0.082 seconds
[2025-04-06T04:22:30.078+0000] {processor.py:186} INFO - Started process (PID=3525) to work on /home/airflow/.local/lib/python3.12/site-packages/airflow/example_dags/example_latest_only_with_trigger.py
[2025-04-06T04:22:30.079+0000] {processor.py:914} INFO - Processing file /home/airflow/.local/lib/python3.12/site-packages/airflow/example_dags/example_latest_only_with_trigger.py for tasks to queue
[2025-04-06T04:22:30.083+0000] {logging_mixin.py:190} INFO - [2025-04-06T04:22:30.082+0000] {dagbag.py:588} INFO - Filling up the DagBag from /home/airflow/.local/lib/python3.12/site-packages/airflow/example_dags/example_latest_only_with_trigger.py
[2025-04-06T04:22:30.092+0000] {processor.py:925} INFO - DAG(s) 'latest_only_with_trigger' retrieved from /home/airflow/.local/lib/python3.12/site-packages/airflow/example_dags/example_latest_only_with_trigger.py
[2025-04-06T04:22:30.119+0000] {logging_mixin.py:190} INFO - [2025-04-06T04:22:30.119+0000] {dag.py:3239} INFO - Sync 1 DAGs
[2025-04-06T04:22:30.147+0000] {logging_mixin.py:190} INFO - [2025-04-06T04:22:30.146+0000] {dag.py:4180} INFO - Setting next_dagrun for latest_only_with_trigger to 2025-04-06 00:00:00+00:00, run_after=2025-04-06 04:00:00+00:00
[2025-04-06T04:22:30.169+0000] {processor.py:208} INFO - Processing /home/airflow/.local/lib/python3.12/site-packages/airflow/example_dags/example_latest_only_with_trigger.py took 0.097 seconds
[2025-04-06T04:23:01.138+0000] {processor.py:186} INFO - Started process (PID=3588) to work on /home/airflow/.local/lib/python3.12/site-packages/airflow/example_dags/example_latest_only_with_trigger.py
[2025-04-06T04:23:01.139+0000] {processor.py:914} INFO - Processing file /home/airflow/.local/lib/python3.12/site-packages/airflow/example_dags/example_latest_only_with_trigger.py for tasks to queue
[2025-04-06T04:23:01.142+0000] {logging_mixin.py:190} INFO - [2025-04-06T04:23:01.142+0000] {dagbag.py:588} INFO - Filling up the DagBag from /home/airflow/.local/lib/python3.12/site-packages/airflow/example_dags/example_latest_only_with_trigger.py
[2025-04-06T04:23:01.151+0000] {processor.py:925} INFO - DAG(s) 'latest_only_with_trigger' retrieved from /home/airflow/.local/lib/python3.12/site-packages/airflow/example_dags/example_latest_only_with_trigger.py
[2025-04-06T04:23:01.169+0000] {logging_mixin.py:190} INFO - [2025-04-06T04:23:01.169+0000] {dag.py:3239} INFO - Sync 1 DAGs
[2025-04-06T04:23:01.189+0000] {logging_mixin.py:190} INFO - [2025-04-06T04:23:01.189+0000] {dag.py:4180} INFO - Setting next_dagrun for latest_only_with_trigger to 2025-04-06 00:00:00+00:00, run_after=2025-04-06 04:00:00+00:00
[2025-04-06T04:23:01.206+0000] {processor.py:208} INFO - Processing /home/airflow/.local/lib/python3.12/site-packages/airflow/example_dags/example_latest_only_with_trigger.py took 0.074 seconds
[2025-04-06T04:23:31.756+0000] {processor.py:186} INFO - Started process (PID=3651) to work on /home/airflow/.local/lib/python3.12/site-packages/airflow/example_dags/example_latest_only_with_trigger.py
[2025-04-06T04:23:31.763+0000] {processor.py:914} INFO - Processing file /home/airflow/.local/lib/python3.12/site-packages/airflow/example_dags/example_latest_only_with_trigger.py for tasks to queue
[2025-04-06T04:23:31.765+0000] {logging_mixin.py:190} INFO - [2025-04-06T04:23:31.765+0000] {dagbag.py:588} INFO - Filling up the DagBag from /home/airflow/.local/lib/python3.12/site-packages/airflow/example_dags/example_latest_only_with_trigger.py
[2025-04-06T04:23:31.774+0000] {processor.py:925} INFO - DAG(s) 'latest_only_with_trigger' retrieved from /home/airflow/.local/lib/python3.12/site-packages/airflow/example_dags/example_latest_only_with_trigger.py
[2025-04-06T04:23:31.795+0000] {logging_mixin.py:190} INFO - [2025-04-06T04:23:31.795+0000] {dag.py:3239} INFO - Sync 1 DAGs
[2025-04-06T04:23:31.970+0000] {logging_mixin.py:190} INFO - [2025-04-06T04:23:31.970+0000] {dag.py:4180} INFO - Setting next_dagrun for latest_only_with_trigger to 2025-04-06 00:00:00+00:00, run_after=2025-04-06 04:00:00+00:00
[2025-04-06T04:23:31.990+0000] {processor.py:208} INFO - Processing /home/airflow/.local/lib/python3.12/site-packages/airflow/example_dags/example_latest_only_with_trigger.py took 0.241 seconds
[2025-04-06T04:24:02.145+0000] {processor.py:186} INFO - Started process (PID=3714) to work on /home/airflow/.local/lib/python3.12/site-packages/airflow/example_dags/example_latest_only_with_trigger.py
[2025-04-06T04:24:02.153+0000] {processor.py:914} INFO - Processing file /home/airflow/.local/lib/python3.12/site-packages/airflow/example_dags/example_latest_only_with_trigger.py for tasks to queue
[2025-04-06T04:24:02.155+0000] {logging_mixin.py:190} INFO - [2025-04-06T04:24:02.155+0000] {dagbag.py:588} INFO - Filling up the DagBag from /home/airflow/.local/lib/python3.12/site-packages/airflow/example_dags/example_latest_only_with_trigger.py
[2025-04-06T04:24:02.160+0000] {processor.py:925} INFO - DAG(s) 'latest_only_with_trigger' retrieved from /home/airflow/.local/lib/python3.12/site-packages/airflow/example_dags/example_latest_only_with_trigger.py
[2025-04-06T04:24:02.180+0000] {logging_mixin.py:190} INFO - [2025-04-06T04:24:02.180+0000] {dag.py:3239} INFO - Sync 1 DAGs
[2025-04-06T04:24:02.334+0000] {logging_mixin.py:190} INFO - [2025-04-06T04:24:02.334+0000] {dag.py:4180} INFO - Setting next_dagrun for latest_only_with_trigger to 2025-04-06 00:00:00+00:00, run_after=2025-04-06 04:00:00+00:00
[2025-04-06T04:24:02.358+0000] {processor.py:208} INFO - Processing /home/airflow/.local/lib/python3.12/site-packages/airflow/example_dags/example_latest_only_with_trigger.py took 0.219 seconds
[2025-04-06T04:24:33.010+0000] {processor.py:186} INFO - Started process (PID=3777) to work on /home/airflow/.local/lib/python3.12/site-packages/airflow/example_dags/example_latest_only_with_trigger.py
[2025-04-06T04:24:33.011+0000] {processor.py:914} INFO - Processing file /home/airflow/.local/lib/python3.12/site-packages/airflow/example_dags/example_latest_only_with_trigger.py for tasks to queue
[2025-04-06T04:24:33.013+0000] {logging_mixin.py:190} INFO - [2025-04-06T04:24:33.013+0000] {dagbag.py:588} INFO - Filling up the DagBag from /home/airflow/.local/lib/python3.12/site-packages/airflow/example_dags/example_latest_only_with_trigger.py
[2025-04-06T04:24:33.020+0000] {processor.py:925} INFO - DAG(s) 'latest_only_with_trigger' retrieved from /home/airflow/.local/lib/python3.12/site-packages/airflow/example_dags/example_latest_only_with_trigger.py
[2025-04-06T04:24:33.043+0000] {logging_mixin.py:190} INFO - [2025-04-06T04:24:33.042+0000] {dag.py:3239} INFO - Sync 1 DAGs
[2025-04-06T04:24:33.063+0000] {logging_mixin.py:190} INFO - [2025-04-06T04:24:33.063+0000] {dag.py:4180} INFO - Setting next_dagrun for latest_only_with_trigger to 2025-04-06 00:00:00+00:00, run_after=2025-04-06 04:00:00+00:00
[2025-04-06T04:24:33.088+0000] {processor.py:208} INFO - Processing /home/airflow/.local/lib/python3.12/site-packages/airflow/example_dags/example_latest_only_with_trigger.py took 0.084 seconds
[2025-04-06T04:25:03.609+0000] {processor.py:186} INFO - Started process (PID=3840) to work on /home/airflow/.local/lib/python3.12/site-packages/airflow/example_dags/example_latest_only_with_trigger.py
[2025-04-06T04:25:03.610+0000] {processor.py:914} INFO - Processing file /home/airflow/.local/lib/python3.12/site-packages/airflow/example_dags/example_latest_only_with_trigger.py for tasks to queue
[2025-04-06T04:25:03.612+0000] {logging_mixin.py:190} INFO - [2025-04-06T04:25:03.612+0000] {dagbag.py:588} INFO - Filling up the DagBag from /home/airflow/.local/lib/python3.12/site-packages/airflow/example_dags/example_latest_only_with_trigger.py
[2025-04-06T04:25:03.621+0000] {processor.py:925} INFO - DAG(s) 'latest_only_with_trigger' retrieved from /home/airflow/.local/lib/python3.12/site-packages/airflow/example_dags/example_latest_only_with_trigger.py
[2025-04-06T04:25:03.641+0000] {logging_mixin.py:190} INFO - [2025-04-06T04:25:03.641+0000] {dag.py:3239} INFO - Sync 1 DAGs
[2025-04-06T04:25:03.659+0000] {logging_mixin.py:190} INFO - [2025-04-06T04:25:03.659+0000] {dag.py:4180} INFO - Setting next_dagrun for latest_only_with_trigger to 2025-04-06 00:00:00+00:00, run_after=2025-04-06 04:00:00+00:00
[2025-04-06T04:25:03.680+0000] {processor.py:208} INFO - Processing /home/airflow/.local/lib/python3.12/site-packages/airflow/example_dags/example_latest_only_with_trigger.py took 0.078 seconds
[2025-04-06T04:25:34.152+0000] {processor.py:186} INFO - Started process (PID=3903) to work on /home/airflow/.local/lib/python3.12/site-packages/airflow/example_dags/example_latest_only_with_trigger.py
[2025-04-06T04:25:34.158+0000] {processor.py:914} INFO - Processing file /home/airflow/.local/lib/python3.12/site-packages/airflow/example_dags/example_latest_only_with_trigger.py for tasks to queue
[2025-04-06T04:25:34.161+0000] {logging_mixin.py:190} INFO - [2025-04-06T04:25:34.160+0000] {dagbag.py:588} INFO - Filling up the DagBag from /home/airflow/.local/lib/python3.12/site-packages/airflow/example_dags/example_latest_only_with_trigger.py
[2025-04-06T04:25:34.166+0000] {processor.py:925} INFO - DAG(s) 'latest_only_with_trigger' retrieved from /home/airflow/.local/lib/python3.12/site-packages/airflow/example_dags/example_latest_only_with_trigger.py
[2025-04-06T04:25:34.190+0000] {logging_mixin.py:190} INFO - [2025-04-06T04:25:34.190+0000] {dag.py:3239} INFO - Sync 1 DAGs
[2025-04-06T04:25:34.213+0000] {logging_mixin.py:190} INFO - [2025-04-06T04:25:34.213+0000] {dag.py:4180} INFO - Setting next_dagrun for latest_only_with_trigger to 2025-04-06 00:00:00+00:00, run_after=2025-04-06 04:00:00+00:00
[2025-04-06T04:25:34.237+0000] {processor.py:208} INFO - Processing /home/airflow/.local/lib/python3.12/site-packages/airflow/example_dags/example_latest_only_with_trigger.py took 0.090 seconds
[2025-04-06T04:26:04.343+0000] {processor.py:186} INFO - Started process (PID=3966) to work on /home/airflow/.local/lib/python3.12/site-packages/airflow/example_dags/example_latest_only_with_trigger.py
[2025-04-06T04:26:04.344+0000] {processor.py:914} INFO - Processing file /home/airflow/.local/lib/python3.12/site-packages/airflow/example_dags/example_latest_only_with_trigger.py for tasks to queue
[2025-04-06T04:26:04.346+0000] {logging_mixin.py:190} INFO - [2025-04-06T04:26:04.346+0000] {dagbag.py:588} INFO - Filling up the DagBag from /home/airflow/.local/lib/python3.12/site-packages/airflow/example_dags/example_latest_only_with_trigger.py
[2025-04-06T04:26:04.352+0000] {processor.py:925} INFO - DAG(s) 'latest_only_with_trigger' retrieved from /home/airflow/.local/lib/python3.12/site-packages/airflow/example_dags/example_latest_only_with_trigger.py
[2025-04-06T04:26:04.372+0000] {logging_mixin.py:190} INFO - [2025-04-06T04:26:04.372+0000] {dag.py:3239} INFO - Sync 1 DAGs
[2025-04-06T04:26:04.398+0000] {logging_mixin.py:190} INFO - [2025-04-06T04:26:04.397+0000] {dag.py:4180} INFO - Setting next_dagrun for latest_only_with_trigger to 2025-04-06 00:00:00+00:00, run_after=2025-04-06 04:00:00+00:00
[2025-04-06T04:26:04.430+0000] {processor.py:208} INFO - Processing /home/airflow/.local/lib/python3.12/site-packages/airflow/example_dags/example_latest_only_with_trigger.py took 0.095 seconds
