[2025-04-06T04:09:04.273+0000] {processor.py:186} INFO - Started process (PID=1851) to work on /home/airflow/.local/lib/python3.12/site-packages/airflow/example_dags/example_complex.py
[2025-04-06T04:09:04.274+0000] {processor.py:914} INFO - Processing file /home/airflow/.local/lib/python3.12/site-packages/airflow/example_dags/example_complex.py for tasks to queue
[2025-04-06T04:09:04.305+0000] {logging_mixin.py:190} INFO - [2025-04-06T04:09:04.305+0000] {dagbag.py:588} INFO - Filling up the DagBag from /home/airflow/.local/lib/python3.12/site-packages/airflow/example_dags/example_complex.py
[2025-04-06T04:09:04.370+0000] {processor.py:925} INFO - DAG(s) 'example_complex' retrieved from /home/airflow/.local/lib/python3.12/site-packages/airflow/example_dags/example_complex.py
[2025-04-06T04:09:04.498+0000] {logging_mixin.py:190} INFO - [2025-04-06T04:09:04.498+0000] {dag.py:3239} INFO - Sync 1 DAGs
[2025-04-06T04:09:04.554+0000] {logging_mixin.py:190} INFO - [2025-04-06T04:09:04.544+0000] {dag.py:4180} INFO - Setting next_dagrun for example_complex to None, run_after=None
[2025-04-06T04:09:04.656+0000] {processor.py:208} INFO - Processing /home/airflow/.local/lib/python3.12/site-packages/airflow/example_dags/example_complex.py took 0.411 seconds
[2025-04-06T04:09:35.295+0000] {processor.py:186} INFO - Started process (PID=1914) to work on /home/airflow/.local/lib/python3.12/site-packages/airflow/example_dags/example_complex.py
[2025-04-06T04:09:35.296+0000] {processor.py:914} INFO - Processing file /home/airflow/.local/lib/python3.12/site-packages/airflow/example_dags/example_complex.py for tasks to queue
[2025-04-06T04:09:35.298+0000] {logging_mixin.py:190} INFO - [2025-04-06T04:09:35.297+0000] {dagbag.py:588} INFO - Filling up the DagBag from /home/airflow/.local/lib/python3.12/site-packages/airflow/example_dags/example_complex.py
[2025-04-06T04:09:35.308+0000] {processor.py:925} INFO - DAG(s) 'example_complex' retrieved from /home/airflow/.local/lib/python3.12/site-packages/airflow/example_dags/example_complex.py
[2025-04-06T04:09:35.338+0000] {logging_mixin.py:190} INFO - [2025-04-06T04:09:35.338+0000] {dag.py:3239} INFO - Sync 1 DAGs
[2025-04-06T04:09:35.353+0000] {logging_mixin.py:190} INFO - [2025-04-06T04:09:35.353+0000] {dag.py:4180} INFO - Setting next_dagrun for example_complex to None, run_after=None
[2025-04-06T04:09:35.373+0000] {processor.py:208} INFO - Processing /home/airflow/.local/lib/python3.12/site-packages/airflow/example_dags/example_complex.py took 0.083 seconds
[2025-04-06T04:10:05.526+0000] {processor.py:186} INFO - Started process (PID=1977) to work on /home/airflow/.local/lib/python3.12/site-packages/airflow/example_dags/example_complex.py
[2025-04-06T04:10:05.528+0000] {processor.py:914} INFO - Processing file /home/airflow/.local/lib/python3.12/site-packages/airflow/example_dags/example_complex.py for tasks to queue
[2025-04-06T04:10:05.530+0000] {logging_mixin.py:190} INFO - [2025-04-06T04:10:05.530+0000] {dagbag.py:588} INFO - Filling up the DagBag from /home/airflow/.local/lib/python3.12/site-packages/airflow/example_dags/example_complex.py
[2025-04-06T04:10:05.546+0000] {processor.py:925} INFO - DAG(s) 'example_complex' retrieved from /home/airflow/.local/lib/python3.12/site-packages/airflow/example_dags/example_complex.py
[2025-04-06T04:10:05.591+0000] {logging_mixin.py:190} INFO - [2025-04-06T04:10:05.591+0000] {dag.py:3239} INFO - Sync 1 DAGs
[2025-04-06T04:10:05.607+0000] {logging_mixin.py:190} INFO - [2025-04-06T04:10:05.607+0000] {dag.py:4180} INFO - Setting next_dagrun for example_complex to None, run_after=None
[2025-04-06T04:10:05.633+0000] {processor.py:208} INFO - Processing /home/airflow/.local/lib/python3.12/site-packages/airflow/example_dags/example_complex.py took 0.113 seconds
[2025-04-06T04:10:36.356+0000] {processor.py:186} INFO - Started process (PID=2040) to work on /home/airflow/.local/lib/python3.12/site-packages/airflow/example_dags/example_complex.py
[2025-04-06T04:10:36.358+0000] {processor.py:914} INFO - Processing file /home/airflow/.local/lib/python3.12/site-packages/airflow/example_dags/example_complex.py for tasks to queue
[2025-04-06T04:10:36.360+0000] {logging_mixin.py:190} INFO - [2025-04-06T04:10:36.360+0000] {dagbag.py:588} INFO - Filling up the DagBag from /home/airflow/.local/lib/python3.12/site-packages/airflow/example_dags/example_complex.py
[2025-04-06T04:10:36.371+0000] {processor.py:925} INFO - DAG(s) 'example_complex' retrieved from /home/airflow/.local/lib/python3.12/site-packages/airflow/example_dags/example_complex.py
[2025-04-06T04:10:36.402+0000] {logging_mixin.py:190} INFO - [2025-04-06T04:10:36.402+0000] {dag.py:3239} INFO - Sync 1 DAGs
[2025-04-06T04:10:36.418+0000] {logging_mixin.py:190} INFO - [2025-04-06T04:10:36.417+0000] {dag.py:4180} INFO - Setting next_dagrun for example_complex to None, run_after=None
[2025-04-06T04:10:36.440+0000] {processor.py:208} INFO - Processing /home/airflow/.local/lib/python3.12/site-packages/airflow/example_dags/example_complex.py took 0.093 seconds
[2025-04-06T04:11:06.753+0000] {processor.py:186} INFO - Started process (PID=2103) to work on /home/airflow/.local/lib/python3.12/site-packages/airflow/example_dags/example_complex.py
[2025-04-06T04:11:06.754+0000] {processor.py:914} INFO - Processing file /home/airflow/.local/lib/python3.12/site-packages/airflow/example_dags/example_complex.py for tasks to queue
[2025-04-06T04:11:06.756+0000] {logging_mixin.py:190} INFO - [2025-04-06T04:11:06.756+0000] {dagbag.py:588} INFO - Filling up the DagBag from /home/airflow/.local/lib/python3.12/site-packages/airflow/example_dags/example_complex.py
[2025-04-06T04:11:06.765+0000] {processor.py:925} INFO - DAG(s) 'example_complex' retrieved from /home/airflow/.local/lib/python3.12/site-packages/airflow/example_dags/example_complex.py
[2025-04-06T04:11:06.798+0000] {logging_mixin.py:190} INFO - [2025-04-06T04:11:06.797+0000] {dag.py:3239} INFO - Sync 1 DAGs
[2025-04-06T04:11:06.810+0000] {logging_mixin.py:190} INFO - [2025-04-06T04:11:06.809+0000] {dag.py:4180} INFO - Setting next_dagrun for example_complex to None, run_after=None
[2025-04-06T04:11:06.828+0000] {processor.py:208} INFO - Processing /home/airflow/.local/lib/python3.12/site-packages/airflow/example_dags/example_complex.py took 0.080 seconds
[2025-04-06T04:11:37.072+0000] {processor.py:186} INFO - Started process (PID=2166) to work on /home/airflow/.local/lib/python3.12/site-packages/airflow/example_dags/example_complex.py
[2025-04-06T04:11:37.077+0000] {processor.py:914} INFO - Processing file /home/airflow/.local/lib/python3.12/site-packages/airflow/example_dags/example_complex.py for tasks to queue
[2025-04-06T04:11:37.079+0000] {logging_mixin.py:190} INFO - [2025-04-06T04:11:37.079+0000] {dagbag.py:588} INFO - Filling up the DagBag from /home/airflow/.local/lib/python3.12/site-packages/airflow/example_dags/example_complex.py
[2025-04-06T04:11:37.090+0000] {processor.py:925} INFO - DAG(s) 'example_complex' retrieved from /home/airflow/.local/lib/python3.12/site-packages/airflow/example_dags/example_complex.py
[2025-04-06T04:11:37.129+0000] {logging_mixin.py:190} INFO - [2025-04-06T04:11:37.128+0000] {dag.py:3239} INFO - Sync 1 DAGs
[2025-04-06T04:11:37.142+0000] {logging_mixin.py:190} INFO - [2025-04-06T04:11:37.142+0000] {dag.py:4180} INFO - Setting next_dagrun for example_complex to None, run_after=None
[2025-04-06T04:11:37.170+0000] {processor.py:208} INFO - Processing /home/airflow/.local/lib/python3.12/site-packages/airflow/example_dags/example_complex.py took 0.103 seconds
[2025-04-06T04:12:07.568+0000] {processor.py:186} INFO - Started process (PID=2229) to work on /home/airflow/.local/lib/python3.12/site-packages/airflow/example_dags/example_complex.py
[2025-04-06T04:12:07.569+0000] {processor.py:914} INFO - Processing file /home/airflow/.local/lib/python3.12/site-packages/airflow/example_dags/example_complex.py for tasks to queue
[2025-04-06T04:12:07.571+0000] {logging_mixin.py:190} INFO - [2025-04-06T04:12:07.571+0000] {dagbag.py:588} INFO - Filling up the DagBag from /home/airflow/.local/lib/python3.12/site-packages/airflow/example_dags/example_complex.py
[2025-04-06T04:12:07.582+0000] {processor.py:925} INFO - DAG(s) 'example_complex' retrieved from /home/airflow/.local/lib/python3.12/site-packages/airflow/example_dags/example_complex.py
[2025-04-06T04:12:07.612+0000] {logging_mixin.py:190} INFO - [2025-04-06T04:12:07.612+0000] {dag.py:3239} INFO - Sync 1 DAGs
[2025-04-06T04:12:07.626+0000] {logging_mixin.py:190} INFO - [2025-04-06T04:12:07.626+0000] {dag.py:4180} INFO - Setting next_dagrun for example_complex to None, run_after=None
[2025-04-06T04:12:07.648+0000] {processor.py:208} INFO - Processing /home/airflow/.local/lib/python3.12/site-packages/airflow/example_dags/example_complex.py took 0.086 seconds
[2025-04-06T04:12:37.921+0000] {processor.py:186} INFO - Started process (PID=2292) to work on /home/airflow/.local/lib/python3.12/site-packages/airflow/example_dags/example_complex.py
[2025-04-06T04:12:37.924+0000] {processor.py:914} INFO - Processing file /home/airflow/.local/lib/python3.12/site-packages/airflow/example_dags/example_complex.py for tasks to queue
[2025-04-06T04:12:37.928+0000] {logging_mixin.py:190} INFO - [2025-04-06T04:12:37.928+0000] {dagbag.py:588} INFO - Filling up the DagBag from /home/airflow/.local/lib/python3.12/site-packages/airflow/example_dags/example_complex.py
[2025-04-06T04:12:37.943+0000] {processor.py:925} INFO - DAG(s) 'example_complex' retrieved from /home/airflow/.local/lib/python3.12/site-packages/airflow/example_dags/example_complex.py
[2025-04-06T04:12:37.976+0000] {logging_mixin.py:190} INFO - [2025-04-06T04:12:37.976+0000] {dag.py:3239} INFO - Sync 1 DAGs
[2025-04-06T04:12:37.990+0000] {logging_mixin.py:190} INFO - [2025-04-06T04:12:37.990+0000] {dag.py:4180} INFO - Setting next_dagrun for example_complex to None, run_after=None
[2025-04-06T04:12:38.021+0000] {processor.py:208} INFO - Processing /home/airflow/.local/lib/python3.12/site-packages/airflow/example_dags/example_complex.py took 0.107 seconds
[2025-04-06T04:13:08.365+0000] {processor.py:186} INFO - Started process (PID=2355) to work on /home/airflow/.local/lib/python3.12/site-packages/airflow/example_dags/example_complex.py
[2025-04-06T04:13:08.367+0000] {processor.py:914} INFO - Processing file /home/airflow/.local/lib/python3.12/site-packages/airflow/example_dags/example_complex.py for tasks to queue
[2025-04-06T04:13:08.369+0000] {logging_mixin.py:190} INFO - [2025-04-06T04:13:08.368+0000] {dagbag.py:588} INFO - Filling up the DagBag from /home/airflow/.local/lib/python3.12/site-packages/airflow/example_dags/example_complex.py
[2025-04-06T04:13:08.383+0000] {processor.py:925} INFO - DAG(s) 'example_complex' retrieved from /home/airflow/.local/lib/python3.12/site-packages/airflow/example_dags/example_complex.py
[2025-04-06T04:13:08.438+0000] {logging_mixin.py:190} INFO - [2025-04-06T04:13:08.438+0000] {dag.py:3239} INFO - Sync 1 DAGs
[2025-04-06T04:13:08.450+0000] {logging_mixin.py:190} INFO - [2025-04-06T04:13:08.450+0000] {dag.py:4180} INFO - Setting next_dagrun for example_complex to None, run_after=None
[2025-04-06T04:13:08.467+0000] {processor.py:208} INFO - Processing /home/airflow/.local/lib/python3.12/site-packages/airflow/example_dags/example_complex.py took 0.108 seconds
[2025-04-06T04:13:38.814+0000] {processor.py:186} INFO - Started process (PID=2418) to work on /home/airflow/.local/lib/python3.12/site-packages/airflow/example_dags/example_complex.py
[2025-04-06T04:13:38.823+0000] {processor.py:914} INFO - Processing file /home/airflow/.local/lib/python3.12/site-packages/airflow/example_dags/example_complex.py for tasks to queue
[2025-04-06T04:13:38.825+0000] {logging_mixin.py:190} INFO - [2025-04-06T04:13:38.825+0000] {dagbag.py:588} INFO - Filling up the DagBag from /home/airflow/.local/lib/python3.12/site-packages/airflow/example_dags/example_complex.py
[2025-04-06T04:13:38.849+0000] {processor.py:925} INFO - DAG(s) 'example_complex' retrieved from /home/airflow/.local/lib/python3.12/site-packages/airflow/example_dags/example_complex.py
[2025-04-06T04:13:38.900+0000] {logging_mixin.py:190} INFO - [2025-04-06T04:13:38.900+0000] {dag.py:3239} INFO - Sync 1 DAGs
[2025-04-06T04:13:38.925+0000] {logging_mixin.py:190} INFO - [2025-04-06T04:13:38.925+0000] {dag.py:4180} INFO - Setting next_dagrun for example_complex to None, run_after=None
[2025-04-06T04:13:38.998+0000] {processor.py:208} INFO - Processing /home/airflow/.local/lib/python3.12/site-packages/airflow/example_dags/example_complex.py took 0.191 seconds
[2025-04-06T04:14:09.065+0000] {processor.py:186} INFO - Started process (PID=2481) to work on /home/airflow/.local/lib/python3.12/site-packages/airflow/example_dags/example_complex.py
[2025-04-06T04:14:09.066+0000] {processor.py:914} INFO - Processing file /home/airflow/.local/lib/python3.12/site-packages/airflow/example_dags/example_complex.py for tasks to queue
[2025-04-06T04:14:09.068+0000] {logging_mixin.py:190} INFO - [2025-04-06T04:14:09.068+0000] {dagbag.py:588} INFO - Filling up the DagBag from /home/airflow/.local/lib/python3.12/site-packages/airflow/example_dags/example_complex.py
[2025-04-06T04:14:09.079+0000] {processor.py:925} INFO - DAG(s) 'example_complex' retrieved from /home/airflow/.local/lib/python3.12/site-packages/airflow/example_dags/example_complex.py
[2025-04-06T04:14:09.117+0000] {logging_mixin.py:190} INFO - [2025-04-06T04:14:09.116+0000] {dag.py:3239} INFO - Sync 1 DAGs
[2025-04-06T04:14:09.141+0000] {logging_mixin.py:190} INFO - [2025-04-06T04:14:09.140+0000] {dag.py:4180} INFO - Setting next_dagrun for example_complex to None, run_after=None
[2025-04-06T04:14:09.168+0000] {processor.py:208} INFO - Processing /home/airflow/.local/lib/python3.12/site-packages/airflow/example_dags/example_complex.py took 0.108 seconds
[2025-04-06T04:14:39.511+0000] {processor.py:186} INFO - Started process (PID=2544) to work on /home/airflow/.local/lib/python3.12/site-packages/airflow/example_dags/example_complex.py
[2025-04-06T04:14:39.517+0000] {processor.py:914} INFO - Processing file /home/airflow/.local/lib/python3.12/site-packages/airflow/example_dags/example_complex.py for tasks to queue
[2025-04-06T04:14:39.518+0000] {logging_mixin.py:190} INFO - [2025-04-06T04:14:39.518+0000] {dagbag.py:588} INFO - Filling up the DagBag from /home/airflow/.local/lib/python3.12/site-packages/airflow/example_dags/example_complex.py
[2025-04-06T04:14:39.527+0000] {processor.py:925} INFO - DAG(s) 'example_complex' retrieved from /home/airflow/.local/lib/python3.12/site-packages/airflow/example_dags/example_complex.py
[2025-04-06T04:14:39.555+0000] {logging_mixin.py:190} INFO - [2025-04-06T04:14:39.554+0000] {dag.py:3239} INFO - Sync 1 DAGs
[2025-04-06T04:14:39.565+0000] {logging_mixin.py:190} INFO - [2025-04-06T04:14:39.564+0000] {dag.py:4180} INFO - Setting next_dagrun for example_complex to None, run_after=None
[2025-04-06T04:14:39.586+0000] {processor.py:208} INFO - Processing /home/airflow/.local/lib/python3.12/site-packages/airflow/example_dags/example_complex.py took 0.080 seconds
[2025-04-06T04:15:09.940+0000] {processor.py:186} INFO - Started process (PID=2607) to work on /home/airflow/.local/lib/python3.12/site-packages/airflow/example_dags/example_complex.py
[2025-04-06T04:15:09.941+0000] {processor.py:914} INFO - Processing file /home/airflow/.local/lib/python3.12/site-packages/airflow/example_dags/example_complex.py for tasks to queue
[2025-04-06T04:15:09.943+0000] {logging_mixin.py:190} INFO - [2025-04-06T04:15:09.943+0000] {dagbag.py:588} INFO - Filling up the DagBag from /home/airflow/.local/lib/python3.12/site-packages/airflow/example_dags/example_complex.py
[2025-04-06T04:15:09.953+0000] {processor.py:925} INFO - DAG(s) 'example_complex' retrieved from /home/airflow/.local/lib/python3.12/site-packages/airflow/example_dags/example_complex.py
[2025-04-06T04:15:09.986+0000] {logging_mixin.py:190} INFO - [2025-04-06T04:15:09.985+0000] {dag.py:3239} INFO - Sync 1 DAGs
[2025-04-06T04:15:09.997+0000] {logging_mixin.py:190} INFO - [2025-04-06T04:15:09.997+0000] {dag.py:4180} INFO - Setting next_dagrun for example_complex to None, run_after=None
[2025-04-06T04:15:10.016+0000] {processor.py:208} INFO - Processing /home/airflow/.local/lib/python3.12/site-packages/airflow/example_dags/example_complex.py took 0.081 seconds
[2025-04-06T04:15:40.451+0000] {processor.py:186} INFO - Started process (PID=2670) to work on /home/airflow/.local/lib/python3.12/site-packages/airflow/example_dags/example_complex.py
[2025-04-06T04:15:40.459+0000] {processor.py:914} INFO - Processing file /home/airflow/.local/lib/python3.12/site-packages/airflow/example_dags/example_complex.py for tasks to queue
[2025-04-06T04:15:40.461+0000] {logging_mixin.py:190} INFO - [2025-04-06T04:15:40.460+0000] {dagbag.py:588} INFO - Filling up the DagBag from /home/airflow/.local/lib/python3.12/site-packages/airflow/example_dags/example_complex.py
[2025-04-06T04:15:40.470+0000] {processor.py:925} INFO - DAG(s) 'example_complex' retrieved from /home/airflow/.local/lib/python3.12/site-packages/airflow/example_dags/example_complex.py
[2025-04-06T04:15:40.502+0000] {logging_mixin.py:190} INFO - [2025-04-06T04:15:40.502+0000] {dag.py:3239} INFO - Sync 1 DAGs
[2025-04-06T04:15:40.515+0000] {logging_mixin.py:190} INFO - [2025-04-06T04:15:40.514+0000] {dag.py:4180} INFO - Setting next_dagrun for example_complex to None, run_after=None
[2025-04-06T04:15:40.539+0000] {processor.py:208} INFO - Processing /home/airflow/.local/lib/python3.12/site-packages/airflow/example_dags/example_complex.py took 0.093 seconds
[2025-04-06T04:16:10.701+0000] {processor.py:186} INFO - Started process (PID=2733) to work on /home/airflow/.local/lib/python3.12/site-packages/airflow/example_dags/example_complex.py
[2025-04-06T04:16:10.703+0000] {processor.py:914} INFO - Processing file /home/airflow/.local/lib/python3.12/site-packages/airflow/example_dags/example_complex.py for tasks to queue
[2025-04-06T04:16:10.705+0000] {logging_mixin.py:190} INFO - [2025-04-06T04:16:10.705+0000] {dagbag.py:588} INFO - Filling up the DagBag from /home/airflow/.local/lib/python3.12/site-packages/airflow/example_dags/example_complex.py
[2025-04-06T04:16:10.717+0000] {processor.py:925} INFO - DAG(s) 'example_complex' retrieved from /home/airflow/.local/lib/python3.12/site-packages/airflow/example_dags/example_complex.py
[2025-04-06T04:16:10.751+0000] {logging_mixin.py:190} INFO - [2025-04-06T04:16:10.751+0000] {dag.py:3239} INFO - Sync 1 DAGs
[2025-04-06T04:16:10.766+0000] {logging_mixin.py:190} INFO - [2025-04-06T04:16:10.766+0000] {dag.py:4180} INFO - Setting next_dagrun for example_complex to None, run_after=None
[2025-04-06T04:16:10.789+0000] {processor.py:208} INFO - Processing /home/airflow/.local/lib/python3.12/site-packages/airflow/example_dags/example_complex.py took 0.094 seconds
[2025-04-06T04:16:41.183+0000] {processor.py:186} INFO - Started process (PID=2796) to work on /home/airflow/.local/lib/python3.12/site-packages/airflow/example_dags/example_complex.py
[2025-04-06T04:16:41.185+0000] {processor.py:914} INFO - Processing file /home/airflow/.local/lib/python3.12/site-packages/airflow/example_dags/example_complex.py for tasks to queue
[2025-04-06T04:16:41.186+0000] {logging_mixin.py:190} INFO - [2025-04-06T04:16:41.186+0000] {dagbag.py:588} INFO - Filling up the DagBag from /home/airflow/.local/lib/python3.12/site-packages/airflow/example_dags/example_complex.py
[2025-04-06T04:16:41.196+0000] {processor.py:925} INFO - DAG(s) 'example_complex' retrieved from /home/airflow/.local/lib/python3.12/site-packages/airflow/example_dags/example_complex.py
[2025-04-06T04:16:41.222+0000] {logging_mixin.py:190} INFO - [2025-04-06T04:16:41.222+0000] {dag.py:3239} INFO - Sync 1 DAGs
[2025-04-06T04:16:41.235+0000] {logging_mixin.py:190} INFO - [2025-04-06T04:16:41.234+0000] {dag.py:4180} INFO - Setting next_dagrun for example_complex to None, run_after=None
[2025-04-06T04:16:41.254+0000] {processor.py:208} INFO - Processing /home/airflow/.local/lib/python3.12/site-packages/airflow/example_dags/example_complex.py took 0.075 seconds
[2025-04-06T04:17:11.324+0000] {processor.py:186} INFO - Started process (PID=2859) to work on /home/airflow/.local/lib/python3.12/site-packages/airflow/example_dags/example_complex.py
[2025-04-06T04:17:11.325+0000] {processor.py:914} INFO - Processing file /home/airflow/.local/lib/python3.12/site-packages/airflow/example_dags/example_complex.py for tasks to queue
[2025-04-06T04:17:11.327+0000] {logging_mixin.py:190} INFO - [2025-04-06T04:17:11.327+0000] {dagbag.py:588} INFO - Filling up the DagBag from /home/airflow/.local/lib/python3.12/site-packages/airflow/example_dags/example_complex.py
[2025-04-06T04:17:11.337+0000] {processor.py:925} INFO - DAG(s) 'example_complex' retrieved from /home/airflow/.local/lib/python3.12/site-packages/airflow/example_dags/example_complex.py
[2025-04-06T04:17:11.367+0000] {logging_mixin.py:190} INFO - [2025-04-06T04:17:11.366+0000] {dag.py:3239} INFO - Sync 1 DAGs
[2025-04-06T04:17:11.380+0000] {logging_mixin.py:190} INFO - [2025-04-06T04:17:11.380+0000] {dag.py:4180} INFO - Setting next_dagrun for example_complex to None, run_after=None
[2025-04-06T04:17:11.400+0000] {processor.py:208} INFO - Processing /home/airflow/.local/lib/python3.12/site-packages/airflow/example_dags/example_complex.py took 0.081 seconds
[2025-04-06T04:17:41.467+0000] {processor.py:186} INFO - Started process (PID=2922) to work on /home/airflow/.local/lib/python3.12/site-packages/airflow/example_dags/example_complex.py
[2025-04-06T04:17:41.468+0000] {processor.py:914} INFO - Processing file /home/airflow/.local/lib/python3.12/site-packages/airflow/example_dags/example_complex.py for tasks to queue
[2025-04-06T04:17:41.470+0000] {logging_mixin.py:190} INFO - [2025-04-06T04:17:41.470+0000] {dagbag.py:588} INFO - Filling up the DagBag from /home/airflow/.local/lib/python3.12/site-packages/airflow/example_dags/example_complex.py
[2025-04-06T04:17:41.479+0000] {processor.py:925} INFO - DAG(s) 'example_complex' retrieved from /home/airflow/.local/lib/python3.12/site-packages/airflow/example_dags/example_complex.py
[2025-04-06T04:17:41.507+0000] {logging_mixin.py:190} INFO - [2025-04-06T04:17:41.507+0000] {dag.py:3239} INFO - Sync 1 DAGs
[2025-04-06T04:17:41.520+0000] {logging_mixin.py:190} INFO - [2025-04-06T04:17:41.520+0000] {dag.py:4180} INFO - Setting next_dagrun for example_complex to None, run_after=None
[2025-04-06T04:17:41.539+0000] {processor.py:208} INFO - Processing /home/airflow/.local/lib/python3.12/site-packages/airflow/example_dags/example_complex.py took 0.077 seconds
[2025-04-06T04:18:11.597+0000] {processor.py:186} INFO - Started process (PID=2985) to work on /home/airflow/.local/lib/python3.12/site-packages/airflow/example_dags/example_complex.py
[2025-04-06T04:18:11.604+0000] {processor.py:914} INFO - Processing file /home/airflow/.local/lib/python3.12/site-packages/airflow/example_dags/example_complex.py for tasks to queue
[2025-04-06T04:18:11.605+0000] {logging_mixin.py:190} INFO - [2025-04-06T04:18:11.605+0000] {dagbag.py:588} INFO - Filling up the DagBag from /home/airflow/.local/lib/python3.12/site-packages/airflow/example_dags/example_complex.py
[2025-04-06T04:18:11.615+0000] {processor.py:925} INFO - DAG(s) 'example_complex' retrieved from /home/airflow/.local/lib/python3.12/site-packages/airflow/example_dags/example_complex.py
[2025-04-06T04:18:11.644+0000] {logging_mixin.py:190} INFO - [2025-04-06T04:18:11.643+0000] {dag.py:3239} INFO - Sync 1 DAGs
[2025-04-06T04:18:11.656+0000] {logging_mixin.py:190} INFO - [2025-04-06T04:18:11.656+0000] {dag.py:4180} INFO - Setting next_dagrun for example_complex to None, run_after=None
[2025-04-06T04:18:11.683+0000] {processor.py:208} INFO - Processing /home/airflow/.local/lib/python3.12/site-packages/airflow/example_dags/example_complex.py took 0.091 seconds
[2025-04-06T04:18:41.890+0000] {processor.py:186} INFO - Started process (PID=3048) to work on /home/airflow/.local/lib/python3.12/site-packages/airflow/example_dags/example_complex.py
[2025-04-06T04:18:41.891+0000] {processor.py:914} INFO - Processing file /home/airflow/.local/lib/python3.12/site-packages/airflow/example_dags/example_complex.py for tasks to queue
[2025-04-06T04:18:41.893+0000] {logging_mixin.py:190} INFO - [2025-04-06T04:18:41.893+0000] {dagbag.py:588} INFO - Filling up the DagBag from /home/airflow/.local/lib/python3.12/site-packages/airflow/example_dags/example_complex.py
[2025-04-06T04:18:41.903+0000] {processor.py:925} INFO - DAG(s) 'example_complex' retrieved from /home/airflow/.local/lib/python3.12/site-packages/airflow/example_dags/example_complex.py
[2025-04-06T04:18:41.936+0000] {logging_mixin.py:190} INFO - [2025-04-06T04:18:41.935+0000] {dag.py:3239} INFO - Sync 1 DAGs
[2025-04-06T04:18:41.948+0000] {logging_mixin.py:190} INFO - [2025-04-06T04:18:41.948+0000] {dag.py:4180} INFO - Setting next_dagrun for example_complex to None, run_after=None
[2025-04-06T04:18:41.972+0000] {processor.py:208} INFO - Processing /home/airflow/.local/lib/python3.12/site-packages/airflow/example_dags/example_complex.py took 0.088 seconds
[2025-04-06T04:19:12.072+0000] {processor.py:186} INFO - Started process (PID=3111) to work on /home/airflow/.local/lib/python3.12/site-packages/airflow/example_dags/example_complex.py
[2025-04-06T04:19:12.074+0000] {processor.py:914} INFO - Processing file /home/airflow/.local/lib/python3.12/site-packages/airflow/example_dags/example_complex.py for tasks to queue
[2025-04-06T04:19:12.076+0000] {logging_mixin.py:190} INFO - [2025-04-06T04:19:12.076+0000] {dagbag.py:588} INFO - Filling up the DagBag from /home/airflow/.local/lib/python3.12/site-packages/airflow/example_dags/example_complex.py
[2025-04-06T04:19:12.087+0000] {processor.py:925} INFO - DAG(s) 'example_complex' retrieved from /home/airflow/.local/lib/python3.12/site-packages/airflow/example_dags/example_complex.py
[2025-04-06T04:19:12.119+0000] {logging_mixin.py:190} INFO - [2025-04-06T04:19:12.119+0000] {dag.py:3239} INFO - Sync 1 DAGs
[2025-04-06T04:19:12.134+0000] {logging_mixin.py:190} INFO - [2025-04-06T04:19:12.134+0000] {dag.py:4180} INFO - Setting next_dagrun for example_complex to None, run_after=None
[2025-04-06T04:19:12.157+0000] {processor.py:208} INFO - Processing /home/airflow/.local/lib/python3.12/site-packages/airflow/example_dags/example_complex.py took 0.090 seconds
[2025-04-06T04:19:42.252+0000] {processor.py:186} INFO - Started process (PID=3174) to work on /home/airflow/.local/lib/python3.12/site-packages/airflow/example_dags/example_complex.py
[2025-04-06T04:19:42.264+0000] {processor.py:914} INFO - Processing file /home/airflow/.local/lib/python3.12/site-packages/airflow/example_dags/example_complex.py for tasks to queue
[2025-04-06T04:19:42.266+0000] {logging_mixin.py:190} INFO - [2025-04-06T04:19:42.266+0000] {dagbag.py:588} INFO - Filling up the DagBag from /home/airflow/.local/lib/python3.12/site-packages/airflow/example_dags/example_complex.py
[2025-04-06T04:19:42.274+0000] {processor.py:925} INFO - DAG(s) 'example_complex' retrieved from /home/airflow/.local/lib/python3.12/site-packages/airflow/example_dags/example_complex.py
[2025-04-06T04:19:42.303+0000] {logging_mixin.py:190} INFO - [2025-04-06T04:19:42.303+0000] {dag.py:3239} INFO - Sync 1 DAGs
[2025-04-06T04:19:42.317+0000] {logging_mixin.py:190} INFO - [2025-04-06T04:19:42.317+0000] {dag.py:4180} INFO - Setting next_dagrun for example_complex to None, run_after=None
[2025-04-06T04:19:42.355+0000] {processor.py:208} INFO - Processing /home/airflow/.local/lib/python3.12/site-packages/airflow/example_dags/example_complex.py took 0.107 seconds
[2025-04-06T04:20:12.908+0000] {processor.py:186} INFO - Started process (PID=3237) to work on /home/airflow/.local/lib/python3.12/site-packages/airflow/example_dags/example_complex.py
[2025-04-06T04:20:12.915+0000] {processor.py:914} INFO - Processing file /home/airflow/.local/lib/python3.12/site-packages/airflow/example_dags/example_complex.py for tasks to queue
[2025-04-06T04:20:12.917+0000] {logging_mixin.py:190} INFO - [2025-04-06T04:20:12.917+0000] {dagbag.py:588} INFO - Filling up the DagBag from /home/airflow/.local/lib/python3.12/site-packages/airflow/example_dags/example_complex.py
[2025-04-06T04:20:12.928+0000] {processor.py:925} INFO - DAG(s) 'example_complex' retrieved from /home/airflow/.local/lib/python3.12/site-packages/airflow/example_dags/example_complex.py
[2025-04-06T04:20:12.956+0000] {logging_mixin.py:190} INFO - [2025-04-06T04:20:12.956+0000] {dag.py:3239} INFO - Sync 1 DAGs
[2025-04-06T04:20:12.970+0000] {logging_mixin.py:190} INFO - [2025-04-06T04:20:12.970+0000] {dag.py:4180} INFO - Setting next_dagrun for example_complex to None, run_after=None
[2025-04-06T04:20:12.993+0000] {processor.py:208} INFO - Processing /home/airflow/.local/lib/python3.12/site-packages/airflow/example_dags/example_complex.py took 0.089 seconds
[2025-04-06T04:20:43.508+0000] {processor.py:186} INFO - Started process (PID=3300) to work on /home/airflow/.local/lib/python3.12/site-packages/airflow/example_dags/example_complex.py
[2025-04-06T04:20:43.510+0000] {processor.py:914} INFO - Processing file /home/airflow/.local/lib/python3.12/site-packages/airflow/example_dags/example_complex.py for tasks to queue
[2025-04-06T04:20:43.512+0000] {logging_mixin.py:190} INFO - [2025-04-06T04:20:43.511+0000] {dagbag.py:588} INFO - Filling up the DagBag from /home/airflow/.local/lib/python3.12/site-packages/airflow/example_dags/example_complex.py
[2025-04-06T04:20:43.528+0000] {processor.py:925} INFO - DAG(s) 'example_complex' retrieved from /home/airflow/.local/lib/python3.12/site-packages/airflow/example_dags/example_complex.py
[2025-04-06T04:20:43.564+0000] {logging_mixin.py:190} INFO - [2025-04-06T04:20:43.564+0000] {dag.py:3239} INFO - Sync 1 DAGs
[2025-04-06T04:20:43.581+0000] {logging_mixin.py:190} INFO - [2025-04-06T04:20:43.580+0000] {dag.py:4180} INFO - Setting next_dagrun for example_complex to None, run_after=None
[2025-04-06T04:20:43.604+0000] {processor.py:208} INFO - Processing /home/airflow/.local/lib/python3.12/site-packages/airflow/example_dags/example_complex.py took 0.102 seconds
[2025-04-06T04:21:13.837+0000] {processor.py:186} INFO - Started process (PID=3363) to work on /home/airflow/.local/lib/python3.12/site-packages/airflow/example_dags/example_complex.py
[2025-04-06T04:21:13.839+0000] {processor.py:914} INFO - Processing file /home/airflow/.local/lib/python3.12/site-packages/airflow/example_dags/example_complex.py for tasks to queue
[2025-04-06T04:21:13.841+0000] {logging_mixin.py:190} INFO - [2025-04-06T04:21:13.841+0000] {dagbag.py:588} INFO - Filling up the DagBag from /home/airflow/.local/lib/python3.12/site-packages/airflow/example_dags/example_complex.py
[2025-04-06T04:21:13.852+0000] {processor.py:925} INFO - DAG(s) 'example_complex' retrieved from /home/airflow/.local/lib/python3.12/site-packages/airflow/example_dags/example_complex.py
[2025-04-06T04:21:13.880+0000] {logging_mixin.py:190} INFO - [2025-04-06T04:21:13.879+0000] {dag.py:3239} INFO - Sync 1 DAGs
[2025-04-06T04:21:13.893+0000] {logging_mixin.py:190} INFO - [2025-04-06T04:21:13.893+0000] {dag.py:4180} INFO - Setting next_dagrun for example_complex to None, run_after=None
[2025-04-06T04:21:13.912+0000] {processor.py:208} INFO - Processing /home/airflow/.local/lib/python3.12/site-packages/airflow/example_dags/example_complex.py took 0.080 seconds
[2025-04-06T04:21:44.052+0000] {processor.py:186} INFO - Started process (PID=3425) to work on /home/airflow/.local/lib/python3.12/site-packages/airflow/example_dags/example_complex.py
[2025-04-06T04:21:44.053+0000] {processor.py:914} INFO - Processing file /home/airflow/.local/lib/python3.12/site-packages/airflow/example_dags/example_complex.py for tasks to queue
[2025-04-06T04:21:44.055+0000] {logging_mixin.py:190} INFO - [2025-04-06T04:21:44.055+0000] {dagbag.py:588} INFO - Filling up the DagBag from /home/airflow/.local/lib/python3.12/site-packages/airflow/example_dags/example_complex.py
[2025-04-06T04:21:44.067+0000] {processor.py:925} INFO - DAG(s) 'example_complex' retrieved from /home/airflow/.local/lib/python3.12/site-packages/airflow/example_dags/example_complex.py
[2025-04-06T04:21:44.100+0000] {logging_mixin.py:190} INFO - [2025-04-06T04:21:44.100+0000] {dag.py:3239} INFO - Sync 1 DAGs
[2025-04-06T04:21:44.115+0000] {logging_mixin.py:190} INFO - [2025-04-06T04:21:44.114+0000] {dag.py:4180} INFO - Setting next_dagrun for example_complex to None, run_after=None
[2025-04-06T04:21:44.137+0000] {processor.py:208} INFO - Processing /home/airflow/.local/lib/python3.12/site-packages/airflow/example_dags/example_complex.py took 0.093 seconds
[2025-04-06T04:22:14.249+0000] {processor.py:186} INFO - Started process (PID=3488) to work on /home/airflow/.local/lib/python3.12/site-packages/airflow/example_dags/example_complex.py
[2025-04-06T04:22:14.251+0000] {processor.py:914} INFO - Processing file /home/airflow/.local/lib/python3.12/site-packages/airflow/example_dags/example_complex.py for tasks to queue
[2025-04-06T04:22:14.253+0000] {logging_mixin.py:190} INFO - [2025-04-06T04:22:14.252+0000] {dagbag.py:588} INFO - Filling up the DagBag from /home/airflow/.local/lib/python3.12/site-packages/airflow/example_dags/example_complex.py
[2025-04-06T04:22:14.264+0000] {processor.py:925} INFO - DAG(s) 'example_complex' retrieved from /home/airflow/.local/lib/python3.12/site-packages/airflow/example_dags/example_complex.py
[2025-04-06T04:22:14.297+0000] {logging_mixin.py:190} INFO - [2025-04-06T04:22:14.297+0000] {dag.py:3239} INFO - Sync 1 DAGs
[2025-04-06T04:22:14.315+0000] {logging_mixin.py:190} INFO - [2025-04-06T04:22:14.314+0000] {dag.py:4180} INFO - Setting next_dagrun for example_complex to None, run_after=None
[2025-04-06T04:22:14.341+0000] {processor.py:208} INFO - Processing /home/airflow/.local/lib/python3.12/site-packages/airflow/example_dags/example_complex.py took 0.096 seconds
[2025-04-06T04:22:44.683+0000] {processor.py:186} INFO - Started process (PID=3550) to work on /home/airflow/.local/lib/python3.12/site-packages/airflow/example_dags/example_complex.py
[2025-04-06T04:22:44.684+0000] {processor.py:914} INFO - Processing file /home/airflow/.local/lib/python3.12/site-packages/airflow/example_dags/example_complex.py for tasks to queue
[2025-04-06T04:22:44.687+0000] {logging_mixin.py:190} INFO - [2025-04-06T04:22:44.687+0000] {dagbag.py:588} INFO - Filling up the DagBag from /home/airflow/.local/lib/python3.12/site-packages/airflow/example_dags/example_complex.py
[2025-04-06T04:22:44.699+0000] {processor.py:925} INFO - DAG(s) 'example_complex' retrieved from /home/airflow/.local/lib/python3.12/site-packages/airflow/example_dags/example_complex.py
[2025-04-06T04:22:44.725+0000] {logging_mixin.py:190} INFO - [2025-04-06T04:22:44.725+0000] {dag.py:3239} INFO - Sync 1 DAGs
[2025-04-06T04:22:44.737+0000] {logging_mixin.py:190} INFO - [2025-04-06T04:22:44.737+0000] {dag.py:4180} INFO - Setting next_dagrun for example_complex to None, run_after=None
[2025-04-06T04:22:44.756+0000] {processor.py:208} INFO - Processing /home/airflow/.local/lib/python3.12/site-packages/airflow/example_dags/example_complex.py took 0.079 seconds
[2025-04-06T04:23:15.680+0000] {processor.py:186} INFO - Started process (PID=3614) to work on /home/airflow/.local/lib/python3.12/site-packages/airflow/example_dags/example_complex.py
[2025-04-06T04:23:15.682+0000] {processor.py:914} INFO - Processing file /home/airflow/.local/lib/python3.12/site-packages/airflow/example_dags/example_complex.py for tasks to queue
[2025-04-06T04:23:15.684+0000] {logging_mixin.py:190} INFO - [2025-04-06T04:23:15.683+0000] {dagbag.py:588} INFO - Filling up the DagBag from /home/airflow/.local/lib/python3.12/site-packages/airflow/example_dags/example_complex.py
[2025-04-06T04:23:15.694+0000] {processor.py:925} INFO - DAG(s) 'example_complex' retrieved from /home/airflow/.local/lib/python3.12/site-packages/airflow/example_dags/example_complex.py
[2025-04-06T04:23:15.722+0000] {logging_mixin.py:190} INFO - [2025-04-06T04:23:15.722+0000] {dag.py:3239} INFO - Sync 1 DAGs
[2025-04-06T04:23:15.733+0000] {logging_mixin.py:190} INFO - [2025-04-06T04:23:15.733+0000] {dag.py:4180} INFO - Setting next_dagrun for example_complex to None, run_after=None
[2025-04-06T04:23:15.751+0000] {processor.py:208} INFO - Processing /home/airflow/.local/lib/python3.12/site-packages/airflow/example_dags/example_complex.py took 0.075 seconds
[2025-04-06T04:23:46.544+0000] {processor.py:186} INFO - Started process (PID=3677) to work on /home/airflow/.local/lib/python3.12/site-packages/airflow/example_dags/example_complex.py
[2025-04-06T04:23:46.546+0000] {processor.py:914} INFO - Processing file /home/airflow/.local/lib/python3.12/site-packages/airflow/example_dags/example_complex.py for tasks to queue
[2025-04-06T04:23:46.548+0000] {logging_mixin.py:190} INFO - [2025-04-06T04:23:46.547+0000] {dagbag.py:588} INFO - Filling up the DagBag from /home/airflow/.local/lib/python3.12/site-packages/airflow/example_dags/example_complex.py
[2025-04-06T04:23:46.561+0000] {processor.py:925} INFO - DAG(s) 'example_complex' retrieved from /home/airflow/.local/lib/python3.12/site-packages/airflow/example_dags/example_complex.py
[2025-04-06T04:23:46.602+0000] {logging_mixin.py:190} INFO - [2025-04-06T04:23:46.601+0000] {dag.py:3239} INFO - Sync 1 DAGs
[2025-04-06T04:23:46.613+0000] {logging_mixin.py:190} INFO - [2025-04-06T04:23:46.613+0000] {dag.py:4180} INFO - Setting next_dagrun for example_complex to None, run_after=None
[2025-04-06T04:23:46.633+0000] {processor.py:208} INFO - Processing /home/airflow/.local/lib/python3.12/site-packages/airflow/example_dags/example_complex.py took 0.095 seconds
[2025-04-06T04:24:17.215+0000] {processor.py:186} INFO - Started process (PID=3740) to work on /home/airflow/.local/lib/python3.12/site-packages/airflow/example_dags/example_complex.py
[2025-04-06T04:24:17.216+0000] {processor.py:914} INFO - Processing file /home/airflow/.local/lib/python3.12/site-packages/airflow/example_dags/example_complex.py for tasks to queue
[2025-04-06T04:24:17.218+0000] {logging_mixin.py:190} INFO - [2025-04-06T04:24:17.218+0000] {dagbag.py:588} INFO - Filling up the DagBag from /home/airflow/.local/lib/python3.12/site-packages/airflow/example_dags/example_complex.py
[2025-04-06T04:24:17.374+0000] {processor.py:925} INFO - DAG(s) 'example_complex' retrieved from /home/airflow/.local/lib/python3.12/site-packages/airflow/example_dags/example_complex.py
[2025-04-06T04:24:17.399+0000] {logging_mixin.py:190} INFO - [2025-04-06T04:24:17.399+0000] {dag.py:3239} INFO - Sync 1 DAGs
[2025-04-06T04:24:17.408+0000] {logging_mixin.py:190} INFO - [2025-04-06T04:24:17.407+0000] {dag.py:4180} INFO - Setting next_dagrun for example_complex to None, run_after=None
[2025-04-06T04:24:17.425+0000] {processor.py:208} INFO - Processing /home/airflow/.local/lib/python3.12/site-packages/airflow/example_dags/example_complex.py took 0.214 seconds
[2025-04-06T04:24:47.677+0000] {processor.py:186} INFO - Started process (PID=3803) to work on /home/airflow/.local/lib/python3.12/site-packages/airflow/example_dags/example_complex.py
[2025-04-06T04:24:47.678+0000] {processor.py:914} INFO - Processing file /home/airflow/.local/lib/python3.12/site-packages/airflow/example_dags/example_complex.py for tasks to queue
[2025-04-06T04:24:47.680+0000] {logging_mixin.py:190} INFO - [2025-04-06T04:24:47.680+0000] {dagbag.py:588} INFO - Filling up the DagBag from /home/airflow/.local/lib/python3.12/site-packages/airflow/example_dags/example_complex.py
[2025-04-06T04:24:47.689+0000] {processor.py:925} INFO - DAG(s) 'example_complex' retrieved from /home/airflow/.local/lib/python3.12/site-packages/airflow/example_dags/example_complex.py
[2025-04-06T04:24:47.717+0000] {logging_mixin.py:190} INFO - [2025-04-06T04:24:47.717+0000] {dag.py:3239} INFO - Sync 1 DAGs
[2025-04-06T04:24:47.729+0000] {logging_mixin.py:190} INFO - [2025-04-06T04:24:47.729+0000] {dag.py:4180} INFO - Setting next_dagrun for example_complex to None, run_after=None
[2025-04-06T04:24:47.749+0000] {processor.py:208} INFO - Processing /home/airflow/.local/lib/python3.12/site-packages/airflow/example_dags/example_complex.py took 0.078 seconds
[2025-04-06T04:25:18.328+0000] {processor.py:186} INFO - Started process (PID=3863) to work on /home/airflow/.local/lib/python3.12/site-packages/airflow/example_dags/example_complex.py
[2025-04-06T04:25:18.330+0000] {processor.py:914} INFO - Processing file /home/airflow/.local/lib/python3.12/site-packages/airflow/example_dags/example_complex.py for tasks to queue
[2025-04-06T04:25:18.333+0000] {logging_mixin.py:190} INFO - [2025-04-06T04:25:18.332+0000] {dagbag.py:588} INFO - Filling up the DagBag from /home/airflow/.local/lib/python3.12/site-packages/airflow/example_dags/example_complex.py
[2025-04-06T04:25:18.345+0000] {processor.py:925} INFO - DAG(s) 'example_complex' retrieved from /home/airflow/.local/lib/python3.12/site-packages/airflow/example_dags/example_complex.py
[2025-04-06T04:25:18.376+0000] {logging_mixin.py:190} INFO - [2025-04-06T04:25:18.376+0000] {dag.py:3239} INFO - Sync 1 DAGs
[2025-04-06T04:25:18.398+0000] {logging_mixin.py:190} INFO - [2025-04-06T04:25:18.397+0000] {dag.py:4180} INFO - Setting next_dagrun for example_complex to None, run_after=None
[2025-04-06T04:25:18.417+0000] {processor.py:208} INFO - Processing /home/airflow/.local/lib/python3.12/site-packages/airflow/example_dags/example_complex.py took 0.097 seconds
[2025-04-06T04:25:48.765+0000] {processor.py:186} INFO - Started process (PID=3919) to work on /home/airflow/.local/lib/python3.12/site-packages/airflow/example_dags/example_complex.py
[2025-04-06T04:25:48.766+0000] {processor.py:914} INFO - Processing file /home/airflow/.local/lib/python3.12/site-packages/airflow/example_dags/example_complex.py for tasks to queue
[2025-04-06T04:25:48.778+0000] {logging_mixin.py:190} INFO - [2025-04-06T04:25:48.777+0000] {dagbag.py:588} INFO - Filling up the DagBag from /home/airflow/.local/lib/python3.12/site-packages/airflow/example_dags/example_complex.py
[2025-04-06T04:25:48.798+0000] {processor.py:925} INFO - DAG(s) 'example_complex' retrieved from /home/airflow/.local/lib/python3.12/site-packages/airflow/example_dags/example_complex.py
[2025-04-06T04:25:48.830+0000] {logging_mixin.py:190} INFO - [2025-04-06T04:25:48.830+0000] {dag.py:3239} INFO - Sync 1 DAGs
[2025-04-06T04:25:48.842+0000] {logging_mixin.py:190} INFO - [2025-04-06T04:25:48.842+0000] {dag.py:4180} INFO - Setting next_dagrun for example_complex to None, run_after=None
[2025-04-06T04:25:48.860+0000] {processor.py:208} INFO - Processing /home/airflow/.local/lib/python3.12/site-packages/airflow/example_dags/example_complex.py took 0.100 seconds
