[2025-04-06T04:09:08.410+0000] {processor.py:186} INFO - Started process (PID=1860) to work on /home/airflow/.local/lib/python3.12/site-packages/airflow/example_dags/example_task_group.py
[2025-04-06T04:09:08.411+0000] {processor.py:914} INFO - Processing file /home/airflow/.local/lib/python3.12/site-packages/airflow/example_dags/example_task_group.py for tasks to queue
[2025-04-06T04:09:08.414+0000] {logging_mixin.py:190} INFO - [2025-04-06T04:09:08.413+0000] {dagbag.py:588} INFO - Filling up the DagBag from /home/airflow/.local/lib/python3.12/site-packages/airflow/example_dags/example_task_group.py
[2025-04-06T04:09:08.444+0000] {processor.py:925} INFO - DAG(s) 'example_task_group' retrieved from /home/airflow/.local/lib/python3.12/site-packages/airflow/example_dags/example_task_group.py
[2025-04-06T04:09:08.510+0000] {logging_mixin.py:190} INFO - [2025-04-06T04:09:08.510+0000] {dag.py:3239} INFO - Sync 1 DAGs
[2025-04-06T04:09:08.543+0000] {logging_mixin.py:190} INFO - [2025-04-06T04:09:08.542+0000] {dag.py:4180} INFO - Setting next_dagrun for example_task_group to None, run_after=None
[2025-04-06T04:09:08.594+0000] {processor.py:208} INFO - Processing /home/airflow/.local/lib/python3.12/site-packages/airflow/example_dags/example_task_group.py took 0.201 seconds
[2025-04-06T04:09:39.493+0000] {processor.py:186} INFO - Started process (PID=1923) to work on /home/airflow/.local/lib/python3.12/site-packages/airflow/example_dags/example_task_group.py
[2025-04-06T04:09:39.499+0000] {processor.py:914} INFO - Processing file /home/airflow/.local/lib/python3.12/site-packages/airflow/example_dags/example_task_group.py for tasks to queue
[2025-04-06T04:09:39.501+0000] {logging_mixin.py:190} INFO - [2025-04-06T04:09:39.501+0000] {dagbag.py:588} INFO - Filling up the DagBag from /home/airflow/.local/lib/python3.12/site-packages/airflow/example_dags/example_task_group.py
[2025-04-06T04:09:39.507+0000] {processor.py:925} INFO - DAG(s) 'example_task_group' retrieved from /home/airflow/.local/lib/python3.12/site-packages/airflow/example_dags/example_task_group.py
[2025-04-06T04:09:39.527+0000] {logging_mixin.py:190} INFO - [2025-04-06T04:09:39.527+0000] {dag.py:3239} INFO - Sync 1 DAGs
[2025-04-06T04:09:39.539+0000] {logging_mixin.py:190} INFO - [2025-04-06T04:09:39.539+0000] {dag.py:4180} INFO - Setting next_dagrun for example_task_group to None, run_after=None
[2025-04-06T04:09:39.558+0000] {processor.py:208} INFO - Processing /home/airflow/.local/lib/python3.12/site-packages/airflow/example_dags/example_task_group.py took 0.072 seconds
[2025-04-06T04:10:09.706+0000] {processor.py:186} INFO - Started process (PID=1985) to work on /home/airflow/.local/lib/python3.12/site-packages/airflow/example_dags/example_task_group.py
[2025-04-06T04:10:09.707+0000] {processor.py:914} INFO - Processing file /home/airflow/.local/lib/python3.12/site-packages/airflow/example_dags/example_task_group.py for tasks to queue
[2025-04-06T04:10:09.709+0000] {logging_mixin.py:190} INFO - [2025-04-06T04:10:09.709+0000] {dagbag.py:588} INFO - Filling up the DagBag from /home/airflow/.local/lib/python3.12/site-packages/airflow/example_dags/example_task_group.py
[2025-04-06T04:10:09.717+0000] {processor.py:925} INFO - DAG(s) 'example_task_group' retrieved from /home/airflow/.local/lib/python3.12/site-packages/airflow/example_dags/example_task_group.py
[2025-04-06T04:10:09.741+0000] {logging_mixin.py:190} INFO - [2025-04-06T04:10:09.741+0000] {dag.py:3239} INFO - Sync 1 DAGs
[2025-04-06T04:10:09.752+0000] {logging_mixin.py:190} INFO - [2025-04-06T04:10:09.751+0000] {dag.py:4180} INFO - Setting next_dagrun for example_task_group to None, run_after=None
[2025-04-06T04:10:09.769+0000] {processor.py:208} INFO - Processing /home/airflow/.local/lib/python3.12/site-packages/airflow/example_dags/example_task_group.py took 0.067 seconds
[2025-04-06T04:10:40.491+0000] {processor.py:186} INFO - Started process (PID=2048) to work on /home/airflow/.local/lib/python3.12/site-packages/airflow/example_dags/example_task_group.py
[2025-04-06T04:10:40.493+0000] {processor.py:914} INFO - Processing file /home/airflow/.local/lib/python3.12/site-packages/airflow/example_dags/example_task_group.py for tasks to queue
[2025-04-06T04:10:40.496+0000] {logging_mixin.py:190} INFO - [2025-04-06T04:10:40.495+0000] {dagbag.py:588} INFO - Filling up the DagBag from /home/airflow/.local/lib/python3.12/site-packages/airflow/example_dags/example_task_group.py
[2025-04-06T04:10:40.503+0000] {processor.py:925} INFO - DAG(s) 'example_task_group' retrieved from /home/airflow/.local/lib/python3.12/site-packages/airflow/example_dags/example_task_group.py
[2025-04-06T04:10:40.529+0000] {logging_mixin.py:190} INFO - [2025-04-06T04:10:40.529+0000] {dag.py:3239} INFO - Sync 1 DAGs
[2025-04-06T04:10:40.542+0000] {logging_mixin.py:190} INFO - [2025-04-06T04:10:40.542+0000] {dag.py:4180} INFO - Setting next_dagrun for example_task_group to None, run_after=None
[2025-04-06T04:10:40.564+0000] {processor.py:208} INFO - Processing /home/airflow/.local/lib/python3.12/site-packages/airflow/example_dags/example_task_group.py took 0.077 seconds
[2025-04-06T04:11:10.680+0000] {processor.py:186} INFO - Started process (PID=2111) to work on /home/airflow/.local/lib/python3.12/site-packages/airflow/example_dags/example_task_group.py
[2025-04-06T04:11:10.693+0000] {processor.py:914} INFO - Processing file /home/airflow/.local/lib/python3.12/site-packages/airflow/example_dags/example_task_group.py for tasks to queue
[2025-04-06T04:11:10.695+0000] {logging_mixin.py:190} INFO - [2025-04-06T04:11:10.695+0000] {dagbag.py:588} INFO - Filling up the DagBag from /home/airflow/.local/lib/python3.12/site-packages/airflow/example_dags/example_task_group.py
[2025-04-06T04:11:10.701+0000] {processor.py:925} INFO - DAG(s) 'example_task_group' retrieved from /home/airflow/.local/lib/python3.12/site-packages/airflow/example_dags/example_task_group.py
[2025-04-06T04:11:10.722+0000] {logging_mixin.py:190} INFO - [2025-04-06T04:11:10.722+0000] {dag.py:3239} INFO - Sync 1 DAGs
[2025-04-06T04:11:10.735+0000] {logging_mixin.py:190} INFO - [2025-04-06T04:11:10.734+0000] {dag.py:4180} INFO - Setting next_dagrun for example_task_group to None, run_after=None
[2025-04-06T04:11:10.754+0000] {processor.py:208} INFO - Processing /home/airflow/.local/lib/python3.12/site-packages/airflow/example_dags/example_task_group.py took 0.079 seconds
[2025-04-06T04:11:41.169+0000] {processor.py:186} INFO - Started process (PID=2174) to work on /home/airflow/.local/lib/python3.12/site-packages/airflow/example_dags/example_task_group.py
[2025-04-06T04:11:41.171+0000] {processor.py:914} INFO - Processing file /home/airflow/.local/lib/python3.12/site-packages/airflow/example_dags/example_task_group.py for tasks to queue
[2025-04-06T04:11:41.173+0000] {logging_mixin.py:190} INFO - [2025-04-06T04:11:41.173+0000] {dagbag.py:588} INFO - Filling up the DagBag from /home/airflow/.local/lib/python3.12/site-packages/airflow/example_dags/example_task_group.py
[2025-04-06T04:11:41.184+0000] {processor.py:925} INFO - DAG(s) 'example_task_group' retrieved from /home/airflow/.local/lib/python3.12/site-packages/airflow/example_dags/example_task_group.py
[2025-04-06T04:11:41.208+0000] {logging_mixin.py:190} INFO - [2025-04-06T04:11:41.207+0000] {dag.py:3239} INFO - Sync 1 DAGs
[2025-04-06T04:11:41.223+0000] {logging_mixin.py:190} INFO - [2025-04-06T04:11:41.223+0000] {dag.py:4180} INFO - Setting next_dagrun for example_task_group to None, run_after=None
[2025-04-06T04:11:41.243+0000] {processor.py:208} INFO - Processing /home/airflow/.local/lib/python3.12/site-packages/airflow/example_dags/example_task_group.py took 0.079 seconds
[2025-04-06T04:12:11.594+0000] {processor.py:186} INFO - Started process (PID=2237) to work on /home/airflow/.local/lib/python3.12/site-packages/airflow/example_dags/example_task_group.py
[2025-04-06T04:12:11.595+0000] {processor.py:914} INFO - Processing file /home/airflow/.local/lib/python3.12/site-packages/airflow/example_dags/example_task_group.py for tasks to queue
[2025-04-06T04:12:11.597+0000] {logging_mixin.py:190} INFO - [2025-04-06T04:12:11.597+0000] {dagbag.py:588} INFO - Filling up the DagBag from /home/airflow/.local/lib/python3.12/site-packages/airflow/example_dags/example_task_group.py
[2025-04-06T04:12:11.603+0000] {processor.py:925} INFO - DAG(s) 'example_task_group' retrieved from /home/airflow/.local/lib/python3.12/site-packages/airflow/example_dags/example_task_group.py
[2025-04-06T04:12:11.627+0000] {logging_mixin.py:190} INFO - [2025-04-06T04:12:11.627+0000] {dag.py:3239} INFO - Sync 1 DAGs
[2025-04-06T04:12:11.642+0000] {logging_mixin.py:190} INFO - [2025-04-06T04:12:11.642+0000] {dag.py:4180} INFO - Setting next_dagrun for example_task_group to None, run_after=None
[2025-04-06T04:12:11.665+0000] {processor.py:208} INFO - Processing /home/airflow/.local/lib/python3.12/site-packages/airflow/example_dags/example_task_group.py took 0.077 seconds
[2025-04-06T04:12:41.983+0000] {processor.py:186} INFO - Started process (PID=2300) to work on /home/airflow/.local/lib/python3.12/site-packages/airflow/example_dags/example_task_group.py
[2025-04-06T04:12:41.985+0000] {processor.py:914} INFO - Processing file /home/airflow/.local/lib/python3.12/site-packages/airflow/example_dags/example_task_group.py for tasks to queue
[2025-04-06T04:12:41.987+0000] {logging_mixin.py:190} INFO - [2025-04-06T04:12:41.987+0000] {dagbag.py:588} INFO - Filling up the DagBag from /home/airflow/.local/lib/python3.12/site-packages/airflow/example_dags/example_task_group.py
[2025-04-06T04:12:41.995+0000] {processor.py:925} INFO - DAG(s) 'example_task_group' retrieved from /home/airflow/.local/lib/python3.12/site-packages/airflow/example_dags/example_task_group.py
[2025-04-06T04:12:42.016+0000] {logging_mixin.py:190} INFO - [2025-04-06T04:12:42.016+0000] {dag.py:3239} INFO - Sync 1 DAGs
[2025-04-06T04:12:42.029+0000] {logging_mixin.py:190} INFO - [2025-04-06T04:12:42.028+0000] {dag.py:4180} INFO - Setting next_dagrun for example_task_group to None, run_after=None
[2025-04-06T04:12:42.056+0000] {processor.py:208} INFO - Processing /home/airflow/.local/lib/python3.12/site-packages/airflow/example_dags/example_task_group.py took 0.078 seconds
[2025-04-06T04:13:12.400+0000] {processor.py:186} INFO - Started process (PID=2363) to work on /home/airflow/.local/lib/python3.12/site-packages/airflow/example_dags/example_task_group.py
[2025-04-06T04:13:12.401+0000] {processor.py:914} INFO - Processing file /home/airflow/.local/lib/python3.12/site-packages/airflow/example_dags/example_task_group.py for tasks to queue
[2025-04-06T04:13:12.403+0000] {logging_mixin.py:190} INFO - [2025-04-06T04:13:12.403+0000] {dagbag.py:588} INFO - Filling up the DagBag from /home/airflow/.local/lib/python3.12/site-packages/airflow/example_dags/example_task_group.py
[2025-04-06T04:13:12.412+0000] {processor.py:925} INFO - DAG(s) 'example_task_group' retrieved from /home/airflow/.local/lib/python3.12/site-packages/airflow/example_dags/example_task_group.py
[2025-04-06T04:13:12.434+0000] {logging_mixin.py:190} INFO - [2025-04-06T04:13:12.434+0000] {dag.py:3239} INFO - Sync 1 DAGs
[2025-04-06T04:13:12.448+0000] {logging_mixin.py:190} INFO - [2025-04-06T04:13:12.448+0000] {dag.py:4180} INFO - Setting next_dagrun for example_task_group to None, run_after=None
[2025-04-06T04:13:12.471+0000] {processor.py:208} INFO - Processing /home/airflow/.local/lib/python3.12/site-packages/airflow/example_dags/example_task_group.py took 0.078 seconds
[2025-04-06T04:13:43.032+0000] {processor.py:186} INFO - Started process (PID=2426) to work on /home/airflow/.local/lib/python3.12/site-packages/airflow/example_dags/example_task_group.py
[2025-04-06T04:13:43.034+0000] {processor.py:914} INFO - Processing file /home/airflow/.local/lib/python3.12/site-packages/airflow/example_dags/example_task_group.py for tasks to queue
[2025-04-06T04:13:43.037+0000] {logging_mixin.py:190} INFO - [2025-04-06T04:13:43.036+0000] {dagbag.py:588} INFO - Filling up the DagBag from /home/airflow/.local/lib/python3.12/site-packages/airflow/example_dags/example_task_group.py
[2025-04-06T04:13:43.048+0000] {processor.py:925} INFO - DAG(s) 'example_task_group' retrieved from /home/airflow/.local/lib/python3.12/site-packages/airflow/example_dags/example_task_group.py
[2025-04-06T04:13:43.076+0000] {logging_mixin.py:190} INFO - [2025-04-06T04:13:43.076+0000] {dag.py:3239} INFO - Sync 1 DAGs
[2025-04-06T04:13:43.090+0000] {logging_mixin.py:190} INFO - [2025-04-06T04:13:43.090+0000] {dag.py:4180} INFO - Setting next_dagrun for example_task_group to None, run_after=None
[2025-04-06T04:13:43.112+0000] {processor.py:208} INFO - Processing /home/airflow/.local/lib/python3.12/site-packages/airflow/example_dags/example_task_group.py took 0.086 seconds
[2025-04-06T04:14:14.078+0000] {processor.py:186} INFO - Started process (PID=2489) to work on /home/airflow/.local/lib/python3.12/site-packages/airflow/example_dags/example_task_group.py
[2025-04-06T04:14:14.081+0000] {processor.py:914} INFO - Processing file /home/airflow/.local/lib/python3.12/site-packages/airflow/example_dags/example_task_group.py for tasks to queue
[2025-04-06T04:14:14.084+0000] {logging_mixin.py:190} INFO - [2025-04-06T04:14:14.083+0000] {dagbag.py:588} INFO - Filling up the DagBag from /home/airflow/.local/lib/python3.12/site-packages/airflow/example_dags/example_task_group.py
[2025-04-06T04:14:14.091+0000] {processor.py:925} INFO - DAG(s) 'example_task_group' retrieved from /home/airflow/.local/lib/python3.12/site-packages/airflow/example_dags/example_task_group.py
[2025-04-06T04:14:14.110+0000] {logging_mixin.py:190} INFO - [2025-04-06T04:14:14.110+0000] {dag.py:3239} INFO - Sync 1 DAGs
[2025-04-06T04:14:14.121+0000] {logging_mixin.py:190} INFO - [2025-04-06T04:14:14.121+0000] {dag.py:4180} INFO - Setting next_dagrun for example_task_group to None, run_after=None
[2025-04-06T04:14:14.139+0000] {processor.py:208} INFO - Processing /home/airflow/.local/lib/python3.12/site-packages/airflow/example_dags/example_task_group.py took 0.066 seconds
[2025-04-06T04:14:44.574+0000] {processor.py:186} INFO - Started process (PID=2552) to work on /home/airflow/.local/lib/python3.12/site-packages/airflow/example_dags/example_task_group.py
[2025-04-06T04:14:44.575+0000] {processor.py:914} INFO - Processing file /home/airflow/.local/lib/python3.12/site-packages/airflow/example_dags/example_task_group.py for tasks to queue
[2025-04-06T04:14:44.577+0000] {logging_mixin.py:190} INFO - [2025-04-06T04:14:44.577+0000] {dagbag.py:588} INFO - Filling up the DagBag from /home/airflow/.local/lib/python3.12/site-packages/airflow/example_dags/example_task_group.py
[2025-04-06T04:14:44.584+0000] {processor.py:925} INFO - DAG(s) 'example_task_group' retrieved from /home/airflow/.local/lib/python3.12/site-packages/airflow/example_dags/example_task_group.py
[2025-04-06T04:14:44.604+0000] {logging_mixin.py:190} INFO - [2025-04-06T04:14:44.604+0000] {dag.py:3239} INFO - Sync 1 DAGs
[2025-04-06T04:14:44.616+0000] {logging_mixin.py:190} INFO - [2025-04-06T04:14:44.616+0000] {dag.py:4180} INFO - Setting next_dagrun for example_task_group to None, run_after=None
[2025-04-06T04:14:44.633+0000] {processor.py:208} INFO - Processing /home/airflow/.local/lib/python3.12/site-packages/airflow/example_dags/example_task_group.py took 0.065 seconds
[2025-04-06T04:15:14.993+0000] {processor.py:186} INFO - Started process (PID=2615) to work on /home/airflow/.local/lib/python3.12/site-packages/airflow/example_dags/example_task_group.py
[2025-04-06T04:15:14.994+0000] {processor.py:914} INFO - Processing file /home/airflow/.local/lib/python3.12/site-packages/airflow/example_dags/example_task_group.py for tasks to queue
[2025-04-06T04:15:14.999+0000] {logging_mixin.py:190} INFO - [2025-04-06T04:15:14.998+0000] {dagbag.py:588} INFO - Filling up the DagBag from /home/airflow/.local/lib/python3.12/site-packages/airflow/example_dags/example_task_group.py
[2025-04-06T04:15:15.007+0000] {processor.py:925} INFO - DAG(s) 'example_task_group' retrieved from /home/airflow/.local/lib/python3.12/site-packages/airflow/example_dags/example_task_group.py
[2025-04-06T04:15:15.028+0000] {logging_mixin.py:190} INFO - [2025-04-06T04:15:15.028+0000] {dag.py:3239} INFO - Sync 1 DAGs
[2025-04-06T04:15:15.042+0000] {logging_mixin.py:190} INFO - [2025-04-06T04:15:15.042+0000] {dag.py:4180} INFO - Setting next_dagrun for example_task_group to None, run_after=None
[2025-04-06T04:15:15.060+0000] {processor.py:208} INFO - Processing /home/airflow/.local/lib/python3.12/site-packages/airflow/example_dags/example_task_group.py took 0.073 seconds
[2025-04-06T04:15:45.521+0000] {processor.py:186} INFO - Started process (PID=2678) to work on /home/airflow/.local/lib/python3.12/site-packages/airflow/example_dags/example_task_group.py
[2025-04-06T04:15:45.522+0000] {processor.py:914} INFO - Processing file /home/airflow/.local/lib/python3.12/site-packages/airflow/example_dags/example_task_group.py for tasks to queue
[2025-04-06T04:15:45.525+0000] {logging_mixin.py:190} INFO - [2025-04-06T04:15:45.524+0000] {dagbag.py:588} INFO - Filling up the DagBag from /home/airflow/.local/lib/python3.12/site-packages/airflow/example_dags/example_task_group.py
[2025-04-06T04:15:45.532+0000] {processor.py:925} INFO - DAG(s) 'example_task_group' retrieved from /home/airflow/.local/lib/python3.12/site-packages/airflow/example_dags/example_task_group.py
[2025-04-06T04:15:45.555+0000] {logging_mixin.py:190} INFO - [2025-04-06T04:15:45.555+0000] {dag.py:3239} INFO - Sync 1 DAGs
[2025-04-06T04:15:45.570+0000] {logging_mixin.py:190} INFO - [2025-04-06T04:15:45.570+0000] {dag.py:4180} INFO - Setting next_dagrun for example_task_group to None, run_after=None
[2025-04-06T04:15:45.589+0000] {processor.py:208} INFO - Processing /home/airflow/.local/lib/python3.12/site-packages/airflow/example_dags/example_task_group.py took 0.075 seconds
[2025-04-06T04:16:15.730+0000] {processor.py:186} INFO - Started process (PID=2740) to work on /home/airflow/.local/lib/python3.12/site-packages/airflow/example_dags/example_task_group.py
[2025-04-06T04:16:15.731+0000] {processor.py:914} INFO - Processing file /home/airflow/.local/lib/python3.12/site-packages/airflow/example_dags/example_task_group.py for tasks to queue
[2025-04-06T04:16:15.734+0000] {logging_mixin.py:190} INFO - [2025-04-06T04:16:15.734+0000] {dagbag.py:588} INFO - Filling up the DagBag from /home/airflow/.local/lib/python3.12/site-packages/airflow/example_dags/example_task_group.py
[2025-04-06T04:16:15.746+0000] {processor.py:925} INFO - DAG(s) 'example_task_group' retrieved from /home/airflow/.local/lib/python3.12/site-packages/airflow/example_dags/example_task_group.py
[2025-04-06T04:16:15.767+0000] {logging_mixin.py:190} INFO - [2025-04-06T04:16:15.767+0000] {dag.py:3239} INFO - Sync 1 DAGs
[2025-04-06T04:16:15.783+0000] {logging_mixin.py:190} INFO - [2025-04-06T04:16:15.783+0000] {dag.py:4180} INFO - Setting next_dagrun for example_task_group to None, run_after=None
[2025-04-06T04:16:15.814+0000] {processor.py:208} INFO - Processing /home/airflow/.local/lib/python3.12/site-packages/airflow/example_dags/example_task_group.py took 0.090 seconds
[2025-04-06T04:16:47.234+0000] {processor.py:186} INFO - Started process (PID=2804) to work on /home/airflow/.local/lib/python3.12/site-packages/airflow/example_dags/example_task_group.py
[2025-04-06T04:16:47.235+0000] {processor.py:914} INFO - Processing file /home/airflow/.local/lib/python3.12/site-packages/airflow/example_dags/example_task_group.py for tasks to queue
[2025-04-06T04:16:47.237+0000] {logging_mixin.py:190} INFO - [2025-04-06T04:16:47.237+0000] {dagbag.py:588} INFO - Filling up the DagBag from /home/airflow/.local/lib/python3.12/site-packages/airflow/example_dags/example_task_group.py
[2025-04-06T04:16:47.243+0000] {processor.py:925} INFO - DAG(s) 'example_task_group' retrieved from /home/airflow/.local/lib/python3.12/site-packages/airflow/example_dags/example_task_group.py
[2025-04-06T04:16:47.262+0000] {logging_mixin.py:190} INFO - [2025-04-06T04:16:47.262+0000] {dag.py:3239} INFO - Sync 1 DAGs
[2025-04-06T04:16:47.273+0000] {logging_mixin.py:190} INFO - [2025-04-06T04:16:47.273+0000] {dag.py:4180} INFO - Setting next_dagrun for example_task_group to None, run_after=None
[2025-04-06T04:16:47.291+0000] {processor.py:208} INFO - Processing /home/airflow/.local/lib/python3.12/site-packages/airflow/example_dags/example_task_group.py took 0.062 seconds
[2025-04-06T04:17:17.342+0000] {processor.py:186} INFO - Started process (PID=2866) to work on /home/airflow/.local/lib/python3.12/site-packages/airflow/example_dags/example_task_group.py
[2025-04-06T04:17:17.343+0000] {processor.py:914} INFO - Processing file /home/airflow/.local/lib/python3.12/site-packages/airflow/example_dags/example_task_group.py for tasks to queue
[2025-04-06T04:17:17.347+0000] {logging_mixin.py:190} INFO - [2025-04-06T04:17:17.347+0000] {dagbag.py:588} INFO - Filling up the DagBag from /home/airflow/.local/lib/python3.12/site-packages/airflow/example_dags/example_task_group.py
[2025-04-06T04:17:17.354+0000] {processor.py:925} INFO - DAG(s) 'example_task_group' retrieved from /home/airflow/.local/lib/python3.12/site-packages/airflow/example_dags/example_task_group.py
[2025-04-06T04:17:17.373+0000] {logging_mixin.py:190} INFO - [2025-04-06T04:17:17.373+0000] {dag.py:3239} INFO - Sync 1 DAGs
[2025-04-06T04:17:17.385+0000] {logging_mixin.py:190} INFO - [2025-04-06T04:17:17.384+0000] {dag.py:4180} INFO - Setting next_dagrun for example_task_group to None, run_after=None
[2025-04-06T04:17:17.404+0000] {processor.py:208} INFO - Processing /home/airflow/.local/lib/python3.12/site-packages/airflow/example_dags/example_task_group.py took 0.067 seconds
[2025-04-06T04:17:47.515+0000] {processor.py:186} INFO - Started process (PID=2929) to work on /home/airflow/.local/lib/python3.12/site-packages/airflow/example_dags/example_task_group.py
[2025-04-06T04:17:47.517+0000] {processor.py:914} INFO - Processing file /home/airflow/.local/lib/python3.12/site-packages/airflow/example_dags/example_task_group.py for tasks to queue
[2025-04-06T04:17:47.522+0000] {logging_mixin.py:190} INFO - [2025-04-06T04:17:47.522+0000] {dagbag.py:588} INFO - Filling up the DagBag from /home/airflow/.local/lib/python3.12/site-packages/airflow/example_dags/example_task_group.py
[2025-04-06T04:17:47.539+0000] {processor.py:925} INFO - DAG(s) 'example_task_group' retrieved from /home/airflow/.local/lib/python3.12/site-packages/airflow/example_dags/example_task_group.py
[2025-04-06T04:17:47.571+0000] {logging_mixin.py:190} INFO - [2025-04-06T04:17:47.571+0000] {dag.py:3239} INFO - Sync 1 DAGs
[2025-04-06T04:17:47.588+0000] {logging_mixin.py:190} INFO - [2025-04-06T04:17:47.588+0000] {dag.py:4180} INFO - Setting next_dagrun for example_task_group to None, run_after=None
[2025-04-06T04:17:47.616+0000] {processor.py:208} INFO - Processing /home/airflow/.local/lib/python3.12/site-packages/airflow/example_dags/example_task_group.py took 0.111 seconds
[2025-04-06T04:18:18.685+0000] {processor.py:186} INFO - Started process (PID=2993) to work on /home/airflow/.local/lib/python3.12/site-packages/airflow/example_dags/example_task_group.py
[2025-04-06T04:18:18.687+0000] {processor.py:914} INFO - Processing file /home/airflow/.local/lib/python3.12/site-packages/airflow/example_dags/example_task_group.py for tasks to queue
[2025-04-06T04:18:18.689+0000] {logging_mixin.py:190} INFO - [2025-04-06T04:18:18.688+0000] {dagbag.py:588} INFO - Filling up the DagBag from /home/airflow/.local/lib/python3.12/site-packages/airflow/example_dags/example_task_group.py
[2025-04-06T04:18:18.694+0000] {processor.py:925} INFO - DAG(s) 'example_task_group' retrieved from /home/airflow/.local/lib/python3.12/site-packages/airflow/example_dags/example_task_group.py
[2025-04-06T04:18:18.714+0000] {logging_mixin.py:190} INFO - [2025-04-06T04:18:18.714+0000] {dag.py:3239} INFO - Sync 1 DAGs
[2025-04-06T04:18:18.728+0000] {logging_mixin.py:190} INFO - [2025-04-06T04:18:18.728+0000] {dag.py:4180} INFO - Setting next_dagrun for example_task_group to None, run_after=None
[2025-04-06T04:18:18.750+0000] {processor.py:208} INFO - Processing /home/airflow/.local/lib/python3.12/site-packages/airflow/example_dags/example_task_group.py took 0.069 seconds
[2025-04-06T04:18:48.901+0000] {processor.py:186} INFO - Started process (PID=3055) to work on /home/airflow/.local/lib/python3.12/site-packages/airflow/example_dags/example_task_group.py
[2025-04-06T04:18:48.902+0000] {processor.py:914} INFO - Processing file /home/airflow/.local/lib/python3.12/site-packages/airflow/example_dags/example_task_group.py for tasks to queue
[2025-04-06T04:18:48.904+0000] {logging_mixin.py:190} INFO - [2025-04-06T04:18:48.904+0000] {dagbag.py:588} INFO - Filling up the DagBag from /home/airflow/.local/lib/python3.12/site-packages/airflow/example_dags/example_task_group.py
[2025-04-06T04:18:48.913+0000] {processor.py:925} INFO - DAG(s) 'example_task_group' retrieved from /home/airflow/.local/lib/python3.12/site-packages/airflow/example_dags/example_task_group.py
[2025-04-06T04:18:48.938+0000] {logging_mixin.py:190} INFO - [2025-04-06T04:18:48.938+0000] {dag.py:3239} INFO - Sync 1 DAGs
[2025-04-06T04:18:48.958+0000] {logging_mixin.py:190} INFO - [2025-04-06T04:18:48.957+0000] {dag.py:4180} INFO - Setting next_dagrun for example_task_group to None, run_after=None
[2025-04-06T04:18:48.988+0000] {processor.py:208} INFO - Processing /home/airflow/.local/lib/python3.12/site-packages/airflow/example_dags/example_task_group.py took 0.092 seconds
[2025-04-06T04:19:20.292+0000] {processor.py:186} INFO - Started process (PID=3119) to work on /home/airflow/.local/lib/python3.12/site-packages/airflow/example_dags/example_task_group.py
[2025-04-06T04:19:20.294+0000] {processor.py:914} INFO - Processing file /home/airflow/.local/lib/python3.12/site-packages/airflow/example_dags/example_task_group.py for tasks to queue
[2025-04-06T04:19:20.296+0000] {logging_mixin.py:190} INFO - [2025-04-06T04:19:20.296+0000] {dagbag.py:588} INFO - Filling up the DagBag from /home/airflow/.local/lib/python3.12/site-packages/airflow/example_dags/example_task_group.py
[2025-04-06T04:19:20.302+0000] {processor.py:925} INFO - DAG(s) 'example_task_group' retrieved from /home/airflow/.local/lib/python3.12/site-packages/airflow/example_dags/example_task_group.py
[2025-04-06T04:19:20.322+0000] {logging_mixin.py:190} INFO - [2025-04-06T04:19:20.322+0000] {dag.py:3239} INFO - Sync 1 DAGs
[2025-04-06T04:19:20.335+0000] {logging_mixin.py:190} INFO - [2025-04-06T04:19:20.334+0000] {dag.py:4180} INFO - Setting next_dagrun for example_task_group to None, run_after=None
[2025-04-06T04:19:20.359+0000] {processor.py:208} INFO - Processing /home/airflow/.local/lib/python3.12/site-packages/airflow/example_dags/example_task_group.py took 0.071 seconds
[2025-04-06T04:19:50.470+0000] {processor.py:186} INFO - Started process (PID=3181) to work on /home/airflow/.local/lib/python3.12/site-packages/airflow/example_dags/example_task_group.py
[2025-04-06T04:19:50.471+0000] {processor.py:914} INFO - Processing file /home/airflow/.local/lib/python3.12/site-packages/airflow/example_dags/example_task_group.py for tasks to queue
[2025-04-06T04:19:50.473+0000] {logging_mixin.py:190} INFO - [2025-04-06T04:19:50.473+0000] {dagbag.py:588} INFO - Filling up the DagBag from /home/airflow/.local/lib/python3.12/site-packages/airflow/example_dags/example_task_group.py
[2025-04-06T04:19:50.479+0000] {processor.py:925} INFO - DAG(s) 'example_task_group' retrieved from /home/airflow/.local/lib/python3.12/site-packages/airflow/example_dags/example_task_group.py
[2025-04-06T04:19:50.497+0000] {logging_mixin.py:190} INFO - [2025-04-06T04:19:50.497+0000] {dag.py:3239} INFO - Sync 1 DAGs
[2025-04-06T04:19:50.509+0000] {logging_mixin.py:190} INFO - [2025-04-06T04:19:50.509+0000] {dag.py:4180} INFO - Setting next_dagrun for example_task_group to None, run_after=None
[2025-04-06T04:19:50.528+0000] {processor.py:208} INFO - Processing /home/airflow/.local/lib/python3.12/site-packages/airflow/example_dags/example_task_group.py took 0.063 seconds
[2025-04-06T04:20:21.257+0000] {processor.py:186} INFO - Started process (PID=3245) to work on /home/airflow/.local/lib/python3.12/site-packages/airflow/example_dags/example_task_group.py
[2025-04-06T04:20:21.258+0000] {processor.py:914} INFO - Processing file /home/airflow/.local/lib/python3.12/site-packages/airflow/example_dags/example_task_group.py for tasks to queue
[2025-04-06T04:20:21.263+0000] {logging_mixin.py:190} INFO - [2025-04-06T04:20:21.262+0000] {dagbag.py:588} INFO - Filling up the DagBag from /home/airflow/.local/lib/python3.12/site-packages/airflow/example_dags/example_task_group.py
[2025-04-06T04:20:21.274+0000] {processor.py:925} INFO - DAG(s) 'example_task_group' retrieved from /home/airflow/.local/lib/python3.12/site-packages/airflow/example_dags/example_task_group.py
[2025-04-06T04:20:21.298+0000] {logging_mixin.py:190} INFO - [2025-04-06T04:20:21.298+0000] {dag.py:3239} INFO - Sync 1 DAGs
[2025-04-06T04:20:21.322+0000] {logging_mixin.py:190} INFO - [2025-04-06T04:20:21.321+0000] {dag.py:4180} INFO - Setting next_dagrun for example_task_group to None, run_after=None
[2025-04-06T04:20:21.357+0000] {processor.py:208} INFO - Processing /home/airflow/.local/lib/python3.12/site-packages/airflow/example_dags/example_task_group.py took 0.106 seconds
[2025-04-06T04:20:51.538+0000] {processor.py:186} INFO - Started process (PID=3307) to work on /home/airflow/.local/lib/python3.12/site-packages/airflow/example_dags/example_task_group.py
[2025-04-06T04:20:51.539+0000] {processor.py:914} INFO - Processing file /home/airflow/.local/lib/python3.12/site-packages/airflow/example_dags/example_task_group.py for tasks to queue
[2025-04-06T04:20:51.541+0000] {logging_mixin.py:190} INFO - [2025-04-06T04:20:51.541+0000] {dagbag.py:588} INFO - Filling up the DagBag from /home/airflow/.local/lib/python3.12/site-packages/airflow/example_dags/example_task_group.py
[2025-04-06T04:20:51.552+0000] {processor.py:925} INFO - DAG(s) 'example_task_group' retrieved from /home/airflow/.local/lib/python3.12/site-packages/airflow/example_dags/example_task_group.py
[2025-04-06T04:20:51.575+0000] {logging_mixin.py:190} INFO - [2025-04-06T04:20:51.575+0000] {dag.py:3239} INFO - Sync 1 DAGs
[2025-04-06T04:20:51.591+0000] {logging_mixin.py:190} INFO - [2025-04-06T04:20:51.591+0000] {dag.py:4180} INFO - Setting next_dagrun for example_task_group to None, run_after=None
[2025-04-06T04:20:51.610+0000] {processor.py:208} INFO - Processing /home/airflow/.local/lib/python3.12/site-packages/airflow/example_dags/example_task_group.py took 0.078 seconds
[2025-04-06T04:21:22.953+0000] {processor.py:186} INFO - Started process (PID=3371) to work on /home/airflow/.local/lib/python3.12/site-packages/airflow/example_dags/example_task_group.py
[2025-04-06T04:21:22.955+0000] {processor.py:914} INFO - Processing file /home/airflow/.local/lib/python3.12/site-packages/airflow/example_dags/example_task_group.py for tasks to queue
[2025-04-06T04:21:22.956+0000] {logging_mixin.py:190} INFO - [2025-04-06T04:21:22.956+0000] {dagbag.py:588} INFO - Filling up the DagBag from /home/airflow/.local/lib/python3.12/site-packages/airflow/example_dags/example_task_group.py
[2025-04-06T04:21:22.962+0000] {processor.py:925} INFO - DAG(s) 'example_task_group' retrieved from /home/airflow/.local/lib/python3.12/site-packages/airflow/example_dags/example_task_group.py
[2025-04-06T04:21:22.983+0000] {logging_mixin.py:190} INFO - [2025-04-06T04:21:22.983+0000] {dag.py:3239} INFO - Sync 1 DAGs
[2025-04-06T04:21:22.993+0000] {logging_mixin.py:190} INFO - [2025-04-06T04:21:22.993+0000] {dag.py:4180} INFO - Setting next_dagrun for example_task_group to None, run_after=None
[2025-04-06T04:21:23.016+0000] {processor.py:208} INFO - Processing /home/airflow/.local/lib/python3.12/site-packages/airflow/example_dags/example_task_group.py took 0.068 seconds
[2025-04-06T04:21:53.508+0000] {processor.py:186} INFO - Started process (PID=3434) to work on /home/airflow/.local/lib/python3.12/site-packages/airflow/example_dags/example_task_group.py
[2025-04-06T04:21:53.509+0000] {processor.py:914} INFO - Processing file /home/airflow/.local/lib/python3.12/site-packages/airflow/example_dags/example_task_group.py for tasks to queue
[2025-04-06T04:21:53.511+0000] {logging_mixin.py:190} INFO - [2025-04-06T04:21:53.511+0000] {dagbag.py:588} INFO - Filling up the DagBag from /home/airflow/.local/lib/python3.12/site-packages/airflow/example_dags/example_task_group.py
[2025-04-06T04:21:53.521+0000] {processor.py:925} INFO - DAG(s) 'example_task_group' retrieved from /home/airflow/.local/lib/python3.12/site-packages/airflow/example_dags/example_task_group.py
[2025-04-06T04:21:53.545+0000] {logging_mixin.py:190} INFO - [2025-04-06T04:21:53.544+0000] {dag.py:3239} INFO - Sync 1 DAGs
[2025-04-06T04:21:53.556+0000] {logging_mixin.py:190} INFO - [2025-04-06T04:21:53.556+0000] {dag.py:4180} INFO - Setting next_dagrun for example_task_group to None, run_after=None
[2025-04-06T04:21:53.577+0000] {processor.py:208} INFO - Processing /home/airflow/.local/lib/python3.12/site-packages/airflow/example_dags/example_task_group.py took 0.074 seconds
[2025-04-06T04:22:24.569+0000] {processor.py:186} INFO - Started process (PID=3497) to work on /home/airflow/.local/lib/python3.12/site-packages/airflow/example_dags/example_task_group.py
[2025-04-06T04:22:24.570+0000] {processor.py:914} INFO - Processing file /home/airflow/.local/lib/python3.12/site-packages/airflow/example_dags/example_task_group.py for tasks to queue
[2025-04-06T04:22:24.572+0000] {logging_mixin.py:190} INFO - [2025-04-06T04:22:24.572+0000] {dagbag.py:588} INFO - Filling up the DagBag from /home/airflow/.local/lib/python3.12/site-packages/airflow/example_dags/example_task_group.py
[2025-04-06T04:22:24.580+0000] {processor.py:925} INFO - DAG(s) 'example_task_group' retrieved from /home/airflow/.local/lib/python3.12/site-packages/airflow/example_dags/example_task_group.py
[2025-04-06T04:22:24.602+0000] {logging_mixin.py:190} INFO - [2025-04-06T04:22:24.602+0000] {dag.py:3239} INFO - Sync 1 DAGs
[2025-04-06T04:22:24.619+0000] {logging_mixin.py:190} INFO - [2025-04-06T04:22:24.619+0000] {dag.py:4180} INFO - Setting next_dagrun for example_task_group to None, run_after=None
[2025-04-06T04:22:24.637+0000] {processor.py:208} INFO - Processing /home/airflow/.local/lib/python3.12/site-packages/airflow/example_dags/example_task_group.py took 0.072 seconds
[2025-04-06T04:22:55.387+0000] {processor.py:186} INFO - Started process (PID=3560) to work on /home/airflow/.local/lib/python3.12/site-packages/airflow/example_dags/example_task_group.py
[2025-04-06T04:22:55.388+0000] {processor.py:914} INFO - Processing file /home/airflow/.local/lib/python3.12/site-packages/airflow/example_dags/example_task_group.py for tasks to queue
[2025-04-06T04:22:55.390+0000] {logging_mixin.py:190} INFO - [2025-04-06T04:22:55.390+0000] {dagbag.py:588} INFO - Filling up the DagBag from /home/airflow/.local/lib/python3.12/site-packages/airflow/example_dags/example_task_group.py
[2025-04-06T04:22:55.396+0000] {processor.py:925} INFO - DAG(s) 'example_task_group' retrieved from /home/airflow/.local/lib/python3.12/site-packages/airflow/example_dags/example_task_group.py
[2025-04-06T04:22:55.415+0000] {logging_mixin.py:190} INFO - [2025-04-06T04:22:55.415+0000] {dag.py:3239} INFO - Sync 1 DAGs
[2025-04-06T04:22:55.425+0000] {logging_mixin.py:190} INFO - [2025-04-06T04:22:55.425+0000] {dag.py:4180} INFO - Setting next_dagrun for example_task_group to None, run_after=None
[2025-04-06T04:22:55.577+0000] {processor.py:208} INFO - Processing /home/airflow/.local/lib/python3.12/site-packages/airflow/example_dags/example_task_group.py took 0.196 seconds
[2025-04-06T04:23:25.982+0000] {processor.py:186} INFO - Started process (PID=3623) to work on /home/airflow/.local/lib/python3.12/site-packages/airflow/example_dags/example_task_group.py
[2025-04-06T04:23:25.984+0000] {processor.py:914} INFO - Processing file /home/airflow/.local/lib/python3.12/site-packages/airflow/example_dags/example_task_group.py for tasks to queue
[2025-04-06T04:23:25.985+0000] {logging_mixin.py:190} INFO - [2025-04-06T04:23:25.985+0000] {dagbag.py:588} INFO - Filling up the DagBag from /home/airflow/.local/lib/python3.12/site-packages/airflow/example_dags/example_task_group.py
[2025-04-06T04:23:25.996+0000] {processor.py:925} INFO - DAG(s) 'example_task_group' retrieved from /home/airflow/.local/lib/python3.12/site-packages/airflow/example_dags/example_task_group.py
[2025-04-06T04:23:26.020+0000] {logging_mixin.py:190} INFO - [2025-04-06T04:23:26.020+0000] {dag.py:3239} INFO - Sync 1 DAGs
[2025-04-06T04:23:26.034+0000] {logging_mixin.py:190} INFO - [2025-04-06T04:23:26.034+0000] {dag.py:4180} INFO - Setting next_dagrun for example_task_group to None, run_after=None
[2025-04-06T04:23:26.058+0000] {processor.py:208} INFO - Processing /home/airflow/.local/lib/python3.12/site-packages/airflow/example_dags/example_task_group.py took 0.081 seconds
[2025-04-06T04:23:56.313+0000] {processor.py:186} INFO - Started process (PID=3685) to work on /home/airflow/.local/lib/python3.12/site-packages/airflow/example_dags/example_task_group.py
[2025-04-06T04:23:56.314+0000] {processor.py:914} INFO - Processing file /home/airflow/.local/lib/python3.12/site-packages/airflow/example_dags/example_task_group.py for tasks to queue
[2025-04-06T04:23:56.316+0000] {logging_mixin.py:190} INFO - [2025-04-06T04:23:56.315+0000] {dagbag.py:588} INFO - Filling up the DagBag from /home/airflow/.local/lib/python3.12/site-packages/airflow/example_dags/example_task_group.py
[2025-04-06T04:23:56.325+0000] {processor.py:925} INFO - DAG(s) 'example_task_group' retrieved from /home/airflow/.local/lib/python3.12/site-packages/airflow/example_dags/example_task_group.py
[2025-04-06T04:23:56.344+0000] {logging_mixin.py:190} INFO - [2025-04-06T04:23:56.344+0000] {dag.py:3239} INFO - Sync 1 DAGs
[2025-04-06T04:23:56.355+0000] {logging_mixin.py:190} INFO - [2025-04-06T04:23:56.354+0000] {dag.py:4180} INFO - Setting next_dagrun for example_task_group to None, run_after=None
[2025-04-06T04:23:56.375+0000] {processor.py:208} INFO - Processing /home/airflow/.local/lib/python3.12/site-packages/airflow/example_dags/example_task_group.py took 0.067 seconds
[2025-04-06T04:24:27.616+0000] {processor.py:186} INFO - Started process (PID=3749) to work on /home/airflow/.local/lib/python3.12/site-packages/airflow/example_dags/example_task_group.py
[2025-04-06T04:24:27.617+0000] {processor.py:914} INFO - Processing file /home/airflow/.local/lib/python3.12/site-packages/airflow/example_dags/example_task_group.py for tasks to queue
[2025-04-06T04:24:27.619+0000] {logging_mixin.py:190} INFO - [2025-04-06T04:24:27.618+0000] {dagbag.py:588} INFO - Filling up the DagBag from /home/airflow/.local/lib/python3.12/site-packages/airflow/example_dags/example_task_group.py
[2025-04-06T04:24:27.625+0000] {processor.py:925} INFO - DAG(s) 'example_task_group' retrieved from /home/airflow/.local/lib/python3.12/site-packages/airflow/example_dags/example_task_group.py
[2025-04-06T04:24:27.643+0000] {logging_mixin.py:190} INFO - [2025-04-06T04:24:27.643+0000] {dag.py:3239} INFO - Sync 1 DAGs
[2025-04-06T04:24:27.655+0000] {logging_mixin.py:190} INFO - [2025-04-06T04:24:27.655+0000] {dag.py:4180} INFO - Setting next_dagrun for example_task_group to None, run_after=None
[2025-04-06T04:24:27.673+0000] {processor.py:208} INFO - Processing /home/airflow/.local/lib/python3.12/site-packages/airflow/example_dags/example_task_group.py took 0.062 seconds
[2025-04-06T04:24:58.011+0000] {processor.py:186} INFO - Started process (PID=3812) to work on /home/airflow/.local/lib/python3.12/site-packages/airflow/example_dags/example_task_group.py
[2025-04-06T04:24:58.013+0000] {processor.py:914} INFO - Processing file /home/airflow/.local/lib/python3.12/site-packages/airflow/example_dags/example_task_group.py for tasks to queue
[2025-04-06T04:24:58.016+0000] {logging_mixin.py:190} INFO - [2025-04-06T04:24:58.015+0000] {dagbag.py:588} INFO - Filling up the DagBag from /home/airflow/.local/lib/python3.12/site-packages/airflow/example_dags/example_task_group.py
[2025-04-06T04:24:58.027+0000] {processor.py:925} INFO - DAG(s) 'example_task_group' retrieved from /home/airflow/.local/lib/python3.12/site-packages/airflow/example_dags/example_task_group.py
[2025-04-06T04:24:58.050+0000] {logging_mixin.py:190} INFO - [2025-04-06T04:24:58.050+0000] {dag.py:3239} INFO - Sync 1 DAGs
[2025-04-06T04:24:58.064+0000] {logging_mixin.py:190} INFO - [2025-04-06T04:24:58.063+0000] {dag.py:4180} INFO - Setting next_dagrun for example_task_group to None, run_after=None
[2025-04-06T04:24:58.082+0000] {processor.py:208} INFO - Processing /home/airflow/.local/lib/python3.12/site-packages/airflow/example_dags/example_task_group.py took 0.077 seconds
[2025-04-06T04:25:28.766+0000] {processor.py:186} INFO - Started process (PID=3875) to work on /home/airflow/.local/lib/python3.12/site-packages/airflow/example_dags/example_task_group.py
[2025-04-06T04:25:28.768+0000] {processor.py:914} INFO - Processing file /home/airflow/.local/lib/python3.12/site-packages/airflow/example_dags/example_task_group.py for tasks to queue
[2025-04-06T04:25:28.769+0000] {logging_mixin.py:190} INFO - [2025-04-06T04:25:28.769+0000] {dagbag.py:588} INFO - Filling up the DagBag from /home/airflow/.local/lib/python3.12/site-packages/airflow/example_dags/example_task_group.py
[2025-04-06T04:25:28.778+0000] {processor.py:925} INFO - DAG(s) 'example_task_group' retrieved from /home/airflow/.local/lib/python3.12/site-packages/airflow/example_dags/example_task_group.py
[2025-04-06T04:25:28.797+0000] {logging_mixin.py:190} INFO - [2025-04-06T04:25:28.797+0000] {dag.py:3239} INFO - Sync 1 DAGs
[2025-04-06T04:25:28.807+0000] {logging_mixin.py:190} INFO - [2025-04-06T04:25:28.807+0000] {dag.py:4180} INFO - Setting next_dagrun for example_task_group to None, run_after=None
[2025-04-06T04:25:28.825+0000] {processor.py:208} INFO - Processing /home/airflow/.local/lib/python3.12/site-packages/airflow/example_dags/example_task_group.py took 0.063 seconds
[2025-04-06T04:25:59.800+0000] {processor.py:186} INFO - Started process (PID=3938) to work on /home/airflow/.local/lib/python3.12/site-packages/airflow/example_dags/example_task_group.py
[2025-04-06T04:25:59.801+0000] {processor.py:914} INFO - Processing file /home/airflow/.local/lib/python3.12/site-packages/airflow/example_dags/example_task_group.py for tasks to queue
[2025-04-06T04:25:59.804+0000] {logging_mixin.py:190} INFO - [2025-04-06T04:25:59.803+0000] {dagbag.py:588} INFO - Filling up the DagBag from /home/airflow/.local/lib/python3.12/site-packages/airflow/example_dags/example_task_group.py
[2025-04-06T04:25:59.812+0000] {processor.py:925} INFO - DAG(s) 'example_task_group' retrieved from /home/airflow/.local/lib/python3.12/site-packages/airflow/example_dags/example_task_group.py
[2025-04-06T04:25:59.833+0000] {logging_mixin.py:190} INFO - [2025-04-06T04:25:59.833+0000] {dag.py:3239} INFO - Sync 1 DAGs
[2025-04-06T04:25:59.846+0000] {logging_mixin.py:190} INFO - [2025-04-06T04:25:59.846+0000] {dag.py:4180} INFO - Setting next_dagrun for example_task_group to None, run_after=None
[2025-04-06T04:25:59.865+0000] {processor.py:208} INFO - Processing /home/airflow/.local/lib/python3.12/site-packages/airflow/example_dags/example_task_group.py took 0.070 seconds
