[2025-04-06T04:09:12.703+0000] {processor.py:186} INFO - Started process (PID=1879) to work on /home/airflow/.local/lib/python3.12/site-packages/airflow/example_dags/example_subdag_operator.py
[2025-04-06T04:09:12.704+0000] {processor.py:914} INFO - Processing file /home/airflow/.local/lib/python3.12/site-packages/airflow/example_dags/example_subdag_operator.py for tasks to queue
[2025-04-06T04:09:12.708+0000] {logging_mixin.py:190} INFO - [2025-04-06T04:09:12.707+0000] {dagbag.py:588} INFO - Filling up the DagBag from /home/airflow/.local/lib/python3.12/site-packages/airflow/example_dags/example_subdag_operator.py
[2025-04-06T04:09:12.744+0000] {processor.py:925} INFO - DAG(s) 'example_subdag_operator.section-1', 'example_subdag_operator.section-2', 'example_subdag_operator' retrieved from /home/airflow/.local/lib/python3.12/site-packages/airflow/example_dags/example_subdag_operator.py
[2025-04-06T04:09:12.765+0000] {logging_mixin.py:190} INFO - [2025-04-06T04:09:12.765+0000] {dag.py:3239} INFO - Sync 3 DAGs
[2025-04-06T04:09:12.797+0000] {logging_mixin.py:190} INFO - [2025-04-06T04:09:12.797+0000] {dag.py:4180} INFO - Setting next_dagrun for example_subdag_operator to 2022-01-01 00:00:00+00:00, run_after=2022-01-01 00:00:00+00:00
[2025-04-06T04:09:12.805+0000] {logging_mixin.py:190} INFO - [2025-04-06T04:09:12.804+0000] {dag.py:4180} INFO - Setting next_dagrun for example_subdag_operator.section-1 to None, run_after=None
[2025-04-06T04:09:12.807+0000] {logging_mixin.py:190} INFO - [2025-04-06T04:09:12.806+0000] {dag.py:4180} INFO - Setting next_dagrun for example_subdag_operator.section-2 to None, run_after=None
[2025-04-06T04:09:12.819+0000] {logging_mixin.py:190} INFO - [2025-04-06T04:09:12.819+0000] {dag.py:3239} INFO - Sync 2 DAGs
[2025-04-06T04:09:12.831+0000] {logging_mixin.py:190} INFO - [2025-04-06T04:09:12.831+0000] {dag.py:4180} INFO - Setting next_dagrun for example_subdag_operator.section-1 to None, run_after=None
[2025-04-06T04:09:12.832+0000] {logging_mixin.py:190} INFO - [2025-04-06T04:09:12.832+0000] {dag.py:4180} INFO - Setting next_dagrun for example_subdag_operator.section-2 to None, run_after=None
[2025-04-06T04:09:12.849+0000] {processor.py:208} INFO - Processing /home/airflow/.local/lib/python3.12/site-packages/airflow/example_dags/example_subdag_operator.py took 0.155 seconds
[2025-04-06T04:09:43.340+0000] {processor.py:186} INFO - Started process (PID=1942) to work on /home/airflow/.local/lib/python3.12/site-packages/airflow/example_dags/example_subdag_operator.py
[2025-04-06T04:09:43.341+0000] {processor.py:914} INFO - Processing file /home/airflow/.local/lib/python3.12/site-packages/airflow/example_dags/example_subdag_operator.py for tasks to queue
[2025-04-06T04:09:43.343+0000] {logging_mixin.py:190} INFO - [2025-04-06T04:09:43.342+0000] {dagbag.py:588} INFO - Filling up the DagBag from /home/airflow/.local/lib/python3.12/site-packages/airflow/example_dags/example_subdag_operator.py
[2025-04-06T04:09:43.365+0000] {processor.py:925} INFO - DAG(s) 'example_subdag_operator.section-1', 'example_subdag_operator.section-2', 'example_subdag_operator' retrieved from /home/airflow/.local/lib/python3.12/site-packages/airflow/example_dags/example_subdag_operator.py
[2025-04-06T04:09:43.378+0000] {logging_mixin.py:190} INFO - [2025-04-06T04:09:43.377+0000] {dag.py:3239} INFO - Sync 3 DAGs
[2025-04-06T04:09:43.396+0000] {logging_mixin.py:190} INFO - [2025-04-06T04:09:43.396+0000] {dag.py:4180} INFO - Setting next_dagrun for example_subdag_operator to 2022-01-01 00:00:00+00:00, run_after=2022-01-01 00:00:00+00:00
[2025-04-06T04:09:43.400+0000] {logging_mixin.py:190} INFO - [2025-04-06T04:09:43.399+0000] {dag.py:4180} INFO - Setting next_dagrun for example_subdag_operator.section-1 to None, run_after=None
[2025-04-06T04:09:43.401+0000] {logging_mixin.py:190} INFO - [2025-04-06T04:09:43.401+0000] {dag.py:4180} INFO - Setting next_dagrun for example_subdag_operator.section-2 to None, run_after=None
[2025-04-06T04:09:43.406+0000] {logging_mixin.py:190} INFO - [2025-04-06T04:09:43.406+0000] {dag.py:3239} INFO - Sync 2 DAGs
[2025-04-06T04:09:43.411+0000] {logging_mixin.py:190} INFO - [2025-04-06T04:09:43.411+0000] {dag.py:4180} INFO - Setting next_dagrun for example_subdag_operator.section-1 to None, run_after=None
[2025-04-06T04:09:43.411+0000] {logging_mixin.py:190} INFO - [2025-04-06T04:09:43.411+0000] {dag.py:4180} INFO - Setting next_dagrun for example_subdag_operator.section-2 to None, run_after=None
[2025-04-06T04:09:43.423+0000] {processor.py:208} INFO - Processing /home/airflow/.local/lib/python3.12/site-packages/airflow/example_dags/example_subdag_operator.py took 0.089 seconds
[2025-04-06T04:10:14.183+0000] {processor.py:186} INFO - Started process (PID=2005) to work on /home/airflow/.local/lib/python3.12/site-packages/airflow/example_dags/example_subdag_operator.py
[2025-04-06T04:10:14.184+0000] {processor.py:914} INFO - Processing file /home/airflow/.local/lib/python3.12/site-packages/airflow/example_dags/example_subdag_operator.py for tasks to queue
[2025-04-06T04:10:14.186+0000] {logging_mixin.py:190} INFO - [2025-04-06T04:10:14.186+0000] {dagbag.py:588} INFO - Filling up the DagBag from /home/airflow/.local/lib/python3.12/site-packages/airflow/example_dags/example_subdag_operator.py
[2025-04-06T04:10:14.210+0000] {processor.py:925} INFO - DAG(s) 'example_subdag_operator.section-1', 'example_subdag_operator.section-2', 'example_subdag_operator' retrieved from /home/airflow/.local/lib/python3.12/site-packages/airflow/example_dags/example_subdag_operator.py
[2025-04-06T04:10:14.225+0000] {logging_mixin.py:190} INFO - [2025-04-06T04:10:14.224+0000] {dag.py:3239} INFO - Sync 3 DAGs
[2025-04-06T04:10:14.245+0000] {logging_mixin.py:190} INFO - [2025-04-06T04:10:14.245+0000] {dag.py:4180} INFO - Setting next_dagrun for example_subdag_operator to 2022-01-01 00:00:00+00:00, run_after=2022-01-01 00:00:00+00:00
[2025-04-06T04:10:14.248+0000] {logging_mixin.py:190} INFO - [2025-04-06T04:10:14.248+0000] {dag.py:4180} INFO - Setting next_dagrun for example_subdag_operator.section-1 to None, run_after=None
[2025-04-06T04:10:14.249+0000] {logging_mixin.py:190} INFO - [2025-04-06T04:10:14.249+0000] {dag.py:4180} INFO - Setting next_dagrun for example_subdag_operator.section-2 to None, run_after=None
[2025-04-06T04:10:14.255+0000] {logging_mixin.py:190} INFO - [2025-04-06T04:10:14.254+0000] {dag.py:3239} INFO - Sync 2 DAGs
[2025-04-06T04:10:14.259+0000] {logging_mixin.py:190} INFO - [2025-04-06T04:10:14.258+0000] {dag.py:4180} INFO - Setting next_dagrun for example_subdag_operator.section-1 to None, run_after=None
[2025-04-06T04:10:14.259+0000] {logging_mixin.py:190} INFO - [2025-04-06T04:10:14.259+0000] {dag.py:4180} INFO - Setting next_dagrun for example_subdag_operator.section-2 to None, run_after=None
[2025-04-06T04:10:14.271+0000] {processor.py:208} INFO - Processing /home/airflow/.local/lib/python3.12/site-packages/airflow/example_dags/example_subdag_operator.py took 0.094 seconds
[2025-04-06T04:10:44.356+0000] {processor.py:186} INFO - Started process (PID=2067) to work on /home/airflow/.local/lib/python3.12/site-packages/airflow/example_dags/example_subdag_operator.py
[2025-04-06T04:10:44.357+0000] {processor.py:914} INFO - Processing file /home/airflow/.local/lib/python3.12/site-packages/airflow/example_dags/example_subdag_operator.py for tasks to queue
[2025-04-06T04:10:44.359+0000] {logging_mixin.py:190} INFO - [2025-04-06T04:10:44.359+0000] {dagbag.py:588} INFO - Filling up the DagBag from /home/airflow/.local/lib/python3.12/site-packages/airflow/example_dags/example_subdag_operator.py
[2025-04-06T04:10:44.389+0000] {processor.py:925} INFO - DAG(s) 'example_subdag_operator.section-1', 'example_subdag_operator.section-2', 'example_subdag_operator' retrieved from /home/airflow/.local/lib/python3.12/site-packages/airflow/example_dags/example_subdag_operator.py
[2025-04-06T04:10:44.403+0000] {logging_mixin.py:190} INFO - [2025-04-06T04:10:44.403+0000] {dag.py:3239} INFO - Sync 3 DAGs
[2025-04-06T04:10:44.426+0000] {logging_mixin.py:190} INFO - [2025-04-06T04:10:44.426+0000] {dag.py:4180} INFO - Setting next_dagrun for example_subdag_operator to 2022-01-01 00:00:00+00:00, run_after=2022-01-01 00:00:00+00:00
[2025-04-06T04:10:44.430+0000] {logging_mixin.py:190} INFO - [2025-04-06T04:10:44.429+0000] {dag.py:4180} INFO - Setting next_dagrun for example_subdag_operator.section-1 to None, run_after=None
[2025-04-06T04:10:44.431+0000] {logging_mixin.py:190} INFO - [2025-04-06T04:10:44.430+0000] {dag.py:4180} INFO - Setting next_dagrun for example_subdag_operator.section-2 to None, run_after=None
[2025-04-06T04:10:44.437+0000] {logging_mixin.py:190} INFO - [2025-04-06T04:10:44.437+0000] {dag.py:3239} INFO - Sync 2 DAGs
[2025-04-06T04:10:44.444+0000] {logging_mixin.py:190} INFO - [2025-04-06T04:10:44.443+0000] {dag.py:4180} INFO - Setting next_dagrun for example_subdag_operator.section-1 to None, run_after=None
[2025-04-06T04:10:44.444+0000] {logging_mixin.py:190} INFO - [2025-04-06T04:10:44.444+0000] {dag.py:4180} INFO - Setting next_dagrun for example_subdag_operator.section-2 to None, run_after=None
[2025-04-06T04:10:44.463+0000] {processor.py:208} INFO - Processing /home/airflow/.local/lib/python3.12/site-packages/airflow/example_dags/example_subdag_operator.py took 0.111 seconds
[2025-04-06T04:11:14.876+0000] {processor.py:186} INFO - Started process (PID=2130) to work on /home/airflow/.local/lib/python3.12/site-packages/airflow/example_dags/example_subdag_operator.py
[2025-04-06T04:11:15.612+0000] {processor.py:914} INFO - Processing file /home/airflow/.local/lib/python3.12/site-packages/airflow/example_dags/example_subdag_operator.py for tasks to queue
[2025-04-06T04:11:15.615+0000] {logging_mixin.py:190} INFO - [2025-04-06T04:11:15.614+0000] {dagbag.py:588} INFO - Filling up the DagBag from /home/airflow/.local/lib/python3.12/site-packages/airflow/example_dags/example_subdag_operator.py
[2025-04-06T04:11:15.659+0000] {processor.py:925} INFO - DAG(s) 'example_subdag_operator.section-1', 'example_subdag_operator.section-2', 'example_subdag_operator' retrieved from /home/airflow/.local/lib/python3.12/site-packages/airflow/example_dags/example_subdag_operator.py
[2025-04-06T04:11:15.704+0000] {logging_mixin.py:190} INFO - [2025-04-06T04:11:15.704+0000] {dag.py:3239} INFO - Sync 3 DAGs
[2025-04-06T04:11:15.844+0000] {logging_mixin.py:190} INFO - [2025-04-06T04:11:15.843+0000] {dag.py:4180} INFO - Setting next_dagrun for example_subdag_operator to 2022-01-01 00:00:00+00:00, run_after=2022-01-01 00:00:00+00:00
[2025-04-06T04:11:15.862+0000] {logging_mixin.py:190} INFO - [2025-04-06T04:11:15.862+0000] {dag.py:4180} INFO - Setting next_dagrun for example_subdag_operator.section-1 to None, run_after=None
[2025-04-06T04:11:15.877+0000] {logging_mixin.py:190} INFO - [2025-04-06T04:11:15.876+0000] {dag.py:4180} INFO - Setting next_dagrun for example_subdag_operator.section-2 to None, run_after=None
[2025-04-06T04:11:15.902+0000] {logging_mixin.py:190} INFO - [2025-04-06T04:11:15.902+0000] {dag.py:3239} INFO - Sync 2 DAGs
[2025-04-06T04:11:15.909+0000] {logging_mixin.py:190} INFO - [2025-04-06T04:11:15.909+0000] {dag.py:4180} INFO - Setting next_dagrun for example_subdag_operator.section-1 to None, run_after=None
[2025-04-06T04:11:15.910+0000] {logging_mixin.py:190} INFO - [2025-04-06T04:11:15.909+0000] {dag.py:4180} INFO - Setting next_dagrun for example_subdag_operator.section-2 to None, run_after=None
[2025-04-06T04:11:15.936+0000] {processor.py:208} INFO - Processing /home/airflow/.local/lib/python3.12/site-packages/airflow/example_dags/example_subdag_operator.py took 1.065 seconds
[2025-04-06T04:11:46.427+0000] {processor.py:186} INFO - Started process (PID=2193) to work on /home/airflow/.local/lib/python3.12/site-packages/airflow/example_dags/example_subdag_operator.py
[2025-04-06T04:11:46.428+0000] {processor.py:914} INFO - Processing file /home/airflow/.local/lib/python3.12/site-packages/airflow/example_dags/example_subdag_operator.py for tasks to queue
[2025-04-06T04:11:46.431+0000] {logging_mixin.py:190} INFO - [2025-04-06T04:11:46.430+0000] {dagbag.py:588} INFO - Filling up the DagBag from /home/airflow/.local/lib/python3.12/site-packages/airflow/example_dags/example_subdag_operator.py
[2025-04-06T04:11:46.457+0000] {processor.py:925} INFO - DAG(s) 'example_subdag_operator.section-1', 'example_subdag_operator.section-2', 'example_subdag_operator' retrieved from /home/airflow/.local/lib/python3.12/site-packages/airflow/example_dags/example_subdag_operator.py
[2025-04-06T04:11:46.470+0000] {logging_mixin.py:190} INFO - [2025-04-06T04:11:46.470+0000] {dag.py:3239} INFO - Sync 3 DAGs
[2025-04-06T04:11:46.487+0000] {logging_mixin.py:190} INFO - [2025-04-06T04:11:46.487+0000] {dag.py:4180} INFO - Setting next_dagrun for example_subdag_operator to 2022-01-01 00:00:00+00:00, run_after=2022-01-01 00:00:00+00:00
[2025-04-06T04:11:46.490+0000] {logging_mixin.py:190} INFO - [2025-04-06T04:11:46.490+0000] {dag.py:4180} INFO - Setting next_dagrun for example_subdag_operator.section-1 to None, run_after=None
[2025-04-06T04:11:46.492+0000] {logging_mixin.py:190} INFO - [2025-04-06T04:11:46.491+0000] {dag.py:4180} INFO - Setting next_dagrun for example_subdag_operator.section-2 to None, run_after=None
[2025-04-06T04:11:46.498+0000] {logging_mixin.py:190} INFO - [2025-04-06T04:11:46.498+0000] {dag.py:3239} INFO - Sync 2 DAGs
[2025-04-06T04:11:46.503+0000] {logging_mixin.py:190} INFO - [2025-04-06T04:11:46.503+0000] {dag.py:4180} INFO - Setting next_dagrun for example_subdag_operator.section-1 to None, run_after=None
[2025-04-06T04:11:46.503+0000] {logging_mixin.py:190} INFO - [2025-04-06T04:11:46.503+0000] {dag.py:4180} INFO - Setting next_dagrun for example_subdag_operator.section-2 to None, run_after=None
[2025-04-06T04:11:46.517+0000] {processor.py:208} INFO - Processing /home/airflow/.local/lib/python3.12/site-packages/airflow/example_dags/example_subdag_operator.py took 0.098 seconds
[2025-04-06T04:12:16.631+0000] {processor.py:186} INFO - Started process (PID=2256) to work on /home/airflow/.local/lib/python3.12/site-packages/airflow/example_dags/example_subdag_operator.py
[2025-04-06T04:12:16.645+0000] {processor.py:914} INFO - Processing file /home/airflow/.local/lib/python3.12/site-packages/airflow/example_dags/example_subdag_operator.py for tasks to queue
[2025-04-06T04:12:16.647+0000] {logging_mixin.py:190} INFO - [2025-04-06T04:12:16.647+0000] {dagbag.py:588} INFO - Filling up the DagBag from /home/airflow/.local/lib/python3.12/site-packages/airflow/example_dags/example_subdag_operator.py
[2025-04-06T04:12:16.675+0000] {processor.py:925} INFO - DAG(s) 'example_subdag_operator.section-1', 'example_subdag_operator.section-2', 'example_subdag_operator' retrieved from /home/airflow/.local/lib/python3.12/site-packages/airflow/example_dags/example_subdag_operator.py
[2025-04-06T04:12:16.690+0000] {logging_mixin.py:190} INFO - [2025-04-06T04:12:16.690+0000] {dag.py:3239} INFO - Sync 3 DAGs
[2025-04-06T04:12:16.710+0000] {logging_mixin.py:190} INFO - [2025-04-06T04:12:16.710+0000] {dag.py:4180} INFO - Setting next_dagrun for example_subdag_operator to 2022-01-01 00:00:00+00:00, run_after=2022-01-01 00:00:00+00:00
[2025-04-06T04:12:16.713+0000] {logging_mixin.py:190} INFO - [2025-04-06T04:12:16.712+0000] {dag.py:4180} INFO - Setting next_dagrun for example_subdag_operator.section-1 to None, run_after=None
[2025-04-06T04:12:16.714+0000] {logging_mixin.py:190} INFO - [2025-04-06T04:12:16.714+0000] {dag.py:4180} INFO - Setting next_dagrun for example_subdag_operator.section-2 to None, run_after=None
[2025-04-06T04:12:16.720+0000] {logging_mixin.py:190} INFO - [2025-04-06T04:12:16.720+0000] {dag.py:3239} INFO - Sync 2 DAGs
[2025-04-06T04:12:16.725+0000] {logging_mixin.py:190} INFO - [2025-04-06T04:12:16.725+0000] {dag.py:4180} INFO - Setting next_dagrun for example_subdag_operator.section-1 to None, run_after=None
[2025-04-06T04:12:16.725+0000] {logging_mixin.py:190} INFO - [2025-04-06T04:12:16.725+0000] {dag.py:4180} INFO - Setting next_dagrun for example_subdag_operator.section-2 to None, run_after=None
[2025-04-06T04:12:16.738+0000] {processor.py:208} INFO - Processing /home/airflow/.local/lib/python3.12/site-packages/airflow/example_dags/example_subdag_operator.py took 0.111 seconds
[2025-04-06T04:12:47.405+0000] {processor.py:186} INFO - Started process (PID=2319) to work on /home/airflow/.local/lib/python3.12/site-packages/airflow/example_dags/example_subdag_operator.py
[2025-04-06T04:12:47.406+0000] {processor.py:914} INFO - Processing file /home/airflow/.local/lib/python3.12/site-packages/airflow/example_dags/example_subdag_operator.py for tasks to queue
[2025-04-06T04:12:47.408+0000] {logging_mixin.py:190} INFO - [2025-04-06T04:12:47.408+0000] {dagbag.py:588} INFO - Filling up the DagBag from /home/airflow/.local/lib/python3.12/site-packages/airflow/example_dags/example_subdag_operator.py
[2025-04-06T04:12:47.434+0000] {processor.py:925} INFO - DAG(s) 'example_subdag_operator.section-1', 'example_subdag_operator.section-2', 'example_subdag_operator' retrieved from /home/airflow/.local/lib/python3.12/site-packages/airflow/example_dags/example_subdag_operator.py
[2025-04-06T04:12:47.459+0000] {logging_mixin.py:190} INFO - [2025-04-06T04:12:47.459+0000] {dag.py:3239} INFO - Sync 3 DAGs
[2025-04-06T04:12:47.483+0000] {logging_mixin.py:190} INFO - [2025-04-06T04:12:47.482+0000] {dag.py:4180} INFO - Setting next_dagrun for example_subdag_operator to 2022-01-01 00:00:00+00:00, run_after=2022-01-01 00:00:00+00:00
[2025-04-06T04:12:47.488+0000] {logging_mixin.py:190} INFO - [2025-04-06T04:12:47.488+0000] {dag.py:4180} INFO - Setting next_dagrun for example_subdag_operator.section-1 to None, run_after=None
[2025-04-06T04:12:47.491+0000] {logging_mixin.py:190} INFO - [2025-04-06T04:12:47.491+0000] {dag.py:4180} INFO - Setting next_dagrun for example_subdag_operator.section-2 to None, run_after=None
[2025-04-06T04:12:47.498+0000] {logging_mixin.py:190} INFO - [2025-04-06T04:12:47.498+0000] {dag.py:3239} INFO - Sync 2 DAGs
[2025-04-06T04:12:47.504+0000] {logging_mixin.py:190} INFO - [2025-04-06T04:12:47.504+0000] {dag.py:4180} INFO - Setting next_dagrun for example_subdag_operator.section-1 to None, run_after=None
[2025-04-06T04:12:47.504+0000] {logging_mixin.py:190} INFO - [2025-04-06T04:12:47.504+0000] {dag.py:4180} INFO - Setting next_dagrun for example_subdag_operator.section-2 to None, run_after=None
[2025-04-06T04:12:47.522+0000] {processor.py:208} INFO - Processing /home/airflow/.local/lib/python3.12/site-packages/airflow/example_dags/example_subdag_operator.py took 0.122 seconds
[2025-04-06T04:13:17.638+0000] {processor.py:186} INFO - Started process (PID=2383) to work on /home/airflow/.local/lib/python3.12/site-packages/airflow/example_dags/example_subdag_operator.py
[2025-04-06T04:13:17.640+0000] {processor.py:914} INFO - Processing file /home/airflow/.local/lib/python3.12/site-packages/airflow/example_dags/example_subdag_operator.py for tasks to queue
[2025-04-06T04:13:17.642+0000] {logging_mixin.py:190} INFO - [2025-04-06T04:13:17.642+0000] {dagbag.py:588} INFO - Filling up the DagBag from /home/airflow/.local/lib/python3.12/site-packages/airflow/example_dags/example_subdag_operator.py
[2025-04-06T04:13:17.670+0000] {processor.py:925} INFO - DAG(s) 'example_subdag_operator.section-1', 'example_subdag_operator.section-2', 'example_subdag_operator' retrieved from /home/airflow/.local/lib/python3.12/site-packages/airflow/example_dags/example_subdag_operator.py
[2025-04-06T04:13:17.687+0000] {logging_mixin.py:190} INFO - [2025-04-06T04:13:17.686+0000] {dag.py:3239} INFO - Sync 3 DAGs
[2025-04-06T04:13:17.711+0000] {logging_mixin.py:190} INFO - [2025-04-06T04:13:17.710+0000] {dag.py:4180} INFO - Setting next_dagrun for example_subdag_operator to 2022-01-01 00:00:00+00:00, run_after=2022-01-01 00:00:00+00:00
[2025-04-06T04:13:17.714+0000] {logging_mixin.py:190} INFO - [2025-04-06T04:13:17.714+0000] {dag.py:4180} INFO - Setting next_dagrun for example_subdag_operator.section-1 to None, run_after=None
[2025-04-06T04:13:17.716+0000] {logging_mixin.py:190} INFO - [2025-04-06T04:13:17.716+0000] {dag.py:4180} INFO - Setting next_dagrun for example_subdag_operator.section-2 to None, run_after=None
[2025-04-06T04:13:17.722+0000] {logging_mixin.py:190} INFO - [2025-04-06T04:13:17.722+0000] {dag.py:3239} INFO - Sync 2 DAGs
[2025-04-06T04:13:17.727+0000] {logging_mixin.py:190} INFO - [2025-04-06T04:13:17.727+0000] {dag.py:4180} INFO - Setting next_dagrun for example_subdag_operator.section-1 to None, run_after=None
[2025-04-06T04:13:17.727+0000] {logging_mixin.py:190} INFO - [2025-04-06T04:13:17.727+0000] {dag.py:4180} INFO - Setting next_dagrun for example_subdag_operator.section-2 to None, run_after=None
[2025-04-06T04:13:17.741+0000] {processor.py:208} INFO - Processing /home/airflow/.local/lib/python3.12/site-packages/airflow/example_dags/example_subdag_operator.py took 0.108 seconds
[2025-04-06T04:13:48.140+0000] {processor.py:186} INFO - Started process (PID=2445) to work on /home/airflow/.local/lib/python3.12/site-packages/airflow/example_dags/example_subdag_operator.py
[2025-04-06T04:13:48.153+0000] {processor.py:914} INFO - Processing file /home/airflow/.local/lib/python3.12/site-packages/airflow/example_dags/example_subdag_operator.py for tasks to queue
[2025-04-06T04:13:48.155+0000] {logging_mixin.py:190} INFO - [2025-04-06T04:13:48.155+0000] {dagbag.py:588} INFO - Filling up the DagBag from /home/airflow/.local/lib/python3.12/site-packages/airflow/example_dags/example_subdag_operator.py
[2025-04-06T04:13:48.181+0000] {processor.py:925} INFO - DAG(s) 'example_subdag_operator.section-1', 'example_subdag_operator.section-2', 'example_subdag_operator' retrieved from /home/airflow/.local/lib/python3.12/site-packages/airflow/example_dags/example_subdag_operator.py
[2025-04-06T04:13:48.194+0000] {logging_mixin.py:190} INFO - [2025-04-06T04:13:48.194+0000] {dag.py:3239} INFO - Sync 3 DAGs
[2025-04-06T04:13:48.214+0000] {logging_mixin.py:190} INFO - [2025-04-06T04:13:48.214+0000] {dag.py:4180} INFO - Setting next_dagrun for example_subdag_operator to 2022-01-01 00:00:00+00:00, run_after=2022-01-01 00:00:00+00:00
[2025-04-06T04:13:48.218+0000] {logging_mixin.py:190} INFO - [2025-04-06T04:13:48.217+0000] {dag.py:4180} INFO - Setting next_dagrun for example_subdag_operator.section-1 to None, run_after=None
[2025-04-06T04:13:48.220+0000] {logging_mixin.py:190} INFO - [2025-04-06T04:13:48.220+0000] {dag.py:4180} INFO - Setting next_dagrun for example_subdag_operator.section-2 to None, run_after=None
[2025-04-06T04:13:48.226+0000] {logging_mixin.py:190} INFO - [2025-04-06T04:13:48.226+0000] {dag.py:3239} INFO - Sync 2 DAGs
[2025-04-06T04:13:48.231+0000] {logging_mixin.py:190} INFO - [2025-04-06T04:13:48.231+0000] {dag.py:4180} INFO - Setting next_dagrun for example_subdag_operator.section-1 to None, run_after=None
[2025-04-06T04:13:48.231+0000] {logging_mixin.py:190} INFO - [2025-04-06T04:13:48.231+0000] {dag.py:4180} INFO - Setting next_dagrun for example_subdag_operator.section-2 to None, run_after=None
[2025-04-06T04:13:48.244+0000] {processor.py:208} INFO - Processing /home/airflow/.local/lib/python3.12/site-packages/airflow/example_dags/example_subdag_operator.py took 0.111 seconds
[2025-04-06T04:14:18.329+0000] {processor.py:186} INFO - Started process (PID=2508) to work on /home/airflow/.local/lib/python3.12/site-packages/airflow/example_dags/example_subdag_operator.py
[2025-04-06T04:14:18.330+0000] {processor.py:914} INFO - Processing file /home/airflow/.local/lib/python3.12/site-packages/airflow/example_dags/example_subdag_operator.py for tasks to queue
[2025-04-06T04:14:18.333+0000] {logging_mixin.py:190} INFO - [2025-04-06T04:14:18.332+0000] {dagbag.py:588} INFO - Filling up the DagBag from /home/airflow/.local/lib/python3.12/site-packages/airflow/example_dags/example_subdag_operator.py
[2025-04-06T04:14:18.357+0000] {processor.py:925} INFO - DAG(s) 'example_subdag_operator.section-1', 'example_subdag_operator.section-2', 'example_subdag_operator' retrieved from /home/airflow/.local/lib/python3.12/site-packages/airflow/example_dags/example_subdag_operator.py
[2025-04-06T04:14:18.369+0000] {logging_mixin.py:190} INFO - [2025-04-06T04:14:18.369+0000] {dag.py:3239} INFO - Sync 3 DAGs
[2025-04-06T04:14:18.390+0000] {logging_mixin.py:190} INFO - [2025-04-06T04:14:18.390+0000] {dag.py:4180} INFO - Setting next_dagrun for example_subdag_operator to 2022-01-01 00:00:00+00:00, run_after=2022-01-01 00:00:00+00:00
[2025-04-06T04:14:18.394+0000] {logging_mixin.py:190} INFO - [2025-04-06T04:14:18.394+0000] {dag.py:4180} INFO - Setting next_dagrun for example_subdag_operator.section-1 to None, run_after=None
[2025-04-06T04:14:18.396+0000] {logging_mixin.py:190} INFO - [2025-04-06T04:14:18.395+0000] {dag.py:4180} INFO - Setting next_dagrun for example_subdag_operator.section-2 to None, run_after=None
[2025-04-06T04:14:18.403+0000] {logging_mixin.py:190} INFO - [2025-04-06T04:14:18.403+0000] {dag.py:3239} INFO - Sync 2 DAGs
[2025-04-06T04:14:18.408+0000] {logging_mixin.py:190} INFO - [2025-04-06T04:14:18.408+0000] {dag.py:4180} INFO - Setting next_dagrun for example_subdag_operator.section-1 to None, run_after=None
[2025-04-06T04:14:18.409+0000] {logging_mixin.py:190} INFO - [2025-04-06T04:14:18.409+0000] {dag.py:4180} INFO - Setting next_dagrun for example_subdag_operator.section-2 to None, run_after=None
[2025-04-06T04:14:18.420+0000] {processor.py:208} INFO - Processing /home/airflow/.local/lib/python3.12/site-packages/airflow/example_dags/example_subdag_operator.py took 0.097 seconds
[2025-04-06T04:14:48.674+0000] {processor.py:186} INFO - Started process (PID=2570) to work on /home/airflow/.local/lib/python3.12/site-packages/airflow/example_dags/example_subdag_operator.py
[2025-04-06T04:14:48.677+0000] {processor.py:914} INFO - Processing file /home/airflow/.local/lib/python3.12/site-packages/airflow/example_dags/example_subdag_operator.py for tasks to queue
[2025-04-06T04:14:48.679+0000] {logging_mixin.py:190} INFO - [2025-04-06T04:14:48.679+0000] {dagbag.py:588} INFO - Filling up the DagBag from /home/airflow/.local/lib/python3.12/site-packages/airflow/example_dags/example_subdag_operator.py
[2025-04-06T04:14:48.706+0000] {processor.py:925} INFO - DAG(s) 'example_subdag_operator.section-1', 'example_subdag_operator.section-2', 'example_subdag_operator' retrieved from /home/airflow/.local/lib/python3.12/site-packages/airflow/example_dags/example_subdag_operator.py
[2025-04-06T04:14:48.724+0000] {logging_mixin.py:190} INFO - [2025-04-06T04:14:48.724+0000] {dag.py:3239} INFO - Sync 3 DAGs
[2025-04-06T04:14:48.754+0000] {logging_mixin.py:190} INFO - [2025-04-06T04:14:48.754+0000] {dag.py:4180} INFO - Setting next_dagrun for example_subdag_operator to 2022-01-01 00:00:00+00:00, run_after=2022-01-01 00:00:00+00:00
[2025-04-06T04:14:48.758+0000] {logging_mixin.py:190} INFO - [2025-04-06T04:14:48.758+0000] {dag.py:4180} INFO - Setting next_dagrun for example_subdag_operator.section-1 to None, run_after=None
[2025-04-06T04:14:48.760+0000] {logging_mixin.py:190} INFO - [2025-04-06T04:14:48.760+0000] {dag.py:4180} INFO - Setting next_dagrun for example_subdag_operator.section-2 to None, run_after=None
[2025-04-06T04:14:48.781+0000] {logging_mixin.py:190} INFO - [2025-04-06T04:14:48.778+0000] {dag.py:3239} INFO - Sync 2 DAGs
[2025-04-06T04:14:48.788+0000] {logging_mixin.py:190} INFO - [2025-04-06T04:14:48.788+0000] {dag.py:4180} INFO - Setting next_dagrun for example_subdag_operator.section-1 to None, run_after=None
[2025-04-06T04:14:48.788+0000] {logging_mixin.py:190} INFO - [2025-04-06T04:14:48.788+0000] {dag.py:4180} INFO - Setting next_dagrun for example_subdag_operator.section-2 to None, run_after=None
[2025-04-06T04:14:48.806+0000] {processor.py:208} INFO - Processing /home/airflow/.local/lib/python3.12/site-packages/airflow/example_dags/example_subdag_operator.py took 0.137 seconds
[2025-04-06T04:15:19.126+0000] {processor.py:186} INFO - Started process (PID=2633) to work on /home/airflow/.local/lib/python3.12/site-packages/airflow/example_dags/example_subdag_operator.py
[2025-04-06T04:15:19.138+0000] {processor.py:914} INFO - Processing file /home/airflow/.local/lib/python3.12/site-packages/airflow/example_dags/example_subdag_operator.py for tasks to queue
[2025-04-06T04:15:19.140+0000] {logging_mixin.py:190} INFO - [2025-04-06T04:15:19.140+0000] {dagbag.py:588} INFO - Filling up the DagBag from /home/airflow/.local/lib/python3.12/site-packages/airflow/example_dags/example_subdag_operator.py
[2025-04-06T04:15:19.168+0000] {processor.py:925} INFO - DAG(s) 'example_subdag_operator.section-1', 'example_subdag_operator.section-2', 'example_subdag_operator' retrieved from /home/airflow/.local/lib/python3.12/site-packages/airflow/example_dags/example_subdag_operator.py
[2025-04-06T04:15:19.180+0000] {logging_mixin.py:190} INFO - [2025-04-06T04:15:19.180+0000] {dag.py:3239} INFO - Sync 3 DAGs
[2025-04-06T04:15:19.198+0000] {logging_mixin.py:190} INFO - [2025-04-06T04:15:19.198+0000] {dag.py:4180} INFO - Setting next_dagrun for example_subdag_operator to 2022-01-01 00:00:00+00:00, run_after=2022-01-01 00:00:00+00:00
[2025-04-06T04:15:19.201+0000] {logging_mixin.py:190} INFO - [2025-04-06T04:15:19.201+0000] {dag.py:4180} INFO - Setting next_dagrun for example_subdag_operator.section-1 to None, run_after=None
[2025-04-06T04:15:19.203+0000] {logging_mixin.py:190} INFO - [2025-04-06T04:15:19.203+0000] {dag.py:4180} INFO - Setting next_dagrun for example_subdag_operator.section-2 to None, run_after=None
[2025-04-06T04:15:19.209+0000] {logging_mixin.py:190} INFO - [2025-04-06T04:15:19.208+0000] {dag.py:3239} INFO - Sync 2 DAGs
[2025-04-06T04:15:19.213+0000] {logging_mixin.py:190} INFO - [2025-04-06T04:15:19.212+0000] {dag.py:4180} INFO - Setting next_dagrun for example_subdag_operator.section-1 to None, run_after=None
[2025-04-06T04:15:19.213+0000] {logging_mixin.py:190} INFO - [2025-04-06T04:15:19.213+0000] {dag.py:4180} INFO - Setting next_dagrun for example_subdag_operator.section-2 to None, run_after=None
[2025-04-06T04:15:19.223+0000] {processor.py:208} INFO - Processing /home/airflow/.local/lib/python3.12/site-packages/airflow/example_dags/example_subdag_operator.py took 0.104 seconds
[2025-04-06T04:15:49.676+0000] {processor.py:186} INFO - Started process (PID=2696) to work on /home/airflow/.local/lib/python3.12/site-packages/airflow/example_dags/example_subdag_operator.py
[2025-04-06T04:15:49.677+0000] {processor.py:914} INFO - Processing file /home/airflow/.local/lib/python3.12/site-packages/airflow/example_dags/example_subdag_operator.py for tasks to queue
[2025-04-06T04:15:49.679+0000] {logging_mixin.py:190} INFO - [2025-04-06T04:15:49.679+0000] {dagbag.py:588} INFO - Filling up the DagBag from /home/airflow/.local/lib/python3.12/site-packages/airflow/example_dags/example_subdag_operator.py
[2025-04-06T04:15:49.711+0000] {processor.py:925} INFO - DAG(s) 'example_subdag_operator.section-1', 'example_subdag_operator.section-2', 'example_subdag_operator' retrieved from /home/airflow/.local/lib/python3.12/site-packages/airflow/example_dags/example_subdag_operator.py
[2025-04-06T04:15:49.723+0000] {logging_mixin.py:190} INFO - [2025-04-06T04:15:49.723+0000] {dag.py:3239} INFO - Sync 3 DAGs
[2025-04-06T04:15:49.743+0000] {logging_mixin.py:190} INFO - [2025-04-06T04:15:49.742+0000] {dag.py:4180} INFO - Setting next_dagrun for example_subdag_operator to 2022-01-01 00:00:00+00:00, run_after=2022-01-01 00:00:00+00:00
[2025-04-06T04:15:49.746+0000] {logging_mixin.py:190} INFO - [2025-04-06T04:15:49.746+0000] {dag.py:4180} INFO - Setting next_dagrun for example_subdag_operator.section-1 to None, run_after=None
[2025-04-06T04:15:49.747+0000] {logging_mixin.py:190} INFO - [2025-04-06T04:15:49.747+0000] {dag.py:4180} INFO - Setting next_dagrun for example_subdag_operator.section-2 to None, run_after=None
[2025-04-06T04:15:49.755+0000] {logging_mixin.py:190} INFO - [2025-04-06T04:15:49.755+0000] {dag.py:3239} INFO - Sync 2 DAGs
[2025-04-06T04:15:49.764+0000] {logging_mixin.py:190} INFO - [2025-04-06T04:15:49.763+0000] {dag.py:4180} INFO - Setting next_dagrun for example_subdag_operator.section-1 to None, run_after=None
[2025-04-06T04:15:49.764+0000] {logging_mixin.py:190} INFO - [2025-04-06T04:15:49.764+0000] {dag.py:4180} INFO - Setting next_dagrun for example_subdag_operator.section-2 to None, run_after=None
[2025-04-06T04:15:49.778+0000] {processor.py:208} INFO - Processing /home/airflow/.local/lib/python3.12/site-packages/airflow/example_dags/example_subdag_operator.py took 0.108 seconds
[2025-04-06T04:16:20.271+0000] {processor.py:186} INFO - Started process (PID=2759) to work on /home/airflow/.local/lib/python3.12/site-packages/airflow/example_dags/example_subdag_operator.py
[2025-04-06T04:16:20.273+0000] {processor.py:914} INFO - Processing file /home/airflow/.local/lib/python3.12/site-packages/airflow/example_dags/example_subdag_operator.py for tasks to queue
[2025-04-06T04:16:20.276+0000] {logging_mixin.py:190} INFO - [2025-04-06T04:16:20.275+0000] {dagbag.py:588} INFO - Filling up the DagBag from /home/airflow/.local/lib/python3.12/site-packages/airflow/example_dags/example_subdag_operator.py
[2025-04-06T04:16:20.311+0000] {processor.py:925} INFO - DAG(s) 'example_subdag_operator.section-1', 'example_subdag_operator.section-2', 'example_subdag_operator' retrieved from /home/airflow/.local/lib/python3.12/site-packages/airflow/example_dags/example_subdag_operator.py
[2025-04-06T04:16:20.329+0000] {logging_mixin.py:190} INFO - [2025-04-06T04:16:20.329+0000] {dag.py:3239} INFO - Sync 3 DAGs
[2025-04-06T04:16:20.355+0000] {logging_mixin.py:190} INFO - [2025-04-06T04:16:20.354+0000] {dag.py:4180} INFO - Setting next_dagrun for example_subdag_operator to 2022-01-01 00:00:00+00:00, run_after=2022-01-01 00:00:00+00:00
[2025-04-06T04:16:20.359+0000] {logging_mixin.py:190} INFO - [2025-04-06T04:16:20.358+0000] {dag.py:4180} INFO - Setting next_dagrun for example_subdag_operator.section-1 to None, run_after=None
[2025-04-06T04:16:20.360+0000] {logging_mixin.py:190} INFO - [2025-04-06T04:16:20.360+0000] {dag.py:4180} INFO - Setting next_dagrun for example_subdag_operator.section-2 to None, run_after=None
[2025-04-06T04:16:20.367+0000] {logging_mixin.py:190} INFO - [2025-04-06T04:16:20.367+0000] {dag.py:3239} INFO - Sync 2 DAGs
[2025-04-06T04:16:20.373+0000] {logging_mixin.py:190} INFO - [2025-04-06T04:16:20.373+0000] {dag.py:4180} INFO - Setting next_dagrun for example_subdag_operator.section-1 to None, run_after=None
[2025-04-06T04:16:20.374+0000] {logging_mixin.py:190} INFO - [2025-04-06T04:16:20.374+0000] {dag.py:4180} INFO - Setting next_dagrun for example_subdag_operator.section-2 to None, run_after=None
[2025-04-06T04:16:20.389+0000] {processor.py:208} INFO - Processing /home/airflow/.local/lib/python3.12/site-packages/airflow/example_dags/example_subdag_operator.py took 0.124 seconds
[2025-04-06T04:16:50.500+0000] {processor.py:186} INFO - Started process (PID=2822) to work on /home/airflow/.local/lib/python3.12/site-packages/airflow/example_dags/example_subdag_operator.py
[2025-04-06T04:16:50.514+0000] {processor.py:914} INFO - Processing file /home/airflow/.local/lib/python3.12/site-packages/airflow/example_dags/example_subdag_operator.py for tasks to queue
[2025-04-06T04:16:50.516+0000] {logging_mixin.py:190} INFO - [2025-04-06T04:16:50.516+0000] {dagbag.py:588} INFO - Filling up the DagBag from /home/airflow/.local/lib/python3.12/site-packages/airflow/example_dags/example_subdag_operator.py
[2025-04-06T04:16:50.539+0000] {processor.py:925} INFO - DAG(s) 'example_subdag_operator.section-1', 'example_subdag_operator.section-2', 'example_subdag_operator' retrieved from /home/airflow/.local/lib/python3.12/site-packages/airflow/example_dags/example_subdag_operator.py
[2025-04-06T04:16:50.552+0000] {logging_mixin.py:190} INFO - [2025-04-06T04:16:50.551+0000] {dag.py:3239} INFO - Sync 3 DAGs
[2025-04-06T04:16:50.573+0000] {logging_mixin.py:190} INFO - [2025-04-06T04:16:50.572+0000] {dag.py:4180} INFO - Setting next_dagrun for example_subdag_operator to 2022-01-01 00:00:00+00:00, run_after=2022-01-01 00:00:00+00:00
[2025-04-06T04:16:50.576+0000] {logging_mixin.py:190} INFO - [2025-04-06T04:16:50.576+0000] {dag.py:4180} INFO - Setting next_dagrun for example_subdag_operator.section-1 to None, run_after=None
[2025-04-06T04:16:50.577+0000] {logging_mixin.py:190} INFO - [2025-04-06T04:16:50.577+0000] {dag.py:4180} INFO - Setting next_dagrun for example_subdag_operator.section-2 to None, run_after=None
[2025-04-06T04:16:50.584+0000] {logging_mixin.py:190} INFO - [2025-04-06T04:16:50.584+0000] {dag.py:3239} INFO - Sync 2 DAGs
[2025-04-06T04:16:50.589+0000] {logging_mixin.py:190} INFO - [2025-04-06T04:16:50.589+0000] {dag.py:4180} INFO - Setting next_dagrun for example_subdag_operator.section-1 to None, run_after=None
[2025-04-06T04:16:50.590+0000] {logging_mixin.py:190} INFO - [2025-04-06T04:16:50.589+0000] {dag.py:4180} INFO - Setting next_dagrun for example_subdag_operator.section-2 to None, run_after=None
[2025-04-06T04:16:50.602+0000] {processor.py:208} INFO - Processing /home/airflow/.local/lib/python3.12/site-packages/airflow/example_dags/example_subdag_operator.py took 0.107 seconds
[2025-04-06T04:17:21.475+0000] {processor.py:186} INFO - Started process (PID=2885) to work on /home/airflow/.local/lib/python3.12/site-packages/airflow/example_dags/example_subdag_operator.py
[2025-04-06T04:17:21.488+0000] {processor.py:914} INFO - Processing file /home/airflow/.local/lib/python3.12/site-packages/airflow/example_dags/example_subdag_operator.py for tasks to queue
[2025-04-06T04:17:21.490+0000] {logging_mixin.py:190} INFO - [2025-04-06T04:17:21.489+0000] {dagbag.py:588} INFO - Filling up the DagBag from /home/airflow/.local/lib/python3.12/site-packages/airflow/example_dags/example_subdag_operator.py
[2025-04-06T04:17:21.516+0000] {processor.py:925} INFO - DAG(s) 'example_subdag_operator.section-1', 'example_subdag_operator.section-2', 'example_subdag_operator' retrieved from /home/airflow/.local/lib/python3.12/site-packages/airflow/example_dags/example_subdag_operator.py
[2025-04-06T04:17:21.530+0000] {logging_mixin.py:190} INFO - [2025-04-06T04:17:21.530+0000] {dag.py:3239} INFO - Sync 3 DAGs
[2025-04-06T04:17:21.548+0000] {logging_mixin.py:190} INFO - [2025-04-06T04:17:21.548+0000] {dag.py:4180} INFO - Setting next_dagrun for example_subdag_operator to 2022-01-01 00:00:00+00:00, run_after=2022-01-01 00:00:00+00:00
[2025-04-06T04:17:21.552+0000] {logging_mixin.py:190} INFO - [2025-04-06T04:17:21.552+0000] {dag.py:4180} INFO - Setting next_dagrun for example_subdag_operator.section-1 to None, run_after=None
[2025-04-06T04:17:21.553+0000] {logging_mixin.py:190} INFO - [2025-04-06T04:17:21.553+0000] {dag.py:4180} INFO - Setting next_dagrun for example_subdag_operator.section-2 to None, run_after=None
[2025-04-06T04:17:21.560+0000] {logging_mixin.py:190} INFO - [2025-04-06T04:17:21.559+0000] {dag.py:3239} INFO - Sync 2 DAGs
[2025-04-06T04:17:21.565+0000] {logging_mixin.py:190} INFO - [2025-04-06T04:17:21.565+0000] {dag.py:4180} INFO - Setting next_dagrun for example_subdag_operator.section-1 to None, run_after=None
[2025-04-06T04:17:21.565+0000] {logging_mixin.py:190} INFO - [2025-04-06T04:17:21.565+0000] {dag.py:4180} INFO - Setting next_dagrun for example_subdag_operator.section-2 to None, run_after=None
[2025-04-06T04:17:21.578+0000] {processor.py:208} INFO - Processing /home/airflow/.local/lib/python3.12/site-packages/airflow/example_dags/example_subdag_operator.py took 0.108 seconds
[2025-04-06T04:17:51.778+0000] {processor.py:186} INFO - Started process (PID=2948) to work on /home/airflow/.local/lib/python3.12/site-packages/airflow/example_dags/example_subdag_operator.py
[2025-04-06T04:17:52.069+0000] {processor.py:914} INFO - Processing file /home/airflow/.local/lib/python3.12/site-packages/airflow/example_dags/example_subdag_operator.py for tasks to queue
[2025-04-06T04:17:52.073+0000] {logging_mixin.py:190} INFO - [2025-04-06T04:17:52.073+0000] {dagbag.py:588} INFO - Filling up the DagBag from /home/airflow/.local/lib/python3.12/site-packages/airflow/example_dags/example_subdag_operator.py
[2025-04-06T04:17:52.101+0000] {processor.py:925} INFO - DAG(s) 'example_subdag_operator.section-1', 'example_subdag_operator.section-2', 'example_subdag_operator' retrieved from /home/airflow/.local/lib/python3.12/site-packages/airflow/example_dags/example_subdag_operator.py
[2025-04-06T04:17:52.116+0000] {logging_mixin.py:190} INFO - [2025-04-06T04:17:52.115+0000] {dag.py:3239} INFO - Sync 3 DAGs
[2025-04-06T04:17:52.140+0000] {logging_mixin.py:190} INFO - [2025-04-06T04:17:52.140+0000] {dag.py:4180} INFO - Setting next_dagrun for example_subdag_operator to 2022-01-01 00:00:00+00:00, run_after=2022-01-01 00:00:00+00:00
[2025-04-06T04:17:52.144+0000] {logging_mixin.py:190} INFO - [2025-04-06T04:17:52.144+0000] {dag.py:4180} INFO - Setting next_dagrun for example_subdag_operator.section-1 to None, run_after=None
[2025-04-06T04:17:52.146+0000] {logging_mixin.py:190} INFO - [2025-04-06T04:17:52.146+0000] {dag.py:4180} INFO - Setting next_dagrun for example_subdag_operator.section-2 to None, run_after=None
[2025-04-06T04:17:52.155+0000] {logging_mixin.py:190} INFO - [2025-04-06T04:17:52.155+0000] {dag.py:3239} INFO - Sync 2 DAGs
[2025-04-06T04:17:52.165+0000] {logging_mixin.py:190} INFO - [2025-04-06T04:17:52.165+0000] {dag.py:4180} INFO - Setting next_dagrun for example_subdag_operator.section-1 to None, run_after=None
[2025-04-06T04:17:52.166+0000] {logging_mixin.py:190} INFO - [2025-04-06T04:17:52.166+0000] {dag.py:4180} INFO - Setting next_dagrun for example_subdag_operator.section-2 to None, run_after=None
[2025-04-06T04:17:52.181+0000] {processor.py:208} INFO - Processing /home/airflow/.local/lib/python3.12/site-packages/airflow/example_dags/example_subdag_operator.py took 0.408 seconds
[2025-04-06T04:18:22.767+0000] {processor.py:186} INFO - Started process (PID=3011) to work on /home/airflow/.local/lib/python3.12/site-packages/airflow/example_dags/example_subdag_operator.py
[2025-04-06T04:18:22.768+0000] {processor.py:914} INFO - Processing file /home/airflow/.local/lib/python3.12/site-packages/airflow/example_dags/example_subdag_operator.py for tasks to queue
[2025-04-06T04:18:22.770+0000] {logging_mixin.py:190} INFO - [2025-04-06T04:18:22.770+0000] {dagbag.py:588} INFO - Filling up the DagBag from /home/airflow/.local/lib/python3.12/site-packages/airflow/example_dags/example_subdag_operator.py
[2025-04-06T04:18:22.796+0000] {processor.py:925} INFO - DAG(s) 'example_subdag_operator.section-1', 'example_subdag_operator.section-2', 'example_subdag_operator' retrieved from /home/airflow/.local/lib/python3.12/site-packages/airflow/example_dags/example_subdag_operator.py
[2025-04-06T04:18:22.808+0000] {logging_mixin.py:190} INFO - [2025-04-06T04:18:22.808+0000] {dag.py:3239} INFO - Sync 3 DAGs
[2025-04-06T04:18:22.827+0000] {logging_mixin.py:190} INFO - [2025-04-06T04:18:22.827+0000] {dag.py:4180} INFO - Setting next_dagrun for example_subdag_operator to 2022-01-01 00:00:00+00:00, run_after=2022-01-01 00:00:00+00:00
[2025-04-06T04:18:22.830+0000] {logging_mixin.py:190} INFO - [2025-04-06T04:18:22.830+0000] {dag.py:4180} INFO - Setting next_dagrun for example_subdag_operator.section-1 to None, run_after=None
[2025-04-06T04:18:22.831+0000] {logging_mixin.py:190} INFO - [2025-04-06T04:18:22.831+0000] {dag.py:4180} INFO - Setting next_dagrun for example_subdag_operator.section-2 to None, run_after=None
[2025-04-06T04:18:22.837+0000] {logging_mixin.py:190} INFO - [2025-04-06T04:18:22.836+0000] {dag.py:3239} INFO - Sync 2 DAGs
[2025-04-06T04:18:22.842+0000] {logging_mixin.py:190} INFO - [2025-04-06T04:18:22.841+0000] {dag.py:4180} INFO - Setting next_dagrun for example_subdag_operator.section-1 to None, run_after=None
[2025-04-06T04:18:22.842+0000] {logging_mixin.py:190} INFO - [2025-04-06T04:18:22.842+0000] {dag.py:4180} INFO - Setting next_dagrun for example_subdag_operator.section-2 to None, run_after=None
[2025-04-06T04:18:22.855+0000] {processor.py:208} INFO - Processing /home/airflow/.local/lib/python3.12/site-packages/airflow/example_dags/example_subdag_operator.py took 0.094 seconds
[2025-04-06T04:18:53.074+0000] {processor.py:186} INFO - Started process (PID=3074) to work on /home/airflow/.local/lib/python3.12/site-packages/airflow/example_dags/example_subdag_operator.py
[2025-04-06T04:18:53.088+0000] {processor.py:914} INFO - Processing file /home/airflow/.local/lib/python3.12/site-packages/airflow/example_dags/example_subdag_operator.py for tasks to queue
[2025-04-06T04:18:53.092+0000] {logging_mixin.py:190} INFO - [2025-04-06T04:18:53.091+0000] {dagbag.py:588} INFO - Filling up the DagBag from /home/airflow/.local/lib/python3.12/site-packages/airflow/example_dags/example_subdag_operator.py
[2025-04-06T04:18:53.128+0000] {processor.py:925} INFO - DAG(s) 'example_subdag_operator.section-1', 'example_subdag_operator.section-2', 'example_subdag_operator' retrieved from /home/airflow/.local/lib/python3.12/site-packages/airflow/example_dags/example_subdag_operator.py
[2025-04-06T04:18:53.147+0000] {logging_mixin.py:190} INFO - [2025-04-06T04:18:53.147+0000] {dag.py:3239} INFO - Sync 3 DAGs
[2025-04-06T04:18:53.174+0000] {logging_mixin.py:190} INFO - [2025-04-06T04:18:53.174+0000] {dag.py:4180} INFO - Setting next_dagrun for example_subdag_operator to 2022-01-01 00:00:00+00:00, run_after=2022-01-01 00:00:00+00:00
[2025-04-06T04:18:53.178+0000] {logging_mixin.py:190} INFO - [2025-04-06T04:18:53.178+0000] {dag.py:4180} INFO - Setting next_dagrun for example_subdag_operator.section-1 to None, run_after=None
[2025-04-06T04:18:53.180+0000] {logging_mixin.py:190} INFO - [2025-04-06T04:18:53.179+0000] {dag.py:4180} INFO - Setting next_dagrun for example_subdag_operator.section-2 to None, run_after=None
[2025-04-06T04:18:53.189+0000] {logging_mixin.py:190} INFO - [2025-04-06T04:18:53.188+0000] {dag.py:3239} INFO - Sync 2 DAGs
[2025-04-06T04:18:53.196+0000] {logging_mixin.py:190} INFO - [2025-04-06T04:18:53.196+0000] {dag.py:4180} INFO - Setting next_dagrun for example_subdag_operator.section-1 to None, run_after=None
[2025-04-06T04:18:53.196+0000] {logging_mixin.py:190} INFO - [2025-04-06T04:18:53.196+0000] {dag.py:4180} INFO - Setting next_dagrun for example_subdag_operator.section-2 to None, run_after=None
[2025-04-06T04:18:53.212+0000] {processor.py:208} INFO - Processing /home/airflow/.local/lib/python3.12/site-packages/airflow/example_dags/example_subdag_operator.py took 0.143 seconds
[2025-04-06T04:19:23.343+0000] {processor.py:186} INFO - Started process (PID=3137) to work on /home/airflow/.local/lib/python3.12/site-packages/airflow/example_dags/example_subdag_operator.py
[2025-04-06T04:19:23.357+0000] {processor.py:914} INFO - Processing file /home/airflow/.local/lib/python3.12/site-packages/airflow/example_dags/example_subdag_operator.py for tasks to queue
[2025-04-06T04:19:23.358+0000] {logging_mixin.py:190} INFO - [2025-04-06T04:19:23.358+0000] {dagbag.py:588} INFO - Filling up the DagBag from /home/airflow/.local/lib/python3.12/site-packages/airflow/example_dags/example_subdag_operator.py
[2025-04-06T04:19:23.386+0000] {processor.py:925} INFO - DAG(s) 'example_subdag_operator.section-1', 'example_subdag_operator.section-2', 'example_subdag_operator' retrieved from /home/airflow/.local/lib/python3.12/site-packages/airflow/example_dags/example_subdag_operator.py
[2025-04-06T04:19:23.398+0000] {logging_mixin.py:190} INFO - [2025-04-06T04:19:23.398+0000] {dag.py:3239} INFO - Sync 3 DAGs
[2025-04-06T04:19:23.418+0000] {logging_mixin.py:190} INFO - [2025-04-06T04:19:23.418+0000] {dag.py:4180} INFO - Setting next_dagrun for example_subdag_operator to 2022-01-01 00:00:00+00:00, run_after=2022-01-01 00:00:00+00:00
[2025-04-06T04:19:23.421+0000] {logging_mixin.py:190} INFO - [2025-04-06T04:19:23.421+0000] {dag.py:4180} INFO - Setting next_dagrun for example_subdag_operator.section-1 to None, run_after=None
[2025-04-06T04:19:23.422+0000] {logging_mixin.py:190} INFO - [2025-04-06T04:19:23.422+0000] {dag.py:4180} INFO - Setting next_dagrun for example_subdag_operator.section-2 to None, run_after=None
[2025-04-06T04:19:23.430+0000] {logging_mixin.py:190} INFO - [2025-04-06T04:19:23.430+0000] {dag.py:3239} INFO - Sync 2 DAGs
[2025-04-06T04:19:23.437+0000] {logging_mixin.py:190} INFO - [2025-04-06T04:19:23.437+0000] {dag.py:4180} INFO - Setting next_dagrun for example_subdag_operator.section-1 to None, run_after=None
[2025-04-06T04:19:23.437+0000] {logging_mixin.py:190} INFO - [2025-04-06T04:19:23.437+0000] {dag.py:4180} INFO - Setting next_dagrun for example_subdag_operator.section-2 to None, run_after=None
[2025-04-06T04:19:23.454+0000] {processor.py:208} INFO - Processing /home/airflow/.local/lib/python3.12/site-packages/airflow/example_dags/example_subdag_operator.py took 0.115 seconds
[2025-04-06T04:19:53.564+0000] {processor.py:186} INFO - Started process (PID=3200) to work on /home/airflow/.local/lib/python3.12/site-packages/airflow/example_dags/example_subdag_operator.py
[2025-04-06T04:19:53.578+0000] {processor.py:914} INFO - Processing file /home/airflow/.local/lib/python3.12/site-packages/airflow/example_dags/example_subdag_operator.py for tasks to queue
[2025-04-06T04:19:53.579+0000] {logging_mixin.py:190} INFO - [2025-04-06T04:19:53.579+0000] {dagbag.py:588} INFO - Filling up the DagBag from /home/airflow/.local/lib/python3.12/site-packages/airflow/example_dags/example_subdag_operator.py
[2025-04-06T04:19:53.603+0000] {processor.py:925} INFO - DAG(s) 'example_subdag_operator.section-1', 'example_subdag_operator.section-2', 'example_subdag_operator' retrieved from /home/airflow/.local/lib/python3.12/site-packages/airflow/example_dags/example_subdag_operator.py
[2025-04-06T04:19:53.616+0000] {logging_mixin.py:190} INFO - [2025-04-06T04:19:53.616+0000] {dag.py:3239} INFO - Sync 3 DAGs
[2025-04-06T04:19:53.636+0000] {logging_mixin.py:190} INFO - [2025-04-06T04:19:53.636+0000] {dag.py:4180} INFO - Setting next_dagrun for example_subdag_operator to 2022-01-01 00:00:00+00:00, run_after=2022-01-01 00:00:00+00:00
[2025-04-06T04:19:53.639+0000] {logging_mixin.py:190} INFO - [2025-04-06T04:19:53.639+0000] {dag.py:4180} INFO - Setting next_dagrun for example_subdag_operator.section-1 to None, run_after=None
[2025-04-06T04:19:53.641+0000] {logging_mixin.py:190} INFO - [2025-04-06T04:19:53.641+0000] {dag.py:4180} INFO - Setting next_dagrun for example_subdag_operator.section-2 to None, run_after=None
[2025-04-06T04:19:53.648+0000] {logging_mixin.py:190} INFO - [2025-04-06T04:19:53.648+0000] {dag.py:3239} INFO - Sync 2 DAGs
[2025-04-06T04:19:53.654+0000] {logging_mixin.py:190} INFO - [2025-04-06T04:19:53.654+0000] {dag.py:4180} INFO - Setting next_dagrun for example_subdag_operator.section-1 to None, run_after=None
[2025-04-06T04:19:53.654+0000] {logging_mixin.py:190} INFO - [2025-04-06T04:19:53.654+0000] {dag.py:4180} INFO - Setting next_dagrun for example_subdag_operator.section-2 to None, run_after=None
[2025-04-06T04:19:53.677+0000] {processor.py:208} INFO - Processing /home/airflow/.local/lib/python3.12/site-packages/airflow/example_dags/example_subdag_operator.py took 0.118 seconds
[2025-04-06T04:20:24.130+0000] {processor.py:186} INFO - Started process (PID=3263) to work on /home/airflow/.local/lib/python3.12/site-packages/airflow/example_dags/example_subdag_operator.py
[2025-04-06T04:20:24.132+0000] {processor.py:914} INFO - Processing file /home/airflow/.local/lib/python3.12/site-packages/airflow/example_dags/example_subdag_operator.py for tasks to queue
[2025-04-06T04:20:24.134+0000] {logging_mixin.py:190} INFO - [2025-04-06T04:20:24.134+0000] {dagbag.py:588} INFO - Filling up the DagBag from /home/airflow/.local/lib/python3.12/site-packages/airflow/example_dags/example_subdag_operator.py
[2025-04-06T04:20:24.197+0000] {processor.py:925} INFO - DAG(s) 'example_subdag_operator.section-1', 'example_subdag_operator.section-2', 'example_subdag_operator' retrieved from /home/airflow/.local/lib/python3.12/site-packages/airflow/example_dags/example_subdag_operator.py
[2025-04-06T04:20:24.228+0000] {logging_mixin.py:190} INFO - [2025-04-06T04:20:24.226+0000] {dag.py:3239} INFO - Sync 3 DAGs
[2025-04-06T04:20:24.298+0000] {logging_mixin.py:190} INFO - [2025-04-06T04:20:24.298+0000] {dag.py:4180} INFO - Setting next_dagrun for example_subdag_operator to 2022-01-01 00:00:00+00:00, run_after=2022-01-01 00:00:00+00:00
[2025-04-06T04:20:24.312+0000] {logging_mixin.py:190} INFO - [2025-04-06T04:20:24.311+0000] {dag.py:4180} INFO - Setting next_dagrun for example_subdag_operator.section-1 to None, run_after=None
[2025-04-06T04:20:24.313+0000] {logging_mixin.py:190} INFO - [2025-04-06T04:20:24.313+0000] {dag.py:4180} INFO - Setting next_dagrun for example_subdag_operator.section-2 to None, run_after=None
[2025-04-06T04:20:24.333+0000] {logging_mixin.py:190} INFO - [2025-04-06T04:20:24.333+0000] {dag.py:3239} INFO - Sync 2 DAGs
[2025-04-06T04:20:24.341+0000] {logging_mixin.py:190} INFO - [2025-04-06T04:20:24.341+0000] {dag.py:4180} INFO - Setting next_dagrun for example_subdag_operator.section-1 to None, run_after=None
[2025-04-06T04:20:24.343+0000] {logging_mixin.py:190} INFO - [2025-04-06T04:20:24.341+0000] {dag.py:4180} INFO - Setting next_dagrun for example_subdag_operator.section-2 to None, run_after=None
[2025-04-06T04:20:24.377+0000] {processor.py:208} INFO - Processing /home/airflow/.local/lib/python3.12/site-packages/airflow/example_dags/example_subdag_operator.py took 0.256 seconds
[2025-04-06T04:20:54.875+0000] {processor.py:186} INFO - Started process (PID=3326) to work on /home/airflow/.local/lib/python3.12/site-packages/airflow/example_dags/example_subdag_operator.py
[2025-04-06T04:20:54.877+0000] {processor.py:914} INFO - Processing file /home/airflow/.local/lib/python3.12/site-packages/airflow/example_dags/example_subdag_operator.py for tasks to queue
[2025-04-06T04:20:54.882+0000] {logging_mixin.py:190} INFO - [2025-04-06T04:20:54.881+0000] {dagbag.py:588} INFO - Filling up the DagBag from /home/airflow/.local/lib/python3.12/site-packages/airflow/example_dags/example_subdag_operator.py
[2025-04-06T04:20:54.930+0000] {processor.py:925} INFO - DAG(s) 'example_subdag_operator.section-1', 'example_subdag_operator.section-2', 'example_subdag_operator' retrieved from /home/airflow/.local/lib/python3.12/site-packages/airflow/example_dags/example_subdag_operator.py
[2025-04-06T04:20:54.953+0000] {logging_mixin.py:190} INFO - [2025-04-06T04:20:54.953+0000] {dag.py:3239} INFO - Sync 3 DAGs
[2025-04-06T04:20:54.976+0000] {logging_mixin.py:190} INFO - [2025-04-06T04:20:54.976+0000] {dag.py:4180} INFO - Setting next_dagrun for example_subdag_operator to 2022-01-01 00:00:00+00:00, run_after=2022-01-01 00:00:00+00:00
[2025-04-06T04:20:54.979+0000] {logging_mixin.py:190} INFO - [2025-04-06T04:20:54.979+0000] {dag.py:4180} INFO - Setting next_dagrun for example_subdag_operator.section-1 to None, run_after=None
[2025-04-06T04:20:54.980+0000] {logging_mixin.py:190} INFO - [2025-04-06T04:20:54.980+0000] {dag.py:4180} INFO - Setting next_dagrun for example_subdag_operator.section-2 to None, run_after=None
[2025-04-06T04:20:54.986+0000] {logging_mixin.py:190} INFO - [2025-04-06T04:20:54.986+0000] {dag.py:3239} INFO - Sync 2 DAGs
[2025-04-06T04:20:54.992+0000] {logging_mixin.py:190} INFO - [2025-04-06T04:20:54.992+0000] {dag.py:4180} INFO - Setting next_dagrun for example_subdag_operator.section-1 to None, run_after=None
[2025-04-06T04:20:54.992+0000] {logging_mixin.py:190} INFO - [2025-04-06T04:20:54.992+0000] {dag.py:4180} INFO - Setting next_dagrun for example_subdag_operator.section-2 to None, run_after=None
[2025-04-06T04:20:55.004+0000] {processor.py:208} INFO - Processing /home/airflow/.local/lib/python3.12/site-packages/airflow/example_dags/example_subdag_operator.py took 0.137 seconds
[2025-04-06T04:21:25.050+0000] {processor.py:186} INFO - Started process (PID=3389) to work on /home/airflow/.local/lib/python3.12/site-packages/airflow/example_dags/example_subdag_operator.py
[2025-04-06T04:21:25.051+0000] {processor.py:914} INFO - Processing file /home/airflow/.local/lib/python3.12/site-packages/airflow/example_dags/example_subdag_operator.py for tasks to queue
[2025-04-06T04:21:25.053+0000] {logging_mixin.py:190} INFO - [2025-04-06T04:21:25.053+0000] {dagbag.py:588} INFO - Filling up the DagBag from /home/airflow/.local/lib/python3.12/site-packages/airflow/example_dags/example_subdag_operator.py
[2025-04-06T04:21:25.077+0000] {processor.py:925} INFO - DAG(s) 'example_subdag_operator.section-1', 'example_subdag_operator.section-2', 'example_subdag_operator' retrieved from /home/airflow/.local/lib/python3.12/site-packages/airflow/example_dags/example_subdag_operator.py
[2025-04-06T04:21:25.089+0000] {logging_mixin.py:190} INFO - [2025-04-06T04:21:25.089+0000] {dag.py:3239} INFO - Sync 3 DAGs
[2025-04-06T04:21:25.110+0000] {logging_mixin.py:190} INFO - [2025-04-06T04:21:25.110+0000] {dag.py:4180} INFO - Setting next_dagrun for example_subdag_operator to 2022-01-01 00:00:00+00:00, run_after=2022-01-01 00:00:00+00:00
[2025-04-06T04:21:25.115+0000] {logging_mixin.py:190} INFO - [2025-04-06T04:21:25.115+0000] {dag.py:4180} INFO - Setting next_dagrun for example_subdag_operator.section-1 to None, run_after=None
[2025-04-06T04:21:25.117+0000] {logging_mixin.py:190} INFO - [2025-04-06T04:21:25.117+0000] {dag.py:4180} INFO - Setting next_dagrun for example_subdag_operator.section-2 to None, run_after=None
[2025-04-06T04:21:25.135+0000] {logging_mixin.py:190} INFO - [2025-04-06T04:21:25.134+0000] {dag.py:3239} INFO - Sync 2 DAGs
[2025-04-06T04:21:25.141+0000] {logging_mixin.py:190} INFO - [2025-04-06T04:21:25.140+0000] {dag.py:4180} INFO - Setting next_dagrun for example_subdag_operator.section-1 to None, run_after=None
[2025-04-06T04:21:25.141+0000] {logging_mixin.py:190} INFO - [2025-04-06T04:21:25.141+0000] {dag.py:4180} INFO - Setting next_dagrun for example_subdag_operator.section-2 to None, run_after=None
[2025-04-06T04:21:25.155+0000] {processor.py:208} INFO - Processing /home/airflow/.local/lib/python3.12/site-packages/airflow/example_dags/example_subdag_operator.py took 0.112 seconds
[2025-04-06T04:21:55.488+0000] {processor.py:186} INFO - Started process (PID=3452) to work on /home/airflow/.local/lib/python3.12/site-packages/airflow/example_dags/example_subdag_operator.py
[2025-04-06T04:21:55.501+0000] {processor.py:914} INFO - Processing file /home/airflow/.local/lib/python3.12/site-packages/airflow/example_dags/example_subdag_operator.py for tasks to queue
[2025-04-06T04:21:55.504+0000] {logging_mixin.py:190} INFO - [2025-04-06T04:21:55.504+0000] {dagbag.py:588} INFO - Filling up the DagBag from /home/airflow/.local/lib/python3.12/site-packages/airflow/example_dags/example_subdag_operator.py
[2025-04-06T04:21:55.531+0000] {processor.py:925} INFO - DAG(s) 'example_subdag_operator.section-1', 'example_subdag_operator.section-2', 'example_subdag_operator' retrieved from /home/airflow/.local/lib/python3.12/site-packages/airflow/example_dags/example_subdag_operator.py
[2025-04-06T04:21:55.544+0000] {logging_mixin.py:190} INFO - [2025-04-06T04:21:55.544+0000] {dag.py:3239} INFO - Sync 3 DAGs
[2025-04-06T04:21:55.565+0000] {logging_mixin.py:190} INFO - [2025-04-06T04:21:55.565+0000] {dag.py:4180} INFO - Setting next_dagrun for example_subdag_operator to 2022-01-01 00:00:00+00:00, run_after=2022-01-01 00:00:00+00:00
[2025-04-06T04:21:55.568+0000] {logging_mixin.py:190} INFO - [2025-04-06T04:21:55.568+0000] {dag.py:4180} INFO - Setting next_dagrun for example_subdag_operator.section-1 to None, run_after=None
[2025-04-06T04:21:55.569+0000] {logging_mixin.py:190} INFO - [2025-04-06T04:21:55.569+0000] {dag.py:4180} INFO - Setting next_dagrun for example_subdag_operator.section-2 to None, run_after=None
[2025-04-06T04:21:55.575+0000] {logging_mixin.py:190} INFO - [2025-04-06T04:21:55.575+0000] {dag.py:3239} INFO - Sync 2 DAGs
[2025-04-06T04:21:55.580+0000] {logging_mixin.py:190} INFO - [2025-04-06T04:21:55.580+0000] {dag.py:4180} INFO - Setting next_dagrun for example_subdag_operator.section-1 to None, run_after=None
[2025-04-06T04:21:55.580+0000] {logging_mixin.py:190} INFO - [2025-04-06T04:21:55.580+0000] {dag.py:4180} INFO - Setting next_dagrun for example_subdag_operator.section-2 to None, run_after=None
[2025-04-06T04:21:55.593+0000] {processor.py:208} INFO - Processing /home/airflow/.local/lib/python3.12/site-packages/airflow/example_dags/example_subdag_operator.py took 0.113 seconds
[2025-04-06T04:22:25.679+0000] {processor.py:186} INFO - Started process (PID=3515) to work on /home/airflow/.local/lib/python3.12/site-packages/airflow/example_dags/example_subdag_operator.py
[2025-04-06T04:22:25.680+0000] {processor.py:914} INFO - Processing file /home/airflow/.local/lib/python3.12/site-packages/airflow/example_dags/example_subdag_operator.py for tasks to queue
[2025-04-06T04:22:25.682+0000] {logging_mixin.py:190} INFO - [2025-04-06T04:22:25.682+0000] {dagbag.py:588} INFO - Filling up the DagBag from /home/airflow/.local/lib/python3.12/site-packages/airflow/example_dags/example_subdag_operator.py
[2025-04-06T04:22:25.703+0000] {processor.py:925} INFO - DAG(s) 'example_subdag_operator.section-1', 'example_subdag_operator.section-2', 'example_subdag_operator' retrieved from /home/airflow/.local/lib/python3.12/site-packages/airflow/example_dags/example_subdag_operator.py
[2025-04-06T04:22:25.715+0000] {logging_mixin.py:190} INFO - [2025-04-06T04:22:25.715+0000] {dag.py:3239} INFO - Sync 3 DAGs
[2025-04-06T04:22:25.733+0000] {logging_mixin.py:190} INFO - [2025-04-06T04:22:25.733+0000] {dag.py:4180} INFO - Setting next_dagrun for example_subdag_operator to 2022-01-01 00:00:00+00:00, run_after=2022-01-01 00:00:00+00:00
[2025-04-06T04:22:25.736+0000] {logging_mixin.py:190} INFO - [2025-04-06T04:22:25.735+0000] {dag.py:4180} INFO - Setting next_dagrun for example_subdag_operator.section-1 to None, run_after=None
[2025-04-06T04:22:25.737+0000] {logging_mixin.py:190} INFO - [2025-04-06T04:22:25.737+0000] {dag.py:4180} INFO - Setting next_dagrun for example_subdag_operator.section-2 to None, run_after=None
[2025-04-06T04:22:25.742+0000] {logging_mixin.py:190} INFO - [2025-04-06T04:22:25.742+0000] {dag.py:3239} INFO - Sync 2 DAGs
[2025-04-06T04:22:25.746+0000] {logging_mixin.py:190} INFO - [2025-04-06T04:22:25.746+0000] {dag.py:4180} INFO - Setting next_dagrun for example_subdag_operator.section-1 to None, run_after=None
[2025-04-06T04:22:25.746+0000] {logging_mixin.py:190} INFO - [2025-04-06T04:22:25.746+0000] {dag.py:4180} INFO - Setting next_dagrun for example_subdag_operator.section-2 to None, run_after=None
[2025-04-06T04:22:25.758+0000] {processor.py:208} INFO - Processing /home/airflow/.local/lib/python3.12/site-packages/airflow/example_dags/example_subdag_operator.py took 0.083 seconds
[2025-04-06T04:22:56.668+0000] {processor.py:186} INFO - Started process (PID=3578) to work on /home/airflow/.local/lib/python3.12/site-packages/airflow/example_dags/example_subdag_operator.py
[2025-04-06T04:22:56.669+0000] {processor.py:914} INFO - Processing file /home/airflow/.local/lib/python3.12/site-packages/airflow/example_dags/example_subdag_operator.py for tasks to queue
[2025-04-06T04:22:56.671+0000] {logging_mixin.py:190} INFO - [2025-04-06T04:22:56.670+0000] {dagbag.py:588} INFO - Filling up the DagBag from /home/airflow/.local/lib/python3.12/site-packages/airflow/example_dags/example_subdag_operator.py
[2025-04-06T04:22:56.693+0000] {processor.py:925} INFO - DAG(s) 'example_subdag_operator.section-1', 'example_subdag_operator.section-2', 'example_subdag_operator' retrieved from /home/airflow/.local/lib/python3.12/site-packages/airflow/example_dags/example_subdag_operator.py
[2025-04-06T04:22:56.707+0000] {logging_mixin.py:190} INFO - [2025-04-06T04:22:56.707+0000] {dag.py:3239} INFO - Sync 3 DAGs
[2025-04-06T04:22:56.730+0000] {logging_mixin.py:190} INFO - [2025-04-06T04:22:56.730+0000] {dag.py:4180} INFO - Setting next_dagrun for example_subdag_operator to 2022-01-01 00:00:00+00:00, run_after=2022-01-01 00:00:00+00:00
[2025-04-06T04:22:56.734+0000] {logging_mixin.py:190} INFO - [2025-04-06T04:22:56.734+0000] {dag.py:4180} INFO - Setting next_dagrun for example_subdag_operator.section-1 to None, run_after=None
[2025-04-06T04:22:56.735+0000] {logging_mixin.py:190} INFO - [2025-04-06T04:22:56.735+0000] {dag.py:4180} INFO - Setting next_dagrun for example_subdag_operator.section-2 to None, run_after=None
[2025-04-06T04:22:56.741+0000] {logging_mixin.py:190} INFO - [2025-04-06T04:22:56.741+0000] {dag.py:3239} INFO - Sync 2 DAGs
[2025-04-06T04:22:56.746+0000] {logging_mixin.py:190} INFO - [2025-04-06T04:22:56.746+0000] {dag.py:4180} INFO - Setting next_dagrun for example_subdag_operator.section-1 to None, run_after=None
[2025-04-06T04:22:56.747+0000] {logging_mixin.py:190} INFO - [2025-04-06T04:22:56.746+0000] {dag.py:4180} INFO - Setting next_dagrun for example_subdag_operator.section-2 to None, run_after=None
[2025-04-06T04:22:56.761+0000] {processor.py:208} INFO - Processing /home/airflow/.local/lib/python3.12/site-packages/airflow/example_dags/example_subdag_operator.py took 0.098 seconds
[2025-04-06T04:23:28.343+0000] {processor.py:186} INFO - Started process (PID=3641) to work on /home/airflow/.local/lib/python3.12/site-packages/airflow/example_dags/example_subdag_operator.py
[2025-04-06T04:23:28.344+0000] {processor.py:914} INFO - Processing file /home/airflow/.local/lib/python3.12/site-packages/airflow/example_dags/example_subdag_operator.py for tasks to queue
[2025-04-06T04:23:28.346+0000] {logging_mixin.py:190} INFO - [2025-04-06T04:23:28.346+0000] {dagbag.py:588} INFO - Filling up the DagBag from /home/airflow/.local/lib/python3.12/site-packages/airflow/example_dags/example_subdag_operator.py
[2025-04-06T04:23:28.369+0000] {processor.py:925} INFO - DAG(s) 'example_subdag_operator.section-1', 'example_subdag_operator.section-2', 'example_subdag_operator' retrieved from /home/airflow/.local/lib/python3.12/site-packages/airflow/example_dags/example_subdag_operator.py
[2025-04-06T04:23:28.383+0000] {logging_mixin.py:190} INFO - [2025-04-06T04:23:28.383+0000] {dag.py:3239} INFO - Sync 3 DAGs
[2025-04-06T04:23:28.556+0000] {logging_mixin.py:190} INFO - [2025-04-06T04:23:28.556+0000] {dag.py:4180} INFO - Setting next_dagrun for example_subdag_operator to 2022-01-01 00:00:00+00:00, run_after=2022-01-01 00:00:00+00:00
[2025-04-06T04:23:28.559+0000] {logging_mixin.py:190} INFO - [2025-04-06T04:23:28.559+0000] {dag.py:4180} INFO - Setting next_dagrun for example_subdag_operator.section-1 to None, run_after=None
[2025-04-06T04:23:28.560+0000] {logging_mixin.py:190} INFO - [2025-04-06T04:23:28.560+0000] {dag.py:4180} INFO - Setting next_dagrun for example_subdag_operator.section-2 to None, run_after=None
[2025-04-06T04:23:28.565+0000] {logging_mixin.py:190} INFO - [2025-04-06T04:23:28.565+0000] {dag.py:3239} INFO - Sync 2 DAGs
[2025-04-06T04:23:28.569+0000] {logging_mixin.py:190} INFO - [2025-04-06T04:23:28.569+0000] {dag.py:4180} INFO - Setting next_dagrun for example_subdag_operator.section-1 to None, run_after=None
[2025-04-06T04:23:28.569+0000] {logging_mixin.py:190} INFO - [2025-04-06T04:23:28.569+0000] {dag.py:4180} INFO - Setting next_dagrun for example_subdag_operator.section-2 to None, run_after=None
[2025-04-06T04:23:28.595+0000] {processor.py:208} INFO - Processing /home/airflow/.local/lib/python3.12/site-packages/airflow/example_dags/example_subdag_operator.py took 0.258 seconds
[2025-04-06T04:23:58.861+0000] {processor.py:186} INFO - Started process (PID=3704) to work on /home/airflow/.local/lib/python3.12/site-packages/airflow/example_dags/example_subdag_operator.py
[2025-04-06T04:23:58.862+0000] {processor.py:914} INFO - Processing file /home/airflow/.local/lib/python3.12/site-packages/airflow/example_dags/example_subdag_operator.py for tasks to queue
[2025-04-06T04:23:58.864+0000] {logging_mixin.py:190} INFO - [2025-04-06T04:23:58.864+0000] {dagbag.py:588} INFO - Filling up the DagBag from /home/airflow/.local/lib/python3.12/site-packages/airflow/example_dags/example_subdag_operator.py
[2025-04-06T04:23:58.889+0000] {processor.py:925} INFO - DAG(s) 'example_subdag_operator.section-1', 'example_subdag_operator.section-2', 'example_subdag_operator' retrieved from /home/airflow/.local/lib/python3.12/site-packages/airflow/example_dags/example_subdag_operator.py
[2025-04-06T04:23:58.902+0000] {logging_mixin.py:190} INFO - [2025-04-06T04:23:58.902+0000] {dag.py:3239} INFO - Sync 3 DAGs
[2025-04-06T04:23:59.067+0000] {logging_mixin.py:190} INFO - [2025-04-06T04:23:59.067+0000] {dag.py:4180} INFO - Setting next_dagrun for example_subdag_operator to 2022-01-01 00:00:00+00:00, run_after=2022-01-01 00:00:00+00:00
[2025-04-06T04:23:59.070+0000] {logging_mixin.py:190} INFO - [2025-04-06T04:23:59.070+0000] {dag.py:4180} INFO - Setting next_dagrun for example_subdag_operator.section-1 to None, run_after=None
[2025-04-06T04:23:59.072+0000] {logging_mixin.py:190} INFO - [2025-04-06T04:23:59.071+0000] {dag.py:4180} INFO - Setting next_dagrun for example_subdag_operator.section-2 to None, run_after=None
[2025-04-06T04:23:59.076+0000] {logging_mixin.py:190} INFO - [2025-04-06T04:23:59.076+0000] {dag.py:3239} INFO - Sync 2 DAGs
[2025-04-06T04:23:59.081+0000] {logging_mixin.py:190} INFO - [2025-04-06T04:23:59.080+0000] {dag.py:4180} INFO - Setting next_dagrun for example_subdag_operator.section-1 to None, run_after=None
[2025-04-06T04:23:59.081+0000] {logging_mixin.py:190} INFO - [2025-04-06T04:23:59.081+0000] {dag.py:4180} INFO - Setting next_dagrun for example_subdag_operator.section-2 to None, run_after=None
[2025-04-06T04:23:59.093+0000] {processor.py:208} INFO - Processing /home/airflow/.local/lib/python3.12/site-packages/airflow/example_dags/example_subdag_operator.py took 0.238 seconds
[2025-04-06T04:24:29.583+0000] {processor.py:186} INFO - Started process (PID=3767) to work on /home/airflow/.local/lib/python3.12/site-packages/airflow/example_dags/example_subdag_operator.py
[2025-04-06T04:24:29.585+0000] {processor.py:914} INFO - Processing file /home/airflow/.local/lib/python3.12/site-packages/airflow/example_dags/example_subdag_operator.py for tasks to queue
[2025-04-06T04:24:29.586+0000] {logging_mixin.py:190} INFO - [2025-04-06T04:24:29.586+0000] {dagbag.py:588} INFO - Filling up the DagBag from /home/airflow/.local/lib/python3.12/site-packages/airflow/example_dags/example_subdag_operator.py
[2025-04-06T04:24:29.610+0000] {processor.py:925} INFO - DAG(s) 'example_subdag_operator.section-1', 'example_subdag_operator.section-2', 'example_subdag_operator' retrieved from /home/airflow/.local/lib/python3.12/site-packages/airflow/example_dags/example_subdag_operator.py
[2025-04-06T04:24:29.626+0000] {logging_mixin.py:190} INFO - [2025-04-06T04:24:29.626+0000] {dag.py:3239} INFO - Sync 3 DAGs
[2025-04-06T04:24:29.645+0000] {logging_mixin.py:190} INFO - [2025-04-06T04:24:29.645+0000] {dag.py:4180} INFO - Setting next_dagrun for example_subdag_operator to 2022-01-01 00:00:00+00:00, run_after=2022-01-01 00:00:00+00:00
[2025-04-06T04:24:29.649+0000] {logging_mixin.py:190} INFO - [2025-04-06T04:24:29.649+0000] {dag.py:4180} INFO - Setting next_dagrun for example_subdag_operator.section-1 to None, run_after=None
[2025-04-06T04:24:29.651+0000] {logging_mixin.py:190} INFO - [2025-04-06T04:24:29.650+0000] {dag.py:4180} INFO - Setting next_dagrun for example_subdag_operator.section-2 to None, run_after=None
[2025-04-06T04:24:29.657+0000] {logging_mixin.py:190} INFO - [2025-04-06T04:24:29.656+0000] {dag.py:3239} INFO - Sync 2 DAGs
[2025-04-06T04:24:29.661+0000] {logging_mixin.py:190} INFO - [2025-04-06T04:24:29.661+0000] {dag.py:4180} INFO - Setting next_dagrun for example_subdag_operator.section-1 to None, run_after=None
[2025-04-06T04:24:29.662+0000] {logging_mixin.py:190} INFO - [2025-04-06T04:24:29.662+0000] {dag.py:4180} INFO - Setting next_dagrun for example_subdag_operator.section-2 to None, run_after=None
[2025-04-06T04:24:29.675+0000] {processor.py:208} INFO - Processing /home/airflow/.local/lib/python3.12/site-packages/airflow/example_dags/example_subdag_operator.py took 0.096 seconds
[2025-04-06T04:25:00.031+0000] {processor.py:186} INFO - Started process (PID=3830) to work on /home/airflow/.local/lib/python3.12/site-packages/airflow/example_dags/example_subdag_operator.py
[2025-04-06T04:25:00.033+0000] {processor.py:914} INFO - Processing file /home/airflow/.local/lib/python3.12/site-packages/airflow/example_dags/example_subdag_operator.py for tasks to queue
[2025-04-06T04:25:00.035+0000] {logging_mixin.py:190} INFO - [2025-04-06T04:25:00.034+0000] {dagbag.py:588} INFO - Filling up the DagBag from /home/airflow/.local/lib/python3.12/site-packages/airflow/example_dags/example_subdag_operator.py
[2025-04-06T04:25:00.062+0000] {processor.py:925} INFO - DAG(s) 'example_subdag_operator.section-1', 'example_subdag_operator.section-2', 'example_subdag_operator' retrieved from /home/airflow/.local/lib/python3.12/site-packages/airflow/example_dags/example_subdag_operator.py
[2025-04-06T04:25:00.077+0000] {logging_mixin.py:190} INFO - [2025-04-06T04:25:00.077+0000] {dag.py:3239} INFO - Sync 3 DAGs
[2025-04-06T04:25:00.097+0000] {logging_mixin.py:190} INFO - [2025-04-06T04:25:00.097+0000] {dag.py:4180} INFO - Setting next_dagrun for example_subdag_operator to 2022-01-01 00:00:00+00:00, run_after=2022-01-01 00:00:00+00:00
[2025-04-06T04:25:00.101+0000] {logging_mixin.py:190} INFO - [2025-04-06T04:25:00.100+0000] {dag.py:4180} INFO - Setting next_dagrun for example_subdag_operator.section-1 to None, run_after=None
[2025-04-06T04:25:00.102+0000] {logging_mixin.py:190} INFO - [2025-04-06T04:25:00.101+0000] {dag.py:4180} INFO - Setting next_dagrun for example_subdag_operator.section-2 to None, run_after=None
[2025-04-06T04:25:00.108+0000] {logging_mixin.py:190} INFO - [2025-04-06T04:25:00.108+0000] {dag.py:3239} INFO - Sync 2 DAGs
[2025-04-06T04:25:00.113+0000] {logging_mixin.py:190} INFO - [2025-04-06T04:25:00.113+0000] {dag.py:4180} INFO - Setting next_dagrun for example_subdag_operator.section-1 to None, run_after=None
[2025-04-06T04:25:00.113+0000] {logging_mixin.py:190} INFO - [2025-04-06T04:25:00.113+0000] {dag.py:4180} INFO - Setting next_dagrun for example_subdag_operator.section-2 to None, run_after=None
[2025-04-06T04:25:00.127+0000] {processor.py:208} INFO - Processing /home/airflow/.local/lib/python3.12/site-packages/airflow/example_dags/example_subdag_operator.py took 0.102 seconds
[2025-04-06T04:25:30.758+0000] {processor.py:186} INFO - Started process (PID=3893) to work on /home/airflow/.local/lib/python3.12/site-packages/airflow/example_dags/example_subdag_operator.py
[2025-04-06T04:25:30.759+0000] {processor.py:914} INFO - Processing file /home/airflow/.local/lib/python3.12/site-packages/airflow/example_dags/example_subdag_operator.py for tasks to queue
[2025-04-06T04:25:30.762+0000] {logging_mixin.py:190} INFO - [2025-04-06T04:25:30.761+0000] {dagbag.py:588} INFO - Filling up the DagBag from /home/airflow/.local/lib/python3.12/site-packages/airflow/example_dags/example_subdag_operator.py
[2025-04-06T04:25:30.784+0000] {processor.py:925} INFO - DAG(s) 'example_subdag_operator.section-1', 'example_subdag_operator.section-2', 'example_subdag_operator' retrieved from /home/airflow/.local/lib/python3.12/site-packages/airflow/example_dags/example_subdag_operator.py
[2025-04-06T04:25:30.796+0000] {logging_mixin.py:190} INFO - [2025-04-06T04:25:30.796+0000] {dag.py:3239} INFO - Sync 3 DAGs
[2025-04-06T04:25:30.818+0000] {logging_mixin.py:190} INFO - [2025-04-06T04:25:30.818+0000] {dag.py:4180} INFO - Setting next_dagrun for example_subdag_operator to 2022-01-01 00:00:00+00:00, run_after=2022-01-01 00:00:00+00:00
[2025-04-06T04:25:30.821+0000] {logging_mixin.py:190} INFO - [2025-04-06T04:25:30.821+0000] {dag.py:4180} INFO - Setting next_dagrun for example_subdag_operator.section-1 to None, run_after=None
[2025-04-06T04:25:30.822+0000] {logging_mixin.py:190} INFO - [2025-04-06T04:25:30.822+0000] {dag.py:4180} INFO - Setting next_dagrun for example_subdag_operator.section-2 to None, run_after=None
[2025-04-06T04:25:30.828+0000] {logging_mixin.py:190} INFO - [2025-04-06T04:25:30.828+0000] {dag.py:3239} INFO - Sync 2 DAGs
[2025-04-06T04:25:30.833+0000] {logging_mixin.py:190} INFO - [2025-04-06T04:25:30.833+0000] {dag.py:4180} INFO - Setting next_dagrun for example_subdag_operator.section-1 to None, run_after=None
[2025-04-06T04:25:30.833+0000] {logging_mixin.py:190} INFO - [2025-04-06T04:25:30.833+0000] {dag.py:4180} INFO - Setting next_dagrun for example_subdag_operator.section-2 to None, run_after=None
[2025-04-06T04:25:30.844+0000] {processor.py:208} INFO - Processing /home/airflow/.local/lib/python3.12/site-packages/airflow/example_dags/example_subdag_operator.py took 0.091 seconds
[2025-04-06T04:26:01.898+0000] {processor.py:186} INFO - Started process (PID=3957) to work on /home/airflow/.local/lib/python3.12/site-packages/airflow/example_dags/example_subdag_operator.py
[2025-04-06T04:26:01.900+0000] {processor.py:914} INFO - Processing file /home/airflow/.local/lib/python3.12/site-packages/airflow/example_dags/example_subdag_operator.py for tasks to queue
[2025-04-06T04:26:01.902+0000] {logging_mixin.py:190} INFO - [2025-04-06T04:26:01.902+0000] {dagbag.py:588} INFO - Filling up the DagBag from /home/airflow/.local/lib/python3.12/site-packages/airflow/example_dags/example_subdag_operator.py
[2025-04-06T04:26:01.926+0000] {processor.py:925} INFO - DAG(s) 'example_subdag_operator.section-1', 'example_subdag_operator.section-2', 'example_subdag_operator' retrieved from /home/airflow/.local/lib/python3.12/site-packages/airflow/example_dags/example_subdag_operator.py
[2025-04-06T04:26:01.943+0000] {logging_mixin.py:190} INFO - [2025-04-06T04:26:01.943+0000] {dag.py:3239} INFO - Sync 3 DAGs
[2025-04-06T04:26:01.964+0000] {logging_mixin.py:190} INFO - [2025-04-06T04:26:01.964+0000] {dag.py:4180} INFO - Setting next_dagrun for example_subdag_operator to 2022-01-01 00:00:00+00:00, run_after=2022-01-01 00:00:00+00:00
[2025-04-06T04:26:01.968+0000] {logging_mixin.py:190} INFO - [2025-04-06T04:26:01.968+0000] {dag.py:4180} INFO - Setting next_dagrun for example_subdag_operator.section-1 to None, run_after=None
[2025-04-06T04:26:01.969+0000] {logging_mixin.py:190} INFO - [2025-04-06T04:26:01.969+0000] {dag.py:4180} INFO - Setting next_dagrun for example_subdag_operator.section-2 to None, run_after=None
[2025-04-06T04:26:01.977+0000] {logging_mixin.py:190} INFO - [2025-04-06T04:26:01.977+0000] {dag.py:3239} INFO - Sync 2 DAGs
[2025-04-06T04:26:01.983+0000] {logging_mixin.py:190} INFO - [2025-04-06T04:26:01.982+0000] {dag.py:4180} INFO - Setting next_dagrun for example_subdag_operator.section-1 to None, run_after=None
[2025-04-06T04:26:01.983+0000] {logging_mixin.py:190} INFO - [2025-04-06T04:26:01.983+0000] {dag.py:4180} INFO - Setting next_dagrun for example_subdag_operator.section-2 to None, run_after=None
[2025-04-06T04:26:01.997+0000] {processor.py:208} INFO - Processing /home/airflow/.local/lib/python3.12/site-packages/airflow/example_dags/example_subdag_operator.py took 0.108 seconds
