[2025-04-06T04:09:16.007+0000] {processor.py:186} INFO - Started process (PID=1890) to work on /home/airflow/.local/lib/python3.12/site-packages/airflow/example_dags/example_display_name.py
[2025-04-06T04:09:16.008+0000] {processor.py:914} INFO - Processing file /home/airflow/.local/lib/python3.12/site-packages/airflow/example_dags/example_display_name.py for tasks to queue
[2025-04-06T04:09:16.010+0000] {logging_mixin.py:190} INFO - [2025-04-06T04:09:16.009+0000] {dagbag.py:588} INFO - Filling up the DagBag from /home/airflow/.local/lib/python3.12/site-packages/airflow/example_dags/example_display_name.py
[2025-04-06T04:09:16.018+0000] {processor.py:925} INFO - DAG(s) 'example_display_name' retrieved from /home/airflow/.local/lib/python3.12/site-packages/airflow/example_dags/example_display_name.py
[2025-04-06T04:09:16.040+0000] {logging_mixin.py:190} INFO - [2025-04-06T04:09:16.040+0000] {dag.py:3239} INFO - Sync 1 DAGs
[2025-04-06T04:09:16.061+0000] {logging_mixin.py:190} INFO - [2025-04-06T04:09:16.061+0000] {dag.py:4180} INFO - Setting next_dagrun for example_display_name to None, run_after=None
[2025-04-06T04:09:16.087+0000] {processor.py:208} INFO - Processing /home/airflow/.local/lib/python3.12/site-packages/airflow/example_dags/example_display_name.py took 0.087 seconds
[2025-04-06T04:09:47.346+0000] {processor.py:186} INFO - Started process (PID=1953) to work on /home/airflow/.local/lib/python3.12/site-packages/airflow/example_dags/example_display_name.py
[2025-04-06T04:09:47.347+0000] {processor.py:914} INFO - Processing file /home/airflow/.local/lib/python3.12/site-packages/airflow/example_dags/example_display_name.py for tasks to queue
[2025-04-06T04:09:47.349+0000] {logging_mixin.py:190} INFO - [2025-04-06T04:09:47.349+0000] {dagbag.py:588} INFO - Filling up the DagBag from /home/airflow/.local/lib/python3.12/site-packages/airflow/example_dags/example_display_name.py
[2025-04-06T04:09:47.356+0000] {processor.py:925} INFO - DAG(s) 'example_display_name' retrieved from /home/airflow/.local/lib/python3.12/site-packages/airflow/example_dags/example_display_name.py
[2025-04-06T04:09:47.372+0000] {logging_mixin.py:190} INFO - [2025-04-06T04:09:47.372+0000] {dag.py:3239} INFO - Sync 1 DAGs
[2025-04-06T04:09:47.385+0000] {logging_mixin.py:190} INFO - [2025-04-06T04:09:47.384+0000] {dag.py:4180} INFO - Setting next_dagrun for example_display_name to None, run_after=None
[2025-04-06T04:09:47.401+0000] {processor.py:208} INFO - Processing /home/airflow/.local/lib/python3.12/site-packages/airflow/example_dags/example_display_name.py took 0.061 seconds
[2025-04-06T04:10:18.519+0000] {processor.py:186} INFO - Started process (PID=2017) to work on /home/airflow/.local/lib/python3.12/site-packages/airflow/example_dags/example_display_name.py
[2025-04-06T04:10:18.520+0000] {processor.py:914} INFO - Processing file /home/airflow/.local/lib/python3.12/site-packages/airflow/example_dags/example_display_name.py for tasks to queue
[2025-04-06T04:10:18.522+0000] {logging_mixin.py:190} INFO - [2025-04-06T04:10:18.522+0000] {dagbag.py:588} INFO - Filling up the DagBag from /home/airflow/.local/lib/python3.12/site-packages/airflow/example_dags/example_display_name.py
[2025-04-06T04:10:18.528+0000] {processor.py:925} INFO - DAG(s) 'example_display_name' retrieved from /home/airflow/.local/lib/python3.12/site-packages/airflow/example_dags/example_display_name.py
[2025-04-06T04:10:18.546+0000] {logging_mixin.py:190} INFO - [2025-04-06T04:10:18.545+0000] {dag.py:3239} INFO - Sync 1 DAGs
[2025-04-06T04:10:18.561+0000] {logging_mixin.py:190} INFO - [2025-04-06T04:10:18.560+0000] {dag.py:4180} INFO - Setting next_dagrun for example_display_name to None, run_after=None
[2025-04-06T04:10:18.585+0000] {processor.py:208} INFO - Processing /home/airflow/.local/lib/python3.12/site-packages/airflow/example_dags/example_display_name.py took 0.072 seconds
[2025-04-06T04:10:49.732+0000] {processor.py:186} INFO - Started process (PID=2082) to work on /home/airflow/.local/lib/python3.12/site-packages/airflow/example_dags/example_display_name.py
[2025-04-06T04:10:49.733+0000] {processor.py:914} INFO - Processing file /home/airflow/.local/lib/python3.12/site-packages/airflow/example_dags/example_display_name.py for tasks to queue
[2025-04-06T04:10:49.735+0000] {logging_mixin.py:190} INFO - [2025-04-06T04:10:49.734+0000] {dagbag.py:588} INFO - Filling up the DagBag from /home/airflow/.local/lib/python3.12/site-packages/airflow/example_dags/example_display_name.py
[2025-04-06T04:10:49.744+0000] {processor.py:925} INFO - DAG(s) 'example_display_name' retrieved from /home/airflow/.local/lib/python3.12/site-packages/airflow/example_dags/example_display_name.py
[2025-04-06T04:10:49.766+0000] {logging_mixin.py:190} INFO - [2025-04-06T04:10:49.766+0000] {dag.py:3239} INFO - Sync 1 DAGs
[2025-04-06T04:10:49.782+0000] {logging_mixin.py:190} INFO - [2025-04-06T04:10:49.781+0000] {dag.py:4180} INFO - Setting next_dagrun for example_display_name to None, run_after=None
[2025-04-06T04:10:49.807+0000] {processor.py:208} INFO - Processing /home/airflow/.local/lib/python3.12/site-packages/airflow/example_dags/example_display_name.py took 0.080 seconds
[2025-04-06T04:11:21.540+0000] {processor.py:186} INFO - Started process (PID=2148) to work on /home/airflow/.local/lib/python3.12/site-packages/airflow/example_dags/example_display_name.py
[2025-04-06T04:11:21.542+0000] {processor.py:914} INFO - Processing file /home/airflow/.local/lib/python3.12/site-packages/airflow/example_dags/example_display_name.py for tasks to queue
[2025-04-06T04:11:21.544+0000] {logging_mixin.py:190} INFO - [2025-04-06T04:11:21.543+0000] {dagbag.py:588} INFO - Filling up the DagBag from /home/airflow/.local/lib/python3.12/site-packages/airflow/example_dags/example_display_name.py
[2025-04-06T04:11:21.550+0000] {processor.py:925} INFO - DAG(s) 'example_display_name' retrieved from /home/airflow/.local/lib/python3.12/site-packages/airflow/example_dags/example_display_name.py
[2025-04-06T04:11:21.569+0000] {logging_mixin.py:190} INFO - [2025-04-06T04:11:21.569+0000] {dag.py:3239} INFO - Sync 1 DAGs
[2025-04-06T04:11:21.584+0000] {logging_mixin.py:190} INFO - [2025-04-06T04:11:21.583+0000] {dag.py:4180} INFO - Setting next_dagrun for example_display_name to None, run_after=None
[2025-04-06T04:11:21.602+0000] {processor.py:208} INFO - Processing /home/airflow/.local/lib/python3.12/site-packages/airflow/example_dags/example_display_name.py took 0.068 seconds
[2025-04-06T04:11:52.948+0000] {processor.py:186} INFO - Started process (PID=2211) to work on /home/airflow/.local/lib/python3.12/site-packages/airflow/example_dags/example_display_name.py
[2025-04-06T04:11:52.949+0000] {processor.py:914} INFO - Processing file /home/airflow/.local/lib/python3.12/site-packages/airflow/example_dags/example_display_name.py for tasks to queue
[2025-04-06T04:11:52.951+0000] {logging_mixin.py:190} INFO - [2025-04-06T04:11:52.951+0000] {dagbag.py:588} INFO - Filling up the DagBag from /home/airflow/.local/lib/python3.12/site-packages/airflow/example_dags/example_display_name.py
[2025-04-06T04:11:52.958+0000] {processor.py:925} INFO - DAG(s) 'example_display_name' retrieved from /home/airflow/.local/lib/python3.12/site-packages/airflow/example_dags/example_display_name.py
[2025-04-06T04:11:52.977+0000] {logging_mixin.py:190} INFO - [2025-04-06T04:11:52.976+0000] {dag.py:3239} INFO - Sync 1 DAGs
[2025-04-06T04:11:52.990+0000] {logging_mixin.py:190} INFO - [2025-04-06T04:11:52.990+0000] {dag.py:4180} INFO - Setting next_dagrun for example_display_name to None, run_after=None
[2025-04-06T04:11:53.007+0000] {processor.py:208} INFO - Processing /home/airflow/.local/lib/python3.12/site-packages/airflow/example_dags/example_display_name.py took 0.065 seconds
[2025-04-06T04:12:23.921+0000] {processor.py:186} INFO - Started process (PID=2273) to work on /home/airflow/.local/lib/python3.12/site-packages/airflow/example_dags/example_display_name.py
[2025-04-06T04:12:23.923+0000] {processor.py:914} INFO - Processing file /home/airflow/.local/lib/python3.12/site-packages/airflow/example_dags/example_display_name.py for tasks to queue
[2025-04-06T04:12:23.925+0000] {logging_mixin.py:190} INFO - [2025-04-06T04:12:23.924+0000] {dagbag.py:588} INFO - Filling up the DagBag from /home/airflow/.local/lib/python3.12/site-packages/airflow/example_dags/example_display_name.py
[2025-04-06T04:12:23.932+0000] {processor.py:925} INFO - DAG(s) 'example_display_name' retrieved from /home/airflow/.local/lib/python3.12/site-packages/airflow/example_dags/example_display_name.py
[2025-04-06T04:12:23.952+0000] {logging_mixin.py:190} INFO - [2025-04-06T04:12:23.952+0000] {dag.py:3239} INFO - Sync 1 DAGs
[2025-04-06T04:12:23.965+0000] {logging_mixin.py:190} INFO - [2025-04-06T04:12:23.965+0000] {dag.py:4180} INFO - Setting next_dagrun for example_display_name to None, run_after=None
[2025-04-06T04:12:23.984+0000] {processor.py:208} INFO - Processing /home/airflow/.local/lib/python3.12/site-packages/airflow/example_dags/example_display_name.py took 0.068 seconds
[2025-04-06T04:12:55.282+0000] {processor.py:186} INFO - Started process (PID=2336) to work on /home/airflow/.local/lib/python3.12/site-packages/airflow/example_dags/example_display_name.py
[2025-04-06T04:12:55.283+0000] {processor.py:914} INFO - Processing file /home/airflow/.local/lib/python3.12/site-packages/airflow/example_dags/example_display_name.py for tasks to queue
[2025-04-06T04:12:55.285+0000] {logging_mixin.py:190} INFO - [2025-04-06T04:12:55.285+0000] {dagbag.py:588} INFO - Filling up the DagBag from /home/airflow/.local/lib/python3.12/site-packages/airflow/example_dags/example_display_name.py
[2025-04-06T04:12:55.292+0000] {processor.py:925} INFO - DAG(s) 'example_display_name' retrieved from /home/airflow/.local/lib/python3.12/site-packages/airflow/example_dags/example_display_name.py
[2025-04-06T04:12:55.308+0000] {logging_mixin.py:190} INFO - [2025-04-06T04:12:55.308+0000] {dag.py:3239} INFO - Sync 1 DAGs
[2025-04-06T04:12:55.322+0000] {logging_mixin.py:190} INFO - [2025-04-06T04:12:55.322+0000] {dag.py:4180} INFO - Setting next_dagrun for example_display_name to None, run_after=None
[2025-04-06T04:12:55.339+0000] {processor.py:208} INFO - Processing /home/airflow/.local/lib/python3.12/site-packages/airflow/example_dags/example_display_name.py took 0.062 seconds
[2025-04-06T04:13:26.700+0000] {processor.py:186} INFO - Started process (PID=2399) to work on /home/airflow/.local/lib/python3.12/site-packages/airflow/example_dags/example_display_name.py
[2025-04-06T04:13:26.702+0000] {processor.py:914} INFO - Processing file /home/airflow/.local/lib/python3.12/site-packages/airflow/example_dags/example_display_name.py for tasks to queue
[2025-04-06T04:13:26.704+0000] {logging_mixin.py:190} INFO - [2025-04-06T04:13:26.704+0000] {dagbag.py:588} INFO - Filling up the DagBag from /home/airflow/.local/lib/python3.12/site-packages/airflow/example_dags/example_display_name.py
[2025-04-06T04:13:26.711+0000] {processor.py:925} INFO - DAG(s) 'example_display_name' retrieved from /home/airflow/.local/lib/python3.12/site-packages/airflow/example_dags/example_display_name.py
[2025-04-06T04:13:26.728+0000] {logging_mixin.py:190} INFO - [2025-04-06T04:13:26.727+0000] {dag.py:3239} INFO - Sync 1 DAGs
[2025-04-06T04:13:26.742+0000] {logging_mixin.py:190} INFO - [2025-04-06T04:13:26.741+0000] {dag.py:4180} INFO - Setting next_dagrun for example_display_name to None, run_after=None
[2025-04-06T04:13:26.763+0000] {processor.py:208} INFO - Processing /home/airflow/.local/lib/python3.12/site-packages/airflow/example_dags/example_display_name.py took 0.069 seconds
[2025-04-06T04:13:57.479+0000] {processor.py:186} INFO - Started process (PID=2462) to work on /home/airflow/.local/lib/python3.12/site-packages/airflow/example_dags/example_display_name.py
[2025-04-06T04:13:57.480+0000] {processor.py:914} INFO - Processing file /home/airflow/.local/lib/python3.12/site-packages/airflow/example_dags/example_display_name.py for tasks to queue
[2025-04-06T04:13:57.482+0000] {logging_mixin.py:190} INFO - [2025-04-06T04:13:57.482+0000] {dagbag.py:588} INFO - Filling up the DagBag from /home/airflow/.local/lib/python3.12/site-packages/airflow/example_dags/example_display_name.py
[2025-04-06T04:13:57.488+0000] {processor.py:925} INFO - DAG(s) 'example_display_name' retrieved from /home/airflow/.local/lib/python3.12/site-packages/airflow/example_dags/example_display_name.py
[2025-04-06T04:13:57.509+0000] {logging_mixin.py:190} INFO - [2025-04-06T04:13:57.509+0000] {dag.py:3239} INFO - Sync 1 DAGs
[2025-04-06T04:13:57.519+0000] {logging_mixin.py:190} INFO - [2025-04-06T04:13:57.519+0000] {dag.py:4180} INFO - Setting next_dagrun for example_display_name to None, run_after=None
[2025-04-06T04:13:57.538+0000] {processor.py:208} INFO - Processing /home/airflow/.local/lib/python3.12/site-packages/airflow/example_dags/example_display_name.py took 0.064 seconds
[2025-04-06T04:14:28.033+0000] {processor.py:186} INFO - Started process (PID=2525) to work on /home/airflow/.local/lib/python3.12/site-packages/airflow/example_dags/example_display_name.py
[2025-04-06T04:14:28.034+0000] {processor.py:914} INFO - Processing file /home/airflow/.local/lib/python3.12/site-packages/airflow/example_dags/example_display_name.py for tasks to queue
[2025-04-06T04:14:28.036+0000] {logging_mixin.py:190} INFO - [2025-04-06T04:14:28.036+0000] {dagbag.py:588} INFO - Filling up the DagBag from /home/airflow/.local/lib/python3.12/site-packages/airflow/example_dags/example_display_name.py
[2025-04-06T04:14:28.041+0000] {processor.py:925} INFO - DAG(s) 'example_display_name' retrieved from /home/airflow/.local/lib/python3.12/site-packages/airflow/example_dags/example_display_name.py
[2025-04-06T04:14:28.057+0000] {logging_mixin.py:190} INFO - [2025-04-06T04:14:28.057+0000] {dag.py:3239} INFO - Sync 1 DAGs
[2025-04-06T04:14:28.070+0000] {logging_mixin.py:190} INFO - [2025-04-06T04:14:28.070+0000] {dag.py:4180} INFO - Setting next_dagrun for example_display_name to None, run_after=None
[2025-04-06T04:14:28.087+0000] {processor.py:208} INFO - Processing /home/airflow/.local/lib/python3.12/site-packages/airflow/example_dags/example_display_name.py took 0.058 seconds
[2025-04-06T04:14:58.757+0000] {processor.py:186} INFO - Started process (PID=2588) to work on /home/airflow/.local/lib/python3.12/site-packages/airflow/example_dags/example_display_name.py
[2025-04-06T04:14:58.759+0000] {processor.py:914} INFO - Processing file /home/airflow/.local/lib/python3.12/site-packages/airflow/example_dags/example_display_name.py for tasks to queue
[2025-04-06T04:14:58.761+0000] {logging_mixin.py:190} INFO - [2025-04-06T04:14:58.761+0000] {dagbag.py:588} INFO - Filling up the DagBag from /home/airflow/.local/lib/python3.12/site-packages/airflow/example_dags/example_display_name.py
[2025-04-06T04:14:58.770+0000] {processor.py:925} INFO - DAG(s) 'example_display_name' retrieved from /home/airflow/.local/lib/python3.12/site-packages/airflow/example_dags/example_display_name.py
[2025-04-06T04:14:58.786+0000] {logging_mixin.py:190} INFO - [2025-04-06T04:14:58.786+0000] {dag.py:3239} INFO - Sync 1 DAGs
[2025-04-06T04:14:58.801+0000] {logging_mixin.py:190} INFO - [2025-04-06T04:14:58.801+0000] {dag.py:4180} INFO - Setting next_dagrun for example_display_name to None, run_after=None
[2025-04-06T04:14:58.827+0000] {processor.py:208} INFO - Processing /home/airflow/.local/lib/python3.12/site-packages/airflow/example_dags/example_display_name.py took 0.078 seconds
[2025-04-06T04:15:29.944+0000] {processor.py:186} INFO - Started process (PID=2651) to work on /home/airflow/.local/lib/python3.12/site-packages/airflow/example_dags/example_display_name.py
[2025-04-06T04:15:29.945+0000] {processor.py:914} INFO - Processing file /home/airflow/.local/lib/python3.12/site-packages/airflow/example_dags/example_display_name.py for tasks to queue
[2025-04-06T04:15:29.948+0000] {logging_mixin.py:190} INFO - [2025-04-06T04:15:29.947+0000] {dagbag.py:588} INFO - Filling up the DagBag from /home/airflow/.local/lib/python3.12/site-packages/airflow/example_dags/example_display_name.py
[2025-04-06T04:15:29.956+0000] {processor.py:925} INFO - DAG(s) 'example_display_name' retrieved from /home/airflow/.local/lib/python3.12/site-packages/airflow/example_dags/example_display_name.py
[2025-04-06T04:15:29.979+0000] {logging_mixin.py:190} INFO - [2025-04-06T04:15:29.978+0000] {dag.py:3239} INFO - Sync 1 DAGs
[2025-04-06T04:15:29.994+0000] {logging_mixin.py:190} INFO - [2025-04-06T04:15:29.993+0000] {dag.py:4180} INFO - Setting next_dagrun for example_display_name to None, run_after=None
[2025-04-06T04:15:30.022+0000] {processor.py:208} INFO - Processing /home/airflow/.local/lib/python3.12/site-packages/airflow/example_dags/example_display_name.py took 0.084 seconds
[2025-04-06T04:16:01.291+0000] {processor.py:186} INFO - Started process (PID=2714) to work on /home/airflow/.local/lib/python3.12/site-packages/airflow/example_dags/example_display_name.py
[2025-04-06T04:16:01.292+0000] {processor.py:914} INFO - Processing file /home/airflow/.local/lib/python3.12/site-packages/airflow/example_dags/example_display_name.py for tasks to queue
[2025-04-06T04:16:01.293+0000] {logging_mixin.py:190} INFO - [2025-04-06T04:16:01.293+0000] {dagbag.py:588} INFO - Filling up the DagBag from /home/airflow/.local/lib/python3.12/site-packages/airflow/example_dags/example_display_name.py
[2025-04-06T04:16:01.299+0000] {processor.py:925} INFO - DAG(s) 'example_display_name' retrieved from /home/airflow/.local/lib/python3.12/site-packages/airflow/example_dags/example_display_name.py
[2025-04-06T04:16:01.315+0000] {logging_mixin.py:190} INFO - [2025-04-06T04:16:01.315+0000] {dag.py:3239} INFO - Sync 1 DAGs
[2025-04-06T04:16:01.329+0000] {logging_mixin.py:190} INFO - [2025-04-06T04:16:01.329+0000] {dag.py:4180} INFO - Setting next_dagrun for example_display_name to None, run_after=None
[2025-04-06T04:16:01.349+0000] {processor.py:208} INFO - Processing /home/airflow/.local/lib/python3.12/site-packages/airflow/example_dags/example_display_name.py took 0.064 seconds
[2025-04-06T04:16:32.233+0000] {processor.py:186} INFO - Started process (PID=2777) to work on /home/airflow/.local/lib/python3.12/site-packages/airflow/example_dags/example_display_name.py
[2025-04-06T04:16:32.234+0000] {processor.py:914} INFO - Processing file /home/airflow/.local/lib/python3.12/site-packages/airflow/example_dags/example_display_name.py for tasks to queue
[2025-04-06T04:16:32.236+0000] {logging_mixin.py:190} INFO - [2025-04-06T04:16:32.236+0000] {dagbag.py:588} INFO - Filling up the DagBag from /home/airflow/.local/lib/python3.12/site-packages/airflow/example_dags/example_display_name.py
[2025-04-06T04:16:32.246+0000] {processor.py:925} INFO - DAG(s) 'example_display_name' retrieved from /home/airflow/.local/lib/python3.12/site-packages/airflow/example_dags/example_display_name.py
[2025-04-06T04:16:32.263+0000] {logging_mixin.py:190} INFO - [2025-04-06T04:16:32.263+0000] {dag.py:3239} INFO - Sync 1 DAGs
[2025-04-06T04:16:32.276+0000] {logging_mixin.py:190} INFO - [2025-04-06T04:16:32.276+0000] {dag.py:4180} INFO - Setting next_dagrun for example_display_name to None, run_after=None
[2025-04-06T04:16:32.296+0000] {processor.py:208} INFO - Processing /home/airflow/.local/lib/python3.12/site-packages/airflow/example_dags/example_display_name.py took 0.069 seconds
[2025-04-06T04:17:02.864+0000] {processor.py:186} INFO - Started process (PID=2840) to work on /home/airflow/.local/lib/python3.12/site-packages/airflow/example_dags/example_display_name.py
[2025-04-06T04:17:02.866+0000] {processor.py:914} INFO - Processing file /home/airflow/.local/lib/python3.12/site-packages/airflow/example_dags/example_display_name.py for tasks to queue
[2025-04-06T04:17:02.867+0000] {logging_mixin.py:190} INFO - [2025-04-06T04:17:02.867+0000] {dagbag.py:588} INFO - Filling up the DagBag from /home/airflow/.local/lib/python3.12/site-packages/airflow/example_dags/example_display_name.py
[2025-04-06T04:17:02.873+0000] {processor.py:925} INFO - DAG(s) 'example_display_name' retrieved from /home/airflow/.local/lib/python3.12/site-packages/airflow/example_dags/example_display_name.py
[2025-04-06T04:17:02.888+0000] {logging_mixin.py:190} INFO - [2025-04-06T04:17:02.887+0000] {dag.py:3239} INFO - Sync 1 DAGs
[2025-04-06T04:17:02.899+0000] {logging_mixin.py:190} INFO - [2025-04-06T04:17:02.899+0000] {dag.py:4180} INFO - Setting next_dagrun for example_display_name to None, run_after=None
[2025-04-06T04:17:02.916+0000] {processor.py:208} INFO - Processing /home/airflow/.local/lib/python3.12/site-packages/airflow/example_dags/example_display_name.py took 0.057 seconds
[2025-04-06T04:17:34.056+0000] {processor.py:186} INFO - Started process (PID=2903) to work on /home/airflow/.local/lib/python3.12/site-packages/airflow/example_dags/example_display_name.py
[2025-04-06T04:17:34.057+0000] {processor.py:914} INFO - Processing file /home/airflow/.local/lib/python3.12/site-packages/airflow/example_dags/example_display_name.py for tasks to queue
[2025-04-06T04:17:34.060+0000] {logging_mixin.py:190} INFO - [2025-04-06T04:17:34.060+0000] {dagbag.py:588} INFO - Filling up the DagBag from /home/airflow/.local/lib/python3.12/site-packages/airflow/example_dags/example_display_name.py
[2025-04-06T04:17:34.070+0000] {processor.py:925} INFO - DAG(s) 'example_display_name' retrieved from /home/airflow/.local/lib/python3.12/site-packages/airflow/example_dags/example_display_name.py
[2025-04-06T04:17:34.090+0000] {logging_mixin.py:190} INFO - [2025-04-06T04:17:34.090+0000] {dag.py:3239} INFO - Sync 1 DAGs
[2025-04-06T04:17:34.102+0000] {logging_mixin.py:190} INFO - [2025-04-06T04:17:34.102+0000] {dag.py:4180} INFO - Setting next_dagrun for example_display_name to None, run_after=None
[2025-04-06T04:17:34.124+0000] {processor.py:208} INFO - Processing /home/airflow/.local/lib/python3.12/site-packages/airflow/example_dags/example_display_name.py took 0.073 seconds
[2025-04-06T04:18:04.595+0000] {processor.py:186} INFO - Started process (PID=2966) to work on /home/airflow/.local/lib/python3.12/site-packages/airflow/example_dags/example_display_name.py
[2025-04-06T04:18:04.596+0000] {processor.py:914} INFO - Processing file /home/airflow/.local/lib/python3.12/site-packages/airflow/example_dags/example_display_name.py for tasks to queue
[2025-04-06T04:18:04.598+0000] {logging_mixin.py:190} INFO - [2025-04-06T04:18:04.598+0000] {dagbag.py:588} INFO - Filling up the DagBag from /home/airflow/.local/lib/python3.12/site-packages/airflow/example_dags/example_display_name.py
[2025-04-06T04:18:04.605+0000] {processor.py:925} INFO - DAG(s) 'example_display_name' retrieved from /home/airflow/.local/lib/python3.12/site-packages/airflow/example_dags/example_display_name.py
[2025-04-06T04:18:04.624+0000] {logging_mixin.py:190} INFO - [2025-04-06T04:18:04.624+0000] {dag.py:3239} INFO - Sync 1 DAGs
[2025-04-06T04:18:04.637+0000] {logging_mixin.py:190} INFO - [2025-04-06T04:18:04.637+0000] {dag.py:4180} INFO - Setting next_dagrun for example_display_name to None, run_after=None
[2025-04-06T04:18:04.657+0000] {processor.py:208} INFO - Processing /home/airflow/.local/lib/python3.12/site-packages/airflow/example_dags/example_display_name.py took 0.067 seconds
[2025-04-06T04:18:35.862+0000] {processor.py:186} INFO - Started process (PID=3029) to work on /home/airflow/.local/lib/python3.12/site-packages/airflow/example_dags/example_display_name.py
[2025-04-06T04:18:35.863+0000] {processor.py:914} INFO - Processing file /home/airflow/.local/lib/python3.12/site-packages/airflow/example_dags/example_display_name.py for tasks to queue
[2025-04-06T04:18:35.865+0000] {logging_mixin.py:190} INFO - [2025-04-06T04:18:35.865+0000] {dagbag.py:588} INFO - Filling up the DagBag from /home/airflow/.local/lib/python3.12/site-packages/airflow/example_dags/example_display_name.py
[2025-04-06T04:18:35.873+0000] {processor.py:925} INFO - DAG(s) 'example_display_name' retrieved from /home/airflow/.local/lib/python3.12/site-packages/airflow/example_dags/example_display_name.py
[2025-04-06T04:18:35.888+0000] {logging_mixin.py:190} INFO - [2025-04-06T04:18:35.888+0000] {dag.py:3239} INFO - Sync 1 DAGs
[2025-04-06T04:18:35.902+0000] {logging_mixin.py:190} INFO - [2025-04-06T04:18:35.901+0000] {dag.py:4180} INFO - Setting next_dagrun for example_display_name to None, run_after=None
[2025-04-06T04:18:35.919+0000] {processor.py:208} INFO - Processing /home/airflow/.local/lib/python3.12/site-packages/airflow/example_dags/example_display_name.py took 0.062 seconds
[2025-04-06T04:19:06.527+0000] {processor.py:186} INFO - Started process (PID=3092) to work on /home/airflow/.local/lib/python3.12/site-packages/airflow/example_dags/example_display_name.py
[2025-04-06T04:19:06.529+0000] {processor.py:914} INFO - Processing file /home/airflow/.local/lib/python3.12/site-packages/airflow/example_dags/example_display_name.py for tasks to queue
[2025-04-06T04:19:06.532+0000] {logging_mixin.py:190} INFO - [2025-04-06T04:19:06.531+0000] {dagbag.py:588} INFO - Filling up the DagBag from /home/airflow/.local/lib/python3.12/site-packages/airflow/example_dags/example_display_name.py
[2025-04-06T04:19:06.540+0000] {processor.py:925} INFO - DAG(s) 'example_display_name' retrieved from /home/airflow/.local/lib/python3.12/site-packages/airflow/example_dags/example_display_name.py
[2025-04-06T04:19:06.559+0000] {logging_mixin.py:190} INFO - [2025-04-06T04:19:06.558+0000] {dag.py:3239} INFO - Sync 1 DAGs
[2025-04-06T04:19:06.570+0000] {logging_mixin.py:190} INFO - [2025-04-06T04:19:06.569+0000] {dag.py:4180} INFO - Setting next_dagrun for example_display_name to None, run_after=None
[2025-04-06T04:19:06.586+0000] {processor.py:208} INFO - Processing /home/airflow/.local/lib/python3.12/site-packages/airflow/example_dags/example_display_name.py took 0.065 seconds
[2025-04-06T04:19:37.787+0000] {processor.py:186} INFO - Started process (PID=3155) to work on /home/airflow/.local/lib/python3.12/site-packages/airflow/example_dags/example_display_name.py
[2025-04-06T04:19:37.788+0000] {processor.py:914} INFO - Processing file /home/airflow/.local/lib/python3.12/site-packages/airflow/example_dags/example_display_name.py for tasks to queue
[2025-04-06T04:19:37.790+0000] {logging_mixin.py:190} INFO - [2025-04-06T04:19:37.790+0000] {dagbag.py:588} INFO - Filling up the DagBag from /home/airflow/.local/lib/python3.12/site-packages/airflow/example_dags/example_display_name.py
[2025-04-06T04:19:37.795+0000] {processor.py:925} INFO - DAG(s) 'example_display_name' retrieved from /home/airflow/.local/lib/python3.12/site-packages/airflow/example_dags/example_display_name.py
[2025-04-06T04:19:37.811+0000] {logging_mixin.py:190} INFO - [2025-04-06T04:19:37.811+0000] {dag.py:3239} INFO - Sync 1 DAGs
[2025-04-06T04:19:37.824+0000] {logging_mixin.py:190} INFO - [2025-04-06T04:19:37.824+0000] {dag.py:4180} INFO - Setting next_dagrun for example_display_name to None, run_after=None
[2025-04-06T04:19:37.841+0000] {processor.py:208} INFO - Processing /home/airflow/.local/lib/python3.12/site-packages/airflow/example_dags/example_display_name.py took 0.060 seconds
[2025-04-06T04:20:08.386+0000] {processor.py:186} INFO - Started process (PID=3218) to work on /home/airflow/.local/lib/python3.12/site-packages/airflow/example_dags/example_display_name.py
[2025-04-06T04:20:08.387+0000] {processor.py:914} INFO - Processing file /home/airflow/.local/lib/python3.12/site-packages/airflow/example_dags/example_display_name.py for tasks to queue
[2025-04-06T04:20:08.389+0000] {logging_mixin.py:190} INFO - [2025-04-06T04:20:08.388+0000] {dagbag.py:588} INFO - Filling up the DagBag from /home/airflow/.local/lib/python3.12/site-packages/airflow/example_dags/example_display_name.py
[2025-04-06T04:20:08.394+0000] {processor.py:925} INFO - DAG(s) 'example_display_name' retrieved from /home/airflow/.local/lib/python3.12/site-packages/airflow/example_dags/example_display_name.py
[2025-04-06T04:20:08.415+0000] {logging_mixin.py:190} INFO - [2025-04-06T04:20:08.415+0000] {dag.py:3239} INFO - Sync 1 DAGs
[2025-04-06T04:20:08.428+0000] {logging_mixin.py:190} INFO - [2025-04-06T04:20:08.428+0000] {dag.py:4180} INFO - Setting next_dagrun for example_display_name to None, run_after=None
[2025-04-06T04:20:08.448+0000] {processor.py:208} INFO - Processing /home/airflow/.local/lib/python3.12/site-packages/airflow/example_dags/example_display_name.py took 0.066 seconds
[2025-04-06T04:20:39.418+0000] {processor.py:186} INFO - Started process (PID=3281) to work on /home/airflow/.local/lib/python3.12/site-packages/airflow/example_dags/example_display_name.py
[2025-04-06T04:20:39.419+0000] {processor.py:914} INFO - Processing file /home/airflow/.local/lib/python3.12/site-packages/airflow/example_dags/example_display_name.py for tasks to queue
[2025-04-06T04:20:39.421+0000] {logging_mixin.py:190} INFO - [2025-04-06T04:20:39.421+0000] {dagbag.py:588} INFO - Filling up the DagBag from /home/airflow/.local/lib/python3.12/site-packages/airflow/example_dags/example_display_name.py
[2025-04-06T04:20:39.429+0000] {processor.py:925} INFO - DAG(s) 'example_display_name' retrieved from /home/airflow/.local/lib/python3.12/site-packages/airflow/example_dags/example_display_name.py
[2025-04-06T04:20:39.447+0000] {logging_mixin.py:190} INFO - [2025-04-06T04:20:39.446+0000] {dag.py:3239} INFO - Sync 1 DAGs
[2025-04-06T04:20:39.461+0000] {logging_mixin.py:190} INFO - [2025-04-06T04:20:39.461+0000] {dag.py:4180} INFO - Setting next_dagrun for example_display_name to None, run_after=None
[2025-04-06T04:20:39.481+0000] {processor.py:208} INFO - Processing /home/airflow/.local/lib/python3.12/site-packages/airflow/example_dags/example_display_name.py took 0.068 seconds
[2025-04-06T04:21:10.320+0000] {processor.py:186} INFO - Started process (PID=3344) to work on /home/airflow/.local/lib/python3.12/site-packages/airflow/example_dags/example_display_name.py
[2025-04-06T04:21:10.322+0000] {processor.py:914} INFO - Processing file /home/airflow/.local/lib/python3.12/site-packages/airflow/example_dags/example_display_name.py for tasks to queue
[2025-04-06T04:21:10.323+0000] {logging_mixin.py:190} INFO - [2025-04-06T04:21:10.323+0000] {dagbag.py:588} INFO - Filling up the DagBag from /home/airflow/.local/lib/python3.12/site-packages/airflow/example_dags/example_display_name.py
[2025-04-06T04:21:10.329+0000] {processor.py:925} INFO - DAG(s) 'example_display_name' retrieved from /home/airflow/.local/lib/python3.12/site-packages/airflow/example_dags/example_display_name.py
[2025-04-06T04:21:10.345+0000] {logging_mixin.py:190} INFO - [2025-04-06T04:21:10.345+0000] {dag.py:3239} INFO - Sync 1 DAGs
[2025-04-06T04:21:10.358+0000] {logging_mixin.py:190} INFO - [2025-04-06T04:21:10.357+0000] {dag.py:4180} INFO - Setting next_dagrun for example_display_name to None, run_after=None
[2025-04-06T04:21:10.377+0000] {processor.py:208} INFO - Processing /home/airflow/.local/lib/python3.12/site-packages/airflow/example_dags/example_display_name.py took 0.062 seconds
[2025-04-06T04:21:41.610+0000] {processor.py:186} INFO - Started process (PID=3407) to work on /home/airflow/.local/lib/python3.12/site-packages/airflow/example_dags/example_display_name.py
[2025-04-06T04:21:41.611+0000] {processor.py:914} INFO - Processing file /home/airflow/.local/lib/python3.12/site-packages/airflow/example_dags/example_display_name.py for tasks to queue
[2025-04-06T04:21:41.613+0000] {logging_mixin.py:190} INFO - [2025-04-06T04:21:41.613+0000] {dagbag.py:588} INFO - Filling up the DagBag from /home/airflow/.local/lib/python3.12/site-packages/airflow/example_dags/example_display_name.py
[2025-04-06T04:21:41.618+0000] {processor.py:925} INFO - DAG(s) 'example_display_name' retrieved from /home/airflow/.local/lib/python3.12/site-packages/airflow/example_dags/example_display_name.py
[2025-04-06T04:21:41.641+0000] {logging_mixin.py:190} INFO - [2025-04-06T04:21:41.640+0000] {dag.py:3239} INFO - Sync 1 DAGs
[2025-04-06T04:21:41.651+0000] {logging_mixin.py:190} INFO - [2025-04-06T04:21:41.651+0000] {dag.py:4180} INFO - Setting next_dagrun for example_display_name to None, run_after=None
[2025-04-06T04:21:41.672+0000] {processor.py:208} INFO - Processing /home/airflow/.local/lib/python3.12/site-packages/airflow/example_dags/example_display_name.py took 0.067 seconds
[2025-04-06T04:22:12.450+0000] {processor.py:186} INFO - Started process (PID=3470) to work on /home/airflow/.local/lib/python3.12/site-packages/airflow/example_dags/example_display_name.py
[2025-04-06T04:22:12.452+0000] {processor.py:914} INFO - Processing file /home/airflow/.local/lib/python3.12/site-packages/airflow/example_dags/example_display_name.py for tasks to queue
[2025-04-06T04:22:12.455+0000] {logging_mixin.py:190} INFO - [2025-04-06T04:22:12.455+0000] {dagbag.py:588} INFO - Filling up the DagBag from /home/airflow/.local/lib/python3.12/site-packages/airflow/example_dags/example_display_name.py
[2025-04-06T04:22:12.464+0000] {processor.py:925} INFO - DAG(s) 'example_display_name' retrieved from /home/airflow/.local/lib/python3.12/site-packages/airflow/example_dags/example_display_name.py
[2025-04-06T04:22:12.488+0000] {logging_mixin.py:190} INFO - [2025-04-06T04:22:12.488+0000] {dag.py:3239} INFO - Sync 1 DAGs
[2025-04-06T04:22:12.504+0000] {logging_mixin.py:190} INFO - [2025-04-06T04:22:12.504+0000] {dag.py:4180} INFO - Setting next_dagrun for example_display_name to None, run_after=None
[2025-04-06T04:22:12.525+0000] {processor.py:208} INFO - Processing /home/airflow/.local/lib/python3.12/site-packages/airflow/example_dags/example_display_name.py took 0.084 seconds
[2025-04-06T04:22:43.170+0000] {processor.py:186} INFO - Started process (PID=3533) to work on /home/airflow/.local/lib/python3.12/site-packages/airflow/example_dags/example_display_name.py
[2025-04-06T04:22:43.171+0000] {processor.py:914} INFO - Processing file /home/airflow/.local/lib/python3.12/site-packages/airflow/example_dags/example_display_name.py for tasks to queue
[2025-04-06T04:22:43.175+0000] {logging_mixin.py:190} INFO - [2025-04-06T04:22:43.174+0000] {dagbag.py:588} INFO - Filling up the DagBag from /home/airflow/.local/lib/python3.12/site-packages/airflow/example_dags/example_display_name.py
[2025-04-06T04:22:43.186+0000] {processor.py:925} INFO - DAG(s) 'example_display_name' retrieved from /home/airflow/.local/lib/python3.12/site-packages/airflow/example_dags/example_display_name.py
[2025-04-06T04:22:43.218+0000] {logging_mixin.py:190} INFO - [2025-04-06T04:22:43.218+0000] {dag.py:3239} INFO - Sync 1 DAGs
[2025-04-06T04:22:43.239+0000] {logging_mixin.py:190} INFO - [2025-04-06T04:22:43.239+0000] {dag.py:4180} INFO - Setting next_dagrun for example_display_name to None, run_after=None
[2025-04-06T04:22:43.267+0000] {processor.py:208} INFO - Processing /home/airflow/.local/lib/python3.12/site-packages/airflow/example_dags/example_display_name.py took 0.104 seconds
[2025-04-06T04:23:14.073+0000] {processor.py:186} INFO - Started process (PID=3596) to work on /home/airflow/.local/lib/python3.12/site-packages/airflow/example_dags/example_display_name.py
[2025-04-06T04:23:14.075+0000] {processor.py:914} INFO - Processing file /home/airflow/.local/lib/python3.12/site-packages/airflow/example_dags/example_display_name.py for tasks to queue
[2025-04-06T04:23:14.076+0000] {logging_mixin.py:190} INFO - [2025-04-06T04:23:14.076+0000] {dagbag.py:588} INFO - Filling up the DagBag from /home/airflow/.local/lib/python3.12/site-packages/airflow/example_dags/example_display_name.py
[2025-04-06T04:23:14.081+0000] {processor.py:925} INFO - DAG(s) 'example_display_name' retrieved from /home/airflow/.local/lib/python3.12/site-packages/airflow/example_dags/example_display_name.py
[2025-04-06T04:23:14.096+0000] {logging_mixin.py:190} INFO - [2025-04-06T04:23:14.096+0000] {dag.py:3239} INFO - Sync 1 DAGs
[2025-04-06T04:23:14.106+0000] {logging_mixin.py:190} INFO - [2025-04-06T04:23:14.106+0000] {dag.py:4180} INFO - Setting next_dagrun for example_display_name to None, run_after=None
[2025-04-06T04:23:14.125+0000] {processor.py:208} INFO - Processing /home/airflow/.local/lib/python3.12/site-packages/airflow/example_dags/example_display_name.py took 0.056 seconds
[2025-04-06T04:23:44.912+0000] {processor.py:186} INFO - Started process (PID=3659) to work on /home/airflow/.local/lib/python3.12/site-packages/airflow/example_dags/example_display_name.py
[2025-04-06T04:23:44.913+0000] {processor.py:914} INFO - Processing file /home/airflow/.local/lib/python3.12/site-packages/airflow/example_dags/example_display_name.py for tasks to queue
[2025-04-06T04:23:44.916+0000] {logging_mixin.py:190} INFO - [2025-04-06T04:23:44.915+0000] {dagbag.py:588} INFO - Filling up the DagBag from /home/airflow/.local/lib/python3.12/site-packages/airflow/example_dags/example_display_name.py
[2025-04-06T04:23:44.924+0000] {processor.py:925} INFO - DAG(s) 'example_display_name' retrieved from /home/airflow/.local/lib/python3.12/site-packages/airflow/example_dags/example_display_name.py
[2025-04-06T04:23:44.942+0000] {logging_mixin.py:190} INFO - [2025-04-06T04:23:44.942+0000] {dag.py:3239} INFO - Sync 1 DAGs
[2025-04-06T04:23:44.954+0000] {logging_mixin.py:190} INFO - [2025-04-06T04:23:44.954+0000] {dag.py:4180} INFO - Setting next_dagrun for example_display_name to None, run_after=None
[2025-04-06T04:23:44.971+0000] {processor.py:208} INFO - Processing /home/airflow/.local/lib/python3.12/site-packages/airflow/example_dags/example_display_name.py took 0.065 seconds
[2025-04-06T04:24:16.618+0000] {processor.py:186} INFO - Started process (PID=3728) to work on /home/airflow/.local/lib/python3.12/site-packages/airflow/example_dags/example_display_name.py
[2025-04-06T04:24:16.620+0000] {processor.py:914} INFO - Processing file /home/airflow/.local/lib/python3.12/site-packages/airflow/example_dags/example_display_name.py for tasks to queue
[2025-04-06T04:24:16.621+0000] {logging_mixin.py:190} INFO - [2025-04-06T04:24:16.621+0000] {dagbag.py:588} INFO - Filling up the DagBag from /home/airflow/.local/lib/python3.12/site-packages/airflow/example_dags/example_display_name.py
[2025-04-06T04:24:16.627+0000] {processor.py:925} INFO - DAG(s) 'example_display_name' retrieved from /home/airflow/.local/lib/python3.12/site-packages/airflow/example_dags/example_display_name.py
[2025-04-06T04:24:16.645+0000] {logging_mixin.py:190} INFO - [2025-04-06T04:24:16.645+0000] {dag.py:3239} INFO - Sync 1 DAGs
[2025-04-06T04:24:16.791+0000] {logging_mixin.py:190} INFO - [2025-04-06T04:24:16.791+0000] {dag.py:4180} INFO - Setting next_dagrun for example_display_name to None, run_after=None
[2025-04-06T04:24:16.822+0000] {processor.py:208} INFO - Processing /home/airflow/.local/lib/python3.12/site-packages/airflow/example_dags/example_display_name.py took 0.208 seconds
[2025-04-06T04:24:47.422+0000] {processor.py:186} INFO - Started process (PID=3795) to work on /home/airflow/.local/lib/python3.12/site-packages/airflow/example_dags/example_display_name.py
[2025-04-06T04:24:47.424+0000] {processor.py:914} INFO - Processing file /home/airflow/.local/lib/python3.12/site-packages/airflow/example_dags/example_display_name.py for tasks to queue
[2025-04-06T04:24:47.425+0000] {logging_mixin.py:190} INFO - [2025-04-06T04:24:47.425+0000] {dagbag.py:588} INFO - Filling up the DagBag from /home/airflow/.local/lib/python3.12/site-packages/airflow/example_dags/example_display_name.py
[2025-04-06T04:24:47.431+0000] {processor.py:925} INFO - DAG(s) 'example_display_name' retrieved from /home/airflow/.local/lib/python3.12/site-packages/airflow/example_dags/example_display_name.py
[2025-04-06T04:24:47.451+0000] {logging_mixin.py:190} INFO - [2025-04-06T04:24:47.451+0000] {dag.py:3239} INFO - Sync 1 DAGs
[2025-04-06T04:24:47.466+0000] {logging_mixin.py:190} INFO - [2025-04-06T04:24:47.465+0000] {dag.py:4180} INFO - Setting next_dagrun for example_display_name to None, run_after=None
[2025-04-06T04:24:47.485+0000] {processor.py:208} INFO - Processing /home/airflow/.local/lib/python3.12/site-packages/airflow/example_dags/example_display_name.py took 0.067 seconds
[2025-04-06T04:25:18.083+0000] {processor.py:186} INFO - Started process (PID=3852) to work on /home/airflow/.local/lib/python3.12/site-packages/airflow/example_dags/example_display_name.py
[2025-04-06T04:25:18.084+0000] {processor.py:914} INFO - Processing file /home/airflow/.local/lib/python3.12/site-packages/airflow/example_dags/example_display_name.py for tasks to queue
[2025-04-06T04:25:18.087+0000] {logging_mixin.py:190} INFO - [2025-04-06T04:25:18.086+0000] {dagbag.py:588} INFO - Filling up the DagBag from /home/airflow/.local/lib/python3.12/site-packages/airflow/example_dags/example_display_name.py
[2025-04-06T04:25:18.095+0000] {processor.py:925} INFO - DAG(s) 'example_display_name' retrieved from /home/airflow/.local/lib/python3.12/site-packages/airflow/example_dags/example_display_name.py
[2025-04-06T04:25:18.114+0000] {logging_mixin.py:190} INFO - [2025-04-06T04:25:18.114+0000] {dag.py:3239} INFO - Sync 1 DAGs
[2025-04-06T04:25:18.129+0000] {logging_mixin.py:190} INFO - [2025-04-06T04:25:18.129+0000] {dag.py:4180} INFO - Setting next_dagrun for example_display_name to None, run_after=None
[2025-04-06T04:25:18.147+0000] {processor.py:208} INFO - Processing /home/airflow/.local/lib/python3.12/site-packages/airflow/example_dags/example_display_name.py took 0.071 seconds
[2025-04-06T04:25:48.538+0000] {processor.py:186} INFO - Started process (PID=3915) to work on /home/airflow/.local/lib/python3.12/site-packages/airflow/example_dags/example_display_name.py
[2025-04-06T04:25:48.540+0000] {processor.py:914} INFO - Processing file /home/airflow/.local/lib/python3.12/site-packages/airflow/example_dags/example_display_name.py for tasks to queue
[2025-04-06T04:25:48.545+0000] {logging_mixin.py:190} INFO - [2025-04-06T04:25:48.545+0000] {dagbag.py:588} INFO - Filling up the DagBag from /home/airflow/.local/lib/python3.12/site-packages/airflow/example_dags/example_display_name.py
[2025-04-06T04:25:48.554+0000] {processor.py:925} INFO - DAG(s) 'example_display_name' retrieved from /home/airflow/.local/lib/python3.12/site-packages/airflow/example_dags/example_display_name.py
[2025-04-06T04:25:48.571+0000] {logging_mixin.py:190} INFO - [2025-04-06T04:25:48.571+0000] {dag.py:3239} INFO - Sync 1 DAGs
[2025-04-06T04:25:48.583+0000] {logging_mixin.py:190} INFO - [2025-04-06T04:25:48.583+0000] {dag.py:4180} INFO - Setting next_dagrun for example_display_name to None, run_after=None
[2025-04-06T04:25:48.601+0000] {processor.py:208} INFO - Processing /home/airflow/.local/lib/python3.12/site-packages/airflow/example_dags/example_display_name.py took 0.070 seconds
