[2025-04-06T04:09:11.576+0000] {processor.py:186} INFO - Started process (PID=1875) to work on /home/airflow/.local/lib/python3.12/site-packages/airflow/example_dags/example_sensors.py
[2025-04-06T04:09:11.588+0000] {processor.py:914} INFO - Processing file /home/airflow/.local/lib/python3.12/site-packages/airflow/example_dags/example_sensors.py for tasks to queue
[2025-04-06T04:09:11.590+0000] {logging_mixin.py:190} INFO - [2025-04-06T04:09:11.590+0000] {dagbag.py:588} INFO - Filling up the DagBag from /home/airflow/.local/lib/python3.12/site-packages/airflow/example_dags/example_sensors.py
[2025-04-06T04:09:11.625+0000] {processor.py:925} INFO - DAG(s) 'example_sensors' retrieved from /home/airflow/.local/lib/python3.12/site-packages/airflow/example_dags/example_sensors.py
[2025-04-06T04:09:11.695+0000] {logging_mixin.py:190} INFO - [2025-04-06T04:09:11.695+0000] {dag.py:3239} INFO - Sync 1 DAGs
[2025-04-06T04:09:11.755+0000] {logging_mixin.py:190} INFO - [2025-04-06T04:09:11.755+0000] {dag.py:4180} INFO - Setting next_dagrun for example_sensors to None, run_after=None
[2025-04-06T04:09:11.824+0000] {processor.py:208} INFO - Processing /home/airflow/.local/lib/python3.12/site-packages/airflow/example_dags/example_sensors.py took 0.260 seconds
[2025-04-06T04:09:42.472+0000] {processor.py:186} INFO - Started process (PID=1937) to work on /home/airflow/.local/lib/python3.12/site-packages/airflow/example_dags/example_sensors.py
[2025-04-06T04:09:42.473+0000] {processor.py:914} INFO - Processing file /home/airflow/.local/lib/python3.12/site-packages/airflow/example_dags/example_sensors.py for tasks to queue
[2025-04-06T04:09:42.476+0000] {logging_mixin.py:190} INFO - [2025-04-06T04:09:42.475+0000] {dagbag.py:588} INFO - Filling up the DagBag from /home/airflow/.local/lib/python3.12/site-packages/airflow/example_dags/example_sensors.py
[2025-04-06T04:09:42.492+0000] {processor.py:925} INFO - DAG(s) 'example_sensors' retrieved from /home/airflow/.local/lib/python3.12/site-packages/airflow/example_dags/example_sensors.py
[2025-04-06T04:09:42.526+0000] {logging_mixin.py:190} INFO - [2025-04-06T04:09:42.526+0000] {dag.py:3239} INFO - Sync 1 DAGs
[2025-04-06T04:09:42.544+0000] {logging_mixin.py:190} INFO - [2025-04-06T04:09:42.544+0000] {dag.py:4180} INFO - Setting next_dagrun for example_sensors to None, run_after=None
[2025-04-06T04:09:42.573+0000] {processor.py:208} INFO - Processing /home/airflow/.local/lib/python3.12/site-packages/airflow/example_dags/example_sensors.py took 0.108 seconds
[2025-04-06T04:10:12.932+0000] {processor.py:186} INFO - Started process (PID=2000) to work on /home/airflow/.local/lib/python3.12/site-packages/airflow/example_dags/example_sensors.py
[2025-04-06T04:10:12.934+0000] {processor.py:914} INFO - Processing file /home/airflow/.local/lib/python3.12/site-packages/airflow/example_dags/example_sensors.py for tasks to queue
[2025-04-06T04:10:12.937+0000] {logging_mixin.py:190} INFO - [2025-04-06T04:10:12.936+0000] {dagbag.py:588} INFO - Filling up the DagBag from /home/airflow/.local/lib/python3.12/site-packages/airflow/example_dags/example_sensors.py
[2025-04-06T04:10:12.949+0000] {processor.py:925} INFO - DAG(s) 'example_sensors' retrieved from /home/airflow/.local/lib/python3.12/site-packages/airflow/example_dags/example_sensors.py
[2025-04-06T04:10:12.980+0000] {logging_mixin.py:190} INFO - [2025-04-06T04:10:12.980+0000] {dag.py:3239} INFO - Sync 1 DAGs
[2025-04-06T04:10:13.000+0000] {logging_mixin.py:190} INFO - [2025-04-06T04:10:13.000+0000] {dag.py:4180} INFO - Setting next_dagrun for example_sensors to None, run_after=None
[2025-04-06T04:10:13.027+0000] {processor.py:208} INFO - Processing /home/airflow/.local/lib/python3.12/site-packages/airflow/example_dags/example_sensors.py took 0.102 seconds
[2025-04-06T04:10:43.159+0000] {processor.py:186} INFO - Started process (PID=2063) to work on /home/airflow/.local/lib/python3.12/site-packages/airflow/example_dags/example_sensors.py
[2025-04-06T04:10:43.162+0000] {processor.py:914} INFO - Processing file /home/airflow/.local/lib/python3.12/site-packages/airflow/example_dags/example_sensors.py for tasks to queue
[2025-04-06T04:10:43.164+0000] {logging_mixin.py:190} INFO - [2025-04-06T04:10:43.164+0000] {dagbag.py:588} INFO - Filling up the DagBag from /home/airflow/.local/lib/python3.12/site-packages/airflow/example_dags/example_sensors.py
[2025-04-06T04:10:43.176+0000] {processor.py:925} INFO - DAG(s) 'example_sensors' retrieved from /home/airflow/.local/lib/python3.12/site-packages/airflow/example_dags/example_sensors.py
[2025-04-06T04:10:43.198+0000] {logging_mixin.py:190} INFO - [2025-04-06T04:10:43.198+0000] {dag.py:3239} INFO - Sync 1 DAGs
[2025-04-06T04:10:43.209+0000] {logging_mixin.py:190} INFO - [2025-04-06T04:10:43.209+0000] {dag.py:4180} INFO - Setting next_dagrun for example_sensors to None, run_after=None
[2025-04-06T04:10:43.231+0000] {processor.py:208} INFO - Processing /home/airflow/.local/lib/python3.12/site-packages/airflow/example_dags/example_sensors.py took 0.079 seconds
[2025-04-06T04:11:13.600+0000] {processor.py:186} INFO - Started process (PID=2126) to work on /home/airflow/.local/lib/python3.12/site-packages/airflow/example_dags/example_sensors.py
[2025-04-06T04:11:13.607+0000] {processor.py:914} INFO - Processing file /home/airflow/.local/lib/python3.12/site-packages/airflow/example_dags/example_sensors.py for tasks to queue
[2025-04-06T04:11:13.609+0000] {logging_mixin.py:190} INFO - [2025-04-06T04:11:13.609+0000] {dagbag.py:588} INFO - Filling up the DagBag from /home/airflow/.local/lib/python3.12/site-packages/airflow/example_dags/example_sensors.py
[2025-04-06T04:11:13.617+0000] {processor.py:925} INFO - DAG(s) 'example_sensors' retrieved from /home/airflow/.local/lib/python3.12/site-packages/airflow/example_dags/example_sensors.py
[2025-04-06T04:11:13.639+0000] {logging_mixin.py:190} INFO - [2025-04-06T04:11:13.639+0000] {dag.py:3239} INFO - Sync 1 DAGs
[2025-04-06T04:11:13.649+0000] {logging_mixin.py:190} INFO - [2025-04-06T04:11:13.649+0000] {dag.py:4180} INFO - Setting next_dagrun for example_sensors to None, run_after=None
[2025-04-06T04:11:13.669+0000] {processor.py:208} INFO - Processing /home/airflow/.local/lib/python3.12/site-packages/airflow/example_dags/example_sensors.py took 0.074 seconds
[2025-04-06T04:11:44.205+0000] {processor.py:186} INFO - Started process (PID=2189) to work on /home/airflow/.local/lib/python3.12/site-packages/airflow/example_dags/example_sensors.py
[2025-04-06T04:11:44.210+0000] {processor.py:914} INFO - Processing file /home/airflow/.local/lib/python3.12/site-packages/airflow/example_dags/example_sensors.py for tasks to queue
[2025-04-06T04:11:44.212+0000] {logging_mixin.py:190} INFO - [2025-04-06T04:11:44.211+0000] {dagbag.py:588} INFO - Filling up the DagBag from /home/airflow/.local/lib/python3.12/site-packages/airflow/example_dags/example_sensors.py
[2025-04-06T04:11:44.219+0000] {processor.py:925} INFO - DAG(s) 'example_sensors' retrieved from /home/airflow/.local/lib/python3.12/site-packages/airflow/example_dags/example_sensors.py
[2025-04-06T04:11:44.247+0000] {logging_mixin.py:190} INFO - [2025-04-06T04:11:44.247+0000] {dag.py:3239} INFO - Sync 1 DAGs
[2025-04-06T04:11:44.262+0000] {logging_mixin.py:190} INFO - [2025-04-06T04:11:44.262+0000] {dag.py:4180} INFO - Setting next_dagrun for example_sensors to None, run_after=None
[2025-04-06T04:11:44.289+0000] {processor.py:208} INFO - Processing /home/airflow/.local/lib/python3.12/site-packages/airflow/example_dags/example_sensors.py took 0.090 seconds
[2025-04-06T04:12:14.400+0000] {processor.py:186} INFO - Started process (PID=2252) to work on /home/airflow/.local/lib/python3.12/site-packages/airflow/example_dags/example_sensors.py
[2025-04-06T04:12:14.407+0000] {processor.py:914} INFO - Processing file /home/airflow/.local/lib/python3.12/site-packages/airflow/example_dags/example_sensors.py for tasks to queue
[2025-04-06T04:12:14.408+0000] {logging_mixin.py:190} INFO - [2025-04-06T04:12:14.408+0000] {dagbag.py:588} INFO - Filling up the DagBag from /home/airflow/.local/lib/python3.12/site-packages/airflow/example_dags/example_sensors.py
[2025-04-06T04:12:14.417+0000] {processor.py:925} INFO - DAG(s) 'example_sensors' retrieved from /home/airflow/.local/lib/python3.12/site-packages/airflow/example_dags/example_sensors.py
[2025-04-06T04:12:14.444+0000] {logging_mixin.py:190} INFO - [2025-04-06T04:12:14.443+0000] {dag.py:3239} INFO - Sync 1 DAGs
[2025-04-06T04:12:14.455+0000] {logging_mixin.py:190} INFO - [2025-04-06T04:12:14.455+0000] {dag.py:4180} INFO - Setting next_dagrun for example_sensors to None, run_after=None
[2025-04-06T04:12:14.491+0000] {processor.py:208} INFO - Processing /home/airflow/.local/lib/python3.12/site-packages/airflow/example_dags/example_sensors.py took 0.097 seconds
[2025-04-06T04:12:44.986+0000] {processor.py:186} INFO - Started process (PID=2315) to work on /home/airflow/.local/lib/python3.12/site-packages/airflow/example_dags/example_sensors.py
[2025-04-06T04:12:44.988+0000] {processor.py:914} INFO - Processing file /home/airflow/.local/lib/python3.12/site-packages/airflow/example_dags/example_sensors.py for tasks to queue
[2025-04-06T04:12:44.990+0000] {logging_mixin.py:190} INFO - [2025-04-06T04:12:44.990+0000] {dagbag.py:588} INFO - Filling up the DagBag from /home/airflow/.local/lib/python3.12/site-packages/airflow/example_dags/example_sensors.py
[2025-04-06T04:12:45.000+0000] {processor.py:925} INFO - DAG(s) 'example_sensors' retrieved from /home/airflow/.local/lib/python3.12/site-packages/airflow/example_dags/example_sensors.py
[2025-04-06T04:12:45.022+0000] {logging_mixin.py:190} INFO - [2025-04-06T04:12:45.022+0000] {dag.py:3239} INFO - Sync 1 DAGs
[2025-04-06T04:12:45.034+0000] {logging_mixin.py:190} INFO - [2025-04-06T04:12:45.034+0000] {dag.py:4180} INFO - Setting next_dagrun for example_sensors to None, run_after=None
[2025-04-06T04:12:45.054+0000] {processor.py:208} INFO - Processing /home/airflow/.local/lib/python3.12/site-packages/airflow/example_dags/example_sensors.py took 0.076 seconds
[2025-04-06T04:13:15.134+0000] {processor.py:186} INFO - Started process (PID=2377) to work on /home/airflow/.local/lib/python3.12/site-packages/airflow/example_dags/example_sensors.py
[2025-04-06T04:13:15.135+0000] {processor.py:914} INFO - Processing file /home/airflow/.local/lib/python3.12/site-packages/airflow/example_dags/example_sensors.py for tasks to queue
[2025-04-06T04:13:15.137+0000] {logging_mixin.py:190} INFO - [2025-04-06T04:13:15.137+0000] {dagbag.py:588} INFO - Filling up the DagBag from /home/airflow/.local/lib/python3.12/site-packages/airflow/example_dags/example_sensors.py
[2025-04-06T04:13:15.146+0000] {processor.py:925} INFO - DAG(s) 'example_sensors' retrieved from /home/airflow/.local/lib/python3.12/site-packages/airflow/example_dags/example_sensors.py
[2025-04-06T04:13:15.171+0000] {logging_mixin.py:190} INFO - [2025-04-06T04:13:15.171+0000] {dag.py:3239} INFO - Sync 1 DAGs
[2025-04-06T04:13:15.182+0000] {logging_mixin.py:190} INFO - [2025-04-06T04:13:15.182+0000] {dag.py:4180} INFO - Setting next_dagrun for example_sensors to None, run_after=None
[2025-04-06T04:13:15.201+0000] {processor.py:208} INFO - Processing /home/airflow/.local/lib/python3.12/site-packages/airflow/example_dags/example_sensors.py took 0.073 seconds
[2025-04-06T04:13:45.736+0000] {processor.py:186} INFO - Started process (PID=2440) to work on /home/airflow/.local/lib/python3.12/site-packages/airflow/example_dags/example_sensors.py
[2025-04-06T04:13:45.738+0000] {processor.py:914} INFO - Processing file /home/airflow/.local/lib/python3.12/site-packages/airflow/example_dags/example_sensors.py for tasks to queue
[2025-04-06T04:13:45.740+0000] {logging_mixin.py:190} INFO - [2025-04-06T04:13:45.739+0000] {dagbag.py:588} INFO - Filling up the DagBag from /home/airflow/.local/lib/python3.12/site-packages/airflow/example_dags/example_sensors.py
[2025-04-06T04:13:45.750+0000] {processor.py:925} INFO - DAG(s) 'example_sensors' retrieved from /home/airflow/.local/lib/python3.12/site-packages/airflow/example_dags/example_sensors.py
[2025-04-06T04:13:45.776+0000] {logging_mixin.py:190} INFO - [2025-04-06T04:13:45.776+0000] {dag.py:3239} INFO - Sync 1 DAGs
[2025-04-06T04:13:45.791+0000] {logging_mixin.py:190} INFO - [2025-04-06T04:13:45.791+0000] {dag.py:4180} INFO - Setting next_dagrun for example_sensors to None, run_after=None
[2025-04-06T04:13:45.823+0000] {processor.py:208} INFO - Processing /home/airflow/.local/lib/python3.12/site-packages/airflow/example_dags/example_sensors.py took 0.092 seconds
[2025-04-06T04:14:16.047+0000] {processor.py:186} INFO - Started process (PID=2503) to work on /home/airflow/.local/lib/python3.12/site-packages/airflow/example_dags/example_sensors.py
[2025-04-06T04:14:16.048+0000] {processor.py:914} INFO - Processing file /home/airflow/.local/lib/python3.12/site-packages/airflow/example_dags/example_sensors.py for tasks to queue
[2025-04-06T04:14:16.050+0000] {logging_mixin.py:190} INFO - [2025-04-06T04:14:16.049+0000] {dagbag.py:588} INFO - Filling up the DagBag from /home/airflow/.local/lib/python3.12/site-packages/airflow/example_dags/example_sensors.py
[2025-04-06T04:14:16.059+0000] {processor.py:925} INFO - DAG(s) 'example_sensors' retrieved from /home/airflow/.local/lib/python3.12/site-packages/airflow/example_dags/example_sensors.py
[2025-04-06T04:14:16.083+0000] {logging_mixin.py:190} INFO - [2025-04-06T04:14:16.082+0000] {dag.py:3239} INFO - Sync 1 DAGs
[2025-04-06T04:14:16.096+0000] {logging_mixin.py:190} INFO - [2025-04-06T04:14:16.096+0000] {dag.py:4180} INFO - Setting next_dagrun for example_sensors to None, run_after=None
[2025-04-06T04:14:16.117+0000] {processor.py:208} INFO - Processing /home/airflow/.local/lib/python3.12/site-packages/airflow/example_dags/example_sensors.py took 0.075 seconds
[2025-04-06T04:14:46.484+0000] {processor.py:186} INFO - Started process (PID=2566) to work on /home/airflow/.local/lib/python3.12/site-packages/airflow/example_dags/example_sensors.py
[2025-04-06T04:14:46.486+0000] {processor.py:914} INFO - Processing file /home/airflow/.local/lib/python3.12/site-packages/airflow/example_dags/example_sensors.py for tasks to queue
[2025-04-06T04:14:46.487+0000] {logging_mixin.py:190} INFO - [2025-04-06T04:14:46.487+0000] {dagbag.py:588} INFO - Filling up the DagBag from /home/airflow/.local/lib/python3.12/site-packages/airflow/example_dags/example_sensors.py
[2025-04-06T04:14:46.498+0000] {processor.py:925} INFO - DAG(s) 'example_sensors' retrieved from /home/airflow/.local/lib/python3.12/site-packages/airflow/example_dags/example_sensors.py
[2025-04-06T04:14:46.520+0000] {logging_mixin.py:190} INFO - [2025-04-06T04:14:46.520+0000] {dag.py:3239} INFO - Sync 1 DAGs
[2025-04-06T04:14:46.532+0000] {logging_mixin.py:190} INFO - [2025-04-06T04:14:46.532+0000] {dag.py:4180} INFO - Setting next_dagrun for example_sensors to None, run_after=None
[2025-04-06T04:14:46.549+0000] {processor.py:208} INFO - Processing /home/airflow/.local/lib/python3.12/site-packages/airflow/example_dags/example_sensors.py took 0.071 seconds
[2025-04-06T04:15:16.901+0000] {processor.py:186} INFO - Started process (PID=2629) to work on /home/airflow/.local/lib/python3.12/site-packages/airflow/example_dags/example_sensors.py
[2025-04-06T04:15:16.902+0000] {processor.py:914} INFO - Processing file /home/airflow/.local/lib/python3.12/site-packages/airflow/example_dags/example_sensors.py for tasks to queue
[2025-04-06T04:15:16.904+0000] {logging_mixin.py:190} INFO - [2025-04-06T04:15:16.903+0000] {dagbag.py:588} INFO - Filling up the DagBag from /home/airflow/.local/lib/python3.12/site-packages/airflow/example_dags/example_sensors.py
[2025-04-06T04:15:16.913+0000] {processor.py:925} INFO - DAG(s) 'example_sensors' retrieved from /home/airflow/.local/lib/python3.12/site-packages/airflow/example_dags/example_sensors.py
[2025-04-06T04:15:16.934+0000] {logging_mixin.py:190} INFO - [2025-04-06T04:15:16.934+0000] {dag.py:3239} INFO - Sync 1 DAGs
[2025-04-06T04:15:16.945+0000] {logging_mixin.py:190} INFO - [2025-04-06T04:15:16.945+0000] {dag.py:4180} INFO - Setting next_dagrun for example_sensors to None, run_after=None
[2025-04-06T04:15:16.966+0000] {processor.py:208} INFO - Processing /home/airflow/.local/lib/python3.12/site-packages/airflow/example_dags/example_sensors.py took 0.070 seconds
[2025-04-06T04:15:47.442+0000] {processor.py:186} INFO - Started process (PID=2692) to work on /home/airflow/.local/lib/python3.12/site-packages/airflow/example_dags/example_sensors.py
[2025-04-06T04:15:47.444+0000] {processor.py:914} INFO - Processing file /home/airflow/.local/lib/python3.12/site-packages/airflow/example_dags/example_sensors.py for tasks to queue
[2025-04-06T04:15:47.445+0000] {logging_mixin.py:190} INFO - [2025-04-06T04:15:47.445+0000] {dagbag.py:588} INFO - Filling up the DagBag from /home/airflow/.local/lib/python3.12/site-packages/airflow/example_dags/example_sensors.py
[2025-04-06T04:15:47.454+0000] {processor.py:925} INFO - DAG(s) 'example_sensors' retrieved from /home/airflow/.local/lib/python3.12/site-packages/airflow/example_dags/example_sensors.py
[2025-04-06T04:15:47.480+0000] {logging_mixin.py:190} INFO - [2025-04-06T04:15:47.480+0000] {dag.py:3239} INFO - Sync 1 DAGs
[2025-04-06T04:15:47.492+0000] {logging_mixin.py:190} INFO - [2025-04-06T04:15:47.492+0000] {dag.py:4180} INFO - Setting next_dagrun for example_sensors to None, run_after=None
[2025-04-06T04:15:47.512+0000] {processor.py:208} INFO - Processing /home/airflow/.local/lib/python3.12/site-packages/airflow/example_dags/example_sensors.py took 0.075 seconds
[2025-04-06T04:16:17.996+0000] {processor.py:186} INFO - Started process (PID=2755) to work on /home/airflow/.local/lib/python3.12/site-packages/airflow/example_dags/example_sensors.py
[2025-04-06T04:16:17.998+0000] {processor.py:914} INFO - Processing file /home/airflow/.local/lib/python3.12/site-packages/airflow/example_dags/example_sensors.py for tasks to queue
[2025-04-06T04:16:18.002+0000] {logging_mixin.py:190} INFO - [2025-04-06T04:16:18.001+0000] {dagbag.py:588} INFO - Filling up the DagBag from /home/airflow/.local/lib/python3.12/site-packages/airflow/example_dags/example_sensors.py
[2025-04-06T04:16:18.015+0000] {processor.py:925} INFO - DAG(s) 'example_sensors' retrieved from /home/airflow/.local/lib/python3.12/site-packages/airflow/example_dags/example_sensors.py
[2025-04-06T04:16:18.050+0000] {logging_mixin.py:190} INFO - [2025-04-06T04:16:18.050+0000] {dag.py:3239} INFO - Sync 1 DAGs
[2025-04-06T04:16:18.075+0000] {logging_mixin.py:190} INFO - [2025-04-06T04:16:18.075+0000] {dag.py:4180} INFO - Setting next_dagrun for example_sensors to None, run_after=None
[2025-04-06T04:16:18.111+0000] {processor.py:208} INFO - Processing /home/airflow/.local/lib/python3.12/site-packages/airflow/example_dags/example_sensors.py took 0.121 seconds
[2025-04-06T04:16:48.301+0000] {processor.py:186} INFO - Started process (PID=2818) to work on /home/airflow/.local/lib/python3.12/site-packages/airflow/example_dags/example_sensors.py
[2025-04-06T04:16:48.302+0000] {processor.py:914} INFO - Processing file /home/airflow/.local/lib/python3.12/site-packages/airflow/example_dags/example_sensors.py for tasks to queue
[2025-04-06T04:16:48.304+0000] {logging_mixin.py:190} INFO - [2025-04-06T04:16:48.304+0000] {dagbag.py:588} INFO - Filling up the DagBag from /home/airflow/.local/lib/python3.12/site-packages/airflow/example_dags/example_sensors.py
[2025-04-06T04:16:48.313+0000] {processor.py:925} INFO - DAG(s) 'example_sensors' retrieved from /home/airflow/.local/lib/python3.12/site-packages/airflow/example_dags/example_sensors.py
[2025-04-06T04:16:48.335+0000] {logging_mixin.py:190} INFO - [2025-04-06T04:16:48.335+0000] {dag.py:3239} INFO - Sync 1 DAGs
[2025-04-06T04:16:48.346+0000] {logging_mixin.py:190} INFO - [2025-04-06T04:16:48.346+0000] {dag.py:4180} INFO - Setting next_dagrun for example_sensors to None, run_after=None
[2025-04-06T04:16:48.362+0000] {processor.py:208} INFO - Processing /home/airflow/.local/lib/python3.12/site-packages/airflow/example_dags/example_sensors.py took 0.067 seconds
[2025-04-06T04:17:19.269+0000] {processor.py:186} INFO - Started process (PID=2881) to work on /home/airflow/.local/lib/python3.12/site-packages/airflow/example_dags/example_sensors.py
[2025-04-06T04:17:19.270+0000] {processor.py:914} INFO - Processing file /home/airflow/.local/lib/python3.12/site-packages/airflow/example_dags/example_sensors.py for tasks to queue
[2025-04-06T04:17:19.272+0000] {logging_mixin.py:190} INFO - [2025-04-06T04:17:19.272+0000] {dagbag.py:588} INFO - Filling up the DagBag from /home/airflow/.local/lib/python3.12/site-packages/airflow/example_dags/example_sensors.py
[2025-04-06T04:17:19.281+0000] {processor.py:925} INFO - DAG(s) 'example_sensors' retrieved from /home/airflow/.local/lib/python3.12/site-packages/airflow/example_dags/example_sensors.py
[2025-04-06T04:17:19.303+0000] {logging_mixin.py:190} INFO - [2025-04-06T04:17:19.302+0000] {dag.py:3239} INFO - Sync 1 DAGs
[2025-04-06T04:17:19.315+0000] {logging_mixin.py:190} INFO - [2025-04-06T04:17:19.315+0000] {dag.py:4180} INFO - Setting next_dagrun for example_sensors to None, run_after=None
[2025-04-06T04:17:19.335+0000] {processor.py:208} INFO - Processing /home/airflow/.local/lib/python3.12/site-packages/airflow/example_dags/example_sensors.py took 0.071 seconds
[2025-04-06T04:17:49.565+0000] {processor.py:186} INFO - Started process (PID=2944) to work on /home/airflow/.local/lib/python3.12/site-packages/airflow/example_dags/example_sensors.py
[2025-04-06T04:17:49.566+0000] {processor.py:914} INFO - Processing file /home/airflow/.local/lib/python3.12/site-packages/airflow/example_dags/example_sensors.py for tasks to queue
[2025-04-06T04:17:49.568+0000] {logging_mixin.py:190} INFO - [2025-04-06T04:17:49.568+0000] {dagbag.py:588} INFO - Filling up the DagBag from /home/airflow/.local/lib/python3.12/site-packages/airflow/example_dags/example_sensors.py
[2025-04-06T04:17:49.576+0000] {processor.py:925} INFO - DAG(s) 'example_sensors' retrieved from /home/airflow/.local/lib/python3.12/site-packages/airflow/example_dags/example_sensors.py
[2025-04-06T04:17:49.600+0000] {logging_mixin.py:190} INFO - [2025-04-06T04:17:49.600+0000] {dag.py:3239} INFO - Sync 1 DAGs
[2025-04-06T04:17:49.616+0000] {logging_mixin.py:190} INFO - [2025-04-06T04:17:49.616+0000] {dag.py:4180} INFO - Setting next_dagrun for example_sensors to None, run_after=None
[2025-04-06T04:17:49.639+0000] {processor.py:208} INFO - Processing /home/airflow/.local/lib/python3.12/site-packages/airflow/example_dags/example_sensors.py took 0.079 seconds
[2025-04-06T04:18:20.548+0000] {processor.py:186} INFO - Started process (PID=3007) to work on /home/airflow/.local/lib/python3.12/site-packages/airflow/example_dags/example_sensors.py
[2025-04-06T04:18:20.550+0000] {processor.py:914} INFO - Processing file /home/airflow/.local/lib/python3.12/site-packages/airflow/example_dags/example_sensors.py for tasks to queue
[2025-04-06T04:18:20.552+0000] {logging_mixin.py:190} INFO - [2025-04-06T04:18:20.551+0000] {dagbag.py:588} INFO - Filling up the DagBag from /home/airflow/.local/lib/python3.12/site-packages/airflow/example_dags/example_sensors.py
[2025-04-06T04:18:20.560+0000] {processor.py:925} INFO - DAG(s) 'example_sensors' retrieved from /home/airflow/.local/lib/python3.12/site-packages/airflow/example_dags/example_sensors.py
[2025-04-06T04:18:20.589+0000] {logging_mixin.py:190} INFO - [2025-04-06T04:18:20.589+0000] {dag.py:3239} INFO - Sync 1 DAGs
[2025-04-06T04:18:20.603+0000] {logging_mixin.py:190} INFO - [2025-04-06T04:18:20.603+0000] {dag.py:4180} INFO - Setting next_dagrun for example_sensors to None, run_after=None
[2025-04-06T04:18:20.628+0000] {processor.py:208} INFO - Processing /home/airflow/.local/lib/python3.12/site-packages/airflow/example_dags/example_sensors.py took 0.085 seconds
[2025-04-06T04:18:50.859+0000] {processor.py:186} INFO - Started process (PID=3070) to work on /home/airflow/.local/lib/python3.12/site-packages/airflow/example_dags/example_sensors.py
[2025-04-06T04:18:50.861+0000] {processor.py:914} INFO - Processing file /home/airflow/.local/lib/python3.12/site-packages/airflow/example_dags/example_sensors.py for tasks to queue
[2025-04-06T04:18:50.863+0000] {logging_mixin.py:190} INFO - [2025-04-06T04:18:50.863+0000] {dagbag.py:588} INFO - Filling up the DagBag from /home/airflow/.local/lib/python3.12/site-packages/airflow/example_dags/example_sensors.py
[2025-04-06T04:18:50.874+0000] {processor.py:925} INFO - DAG(s) 'example_sensors' retrieved from /home/airflow/.local/lib/python3.12/site-packages/airflow/example_dags/example_sensors.py
[2025-04-06T04:18:50.898+0000] {logging_mixin.py:190} INFO - [2025-04-06T04:18:50.897+0000] {dag.py:3239} INFO - Sync 1 DAGs
[2025-04-06T04:18:50.912+0000] {logging_mixin.py:190} INFO - [2025-04-06T04:18:50.911+0000] {dag.py:4180} INFO - Setting next_dagrun for example_sensors to None, run_after=None
[2025-04-06T04:18:50.932+0000] {processor.py:208} INFO - Processing /home/airflow/.local/lib/python3.12/site-packages/airflow/example_dags/example_sensors.py took 0.079 seconds
[2025-04-06T04:19:21.134+0000] {processor.py:186} INFO - Started process (PID=3133) to work on /home/airflow/.local/lib/python3.12/site-packages/airflow/example_dags/example_sensors.py
[2025-04-06T04:19:21.135+0000] {processor.py:914} INFO - Processing file /home/airflow/.local/lib/python3.12/site-packages/airflow/example_dags/example_sensors.py for tasks to queue
[2025-04-06T04:19:21.137+0000] {logging_mixin.py:190} INFO - [2025-04-06T04:19:21.136+0000] {dagbag.py:588} INFO - Filling up the DagBag from /home/airflow/.local/lib/python3.12/site-packages/airflow/example_dags/example_sensors.py
[2025-04-06T04:19:21.145+0000] {processor.py:925} INFO - DAG(s) 'example_sensors' retrieved from /home/airflow/.local/lib/python3.12/site-packages/airflow/example_dags/example_sensors.py
[2025-04-06T04:19:21.168+0000] {logging_mixin.py:190} INFO - [2025-04-06T04:19:21.168+0000] {dag.py:3239} INFO - Sync 1 DAGs
[2025-04-06T04:19:21.178+0000] {logging_mixin.py:190} INFO - [2025-04-06T04:19:21.178+0000] {dag.py:4180} INFO - Setting next_dagrun for example_sensors to None, run_after=None
[2025-04-06T04:19:21.197+0000] {processor.py:208} INFO - Processing /home/airflow/.local/lib/python3.12/site-packages/airflow/example_dags/example_sensors.py took 0.069 seconds
[2025-04-06T04:19:51.364+0000] {processor.py:186} INFO - Started process (PID=3196) to work on /home/airflow/.local/lib/python3.12/site-packages/airflow/example_dags/example_sensors.py
[2025-04-06T04:19:51.365+0000] {processor.py:914} INFO - Processing file /home/airflow/.local/lib/python3.12/site-packages/airflow/example_dags/example_sensors.py for tasks to queue
[2025-04-06T04:19:51.367+0000] {logging_mixin.py:190} INFO - [2025-04-06T04:19:51.366+0000] {dagbag.py:588} INFO - Filling up the DagBag from /home/airflow/.local/lib/python3.12/site-packages/airflow/example_dags/example_sensors.py
[2025-04-06T04:19:51.377+0000] {processor.py:925} INFO - DAG(s) 'example_sensors' retrieved from /home/airflow/.local/lib/python3.12/site-packages/airflow/example_dags/example_sensors.py
[2025-04-06T04:19:51.399+0000] {logging_mixin.py:190} INFO - [2025-04-06T04:19:51.399+0000] {dag.py:3239} INFO - Sync 1 DAGs
[2025-04-06T04:19:51.411+0000] {logging_mixin.py:190} INFO - [2025-04-06T04:19:51.411+0000] {dag.py:4180} INFO - Setting next_dagrun for example_sensors to None, run_after=None
[2025-04-06T04:19:51.431+0000] {processor.py:208} INFO - Processing /home/airflow/.local/lib/python3.12/site-packages/airflow/example_dags/example_sensors.py took 0.072 seconds
[2025-04-06T04:20:22.807+0000] {processor.py:186} INFO - Started process (PID=3259) to work on /home/airflow/.local/lib/python3.12/site-packages/airflow/example_dags/example_sensors.py
[2025-04-06T04:20:22.810+0000] {processor.py:914} INFO - Processing file /home/airflow/.local/lib/python3.12/site-packages/airflow/example_dags/example_sensors.py for tasks to queue
[2025-04-06T04:20:22.812+0000] {logging_mixin.py:190} INFO - [2025-04-06T04:20:22.812+0000] {dagbag.py:588} INFO - Filling up the DagBag from /home/airflow/.local/lib/python3.12/site-packages/airflow/example_dags/example_sensors.py
[2025-04-06T04:20:22.825+0000] {processor.py:925} INFO - DAG(s) 'example_sensors' retrieved from /home/airflow/.local/lib/python3.12/site-packages/airflow/example_dags/example_sensors.py
[2025-04-06T04:20:22.859+0000] {logging_mixin.py:190} INFO - [2025-04-06T04:20:22.858+0000] {dag.py:3239} INFO - Sync 1 DAGs
[2025-04-06T04:20:22.891+0000] {logging_mixin.py:190} INFO - [2025-04-06T04:20:22.890+0000] {dag.py:4180} INFO - Setting next_dagrun for example_sensors to None, run_after=None
[2025-04-06T04:20:22.926+0000] {processor.py:208} INFO - Processing /home/airflow/.local/lib/python3.12/site-packages/airflow/example_dags/example_sensors.py took 0.127 seconds
[2025-04-06T04:20:53.661+0000] {processor.py:186} INFO - Started process (PID=3322) to work on /home/airflow/.local/lib/python3.12/site-packages/airflow/example_dags/example_sensors.py
[2025-04-06T04:20:53.662+0000] {processor.py:914} INFO - Processing file /home/airflow/.local/lib/python3.12/site-packages/airflow/example_dags/example_sensors.py for tasks to queue
[2025-04-06T04:20:53.664+0000] {logging_mixin.py:190} INFO - [2025-04-06T04:20:53.664+0000] {dagbag.py:588} INFO - Filling up the DagBag from /home/airflow/.local/lib/python3.12/site-packages/airflow/example_dags/example_sensors.py
[2025-04-06T04:20:53.673+0000] {processor.py:925} INFO - DAG(s) 'example_sensors' retrieved from /home/airflow/.local/lib/python3.12/site-packages/airflow/example_dags/example_sensors.py
[2025-04-06T04:20:53.697+0000] {logging_mixin.py:190} INFO - [2025-04-06T04:20:53.697+0000] {dag.py:3239} INFO - Sync 1 DAGs
[2025-04-06T04:20:53.709+0000] {logging_mixin.py:190} INFO - [2025-04-06T04:20:53.709+0000] {dag.py:4180} INFO - Setting next_dagrun for example_sensors to None, run_after=None
[2025-04-06T04:20:53.728+0000] {processor.py:208} INFO - Processing /home/airflow/.local/lib/python3.12/site-packages/airflow/example_dags/example_sensors.py took 0.072 seconds
[2025-04-06T04:21:23.807+0000] {processor.py:186} INFO - Started process (PID=3385) to work on /home/airflow/.local/lib/python3.12/site-packages/airflow/example_dags/example_sensors.py
[2025-04-06T04:21:23.809+0000] {processor.py:914} INFO - Processing file /home/airflow/.local/lib/python3.12/site-packages/airflow/example_dags/example_sensors.py for tasks to queue
[2025-04-06T04:21:23.810+0000] {logging_mixin.py:190} INFO - [2025-04-06T04:21:23.810+0000] {dagbag.py:588} INFO - Filling up the DagBag from /home/airflow/.local/lib/python3.12/site-packages/airflow/example_dags/example_sensors.py
[2025-04-06T04:21:23.818+0000] {processor.py:925} INFO - DAG(s) 'example_sensors' retrieved from /home/airflow/.local/lib/python3.12/site-packages/airflow/example_dags/example_sensors.py
[2025-04-06T04:21:23.840+0000] {logging_mixin.py:190} INFO - [2025-04-06T04:21:23.840+0000] {dag.py:3239} INFO - Sync 1 DAGs
[2025-04-06T04:21:23.851+0000] {logging_mixin.py:190} INFO - [2025-04-06T04:21:23.851+0000] {dag.py:4180} INFO - Setting next_dagrun for example_sensors to None, run_after=None
[2025-04-06T04:21:23.872+0000] {processor.py:208} INFO - Processing /home/airflow/.local/lib/python3.12/site-packages/airflow/example_dags/example_sensors.py took 0.070 seconds
[2025-04-06T04:21:54.283+0000] {processor.py:186} INFO - Started process (PID=3448) to work on /home/airflow/.local/lib/python3.12/site-packages/airflow/example_dags/example_sensors.py
[2025-04-06T04:21:54.285+0000] {processor.py:914} INFO - Processing file /home/airflow/.local/lib/python3.12/site-packages/airflow/example_dags/example_sensors.py for tasks to queue
[2025-04-06T04:21:54.287+0000] {logging_mixin.py:190} INFO - [2025-04-06T04:21:54.286+0000] {dagbag.py:588} INFO - Filling up the DagBag from /home/airflow/.local/lib/python3.12/site-packages/airflow/example_dags/example_sensors.py
[2025-04-06T04:21:54.295+0000] {processor.py:925} INFO - DAG(s) 'example_sensors' retrieved from /home/airflow/.local/lib/python3.12/site-packages/airflow/example_dags/example_sensors.py
[2025-04-06T04:21:54.318+0000] {logging_mixin.py:190} INFO - [2025-04-06T04:21:54.318+0000] {dag.py:3239} INFO - Sync 1 DAGs
[2025-04-06T04:21:54.332+0000] {logging_mixin.py:190} INFO - [2025-04-06T04:21:54.331+0000] {dag.py:4180} INFO - Setting next_dagrun for example_sensors to None, run_after=None
[2025-04-06T04:21:54.351+0000] {processor.py:208} INFO - Processing /home/airflow/.local/lib/python3.12/site-packages/airflow/example_dags/example_sensors.py took 0.074 seconds
[2025-04-06T04:22:25.388+0000] {processor.py:186} INFO - Started process (PID=3511) to work on /home/airflow/.local/lib/python3.12/site-packages/airflow/example_dags/example_sensors.py
[2025-04-06T04:22:25.389+0000] {processor.py:914} INFO - Processing file /home/airflow/.local/lib/python3.12/site-packages/airflow/example_dags/example_sensors.py for tasks to queue
[2025-04-06T04:22:25.391+0000] {logging_mixin.py:190} INFO - [2025-04-06T04:22:25.390+0000] {dagbag.py:588} INFO - Filling up the DagBag from /home/airflow/.local/lib/python3.12/site-packages/airflow/example_dags/example_sensors.py
[2025-04-06T04:22:25.400+0000] {processor.py:925} INFO - DAG(s) 'example_sensors' retrieved from /home/airflow/.local/lib/python3.12/site-packages/airflow/example_dags/example_sensors.py
[2025-04-06T04:22:25.423+0000] {logging_mixin.py:190} INFO - [2025-04-06T04:22:25.423+0000] {dag.py:3239} INFO - Sync 1 DAGs
[2025-04-06T04:22:25.435+0000] {logging_mixin.py:190} INFO - [2025-04-06T04:22:25.435+0000] {dag.py:4180} INFO - Setting next_dagrun for example_sensors to None, run_after=None
[2025-04-06T04:22:25.453+0000] {processor.py:208} INFO - Processing /home/airflow/.local/lib/python3.12/site-packages/airflow/example_dags/example_sensors.py took 0.070 seconds
[2025-04-06T04:22:56.468+0000] {processor.py:186} INFO - Started process (PID=3574) to work on /home/airflow/.local/lib/python3.12/site-packages/airflow/example_dags/example_sensors.py
[2025-04-06T04:22:56.472+0000] {processor.py:914} INFO - Processing file /home/airflow/.local/lib/python3.12/site-packages/airflow/example_dags/example_sensors.py for tasks to queue
[2025-04-06T04:22:56.476+0000] {logging_mixin.py:190} INFO - [2025-04-06T04:22:56.476+0000] {dagbag.py:588} INFO - Filling up the DagBag from /home/airflow/.local/lib/python3.12/site-packages/airflow/example_dags/example_sensors.py
[2025-04-06T04:22:56.494+0000] {processor.py:925} INFO - DAG(s) 'example_sensors' retrieved from /home/airflow/.local/lib/python3.12/site-packages/airflow/example_dags/example_sensors.py
[2025-04-06T04:22:56.520+0000] {logging_mixin.py:190} INFO - [2025-04-06T04:22:56.520+0000] {dag.py:3239} INFO - Sync 1 DAGs
[2025-04-06T04:22:56.532+0000] {logging_mixin.py:190} INFO - [2025-04-06T04:22:56.532+0000] {dag.py:4180} INFO - Setting next_dagrun for example_sensors to None, run_after=None
[2025-04-06T04:22:56.555+0000] {processor.py:208} INFO - Processing /home/airflow/.local/lib/python3.12/site-packages/airflow/example_dags/example_sensors.py took 0.094 seconds
[2025-04-06T04:23:27.836+0000] {processor.py:186} INFO - Started process (PID=3637) to work on /home/airflow/.local/lib/python3.12/site-packages/airflow/example_dags/example_sensors.py
[2025-04-06T04:23:27.838+0000] {processor.py:914} INFO - Processing file /home/airflow/.local/lib/python3.12/site-packages/airflow/example_dags/example_sensors.py for tasks to queue
[2025-04-06T04:23:27.839+0000] {logging_mixin.py:190} INFO - [2025-04-06T04:23:27.839+0000] {dagbag.py:588} INFO - Filling up the DagBag from /home/airflow/.local/lib/python3.12/site-packages/airflow/example_dags/example_sensors.py
[2025-04-06T04:23:27.848+0000] {processor.py:925} INFO - DAG(s) 'example_sensors' retrieved from /home/airflow/.local/lib/python3.12/site-packages/airflow/example_dags/example_sensors.py
[2025-04-06T04:23:27.870+0000] {logging_mixin.py:190} INFO - [2025-04-06T04:23:27.870+0000] {dag.py:3239} INFO - Sync 1 DAGs
[2025-04-06T04:23:28.031+0000] {logging_mixin.py:190} INFO - [2025-04-06T04:23:28.031+0000] {dag.py:4180} INFO - Setting next_dagrun for example_sensors to None, run_after=None
[2025-04-06T04:23:28.050+0000] {processor.py:208} INFO - Processing /home/airflow/.local/lib/python3.12/site-packages/airflow/example_dags/example_sensors.py took 0.219 seconds
[2025-04-06T04:23:58.477+0000] {processor.py:186} INFO - Started process (PID=3700) to work on /home/airflow/.local/lib/python3.12/site-packages/airflow/example_dags/example_sensors.py
[2025-04-06T04:23:58.479+0000] {processor.py:914} INFO - Processing file /home/airflow/.local/lib/python3.12/site-packages/airflow/example_dags/example_sensors.py for tasks to queue
[2025-04-06T04:23:58.480+0000] {logging_mixin.py:190} INFO - [2025-04-06T04:23:58.480+0000] {dagbag.py:588} INFO - Filling up the DagBag from /home/airflow/.local/lib/python3.12/site-packages/airflow/example_dags/example_sensors.py
[2025-04-06T04:23:58.489+0000] {processor.py:925} INFO - DAG(s) 'example_sensors' retrieved from /home/airflow/.local/lib/python3.12/site-packages/airflow/example_dags/example_sensors.py
[2025-04-06T04:23:58.515+0000] {logging_mixin.py:190} INFO - [2025-04-06T04:23:58.515+0000] {dag.py:3239} INFO - Sync 1 DAGs
[2025-04-06T04:23:58.531+0000] {logging_mixin.py:190} INFO - [2025-04-06T04:23:58.530+0000] {dag.py:4180} INFO - Setting next_dagrun for example_sensors to None, run_after=None
[2025-04-06T04:23:58.709+0000] {processor.py:208} INFO - Processing /home/airflow/.local/lib/python3.12/site-packages/airflow/example_dags/example_sensors.py took 0.236 seconds
[2025-04-06T04:24:29.403+0000] {processor.py:186} INFO - Started process (PID=3763) to work on /home/airflow/.local/lib/python3.12/site-packages/airflow/example_dags/example_sensors.py
[2025-04-06T04:24:29.404+0000] {processor.py:914} INFO - Processing file /home/airflow/.local/lib/python3.12/site-packages/airflow/example_dags/example_sensors.py for tasks to queue
[2025-04-06T04:24:29.406+0000] {logging_mixin.py:190} INFO - [2025-04-06T04:24:29.406+0000] {dagbag.py:588} INFO - Filling up the DagBag from /home/airflow/.local/lib/python3.12/site-packages/airflow/example_dags/example_sensors.py
[2025-04-06T04:24:29.416+0000] {processor.py:925} INFO - DAG(s) 'example_sensors' retrieved from /home/airflow/.local/lib/python3.12/site-packages/airflow/example_dags/example_sensors.py
[2025-04-06T04:24:29.436+0000] {logging_mixin.py:190} INFO - [2025-04-06T04:24:29.435+0000] {dag.py:3239} INFO - Sync 1 DAGs
[2025-04-06T04:24:29.447+0000] {logging_mixin.py:190} INFO - [2025-04-06T04:24:29.446+0000] {dag.py:4180} INFO - Setting next_dagrun for example_sensors to None, run_after=None
[2025-04-06T04:24:29.462+0000] {processor.py:208} INFO - Processing /home/airflow/.local/lib/python3.12/site-packages/airflow/example_dags/example_sensors.py took 0.065 seconds
[2025-04-06T04:24:59.827+0000] {processor.py:186} INFO - Started process (PID=3826) to work on /home/airflow/.local/lib/python3.12/site-packages/airflow/example_dags/example_sensors.py
[2025-04-06T04:24:59.837+0000] {processor.py:914} INFO - Processing file /home/airflow/.local/lib/python3.12/site-packages/airflow/example_dags/example_sensors.py for tasks to queue
[2025-04-06T04:24:59.839+0000] {logging_mixin.py:190} INFO - [2025-04-06T04:24:59.839+0000] {dagbag.py:588} INFO - Filling up the DagBag from /home/airflow/.local/lib/python3.12/site-packages/airflow/example_dags/example_sensors.py
[2025-04-06T04:24:59.849+0000] {processor.py:925} INFO - DAG(s) 'example_sensors' retrieved from /home/airflow/.local/lib/python3.12/site-packages/airflow/example_dags/example_sensors.py
[2025-04-06T04:24:59.877+0000] {logging_mixin.py:190} INFO - [2025-04-06T04:24:59.877+0000] {dag.py:3239} INFO - Sync 1 DAGs
[2025-04-06T04:24:59.890+0000] {logging_mixin.py:190} INFO - [2025-04-06T04:24:59.890+0000] {dag.py:4180} INFO - Setting next_dagrun for example_sensors to None, run_after=None
[2025-04-06T04:24:59.909+0000] {processor.py:208} INFO - Processing /home/airflow/.local/lib/python3.12/site-packages/airflow/example_dags/example_sensors.py took 0.088 seconds
[2025-04-06T04:25:30.561+0000] {processor.py:186} INFO - Started process (PID=3889) to work on /home/airflow/.local/lib/python3.12/site-packages/airflow/example_dags/example_sensors.py
[2025-04-06T04:25:30.563+0000] {processor.py:914} INFO - Processing file /home/airflow/.local/lib/python3.12/site-packages/airflow/example_dags/example_sensors.py for tasks to queue
[2025-04-06T04:25:30.566+0000] {logging_mixin.py:190} INFO - [2025-04-06T04:25:30.565+0000] {dagbag.py:588} INFO - Filling up the DagBag from /home/airflow/.local/lib/python3.12/site-packages/airflow/example_dags/example_sensors.py
[2025-04-06T04:25:30.590+0000] {processor.py:925} INFO - DAG(s) 'example_sensors' retrieved from /home/airflow/.local/lib/python3.12/site-packages/airflow/example_dags/example_sensors.py
[2025-04-06T04:25:30.613+0000] {logging_mixin.py:190} INFO - [2025-04-06T04:25:30.613+0000] {dag.py:3239} INFO - Sync 1 DAGs
[2025-04-06T04:25:30.629+0000] {logging_mixin.py:190} INFO - [2025-04-06T04:25:30.629+0000] {dag.py:4180} INFO - Setting next_dagrun for example_sensors to None, run_after=None
[2025-04-06T04:25:30.648+0000] {processor.py:208} INFO - Processing /home/airflow/.local/lib/python3.12/site-packages/airflow/example_dags/example_sensors.py took 0.102 seconds
[2025-04-06T04:26:01.688+0000] {processor.py:186} INFO - Started process (PID=3953) to work on /home/airflow/.local/lib/python3.12/site-packages/airflow/example_dags/example_sensors.py
[2025-04-06T04:26:01.689+0000] {processor.py:914} INFO - Processing file /home/airflow/.local/lib/python3.12/site-packages/airflow/example_dags/example_sensors.py for tasks to queue
[2025-04-06T04:26:01.692+0000] {logging_mixin.py:190} INFO - [2025-04-06T04:26:01.691+0000] {dagbag.py:588} INFO - Filling up the DagBag from /home/airflow/.local/lib/python3.12/site-packages/airflow/example_dags/example_sensors.py
[2025-04-06T04:26:01.703+0000] {processor.py:925} INFO - DAG(s) 'example_sensors' retrieved from /home/airflow/.local/lib/python3.12/site-packages/airflow/example_dags/example_sensors.py
[2025-04-06T04:26:01.730+0000] {logging_mixin.py:190} INFO - [2025-04-06T04:26:01.730+0000] {dag.py:3239} INFO - Sync 1 DAGs
[2025-04-06T04:26:01.746+0000] {logging_mixin.py:190} INFO - [2025-04-06T04:26:01.746+0000] {dag.py:4180} INFO - Setting next_dagrun for example_sensors to None, run_after=None
[2025-04-06T04:26:01.768+0000] {processor.py:208} INFO - Processing /home/airflow/.local/lib/python3.12/site-packages/airflow/example_dags/example_sensors.py took 0.086 seconds
