[2025-04-06T04:09:12.768+0000] {processor.py:186} INFO - Started process (PID=1880) to work on /home/airflow/.local/lib/python3.12/site-packages/airflow/example_dags/tutorial.py
[2025-04-06T04:09:12.769+0000] {processor.py:914} INFO - Processing file /home/airflow/.local/lib/python3.12/site-packages/airflow/example_dags/tutorial.py for tasks to queue
[2025-04-06T04:09:12.772+0000] {logging_mixin.py:190} INFO - [2025-04-06T04:09:12.771+0000] {dagbag.py:588} INFO - Filling up the DagBag from /home/airflow/.local/lib/python3.12/site-packages/airflow/example_dags/tutorial.py
[2025-04-06T04:09:12.781+0000] {processor.py:925} INFO - DAG(s) 'tutorial' retrieved from /home/airflow/.local/lib/python3.12/site-packages/airflow/example_dags/tutorial.py
[2025-04-06T04:09:12.815+0000] {logging_mixin.py:190} INFO - [2025-04-06T04:09:12.814+0000] {dag.py:3239} INFO - Sync 1 DAGs
[2025-04-06T04:09:12.852+0000] {logging_mixin.py:190} INFO - [2025-04-06T04:09:12.852+0000] {dag.py:4180} INFO - Setting next_dagrun for tutorial to 2025-04-05 00:00:00+00:00, run_after=2025-04-06 00:00:00+00:00
[2025-04-06T04:09:12.883+0000] {processor.py:208} INFO - Processing /home/airflow/.local/lib/python3.12/site-packages/airflow/example_dags/tutorial.py took 0.122 seconds
[2025-04-06T04:09:43.345+0000] {processor.py:186} INFO - Started process (PID=1943) to work on /home/airflow/.local/lib/python3.12/site-packages/airflow/example_dags/tutorial.py
[2025-04-06T04:09:43.346+0000] {processor.py:914} INFO - Processing file /home/airflow/.local/lib/python3.12/site-packages/airflow/example_dags/tutorial.py for tasks to queue
[2025-04-06T04:09:43.348+0000] {logging_mixin.py:190} INFO - [2025-04-06T04:09:43.347+0000] {dagbag.py:588} INFO - Filling up the DagBag from /home/airflow/.local/lib/python3.12/site-packages/airflow/example_dags/tutorial.py
[2025-04-06T04:09:43.354+0000] {processor.py:925} INFO - DAG(s) 'tutorial' retrieved from /home/airflow/.local/lib/python3.12/site-packages/airflow/example_dags/tutorial.py
[2025-04-06T04:09:43.371+0000] {logging_mixin.py:190} INFO - [2025-04-06T04:09:43.371+0000] {dag.py:3239} INFO - Sync 1 DAGs
[2025-04-06T04:09:43.391+0000] {logging_mixin.py:190} INFO - [2025-04-06T04:09:43.391+0000] {dag.py:4180} INFO - Setting next_dagrun for tutorial to 2025-04-05 00:00:00+00:00, run_after=2025-04-06 00:00:00+00:00
[2025-04-06T04:09:43.408+0000] {processor.py:208} INFO - Processing /home/airflow/.local/lib/python3.12/site-packages/airflow/example_dags/tutorial.py took 0.068 seconds
[2025-04-06T04:10:14.291+0000] {processor.py:186} INFO - Started process (PID=2006) to work on /home/airflow/.local/lib/python3.12/site-packages/airflow/example_dags/tutorial.py
[2025-04-06T04:10:14.292+0000] {processor.py:914} INFO - Processing file /home/airflow/.local/lib/python3.12/site-packages/airflow/example_dags/tutorial.py for tasks to queue
[2025-04-06T04:10:14.294+0000] {logging_mixin.py:190} INFO - [2025-04-06T04:10:14.294+0000] {dagbag.py:588} INFO - Filling up the DagBag from /home/airflow/.local/lib/python3.12/site-packages/airflow/example_dags/tutorial.py
[2025-04-06T04:10:14.300+0000] {processor.py:925} INFO - DAG(s) 'tutorial' retrieved from /home/airflow/.local/lib/python3.12/site-packages/airflow/example_dags/tutorial.py
[2025-04-06T04:10:14.318+0000] {logging_mixin.py:190} INFO - [2025-04-06T04:10:14.318+0000] {dag.py:3239} INFO - Sync 1 DAGs
[2025-04-06T04:10:14.339+0000] {logging_mixin.py:190} INFO - [2025-04-06T04:10:14.339+0000] {dag.py:4180} INFO - Setting next_dagrun for tutorial to 2025-04-05 00:00:00+00:00, run_after=2025-04-06 00:00:00+00:00
[2025-04-06T04:10:14.360+0000] {processor.py:208} INFO - Processing /home/airflow/.local/lib/python3.12/site-packages/airflow/example_dags/tutorial.py took 0.074 seconds
[2025-04-06T04:10:44.454+0000] {processor.py:186} INFO - Started process (PID=2068) to work on /home/airflow/.local/lib/python3.12/site-packages/airflow/example_dags/tutorial.py
[2025-04-06T04:10:44.456+0000] {processor.py:914} INFO - Processing file /home/airflow/.local/lib/python3.12/site-packages/airflow/example_dags/tutorial.py for tasks to queue
[2025-04-06T04:10:44.460+0000] {logging_mixin.py:190} INFO - [2025-04-06T04:10:44.459+0000] {dagbag.py:588} INFO - Filling up the DagBag from /home/airflow/.local/lib/python3.12/site-packages/airflow/example_dags/tutorial.py
[2025-04-06T04:10:44.467+0000] {processor.py:925} INFO - DAG(s) 'tutorial' retrieved from /home/airflow/.local/lib/python3.12/site-packages/airflow/example_dags/tutorial.py
[2025-04-06T04:10:44.485+0000] {logging_mixin.py:190} INFO - [2025-04-06T04:10:44.485+0000] {dag.py:3239} INFO - Sync 1 DAGs
[2025-04-06T04:10:44.502+0000] {logging_mixin.py:190} INFO - [2025-04-06T04:10:44.502+0000] {dag.py:4180} INFO - Setting next_dagrun for tutorial to 2025-04-05 00:00:00+00:00, run_after=2025-04-06 00:00:00+00:00
[2025-04-06T04:10:44.520+0000] {processor.py:208} INFO - Processing /home/airflow/.local/lib/python3.12/site-packages/airflow/example_dags/tutorial.py took 0.073 seconds
[2025-04-06T04:11:14.884+0000] {processor.py:186} INFO - Started process (PID=2131) to work on /home/airflow/.local/lib/python3.12/site-packages/airflow/example_dags/tutorial.py
[2025-04-06T04:11:15.611+0000] {processor.py:914} INFO - Processing file /home/airflow/.local/lib/python3.12/site-packages/airflow/example_dags/tutorial.py for tasks to queue
[2025-04-06T04:11:15.614+0000] {logging_mixin.py:190} INFO - [2025-04-06T04:11:15.613+0000] {dagbag.py:588} INFO - Filling up the DagBag from /home/airflow/.local/lib/python3.12/site-packages/airflow/example_dags/tutorial.py
[2025-04-06T04:11:15.623+0000] {processor.py:925} INFO - DAG(s) 'tutorial' retrieved from /home/airflow/.local/lib/python3.12/site-packages/airflow/example_dags/tutorial.py
[2025-04-06T04:11:15.670+0000] {logging_mixin.py:190} INFO - [2025-04-06T04:11:15.669+0000] {dag.py:3239} INFO - Sync 1 DAGs
[2025-04-06T04:11:15.879+0000] {logging_mixin.py:190} INFO - [2025-04-06T04:11:15.879+0000] {dag.py:4180} INFO - Setting next_dagrun for tutorial to 2025-04-05 00:00:00+00:00, run_after=2025-04-06 00:00:00+00:00
[2025-04-06T04:11:15.927+0000] {processor.py:208} INFO - Processing /home/airflow/.local/lib/python3.12/site-packages/airflow/example_dags/tutorial.py took 1.049 seconds
[2025-04-06T04:11:46.432+0000] {processor.py:186} INFO - Started process (PID=2194) to work on /home/airflow/.local/lib/python3.12/site-packages/airflow/example_dags/tutorial.py
[2025-04-06T04:11:46.433+0000] {processor.py:914} INFO - Processing file /home/airflow/.local/lib/python3.12/site-packages/airflow/example_dags/tutorial.py for tasks to queue
[2025-04-06T04:11:46.435+0000] {logging_mixin.py:190} INFO - [2025-04-06T04:11:46.434+0000] {dagbag.py:588} INFO - Filling up the DagBag from /home/airflow/.local/lib/python3.12/site-packages/airflow/example_dags/tutorial.py
[2025-04-06T04:11:46.443+0000] {processor.py:925} INFO - DAG(s) 'tutorial' retrieved from /home/airflow/.local/lib/python3.12/site-packages/airflow/example_dags/tutorial.py
[2025-04-06T04:11:46.462+0000] {logging_mixin.py:190} INFO - [2025-04-06T04:11:46.462+0000] {dag.py:3239} INFO - Sync 1 DAGs
[2025-04-06T04:11:46.481+0000] {logging_mixin.py:190} INFO - [2025-04-06T04:11:46.481+0000] {dag.py:4180} INFO - Setting next_dagrun for tutorial to 2025-04-05 00:00:00+00:00, run_after=2025-04-06 00:00:00+00:00
[2025-04-06T04:11:46.501+0000] {processor.py:208} INFO - Processing /home/airflow/.local/lib/python3.12/site-packages/airflow/example_dags/tutorial.py took 0.076 seconds
[2025-04-06T04:12:16.639+0000] {processor.py:186} INFO - Started process (PID=2257) to work on /home/airflow/.local/lib/python3.12/site-packages/airflow/example_dags/tutorial.py
[2025-04-06T04:12:16.645+0000] {processor.py:914} INFO - Processing file /home/airflow/.local/lib/python3.12/site-packages/airflow/example_dags/tutorial.py for tasks to queue
[2025-04-06T04:12:16.647+0000] {logging_mixin.py:190} INFO - [2025-04-06T04:12:16.647+0000] {dagbag.py:588} INFO - Filling up the DagBag from /home/airflow/.local/lib/python3.12/site-packages/airflow/example_dags/tutorial.py
[2025-04-06T04:12:16.656+0000] {processor.py:925} INFO - DAG(s) 'tutorial' retrieved from /home/airflow/.local/lib/python3.12/site-packages/airflow/example_dags/tutorial.py
[2025-04-06T04:12:16.679+0000] {logging_mixin.py:190} INFO - [2025-04-06T04:12:16.679+0000] {dag.py:3239} INFO - Sync 1 DAGs
[2025-04-06T04:12:16.701+0000] {logging_mixin.py:190} INFO - [2025-04-06T04:12:16.701+0000] {dag.py:4180} INFO - Setting next_dagrun for tutorial to 2025-04-05 00:00:00+00:00, run_after=2025-04-06 00:00:00+00:00
[2025-04-06T04:12:16.721+0000] {processor.py:208} INFO - Processing /home/airflow/.local/lib/python3.12/site-packages/airflow/example_dags/tutorial.py took 0.087 seconds
[2025-04-06T04:12:47.411+0000] {processor.py:186} INFO - Started process (PID=2320) to work on /home/airflow/.local/lib/python3.12/site-packages/airflow/example_dags/tutorial.py
[2025-04-06T04:12:47.412+0000] {processor.py:914} INFO - Processing file /home/airflow/.local/lib/python3.12/site-packages/airflow/example_dags/tutorial.py for tasks to queue
[2025-04-06T04:12:47.414+0000] {logging_mixin.py:190} INFO - [2025-04-06T04:12:47.414+0000] {dagbag.py:588} INFO - Filling up the DagBag from /home/airflow/.local/lib/python3.12/site-packages/airflow/example_dags/tutorial.py
[2025-04-06T04:12:47.421+0000] {processor.py:925} INFO - DAG(s) 'tutorial' retrieved from /home/airflow/.local/lib/python3.12/site-packages/airflow/example_dags/tutorial.py
[2025-04-06T04:12:47.451+0000] {logging_mixin.py:190} INFO - [2025-04-06T04:12:47.450+0000] {dag.py:3239} INFO - Sync 1 DAGs
[2025-04-06T04:12:47.477+0000] {logging_mixin.py:190} INFO - [2025-04-06T04:12:47.477+0000] {dag.py:4180} INFO - Setting next_dagrun for tutorial to 2025-04-05 00:00:00+00:00, run_after=2025-04-06 00:00:00+00:00
[2025-04-06T04:12:47.501+0000] {processor.py:208} INFO - Processing /home/airflow/.local/lib/python3.12/site-packages/airflow/example_dags/tutorial.py took 0.095 seconds
[2025-04-06T04:13:17.528+0000] {processor.py:186} INFO - Started process (PID=2382) to work on /home/airflow/.local/lib/python3.12/site-packages/airflow/example_dags/tutorial.py
[2025-04-06T04:13:17.542+0000] {processor.py:914} INFO - Processing file /home/airflow/.local/lib/python3.12/site-packages/airflow/example_dags/tutorial.py for tasks to queue
[2025-04-06T04:13:17.545+0000] {logging_mixin.py:190} INFO - [2025-04-06T04:13:17.545+0000] {dagbag.py:588} INFO - Filling up the DagBag from /home/airflow/.local/lib/python3.12/site-packages/airflow/example_dags/tutorial.py
[2025-04-06T04:13:17.554+0000] {processor.py:925} INFO - DAG(s) 'tutorial' retrieved from /home/airflow/.local/lib/python3.12/site-packages/airflow/example_dags/tutorial.py
[2025-04-06T04:13:17.574+0000] {logging_mixin.py:190} INFO - [2025-04-06T04:13:17.573+0000] {dag.py:3239} INFO - Sync 1 DAGs
[2025-04-06T04:13:17.594+0000] {logging_mixin.py:190} INFO - [2025-04-06T04:13:17.594+0000] {dag.py:4180} INFO - Setting next_dagrun for tutorial to 2025-04-05 00:00:00+00:00, run_after=2025-04-06 00:00:00+00:00
[2025-04-06T04:13:17.615+0000] {processor.py:208} INFO - Processing /home/airflow/.local/lib/python3.12/site-packages/airflow/example_dags/tutorial.py took 0.092 seconds
[2025-04-06T04:13:48.145+0000] {processor.py:186} INFO - Started process (PID=2446) to work on /home/airflow/.local/lib/python3.12/site-packages/airflow/example_dags/tutorial.py
[2025-04-06T04:13:48.153+0000] {processor.py:914} INFO - Processing file /home/airflow/.local/lib/python3.12/site-packages/airflow/example_dags/tutorial.py for tasks to queue
[2025-04-06T04:13:48.155+0000] {logging_mixin.py:190} INFO - [2025-04-06T04:13:48.155+0000] {dagbag.py:588} INFO - Filling up the DagBag from /home/airflow/.local/lib/python3.12/site-packages/airflow/example_dags/tutorial.py
[2025-04-06T04:13:48.163+0000] {processor.py:925} INFO - DAG(s) 'tutorial' retrieved from /home/airflow/.local/lib/python3.12/site-packages/airflow/example_dags/tutorial.py
[2025-04-06T04:13:48.183+0000] {logging_mixin.py:190} INFO - [2025-04-06T04:13:48.183+0000] {dag.py:3239} INFO - Sync 1 DAGs
[2025-04-06T04:13:48.203+0000] {logging_mixin.py:190} INFO - [2025-04-06T04:13:48.202+0000] {dag.py:4180} INFO - Setting next_dagrun for tutorial to 2025-04-05 00:00:00+00:00, run_after=2025-04-06 00:00:00+00:00
[2025-04-06T04:13:48.222+0000] {processor.py:208} INFO - Processing /home/airflow/.local/lib/python3.12/site-packages/airflow/example_dags/tutorial.py took 0.081 seconds
[2025-04-06T04:14:18.449+0000] {processor.py:186} INFO - Started process (PID=2509) to work on /home/airflow/.local/lib/python3.12/site-packages/airflow/example_dags/tutorial.py
[2025-04-06T04:14:18.450+0000] {processor.py:914} INFO - Processing file /home/airflow/.local/lib/python3.12/site-packages/airflow/example_dags/tutorial.py for tasks to queue
[2025-04-06T04:14:18.453+0000] {logging_mixin.py:190} INFO - [2025-04-06T04:14:18.452+0000] {dagbag.py:588} INFO - Filling up the DagBag from /home/airflow/.local/lib/python3.12/site-packages/airflow/example_dags/tutorial.py
[2025-04-06T04:14:18.462+0000] {processor.py:925} INFO - DAG(s) 'tutorial' retrieved from /home/airflow/.local/lib/python3.12/site-packages/airflow/example_dags/tutorial.py
[2025-04-06T04:14:18.480+0000] {logging_mixin.py:190} INFO - [2025-04-06T04:14:18.480+0000] {dag.py:3239} INFO - Sync 1 DAGs
[2025-04-06T04:14:18.503+0000] {logging_mixin.py:190} INFO - [2025-04-06T04:14:18.502+0000] {dag.py:4180} INFO - Setting next_dagrun for tutorial to 2025-04-05 00:00:00+00:00, run_after=2025-04-06 00:00:00+00:00
[2025-04-06T04:14:18.526+0000] {processor.py:208} INFO - Processing /home/airflow/.local/lib/python3.12/site-packages/airflow/example_dags/tutorial.py took 0.085 seconds
[2025-04-06T04:14:48.685+0000] {processor.py:186} INFO - Started process (PID=2571) to work on /home/airflow/.local/lib/python3.12/site-packages/airflow/example_dags/tutorial.py
[2025-04-06T04:14:48.686+0000] {processor.py:914} INFO - Processing file /home/airflow/.local/lib/python3.12/site-packages/airflow/example_dags/tutorial.py for tasks to queue
[2025-04-06T04:14:48.689+0000] {logging_mixin.py:190} INFO - [2025-04-06T04:14:48.688+0000] {dagbag.py:588} INFO - Filling up the DagBag from /home/airflow/.local/lib/python3.12/site-packages/airflow/example_dags/tutorial.py
[2025-04-06T04:14:48.697+0000] {processor.py:925} INFO - DAG(s) 'tutorial' retrieved from /home/airflow/.local/lib/python3.12/site-packages/airflow/example_dags/tutorial.py
[2025-04-06T04:14:48.717+0000] {logging_mixin.py:190} INFO - [2025-04-06T04:14:48.717+0000] {dag.py:3239} INFO - Sync 1 DAGs
[2025-04-06T04:14:48.743+0000] {logging_mixin.py:190} INFO - [2025-04-06T04:14:48.743+0000] {dag.py:4180} INFO - Setting next_dagrun for tutorial to 2025-04-05 00:00:00+00:00, run_after=2025-04-06 00:00:00+00:00
[2025-04-06T04:14:48.788+0000] {processor.py:208} INFO - Processing /home/airflow/.local/lib/python3.12/site-packages/airflow/example_dags/tutorial.py took 0.110 seconds
[2025-04-06T04:15:19.133+0000] {processor.py:186} INFO - Started process (PID=2634) to work on /home/airflow/.local/lib/python3.12/site-packages/airflow/example_dags/tutorial.py
[2025-04-06T04:15:19.138+0000] {processor.py:914} INFO - Processing file /home/airflow/.local/lib/python3.12/site-packages/airflow/example_dags/tutorial.py for tasks to queue
[2025-04-06T04:15:19.141+0000] {logging_mixin.py:190} INFO - [2025-04-06T04:15:19.140+0000] {dagbag.py:588} INFO - Filling up the DagBag from /home/airflow/.local/lib/python3.12/site-packages/airflow/example_dags/tutorial.py
[2025-04-06T04:15:19.149+0000] {processor.py:925} INFO - DAG(s) 'tutorial' retrieved from /home/airflow/.local/lib/python3.12/site-packages/airflow/example_dags/tutorial.py
[2025-04-06T04:15:19.170+0000] {logging_mixin.py:190} INFO - [2025-04-06T04:15:19.170+0000] {dag.py:3239} INFO - Sync 1 DAGs
[2025-04-06T04:15:19.188+0000] {logging_mixin.py:190} INFO - [2025-04-06T04:15:19.188+0000] {dag.py:4180} INFO - Setting next_dagrun for tutorial to 2025-04-05 00:00:00+00:00, run_after=2025-04-06 00:00:00+00:00
[2025-04-06T04:15:19.207+0000] {processor.py:208} INFO - Processing /home/airflow/.local/lib/python3.12/site-packages/airflow/example_dags/tutorial.py took 0.080 seconds
[2025-04-06T04:15:49.682+0000] {processor.py:186} INFO - Started process (PID=2697) to work on /home/airflow/.local/lib/python3.12/site-packages/airflow/example_dags/tutorial.py
[2025-04-06T04:15:49.684+0000] {processor.py:914} INFO - Processing file /home/airflow/.local/lib/python3.12/site-packages/airflow/example_dags/tutorial.py for tasks to queue
[2025-04-06T04:15:49.686+0000] {logging_mixin.py:190} INFO - [2025-04-06T04:15:49.685+0000] {dagbag.py:588} INFO - Filling up the DagBag from /home/airflow/.local/lib/python3.12/site-packages/airflow/example_dags/tutorial.py
[2025-04-06T04:15:49.696+0000] {processor.py:925} INFO - DAG(s) 'tutorial' retrieved from /home/airflow/.local/lib/python3.12/site-packages/airflow/example_dags/tutorial.py
[2025-04-06T04:15:49.717+0000] {logging_mixin.py:190} INFO - [2025-04-06T04:15:49.717+0000] {dag.py:3239} INFO - Sync 1 DAGs
[2025-04-06T04:15:49.735+0000] {logging_mixin.py:190} INFO - [2025-04-06T04:15:49.735+0000] {dag.py:4180} INFO - Setting next_dagrun for tutorial to 2025-04-05 00:00:00+00:00, run_after=2025-04-06 00:00:00+00:00
[2025-04-06T04:15:49.757+0000] {processor.py:208} INFO - Processing /home/airflow/.local/lib/python3.12/site-packages/airflow/example_dags/tutorial.py took 0.080 seconds
[2025-04-06T04:16:20.281+0000] {processor.py:186} INFO - Started process (PID=2760) to work on /home/airflow/.local/lib/python3.12/site-packages/airflow/example_dags/tutorial.py
[2025-04-06T04:16:20.283+0000] {processor.py:914} INFO - Processing file /home/airflow/.local/lib/python3.12/site-packages/airflow/example_dags/tutorial.py for tasks to queue
[2025-04-06T04:16:20.286+0000] {logging_mixin.py:190} INFO - [2025-04-06T04:16:20.285+0000] {dagbag.py:588} INFO - Filling up the DagBag from /home/airflow/.local/lib/python3.12/site-packages/airflow/example_dags/tutorial.py
[2025-04-06T04:16:20.296+0000] {processor.py:925} INFO - DAG(s) 'tutorial' retrieved from /home/airflow/.local/lib/python3.12/site-packages/airflow/example_dags/tutorial.py
[2025-04-06T04:16:20.317+0000] {logging_mixin.py:190} INFO - [2025-04-06T04:16:20.317+0000] {dag.py:3239} INFO - Sync 1 DAGs
[2025-04-06T04:16:20.345+0000] {logging_mixin.py:190} INFO - [2025-04-06T04:16:20.345+0000] {dag.py:4180} INFO - Setting next_dagrun for tutorial to 2025-04-05 00:00:00+00:00, run_after=2025-04-06 00:00:00+00:00
[2025-04-06T04:16:20.369+0000] {processor.py:208} INFO - Processing /home/airflow/.local/lib/python3.12/site-packages/airflow/example_dags/tutorial.py took 0.096 seconds
[2025-04-06T04:16:50.506+0000] {processor.py:186} INFO - Started process (PID=2823) to work on /home/airflow/.local/lib/python3.12/site-packages/airflow/example_dags/tutorial.py
[2025-04-06T04:16:50.514+0000] {processor.py:914} INFO - Processing file /home/airflow/.local/lib/python3.12/site-packages/airflow/example_dags/tutorial.py for tasks to queue
[2025-04-06T04:16:50.516+0000] {logging_mixin.py:190} INFO - [2025-04-06T04:16:50.516+0000] {dagbag.py:588} INFO - Filling up the DagBag from /home/airflow/.local/lib/python3.12/site-packages/airflow/example_dags/tutorial.py
[2025-04-06T04:16:50.522+0000] {processor.py:925} INFO - DAG(s) 'tutorial' retrieved from /home/airflow/.local/lib/python3.12/site-packages/airflow/example_dags/tutorial.py
[2025-04-06T04:16:50.541+0000] {logging_mixin.py:190} INFO - [2025-04-06T04:16:50.541+0000] {dag.py:3239} INFO - Sync 1 DAGs
[2025-04-06T04:16:50.558+0000] {logging_mixin.py:190} INFO - [2025-04-06T04:16:50.558+0000] {dag.py:4180} INFO - Setting next_dagrun for tutorial to 2025-04-05 00:00:00+00:00, run_after=2025-04-06 00:00:00+00:00
[2025-04-06T04:16:50.579+0000] {processor.py:208} INFO - Processing /home/airflow/.local/lib/python3.12/site-packages/airflow/example_dags/tutorial.py took 0.079 seconds
[2025-04-06T04:17:21.482+0000] {processor.py:186} INFO - Started process (PID=2886) to work on /home/airflow/.local/lib/python3.12/site-packages/airflow/example_dags/tutorial.py
[2025-04-06T04:17:21.488+0000] {processor.py:914} INFO - Processing file /home/airflow/.local/lib/python3.12/site-packages/airflow/example_dags/tutorial.py for tasks to queue
[2025-04-06T04:17:21.489+0000] {logging_mixin.py:190} INFO - [2025-04-06T04:17:21.489+0000] {dagbag.py:588} INFO - Filling up the DagBag from /home/airflow/.local/lib/python3.12/site-packages/airflow/example_dags/tutorial.py
[2025-04-06T04:17:21.495+0000] {processor.py:925} INFO - DAG(s) 'tutorial' retrieved from /home/airflow/.local/lib/python3.12/site-packages/airflow/example_dags/tutorial.py
[2025-04-06T04:17:21.516+0000] {logging_mixin.py:190} INFO - [2025-04-06T04:17:21.516+0000] {dag.py:3239} INFO - Sync 1 DAGs
[2025-04-06T04:17:21.535+0000] {logging_mixin.py:190} INFO - [2025-04-06T04:17:21.535+0000] {dag.py:4180} INFO - Setting next_dagrun for tutorial to 2025-04-05 00:00:00+00:00, run_after=2025-04-06 00:00:00+00:00
[2025-04-06T04:17:21.553+0000] {processor.py:208} INFO - Processing /home/airflow/.local/lib/python3.12/site-packages/airflow/example_dags/tutorial.py took 0.078 seconds
[2025-04-06T04:17:51.785+0000] {processor.py:186} INFO - Started process (PID=2949) to work on /home/airflow/.local/lib/python3.12/site-packages/airflow/example_dags/tutorial.py
[2025-04-06T04:17:52.069+0000] {processor.py:914} INFO - Processing file /home/airflow/.local/lib/python3.12/site-packages/airflow/example_dags/tutorial.py for tasks to queue
[2025-04-06T04:17:52.073+0000] {logging_mixin.py:190} INFO - [2025-04-06T04:17:52.073+0000] {dagbag.py:588} INFO - Filling up the DagBag from /home/airflow/.local/lib/python3.12/site-packages/airflow/example_dags/tutorial.py
[2025-04-06T04:17:52.081+0000] {processor.py:925} INFO - DAG(s) 'tutorial' retrieved from /home/airflow/.local/lib/python3.12/site-packages/airflow/example_dags/tutorial.py
[2025-04-06T04:17:52.103+0000] {logging_mixin.py:190} INFO - [2025-04-06T04:17:52.103+0000] {dag.py:3239} INFO - Sync 1 DAGs
[2025-04-06T04:17:52.124+0000] {logging_mixin.py:190} INFO - [2025-04-06T04:17:52.123+0000] {dag.py:4180} INFO - Setting next_dagrun for tutorial to 2025-04-05 00:00:00+00:00, run_after=2025-04-06 00:00:00+00:00
[2025-04-06T04:17:52.145+0000] {processor.py:208} INFO - Processing /home/airflow/.local/lib/python3.12/site-packages/airflow/example_dags/tutorial.py took 0.365 seconds
[2025-04-06T04:18:22.773+0000] {processor.py:186} INFO - Started process (PID=3012) to work on /home/airflow/.local/lib/python3.12/site-packages/airflow/example_dags/tutorial.py
[2025-04-06T04:18:22.774+0000] {processor.py:914} INFO - Processing file /home/airflow/.local/lib/python3.12/site-packages/airflow/example_dags/tutorial.py for tasks to queue
[2025-04-06T04:18:22.776+0000] {logging_mixin.py:190} INFO - [2025-04-06T04:18:22.775+0000] {dagbag.py:588} INFO - Filling up the DagBag from /home/airflow/.local/lib/python3.12/site-packages/airflow/example_dags/tutorial.py
[2025-04-06T04:18:22.783+0000] {processor.py:925} INFO - DAG(s) 'tutorial' retrieved from /home/airflow/.local/lib/python3.12/site-packages/airflow/example_dags/tutorial.py
[2025-04-06T04:18:22.802+0000] {logging_mixin.py:190} INFO - [2025-04-06T04:18:22.802+0000] {dag.py:3239} INFO - Sync 1 DAGs
[2025-04-06T04:18:22.821+0000] {logging_mixin.py:190} INFO - [2025-04-06T04:18:22.820+0000] {dag.py:4180} INFO - Setting next_dagrun for tutorial to 2025-04-05 00:00:00+00:00, run_after=2025-04-06 00:00:00+00:00
[2025-04-06T04:18:22.839+0000] {processor.py:208} INFO - Processing /home/airflow/.local/lib/python3.12/site-packages/airflow/example_dags/tutorial.py took 0.072 seconds
[2025-04-06T04:18:53.079+0000] {processor.py:186} INFO - Started process (PID=3075) to work on /home/airflow/.local/lib/python3.12/site-packages/airflow/example_dags/tutorial.py
[2025-04-06T04:18:53.088+0000] {processor.py:914} INFO - Processing file /home/airflow/.local/lib/python3.12/site-packages/airflow/example_dags/tutorial.py for tasks to queue
[2025-04-06T04:18:53.092+0000] {logging_mixin.py:190} INFO - [2025-04-06T04:18:53.091+0000] {dagbag.py:588} INFO - Filling up the DagBag from /home/airflow/.local/lib/python3.12/site-packages/airflow/example_dags/tutorial.py
[2025-04-06T04:18:53.103+0000] {processor.py:925} INFO - DAG(s) 'tutorial' retrieved from /home/airflow/.local/lib/python3.12/site-packages/airflow/example_dags/tutorial.py
[2025-04-06T04:18:53.132+0000] {logging_mixin.py:190} INFO - [2025-04-06T04:18:53.132+0000] {dag.py:3239} INFO - Sync 1 DAGs
[2025-04-06T04:18:53.164+0000] {logging_mixin.py:190} INFO - [2025-04-06T04:18:53.163+0000] {dag.py:4180} INFO - Setting next_dagrun for tutorial to 2025-04-05 00:00:00+00:00, run_after=2025-04-06 00:00:00+00:00
[2025-04-06T04:18:53.188+0000] {processor.py:208} INFO - Processing /home/airflow/.local/lib/python3.12/site-packages/airflow/example_dags/tutorial.py took 0.113 seconds
[2025-04-06T04:19:23.350+0000] {processor.py:186} INFO - Started process (PID=3138) to work on /home/airflow/.local/lib/python3.12/site-packages/airflow/example_dags/tutorial.py
[2025-04-06T04:19:23.357+0000] {processor.py:914} INFO - Processing file /home/airflow/.local/lib/python3.12/site-packages/airflow/example_dags/tutorial.py for tasks to queue
[2025-04-06T04:19:23.358+0000] {logging_mixin.py:190} INFO - [2025-04-06T04:19:23.358+0000] {dagbag.py:588} INFO - Filling up the DagBag from /home/airflow/.local/lib/python3.12/site-packages/airflow/example_dags/tutorial.py
[2025-04-06T04:19:23.367+0000] {processor.py:925} INFO - DAG(s) 'tutorial' retrieved from /home/airflow/.local/lib/python3.12/site-packages/airflow/example_dags/tutorial.py
[2025-04-06T04:19:23.388+0000] {logging_mixin.py:190} INFO - [2025-04-06T04:19:23.387+0000] {dag.py:3239} INFO - Sync 1 DAGs
[2025-04-06T04:19:23.407+0000] {logging_mixin.py:190} INFO - [2025-04-06T04:19:23.407+0000] {dag.py:4180} INFO - Setting next_dagrun for tutorial to 2025-04-05 00:00:00+00:00, run_after=2025-04-06 00:00:00+00:00
[2025-04-06T04:19:23.426+0000] {processor.py:208} INFO - Processing /home/airflow/.local/lib/python3.12/site-packages/airflow/example_dags/tutorial.py took 0.082 seconds
[2025-04-06T04:19:53.570+0000] {processor.py:186} INFO - Started process (PID=3201) to work on /home/airflow/.local/lib/python3.12/site-packages/airflow/example_dags/tutorial.py
[2025-04-06T04:19:53.578+0000] {processor.py:914} INFO - Processing file /home/airflow/.local/lib/python3.12/site-packages/airflow/example_dags/tutorial.py for tasks to queue
[2025-04-06T04:19:53.579+0000] {logging_mixin.py:190} INFO - [2025-04-06T04:19:53.579+0000] {dagbag.py:588} INFO - Filling up the DagBag from /home/airflow/.local/lib/python3.12/site-packages/airflow/example_dags/tutorial.py
[2025-04-06T04:19:53.585+0000] {processor.py:925} INFO - DAG(s) 'tutorial' retrieved from /home/airflow/.local/lib/python3.12/site-packages/airflow/example_dags/tutorial.py
[2025-04-06T04:19:53.605+0000] {logging_mixin.py:190} INFO - [2025-04-06T04:19:53.605+0000] {dag.py:3239} INFO - Sync 1 DAGs
[2025-04-06T04:19:53.626+0000] {logging_mixin.py:190} INFO - [2025-04-06T04:19:53.626+0000] {dag.py:4180} INFO - Setting next_dagrun for tutorial to 2025-04-05 00:00:00+00:00, run_after=2025-04-06 00:00:00+00:00
[2025-04-06T04:19:53.646+0000] {processor.py:208} INFO - Processing /home/airflow/.local/lib/python3.12/site-packages/airflow/example_dags/tutorial.py took 0.081 seconds
[2025-04-06T04:20:24.143+0000] {processor.py:186} INFO - Started process (PID=3264) to work on /home/airflow/.local/lib/python3.12/site-packages/airflow/example_dags/tutorial.py
[2025-04-06T04:20:24.146+0000] {processor.py:914} INFO - Processing file /home/airflow/.local/lib/python3.12/site-packages/airflow/example_dags/tutorial.py for tasks to queue
[2025-04-06T04:20:24.156+0000] {logging_mixin.py:190} INFO - [2025-04-06T04:20:24.156+0000] {dagbag.py:588} INFO - Filling up the DagBag from /home/airflow/.local/lib/python3.12/site-packages/airflow/example_dags/tutorial.py
[2025-04-06T04:20:24.185+0000] {processor.py:925} INFO - DAG(s) 'tutorial' retrieved from /home/airflow/.local/lib/python3.12/site-packages/airflow/example_dags/tutorial.py
[2025-04-06T04:20:24.234+0000] {logging_mixin.py:190} INFO - [2025-04-06T04:20:24.233+0000] {dag.py:3239} INFO - Sync 1 DAGs
[2025-04-06T04:20:24.325+0000] {logging_mixin.py:190} INFO - [2025-04-06T04:20:24.315+0000] {dag.py:4180} INFO - Setting next_dagrun for tutorial to 2025-04-05 00:00:00+00:00, run_after=2025-04-06 00:00:00+00:00
[2025-04-06T04:20:24.377+0000] {processor.py:208} INFO - Processing /home/airflow/.local/lib/python3.12/site-packages/airflow/example_dags/tutorial.py took 0.240 seconds
[2025-04-06T04:20:54.892+0000] {processor.py:186} INFO - Started process (PID=3327) to work on /home/airflow/.local/lib/python3.12/site-packages/airflow/example_dags/tutorial.py
[2025-04-06T04:20:54.896+0000] {processor.py:914} INFO - Processing file /home/airflow/.local/lib/python3.12/site-packages/airflow/example_dags/tutorial.py for tasks to queue
[2025-04-06T04:20:54.898+0000] {logging_mixin.py:190} INFO - [2025-04-06T04:20:54.898+0000] {dagbag.py:588} INFO - Filling up the DagBag from /home/airflow/.local/lib/python3.12/site-packages/airflow/example_dags/tutorial.py
[2025-04-06T04:20:54.912+0000] {processor.py:925} INFO - DAG(s) 'tutorial' retrieved from /home/airflow/.local/lib/python3.12/site-packages/airflow/example_dags/tutorial.py
[2025-04-06T04:20:54.942+0000] {logging_mixin.py:190} INFO - [2025-04-06T04:20:54.942+0000] {dag.py:3239} INFO - Sync 1 DAGs
[2025-04-06T04:20:54.969+0000] {logging_mixin.py:190} INFO - [2025-04-06T04:20:54.969+0000] {dag.py:4180} INFO - Setting next_dagrun for tutorial to 2025-04-05 00:00:00+00:00, run_after=2025-04-06 00:00:00+00:00
[2025-04-06T04:20:54.990+0000] {processor.py:208} INFO - Processing /home/airflow/.local/lib/python3.12/site-packages/airflow/example_dags/tutorial.py took 0.105 seconds
[2025-04-06T04:21:25.053+0000] {processor.py:186} INFO - Started process (PID=3390) to work on /home/airflow/.local/lib/python3.12/site-packages/airflow/example_dags/tutorial.py
[2025-04-06T04:21:25.055+0000] {processor.py:914} INFO - Processing file /home/airflow/.local/lib/python3.12/site-packages/airflow/example_dags/tutorial.py for tasks to queue
[2025-04-06T04:21:25.057+0000] {logging_mixin.py:190} INFO - [2025-04-06T04:21:25.057+0000] {dagbag.py:588} INFO - Filling up the DagBag from /home/airflow/.local/lib/python3.12/site-packages/airflow/example_dags/tutorial.py
[2025-04-06T04:21:25.063+0000] {processor.py:925} INFO - DAG(s) 'tutorial' retrieved from /home/airflow/.local/lib/python3.12/site-packages/airflow/example_dags/tutorial.py
[2025-04-06T04:21:25.080+0000] {logging_mixin.py:190} INFO - [2025-04-06T04:21:25.080+0000] {dag.py:3239} INFO - Sync 1 DAGs
[2025-04-06T04:21:25.104+0000] {logging_mixin.py:190} INFO - [2025-04-06T04:21:25.103+0000] {dag.py:4180} INFO - Setting next_dagrun for tutorial to 2025-04-05 00:00:00+00:00, run_after=2025-04-06 00:00:00+00:00
[2025-04-06T04:21:25.127+0000] {processor.py:208} INFO - Processing /home/airflow/.local/lib/python3.12/site-packages/airflow/example_dags/tutorial.py took 0.079 seconds
[2025-04-06T04:21:55.494+0000] {processor.py:186} INFO - Started process (PID=3453) to work on /home/airflow/.local/lib/python3.12/site-packages/airflow/example_dags/tutorial.py
[2025-04-06T04:21:55.501+0000] {processor.py:914} INFO - Processing file /home/airflow/.local/lib/python3.12/site-packages/airflow/example_dags/tutorial.py for tasks to queue
[2025-04-06T04:21:55.504+0000] {logging_mixin.py:190} INFO - [2025-04-06T04:21:55.503+0000] {dagbag.py:588} INFO - Filling up the DagBag from /home/airflow/.local/lib/python3.12/site-packages/airflow/example_dags/tutorial.py
[2025-04-06T04:21:55.512+0000] {processor.py:925} INFO - DAG(s) 'tutorial' retrieved from /home/airflow/.local/lib/python3.12/site-packages/airflow/example_dags/tutorial.py
[2025-04-06T04:21:55.532+0000] {logging_mixin.py:190} INFO - [2025-04-06T04:21:55.532+0000] {dag.py:3239} INFO - Sync 1 DAGs
[2025-04-06T04:21:55.555+0000] {logging_mixin.py:190} INFO - [2025-04-06T04:21:55.555+0000] {dag.py:4180} INFO - Setting next_dagrun for tutorial to 2025-04-05 00:00:00+00:00, run_after=2025-04-06 00:00:00+00:00
[2025-04-06T04:21:55.576+0000] {processor.py:208} INFO - Processing /home/airflow/.local/lib/python3.12/site-packages/airflow/example_dags/tutorial.py took 0.087 seconds
[2025-04-06T04:22:25.686+0000] {processor.py:186} INFO - Started process (PID=3516) to work on /home/airflow/.local/lib/python3.12/site-packages/airflow/example_dags/tutorial.py
[2025-04-06T04:22:25.687+0000] {processor.py:914} INFO - Processing file /home/airflow/.local/lib/python3.12/site-packages/airflow/example_dags/tutorial.py for tasks to queue
[2025-04-06T04:22:25.689+0000] {logging_mixin.py:190} INFO - [2025-04-06T04:22:25.688+0000] {dagbag.py:588} INFO - Filling up the DagBag from /home/airflow/.local/lib/python3.12/site-packages/airflow/example_dags/tutorial.py
[2025-04-06T04:22:25.696+0000] {processor.py:925} INFO - DAG(s) 'tutorial' retrieved from /home/airflow/.local/lib/python3.12/site-packages/airflow/example_dags/tutorial.py
[2025-04-06T04:22:25.712+0000] {logging_mixin.py:190} INFO - [2025-04-06T04:22:25.712+0000] {dag.py:3239} INFO - Sync 1 DAGs
[2025-04-06T04:22:25.730+0000] {logging_mixin.py:190} INFO - [2025-04-06T04:22:25.730+0000] {dag.py:4180} INFO - Setting next_dagrun for tutorial to 2025-04-05 00:00:00+00:00, run_after=2025-04-06 00:00:00+00:00
[2025-04-06T04:22:25.748+0000] {processor.py:208} INFO - Processing /home/airflow/.local/lib/python3.12/site-packages/airflow/example_dags/tutorial.py took 0.067 seconds
[2025-04-06T04:22:56.737+0000] {processor.py:186} INFO - Started process (PID=3579) to work on /home/airflow/.local/lib/python3.12/site-packages/airflow/example_dags/tutorial.py
[2025-04-06T04:22:56.739+0000] {processor.py:914} INFO - Processing file /home/airflow/.local/lib/python3.12/site-packages/airflow/example_dags/tutorial.py for tasks to queue
[2025-04-06T04:22:56.741+0000] {logging_mixin.py:190} INFO - [2025-04-06T04:22:56.741+0000] {dagbag.py:588} INFO - Filling up the DagBag from /home/airflow/.local/lib/python3.12/site-packages/airflow/example_dags/tutorial.py
[2025-04-06T04:22:56.749+0000] {processor.py:925} INFO - DAG(s) 'tutorial' retrieved from /home/airflow/.local/lib/python3.12/site-packages/airflow/example_dags/tutorial.py
[2025-04-06T04:22:56.768+0000] {logging_mixin.py:190} INFO - [2025-04-06T04:22:56.768+0000] {dag.py:3239} INFO - Sync 1 DAGs
[2025-04-06T04:22:56.786+0000] {logging_mixin.py:190} INFO - [2025-04-06T04:22:56.785+0000] {dag.py:4180} INFO - Setting next_dagrun for tutorial to 2025-04-05 00:00:00+00:00, run_after=2025-04-06 00:00:00+00:00
[2025-04-06T04:22:56.804+0000] {processor.py:208} INFO - Processing /home/airflow/.local/lib/python3.12/site-packages/airflow/example_dags/tutorial.py took 0.072 seconds
[2025-04-06T04:23:28.372+0000] {processor.py:186} INFO - Started process (PID=3642) to work on /home/airflow/.local/lib/python3.12/site-packages/airflow/example_dags/tutorial.py
[2025-04-06T04:23:28.373+0000] {processor.py:914} INFO - Processing file /home/airflow/.local/lib/python3.12/site-packages/airflow/example_dags/tutorial.py for tasks to queue
[2025-04-06T04:23:28.375+0000] {logging_mixin.py:190} INFO - [2025-04-06T04:23:28.375+0000] {dagbag.py:588} INFO - Filling up the DagBag from /home/airflow/.local/lib/python3.12/site-packages/airflow/example_dags/tutorial.py
[2025-04-06T04:23:28.381+0000] {processor.py:925} INFO - DAG(s) 'tutorial' retrieved from /home/airflow/.local/lib/python3.12/site-packages/airflow/example_dags/tutorial.py
[2025-04-06T04:23:28.401+0000] {logging_mixin.py:190} INFO - [2025-04-06T04:23:28.401+0000] {dag.py:3239} INFO - Sync 1 DAGs
[2025-04-06T04:23:28.565+0000] {logging_mixin.py:190} INFO - [2025-04-06T04:23:28.565+0000] {dag.py:4180} INFO - Setting next_dagrun for tutorial to 2025-04-05 00:00:00+00:00, run_after=2025-04-06 00:00:00+00:00
[2025-04-06T04:23:28.605+0000] {processor.py:208} INFO - Processing /home/airflow/.local/lib/python3.12/site-packages/airflow/example_dags/tutorial.py took 0.239 seconds
[2025-04-06T04:23:58.998+0000] {processor.py:186} INFO - Started process (PID=3705) to work on /home/airflow/.local/lib/python3.12/site-packages/airflow/example_dags/tutorial.py
[2025-04-06T04:23:59.000+0000] {processor.py:914} INFO - Processing file /home/airflow/.local/lib/python3.12/site-packages/airflow/example_dags/tutorial.py for tasks to queue
[2025-04-06T04:23:59.002+0000] {logging_mixin.py:190} INFO - [2025-04-06T04:23:59.001+0000] {dagbag.py:588} INFO - Filling up the DagBag from /home/airflow/.local/lib/python3.12/site-packages/airflow/example_dags/tutorial.py
[2025-04-06T04:23:59.008+0000] {processor.py:925} INFO - DAG(s) 'tutorial' retrieved from /home/airflow/.local/lib/python3.12/site-packages/airflow/example_dags/tutorial.py
[2025-04-06T04:23:59.027+0000] {logging_mixin.py:190} INFO - [2025-04-06T04:23:59.027+0000] {dag.py:3239} INFO - Sync 1 DAGs
[2025-04-06T04:23:59.239+0000] {logging_mixin.py:190} INFO - [2025-04-06T04:23:59.239+0000] {dag.py:4180} INFO - Setting next_dagrun for tutorial to 2025-04-05 00:00:00+00:00, run_after=2025-04-06 00:00:00+00:00
[2025-04-06T04:23:59.263+0000] {processor.py:208} INFO - Processing /home/airflow/.local/lib/python3.12/site-packages/airflow/example_dags/tutorial.py took 0.270 seconds
[2025-04-06T04:24:29.635+0000] {processor.py:186} INFO - Started process (PID=3768) to work on /home/airflow/.local/lib/python3.12/site-packages/airflow/example_dags/tutorial.py
[2025-04-06T04:24:29.636+0000] {processor.py:914} INFO - Processing file /home/airflow/.local/lib/python3.12/site-packages/airflow/example_dags/tutorial.py for tasks to queue
[2025-04-06T04:24:29.638+0000] {logging_mixin.py:190} INFO - [2025-04-06T04:24:29.637+0000] {dagbag.py:588} INFO - Filling up the DagBag from /home/airflow/.local/lib/python3.12/site-packages/airflow/example_dags/tutorial.py
[2025-04-06T04:24:29.644+0000] {processor.py:925} INFO - DAG(s) 'tutorial' retrieved from /home/airflow/.local/lib/python3.12/site-packages/airflow/example_dags/tutorial.py
[2025-04-06T04:24:29.661+0000] {logging_mixin.py:190} INFO - [2025-04-06T04:24:29.661+0000] {dag.py:3239} INFO - Sync 1 DAGs
[2025-04-06T04:24:29.682+0000] {logging_mixin.py:190} INFO - [2025-04-06T04:24:29.682+0000] {dag.py:4180} INFO - Setting next_dagrun for tutorial to 2025-04-05 00:00:00+00:00, run_after=2025-04-06 00:00:00+00:00
[2025-04-06T04:24:29.703+0000] {processor.py:208} INFO - Processing /home/airflow/.local/lib/python3.12/site-packages/airflow/example_dags/tutorial.py took 0.072 seconds
[2025-04-06T04:25:00.144+0000] {processor.py:186} INFO - Started process (PID=3831) to work on /home/airflow/.local/lib/python3.12/site-packages/airflow/example_dags/tutorial.py
[2025-04-06T04:25:00.145+0000] {processor.py:914} INFO - Processing file /home/airflow/.local/lib/python3.12/site-packages/airflow/example_dags/tutorial.py for tasks to queue
[2025-04-06T04:25:00.147+0000] {logging_mixin.py:190} INFO - [2025-04-06T04:25:00.146+0000] {dagbag.py:588} INFO - Filling up the DagBag from /home/airflow/.local/lib/python3.12/site-packages/airflow/example_dags/tutorial.py
[2025-04-06T04:25:00.155+0000] {processor.py:925} INFO - DAG(s) 'tutorial' retrieved from /home/airflow/.local/lib/python3.12/site-packages/airflow/example_dags/tutorial.py
[2025-04-06T04:25:00.177+0000] {logging_mixin.py:190} INFO - [2025-04-06T04:25:00.177+0000] {dag.py:3239} INFO - Sync 1 DAGs
[2025-04-06T04:25:00.208+0000] {logging_mixin.py:190} INFO - [2025-04-06T04:25:00.207+0000] {dag.py:4180} INFO - Setting next_dagrun for tutorial to 2025-04-05 00:00:00+00:00, run_after=2025-04-06 00:00:00+00:00
[2025-04-06T04:25:00.231+0000] {processor.py:208} INFO - Processing /home/airflow/.local/lib/python3.12/site-packages/airflow/example_dags/tutorial.py took 0.093 seconds
[2025-04-06T04:25:30.870+0000] {processor.py:186} INFO - Started process (PID=3895) to work on /home/airflow/.local/lib/python3.12/site-packages/airflow/example_dags/tutorial.py
[2025-04-06T04:25:30.871+0000] {processor.py:914} INFO - Processing file /home/airflow/.local/lib/python3.12/site-packages/airflow/example_dags/tutorial.py for tasks to queue
[2025-04-06T04:25:30.873+0000] {logging_mixin.py:190} INFO - [2025-04-06T04:25:30.873+0000] {dagbag.py:588} INFO - Filling up the DagBag from /home/airflow/.local/lib/python3.12/site-packages/airflow/example_dags/tutorial.py
[2025-04-06T04:25:30.879+0000] {processor.py:925} INFO - DAG(s) 'tutorial' retrieved from /home/airflow/.local/lib/python3.12/site-packages/airflow/example_dags/tutorial.py
[2025-04-06T04:25:30.894+0000] {logging_mixin.py:190} INFO - [2025-04-06T04:25:30.893+0000] {dag.py:3239} INFO - Sync 1 DAGs
[2025-04-06T04:25:30.911+0000] {logging_mixin.py:190} INFO - [2025-04-06T04:25:30.911+0000] {dag.py:4180} INFO - Setting next_dagrun for tutorial to 2025-04-05 00:00:00+00:00, run_after=2025-04-06 00:00:00+00:00
[2025-04-06T04:25:30.926+0000] {processor.py:208} INFO - Processing /home/airflow/.local/lib/python3.12/site-packages/airflow/example_dags/tutorial.py took 0.061 seconds
[2025-04-06T04:26:02.015+0000] {processor.py:186} INFO - Started process (PID=3958) to work on /home/airflow/.local/lib/python3.12/site-packages/airflow/example_dags/tutorial.py
[2025-04-06T04:26:02.016+0000] {processor.py:914} INFO - Processing file /home/airflow/.local/lib/python3.12/site-packages/airflow/example_dags/tutorial.py for tasks to queue
[2025-04-06T04:26:02.019+0000] {logging_mixin.py:190} INFO - [2025-04-06T04:26:02.019+0000] {dagbag.py:588} INFO - Filling up the DagBag from /home/airflow/.local/lib/python3.12/site-packages/airflow/example_dags/tutorial.py
[2025-04-06T04:26:02.027+0000] {processor.py:925} INFO - DAG(s) 'tutorial' retrieved from /home/airflow/.local/lib/python3.12/site-packages/airflow/example_dags/tutorial.py
[2025-04-06T04:26:02.048+0000] {logging_mixin.py:190} INFO - [2025-04-06T04:26:02.048+0000] {dag.py:3239} INFO - Sync 1 DAGs
[2025-04-06T04:26:02.075+0000] {logging_mixin.py:190} INFO - [2025-04-06T04:26:02.075+0000] {dag.py:4180} INFO - Setting next_dagrun for tutorial to 2025-04-05 00:00:00+00:00, run_after=2025-04-06 00:00:00+00:00
[2025-04-06T04:26:02.098+0000] {processor.py:208} INFO - Processing /home/airflow/.local/lib/python3.12/site-packages/airflow/example_dags/tutorial.py took 0.088 seconds
