[2025-04-05T15:19:20.199+0000] {processor.py:186} INFO - Started process (PID=118) to work on /home/airflow/.local/lib/python3.12/site-packages/airflow/example_dags/example_branch_operator.py
[2025-04-05T15:19:20.200+0000] {processor.py:914} INFO - Processing file /home/airflow/.local/lib/python3.12/site-packages/airflow/example_dags/example_branch_operator.py for tasks to queue
[2025-04-05T15:19:20.202+0000] {logging_mixin.py:190} INFO - [2025-04-05T15:19:20.202+0000] {dagbag.py:588} INFO - Filling up the DagBag from /home/airflow/.local/lib/python3.12/site-packages/airflow/example_dags/example_branch_operator.py
[2025-04-05T15:19:20.223+0000] {processor.py:925} INFO - DAG(s) 'example_branch_operator' retrieved from /home/airflow/.local/lib/python3.12/site-packages/airflow/example_dags/example_branch_operator.py
[2025-04-05T15:19:20.340+0000] {logging_mixin.py:190} INFO - [2025-04-05T15:19:20.339+0000] {override.py:1912} INFO - Created Permission View: can read on DAG:example_branch_operator
[2025-04-05T15:19:20.354+0000] {logging_mixin.py:190} INFO - [2025-04-05T15:19:20.354+0000] {override.py:1912} INFO - Created Permission View: can delete on DAG:example_branch_operator
[2025-04-05T15:19:20.364+0000] {logging_mixin.py:190} INFO - [2025-04-05T15:19:20.364+0000] {override.py:1912} INFO - Created Permission View: can edit on DAG:example_branch_operator
[2025-04-05T15:19:20.376+0000] {logging_mixin.py:190} INFO - [2025-04-05T15:19:20.376+0000] {override.py:1912} INFO - Created Permission View: can read on DAG Run:example_branch_operator
[2025-04-05T15:19:20.385+0000] {logging_mixin.py:190} INFO - [2025-04-05T15:19:20.385+0000] {override.py:1912} INFO - Created Permission View: can create on DAG Run:example_branch_operator
[2025-04-05T15:19:20.396+0000] {logging_mixin.py:190} INFO - [2025-04-05T15:19:20.396+0000] {override.py:1912} INFO - Created Permission View: can delete on DAG Run:example_branch_operator
[2025-04-05T15:19:20.408+0000] {logging_mixin.py:190} INFO - [2025-04-05T15:19:20.407+0000] {override.py:1912} INFO - Created Permission View: menu access on DAG Run:example_branch_operator
[2025-04-05T15:19:20.408+0000] {logging_mixin.py:190} INFO - [2025-04-05T15:19:20.408+0000] {dag.py:3239} INFO - Sync 1 DAGs
[2025-04-05T15:19:20.421+0000] {logging_mixin.py:190} INFO - [2025-04-05T15:19:20.421+0000] {dag.py:3262} INFO - Creating ORM DAG for example_branch_operator
[2025-04-05T15:19:20.433+0000] {logging_mixin.py:190} INFO - [2025-04-05T15:19:20.433+0000] {dag.py:4180} INFO - Setting next_dagrun for example_branch_operator to 2025-04-04 00:00:00+00:00, run_after=2025-04-05 00:00:00+00:00
[2025-04-05T15:19:20.462+0000] {processor.py:208} INFO - Processing /home/airflow/.local/lib/python3.12/site-packages/airflow/example_dags/example_branch_operator.py took 0.268 seconds
[2025-04-05T15:19:51.181+0000] {processor.py:186} INFO - Started process (PID=181) to work on /home/airflow/.local/lib/python3.12/site-packages/airflow/example_dags/example_branch_operator.py
[2025-04-05T15:19:51.182+0000] {processor.py:914} INFO - Processing file /home/airflow/.local/lib/python3.12/site-packages/airflow/example_dags/example_branch_operator.py for tasks to queue
[2025-04-05T15:19:51.184+0000] {logging_mixin.py:190} INFO - [2025-04-05T15:19:51.184+0000] {dagbag.py:588} INFO - Filling up the DagBag from /home/airflow/.local/lib/python3.12/site-packages/airflow/example_dags/example_branch_operator.py
[2025-04-05T15:19:51.198+0000] {processor.py:925} INFO - DAG(s) 'example_branch_operator' retrieved from /home/airflow/.local/lib/python3.12/site-packages/airflow/example_dags/example_branch_operator.py
[2025-04-05T15:19:51.223+0000] {logging_mixin.py:190} INFO - [2025-04-05T15:19:51.223+0000] {dag.py:3239} INFO - Sync 1 DAGs
[2025-04-05T15:19:51.247+0000] {logging_mixin.py:190} INFO - [2025-04-05T15:19:51.246+0000] {dag.py:4180} INFO - Setting next_dagrun for example_branch_operator to 2025-04-04 00:00:00+00:00, run_after=2025-04-05 00:00:00+00:00
[2025-04-05T15:19:51.271+0000] {processor.py:208} INFO - Processing /home/airflow/.local/lib/python3.12/site-packages/airflow/example_dags/example_branch_operator.py took 0.096 seconds
[2025-04-05T15:20:21.429+0000] {processor.py:186} INFO - Started process (PID=242) to work on /home/airflow/.local/lib/python3.12/site-packages/airflow/example_dags/example_branch_operator.py
[2025-04-05T15:20:21.431+0000] {processor.py:914} INFO - Processing file /home/airflow/.local/lib/python3.12/site-packages/airflow/example_dags/example_branch_operator.py for tasks to queue
[2025-04-05T15:20:21.432+0000] {logging_mixin.py:190} INFO - [2025-04-05T15:20:21.432+0000] {dagbag.py:588} INFO - Filling up the DagBag from /home/airflow/.local/lib/python3.12/site-packages/airflow/example_dags/example_branch_operator.py
[2025-04-05T15:20:21.445+0000] {processor.py:925} INFO - DAG(s) 'example_branch_operator' retrieved from /home/airflow/.local/lib/python3.12/site-packages/airflow/example_dags/example_branch_operator.py
[2025-04-05T15:20:21.467+0000] {logging_mixin.py:190} INFO - [2025-04-05T15:20:21.467+0000] {dag.py:3239} INFO - Sync 1 DAGs
[2025-04-05T15:20:21.486+0000] {logging_mixin.py:190} INFO - [2025-04-05T15:20:21.486+0000] {dag.py:4180} INFO - Setting next_dagrun for example_branch_operator to 2025-04-04 00:00:00+00:00, run_after=2025-04-05 00:00:00+00:00
[2025-04-05T15:20:21.506+0000] {processor.py:208} INFO - Processing /home/airflow/.local/lib/python3.12/site-packages/airflow/example_dags/example_branch_operator.py took 0.081 seconds
[2025-04-05T15:20:52.124+0000] {processor.py:186} INFO - Started process (PID=305) to work on /home/airflow/.local/lib/python3.12/site-packages/airflow/example_dags/example_branch_operator.py
[2025-04-05T15:20:52.125+0000] {processor.py:914} INFO - Processing file /home/airflow/.local/lib/python3.12/site-packages/airflow/example_dags/example_branch_operator.py for tasks to queue
[2025-04-05T15:20:52.127+0000] {logging_mixin.py:190} INFO - [2025-04-05T15:20:52.127+0000] {dagbag.py:588} INFO - Filling up the DagBag from /home/airflow/.local/lib/python3.12/site-packages/airflow/example_dags/example_branch_operator.py
[2025-04-05T15:20:52.144+0000] {processor.py:925} INFO - DAG(s) 'example_branch_operator' retrieved from /home/airflow/.local/lib/python3.12/site-packages/airflow/example_dags/example_branch_operator.py
[2025-04-05T15:20:52.171+0000] {logging_mixin.py:190} INFO - [2025-04-05T15:20:52.171+0000] {dag.py:3239} INFO - Sync 1 DAGs
[2025-04-05T15:20:52.195+0000] {logging_mixin.py:190} INFO - [2025-04-05T15:20:52.194+0000] {dag.py:4180} INFO - Setting next_dagrun for example_branch_operator to 2025-04-04 00:00:00+00:00, run_after=2025-04-05 00:00:00+00:00
[2025-04-05T15:20:52.219+0000] {processor.py:208} INFO - Processing /home/airflow/.local/lib/python3.12/site-packages/airflow/example_dags/example_branch_operator.py took 0.100 seconds
[2025-04-05T15:21:22.604+0000] {processor.py:186} INFO - Started process (PID=368) to work on /home/airflow/.local/lib/python3.12/site-packages/airflow/example_dags/example_branch_operator.py
[2025-04-05T15:21:22.605+0000] {processor.py:914} INFO - Processing file /home/airflow/.local/lib/python3.12/site-packages/airflow/example_dags/example_branch_operator.py for tasks to queue
[2025-04-05T15:21:22.607+0000] {logging_mixin.py:190} INFO - [2025-04-05T15:21:22.607+0000] {dagbag.py:588} INFO - Filling up the DagBag from /home/airflow/.local/lib/python3.12/site-packages/airflow/example_dags/example_branch_operator.py
[2025-04-05T15:21:22.621+0000] {processor.py:925} INFO - DAG(s) 'example_branch_operator' retrieved from /home/airflow/.local/lib/python3.12/site-packages/airflow/example_dags/example_branch_operator.py
[2025-04-05T15:21:22.644+0000] {logging_mixin.py:190} INFO - [2025-04-05T15:21:22.644+0000] {dag.py:3239} INFO - Sync 1 DAGs
[2025-04-05T15:21:22.663+0000] {logging_mixin.py:190} INFO - [2025-04-05T15:21:22.662+0000] {dag.py:4180} INFO - Setting next_dagrun for example_branch_operator to 2025-04-04 00:00:00+00:00, run_after=2025-04-05 00:00:00+00:00
[2025-04-05T15:21:22.682+0000] {processor.py:208} INFO - Processing /home/airflow/.local/lib/python3.12/site-packages/airflow/example_dags/example_branch_operator.py took 0.082 seconds
[2025-04-05T15:21:52.942+0000] {processor.py:186} INFO - Started process (PID=431) to work on /home/airflow/.local/lib/python3.12/site-packages/airflow/example_dags/example_branch_operator.py
[2025-04-05T15:21:52.944+0000] {processor.py:914} INFO - Processing file /home/airflow/.local/lib/python3.12/site-packages/airflow/example_dags/example_branch_operator.py for tasks to queue
[2025-04-05T15:21:52.946+0000] {logging_mixin.py:190} INFO - [2025-04-05T15:21:52.946+0000] {dagbag.py:588} INFO - Filling up the DagBag from /home/airflow/.local/lib/python3.12/site-packages/airflow/example_dags/example_branch_operator.py
[2025-04-05T15:21:52.963+0000] {processor.py:925} INFO - DAG(s) 'example_branch_operator' retrieved from /home/airflow/.local/lib/python3.12/site-packages/airflow/example_dags/example_branch_operator.py
[2025-04-05T15:21:52.991+0000] {logging_mixin.py:190} INFO - [2025-04-05T15:21:52.991+0000] {dag.py:3239} INFO - Sync 1 DAGs
[2025-04-05T15:21:53.022+0000] {logging_mixin.py:190} INFO - [2025-04-05T15:21:53.022+0000] {dag.py:4180} INFO - Setting next_dagrun for example_branch_operator to 2025-04-04 00:00:00+00:00, run_after=2025-04-05 00:00:00+00:00
[2025-04-05T15:21:53.041+0000] {processor.py:208} INFO - Processing /home/airflow/.local/lib/python3.12/site-packages/airflow/example_dags/example_branch_operator.py took 0.105 seconds
[2025-04-05T15:22:23.308+0000] {processor.py:186} INFO - Started process (PID=494) to work on /home/airflow/.local/lib/python3.12/site-packages/airflow/example_dags/example_branch_operator.py
[2025-04-05T15:22:23.309+0000] {processor.py:914} INFO - Processing file /home/airflow/.local/lib/python3.12/site-packages/airflow/example_dags/example_branch_operator.py for tasks to queue
[2025-04-05T15:22:23.311+0000] {logging_mixin.py:190} INFO - [2025-04-05T15:22:23.310+0000] {dagbag.py:588} INFO - Filling up the DagBag from /home/airflow/.local/lib/python3.12/site-packages/airflow/example_dags/example_branch_operator.py
[2025-04-05T15:22:23.327+0000] {processor.py:925} INFO - DAG(s) 'example_branch_operator' retrieved from /home/airflow/.local/lib/python3.12/site-packages/airflow/example_dags/example_branch_operator.py
[2025-04-05T15:22:23.350+0000] {logging_mixin.py:190} INFO - [2025-04-05T15:22:23.350+0000] {dag.py:3239} INFO - Sync 1 DAGs
[2025-04-05T15:22:23.368+0000] {logging_mixin.py:190} INFO - [2025-04-05T15:22:23.368+0000] {dag.py:4180} INFO - Setting next_dagrun for example_branch_operator to 2025-04-04 00:00:00+00:00, run_after=2025-04-05 00:00:00+00:00
[2025-04-05T15:22:23.386+0000] {processor.py:208} INFO - Processing /home/airflow/.local/lib/python3.12/site-packages/airflow/example_dags/example_branch_operator.py took 0.084 seconds
[2025-04-05T15:22:54.159+0000] {processor.py:186} INFO - Started process (PID=557) to work on /home/airflow/.local/lib/python3.12/site-packages/airflow/example_dags/example_branch_operator.py
[2025-04-05T15:22:54.167+0000] {processor.py:914} INFO - Processing file /home/airflow/.local/lib/python3.12/site-packages/airflow/example_dags/example_branch_operator.py for tasks to queue
[2025-04-05T15:22:54.168+0000] {logging_mixin.py:190} INFO - [2025-04-05T15:22:54.168+0000] {dagbag.py:588} INFO - Filling up the DagBag from /home/airflow/.local/lib/python3.12/site-packages/airflow/example_dags/example_branch_operator.py
[2025-04-05T15:22:54.183+0000] {processor.py:925} INFO - DAG(s) 'example_branch_operator' retrieved from /home/airflow/.local/lib/python3.12/site-packages/airflow/example_dags/example_branch_operator.py
[2025-04-05T15:22:54.207+0000] {logging_mixin.py:190} INFO - [2025-04-05T15:22:54.207+0000] {dag.py:3239} INFO - Sync 1 DAGs
[2025-04-05T15:22:54.226+0000] {logging_mixin.py:190} INFO - [2025-04-05T15:22:54.226+0000] {dag.py:4180} INFO - Setting next_dagrun for example_branch_operator to 2025-04-04 00:00:00+00:00, run_after=2025-04-05 00:00:00+00:00
[2025-04-05T15:22:54.246+0000] {processor.py:208} INFO - Processing /home/airflow/.local/lib/python3.12/site-packages/airflow/example_dags/example_branch_operator.py took 0.091 seconds
[2025-04-05T15:23:24.374+0000] {processor.py:186} INFO - Started process (PID=620) to work on /home/airflow/.local/lib/python3.12/site-packages/airflow/example_dags/example_branch_operator.py
[2025-04-05T15:23:24.376+0000] {processor.py:914} INFO - Processing file /home/airflow/.local/lib/python3.12/site-packages/airflow/example_dags/example_branch_operator.py for tasks to queue
[2025-04-05T15:23:24.378+0000] {logging_mixin.py:190} INFO - [2025-04-05T15:23:24.377+0000] {dagbag.py:588} INFO - Filling up the DagBag from /home/airflow/.local/lib/python3.12/site-packages/airflow/example_dags/example_branch_operator.py
[2025-04-05T15:23:24.393+0000] {processor.py:925} INFO - DAG(s) 'example_branch_operator' retrieved from /home/airflow/.local/lib/python3.12/site-packages/airflow/example_dags/example_branch_operator.py
[2025-04-05T15:23:24.417+0000] {logging_mixin.py:190} INFO - [2025-04-05T15:23:24.417+0000] {dag.py:3239} INFO - Sync 1 DAGs
[2025-04-05T15:23:24.437+0000] {logging_mixin.py:190} INFO - [2025-04-05T15:23:24.437+0000] {dag.py:4180} INFO - Setting next_dagrun for example_branch_operator to 2025-04-04 00:00:00+00:00, run_after=2025-04-05 00:00:00+00:00
[2025-04-05T15:23:24.456+0000] {processor.py:208} INFO - Processing /home/airflow/.local/lib/python3.12/site-packages/airflow/example_dags/example_branch_operator.py took 0.086 seconds
[2025-04-05T15:23:54.807+0000] {processor.py:186} INFO - Started process (PID=683) to work on /home/airflow/.local/lib/python3.12/site-packages/airflow/example_dags/example_branch_operator.py
[2025-04-05T15:23:54.815+0000] {processor.py:914} INFO - Processing file /home/airflow/.local/lib/python3.12/site-packages/airflow/example_dags/example_branch_operator.py for tasks to queue
[2025-04-05T15:23:54.817+0000] {logging_mixin.py:190} INFO - [2025-04-05T15:23:54.817+0000] {dagbag.py:588} INFO - Filling up the DagBag from /home/airflow/.local/lib/python3.12/site-packages/airflow/example_dags/example_branch_operator.py
[2025-04-05T15:23:54.835+0000] {processor.py:925} INFO - DAG(s) 'example_branch_operator' retrieved from /home/airflow/.local/lib/python3.12/site-packages/airflow/example_dags/example_branch_operator.py
[2025-04-05T15:23:54.859+0000] {logging_mixin.py:190} INFO - [2025-04-05T15:23:54.859+0000] {dag.py:3239} INFO - Sync 1 DAGs
[2025-04-05T15:23:54.881+0000] {logging_mixin.py:190} INFO - [2025-04-05T15:23:54.881+0000] {dag.py:4180} INFO - Setting next_dagrun for example_branch_operator to 2025-04-04 00:00:00+00:00, run_after=2025-04-05 00:00:00+00:00
[2025-04-05T15:23:54.902+0000] {processor.py:208} INFO - Processing /home/airflow/.local/lib/python3.12/site-packages/airflow/example_dags/example_branch_operator.py took 0.099 seconds
[2025-04-05T15:24:25.017+0000] {processor.py:186} INFO - Started process (PID=746) to work on /home/airflow/.local/lib/python3.12/site-packages/airflow/example_dags/example_branch_operator.py
[2025-04-05T15:24:25.018+0000] {processor.py:914} INFO - Processing file /home/airflow/.local/lib/python3.12/site-packages/airflow/example_dags/example_branch_operator.py for tasks to queue
[2025-04-05T15:24:25.020+0000] {logging_mixin.py:190} INFO - [2025-04-05T15:24:25.020+0000] {dagbag.py:588} INFO - Filling up the DagBag from /home/airflow/.local/lib/python3.12/site-packages/airflow/example_dags/example_branch_operator.py
[2025-04-05T15:24:25.040+0000] {processor.py:925} INFO - DAG(s) 'example_branch_operator' retrieved from /home/airflow/.local/lib/python3.12/site-packages/airflow/example_dags/example_branch_operator.py
[2025-04-05T15:24:25.066+0000] {logging_mixin.py:190} INFO - [2025-04-05T15:24:25.066+0000] {dag.py:3239} INFO - Sync 1 DAGs
[2025-04-05T15:24:25.088+0000] {logging_mixin.py:190} INFO - [2025-04-05T15:24:25.088+0000] {dag.py:4180} INFO - Setting next_dagrun for example_branch_operator to 2025-04-04 00:00:00+00:00, run_after=2025-04-05 00:00:00+00:00
[2025-04-05T15:24:25.108+0000] {processor.py:208} INFO - Processing /home/airflow/.local/lib/python3.12/site-packages/airflow/example_dags/example_branch_operator.py took 0.097 seconds
[2025-04-05T15:24:55.861+0000] {processor.py:186} INFO - Started process (PID=809) to work on /home/airflow/.local/lib/python3.12/site-packages/airflow/example_dags/example_branch_operator.py
[2025-04-05T15:24:55.862+0000] {processor.py:914} INFO - Processing file /home/airflow/.local/lib/python3.12/site-packages/airflow/example_dags/example_branch_operator.py for tasks to queue
[2025-04-05T15:24:55.864+0000] {logging_mixin.py:190} INFO - [2025-04-05T15:24:55.864+0000] {dagbag.py:588} INFO - Filling up the DagBag from /home/airflow/.local/lib/python3.12/site-packages/airflow/example_dags/example_branch_operator.py
[2025-04-05T15:24:55.876+0000] {processor.py:925} INFO - DAG(s) 'example_branch_operator' retrieved from /home/airflow/.local/lib/python3.12/site-packages/airflow/example_dags/example_branch_operator.py
[2025-04-05T15:24:55.899+0000] {logging_mixin.py:190} INFO - [2025-04-05T15:24:55.898+0000] {dag.py:3239} INFO - Sync 1 DAGs
[2025-04-05T15:24:55.916+0000] {logging_mixin.py:190} INFO - [2025-04-05T15:24:55.916+0000] {dag.py:4180} INFO - Setting next_dagrun for example_branch_operator to 2025-04-04 00:00:00+00:00, run_after=2025-04-05 00:00:00+00:00
[2025-04-05T15:24:55.933+0000] {processor.py:208} INFO - Processing /home/airflow/.local/lib/python3.12/site-packages/airflow/example_dags/example_branch_operator.py took 0.077 seconds
[2025-04-05T15:25:26.021+0000] {processor.py:186} INFO - Started process (PID=871) to work on /home/airflow/.local/lib/python3.12/site-packages/airflow/example_dags/example_branch_operator.py
[2025-04-05T15:25:26.022+0000] {processor.py:914} INFO - Processing file /home/airflow/.local/lib/python3.12/site-packages/airflow/example_dags/example_branch_operator.py for tasks to queue
[2025-04-05T15:25:26.024+0000] {logging_mixin.py:190} INFO - [2025-04-05T15:25:26.024+0000] {dagbag.py:588} INFO - Filling up the DagBag from /home/airflow/.local/lib/python3.12/site-packages/airflow/example_dags/example_branch_operator.py
[2025-04-05T15:25:26.036+0000] {processor.py:925} INFO - DAG(s) 'example_branch_operator' retrieved from /home/airflow/.local/lib/python3.12/site-packages/airflow/example_dags/example_branch_operator.py
[2025-04-05T15:25:26.058+0000] {logging_mixin.py:190} INFO - [2025-04-05T15:25:26.058+0000] {dag.py:3239} INFO - Sync 1 DAGs
[2025-04-05T15:25:26.075+0000] {logging_mixin.py:190} INFO - [2025-04-05T15:25:26.075+0000] {dag.py:4180} INFO - Setting next_dagrun for example_branch_operator to 2025-04-04 00:00:00+00:00, run_after=2025-04-05 00:00:00+00:00
[2025-04-05T15:25:26.091+0000] {processor.py:208} INFO - Processing /home/airflow/.local/lib/python3.12/site-packages/airflow/example_dags/example_branch_operator.py took 0.075 seconds
[2025-04-05T15:25:56.387+0000] {processor.py:186} INFO - Started process (PID=934) to work on /home/airflow/.local/lib/python3.12/site-packages/airflow/example_dags/example_branch_operator.py
[2025-04-05T15:25:56.388+0000] {processor.py:914} INFO - Processing file /home/airflow/.local/lib/python3.12/site-packages/airflow/example_dags/example_branch_operator.py for tasks to queue
[2025-04-05T15:25:56.390+0000] {logging_mixin.py:190} INFO - [2025-04-05T15:25:56.389+0000] {dagbag.py:588} INFO - Filling up the DagBag from /home/airflow/.local/lib/python3.12/site-packages/airflow/example_dags/example_branch_operator.py
[2025-04-05T15:25:56.407+0000] {processor.py:925} INFO - DAG(s) 'example_branch_operator' retrieved from /home/airflow/.local/lib/python3.12/site-packages/airflow/example_dags/example_branch_operator.py
[2025-04-05T15:25:56.432+0000] {logging_mixin.py:190} INFO - [2025-04-05T15:25:56.432+0000] {dag.py:3239} INFO - Sync 1 DAGs
[2025-04-05T15:25:56.453+0000] {logging_mixin.py:190} INFO - [2025-04-05T15:25:56.453+0000] {dag.py:4180} INFO - Setting next_dagrun for example_branch_operator to 2025-04-04 00:00:00+00:00, run_after=2025-04-05 00:00:00+00:00
[2025-04-05T15:25:56.476+0000] {processor.py:208} INFO - Processing /home/airflow/.local/lib/python3.12/site-packages/airflow/example_dags/example_branch_operator.py took 0.094 seconds
[2025-04-05T15:26:26.973+0000] {processor.py:186} INFO - Started process (PID=997) to work on /home/airflow/.local/lib/python3.12/site-packages/airflow/example_dags/example_branch_operator.py
[2025-04-05T15:26:26.974+0000] {processor.py:914} INFO - Processing file /home/airflow/.local/lib/python3.12/site-packages/airflow/example_dags/example_branch_operator.py for tasks to queue
[2025-04-05T15:26:26.977+0000] {logging_mixin.py:190} INFO - [2025-04-05T15:26:26.976+0000] {dagbag.py:588} INFO - Filling up the DagBag from /home/airflow/.local/lib/python3.12/site-packages/airflow/example_dags/example_branch_operator.py
[2025-04-05T15:26:26.998+0000] {processor.py:925} INFO - DAG(s) 'example_branch_operator' retrieved from /home/airflow/.local/lib/python3.12/site-packages/airflow/example_dags/example_branch_operator.py
[2025-04-05T15:26:27.027+0000] {logging_mixin.py:190} INFO - [2025-04-05T15:26:27.027+0000] {dag.py:3239} INFO - Sync 1 DAGs
[2025-04-05T15:26:27.053+0000] {logging_mixin.py:190} INFO - [2025-04-05T15:26:27.052+0000] {dag.py:4180} INFO - Setting next_dagrun for example_branch_operator to 2025-04-04 00:00:00+00:00, run_after=2025-04-05 00:00:00+00:00
[2025-04-05T15:26:27.074+0000] {processor.py:208} INFO - Processing /home/airflow/.local/lib/python3.12/site-packages/airflow/example_dags/example_branch_operator.py took 0.110 seconds
[2025-04-05T15:26:57.163+0000] {processor.py:186} INFO - Started process (PID=1060) to work on /home/airflow/.local/lib/python3.12/site-packages/airflow/example_dags/example_branch_operator.py
[2025-04-05T15:26:57.164+0000] {processor.py:914} INFO - Processing file /home/airflow/.local/lib/python3.12/site-packages/airflow/example_dags/example_branch_operator.py for tasks to queue
[2025-04-05T15:26:57.166+0000] {logging_mixin.py:190} INFO - [2025-04-05T15:26:57.165+0000] {dagbag.py:588} INFO - Filling up the DagBag from /home/airflow/.local/lib/python3.12/site-packages/airflow/example_dags/example_branch_operator.py
[2025-04-05T15:26:57.181+0000] {processor.py:925} INFO - DAG(s) 'example_branch_operator' retrieved from /home/airflow/.local/lib/python3.12/site-packages/airflow/example_dags/example_branch_operator.py
[2025-04-05T15:26:57.206+0000] {logging_mixin.py:190} INFO - [2025-04-05T15:26:57.206+0000] {dag.py:3239} INFO - Sync 1 DAGs
[2025-04-05T15:26:57.227+0000] {logging_mixin.py:190} INFO - [2025-04-05T15:26:57.227+0000] {dag.py:4180} INFO - Setting next_dagrun for example_branch_operator to 2025-04-04 00:00:00+00:00, run_after=2025-04-05 00:00:00+00:00
[2025-04-05T15:26:57.248+0000] {processor.py:208} INFO - Processing /home/airflow/.local/lib/python3.12/site-packages/airflow/example_dags/example_branch_operator.py took 0.090 seconds
[2025-04-05T15:27:28.059+0000] {processor.py:186} INFO - Started process (PID=1123) to work on /home/airflow/.local/lib/python3.12/site-packages/airflow/example_dags/example_branch_operator.py
[2025-04-05T15:27:28.061+0000] {processor.py:914} INFO - Processing file /home/airflow/.local/lib/python3.12/site-packages/airflow/example_dags/example_branch_operator.py for tasks to queue
[2025-04-05T15:27:28.062+0000] {logging_mixin.py:190} INFO - [2025-04-05T15:27:28.062+0000] {dagbag.py:588} INFO - Filling up the DagBag from /home/airflow/.local/lib/python3.12/site-packages/airflow/example_dags/example_branch_operator.py
[2025-04-05T15:27:28.077+0000] {processor.py:925} INFO - DAG(s) 'example_branch_operator' retrieved from /home/airflow/.local/lib/python3.12/site-packages/airflow/example_dags/example_branch_operator.py
[2025-04-05T15:27:28.107+0000] {logging_mixin.py:190} INFO - [2025-04-05T15:27:28.107+0000] {dag.py:3239} INFO - Sync 1 DAGs
[2025-04-05T15:27:28.129+0000] {logging_mixin.py:190} INFO - [2025-04-05T15:27:28.128+0000] {dag.py:4180} INFO - Setting next_dagrun for example_branch_operator to 2025-04-04 00:00:00+00:00, run_after=2025-04-05 00:00:00+00:00
[2025-04-05T15:27:28.149+0000] {processor.py:208} INFO - Processing /home/airflow/.local/lib/python3.12/site-packages/airflow/example_dags/example_branch_operator.py took 0.095 seconds
[2025-04-05T15:27:58.461+0000] {processor.py:186} INFO - Started process (PID=1185) to work on /home/airflow/.local/lib/python3.12/site-packages/airflow/example_dags/example_branch_operator.py
[2025-04-05T15:27:58.463+0000] {processor.py:914} INFO - Processing file /home/airflow/.local/lib/python3.12/site-packages/airflow/example_dags/example_branch_operator.py for tasks to queue
[2025-04-05T15:27:58.465+0000] {logging_mixin.py:190} INFO - [2025-04-05T15:27:58.465+0000] {dagbag.py:588} INFO - Filling up the DagBag from /home/airflow/.local/lib/python3.12/site-packages/airflow/example_dags/example_branch_operator.py
[2025-04-05T15:27:58.481+0000] {processor.py:925} INFO - DAG(s) 'example_branch_operator' retrieved from /home/airflow/.local/lib/python3.12/site-packages/airflow/example_dags/example_branch_operator.py
[2025-04-05T15:27:58.507+0000] {logging_mixin.py:190} INFO - [2025-04-05T15:27:58.507+0000] {dag.py:3239} INFO - Sync 1 DAGs
[2025-04-05T15:27:58.528+0000] {logging_mixin.py:190} INFO - [2025-04-05T15:27:58.528+0000] {dag.py:4180} INFO - Setting next_dagrun for example_branch_operator to 2025-04-04 00:00:00+00:00, run_after=2025-04-05 00:00:00+00:00
[2025-04-05T15:27:58.550+0000] {processor.py:208} INFO - Processing /home/airflow/.local/lib/python3.12/site-packages/airflow/example_dags/example_branch_operator.py took 0.095 seconds
[2025-04-05T15:28:28.813+0000] {processor.py:186} INFO - Started process (PID=1248) to work on /home/airflow/.local/lib/python3.12/site-packages/airflow/example_dags/example_branch_operator.py
[2025-04-05T15:28:28.816+0000] {processor.py:914} INFO - Processing file /home/airflow/.local/lib/python3.12/site-packages/airflow/example_dags/example_branch_operator.py for tasks to queue
[2025-04-05T15:28:28.820+0000] {logging_mixin.py:190} INFO - [2025-04-05T15:28:28.820+0000] {dagbag.py:588} INFO - Filling up the DagBag from /home/airflow/.local/lib/python3.12/site-packages/airflow/example_dags/example_branch_operator.py
[2025-04-05T15:28:28.841+0000] {processor.py:925} INFO - DAG(s) 'example_branch_operator' retrieved from /home/airflow/.local/lib/python3.12/site-packages/airflow/example_dags/example_branch_operator.py
[2025-04-05T15:28:28.873+0000] {logging_mixin.py:190} INFO - [2025-04-05T15:28:28.872+0000] {dag.py:3239} INFO - Sync 1 DAGs
[2025-04-05T15:28:28.901+0000] {logging_mixin.py:190} INFO - [2025-04-05T15:28:28.900+0000] {dag.py:4180} INFO - Setting next_dagrun for example_branch_operator to 2025-04-04 00:00:00+00:00, run_after=2025-04-05 00:00:00+00:00
[2025-04-05T15:28:28.922+0000] {processor.py:208} INFO - Processing /home/airflow/.local/lib/python3.12/site-packages/airflow/example_dags/example_branch_operator.py took 0.119 seconds
[2025-04-05T15:28:59.550+0000] {processor.py:186} INFO - Started process (PID=1311) to work on /home/airflow/.local/lib/python3.12/site-packages/airflow/example_dags/example_branch_operator.py
[2025-04-05T15:28:59.558+0000] {processor.py:914} INFO - Processing file /home/airflow/.local/lib/python3.12/site-packages/airflow/example_dags/example_branch_operator.py for tasks to queue
[2025-04-05T15:28:59.560+0000] {logging_mixin.py:190} INFO - [2025-04-05T15:28:59.560+0000] {dagbag.py:588} INFO - Filling up the DagBag from /home/airflow/.local/lib/python3.12/site-packages/airflow/example_dags/example_branch_operator.py
[2025-04-05T15:28:59.576+0000] {processor.py:925} INFO - DAG(s) 'example_branch_operator' retrieved from /home/airflow/.local/lib/python3.12/site-packages/airflow/example_dags/example_branch_operator.py
[2025-04-05T15:28:59.606+0000] {logging_mixin.py:190} INFO - [2025-04-05T15:28:59.606+0000] {dag.py:3239} INFO - Sync 1 DAGs
[2025-04-05T15:28:59.643+0000] {logging_mixin.py:190} INFO - [2025-04-05T15:28:59.643+0000] {dag.py:4180} INFO - Setting next_dagrun for example_branch_operator to 2025-04-04 00:00:00+00:00, run_after=2025-04-05 00:00:00+00:00
[2025-04-05T15:28:59.667+0000] {processor.py:208} INFO - Processing /home/airflow/.local/lib/python3.12/site-packages/airflow/example_dags/example_branch_operator.py took 0.122 seconds
[2025-04-05T15:29:30.546+0000] {processor.py:186} INFO - Started process (PID=1374) to work on /home/airflow/.local/lib/python3.12/site-packages/airflow/example_dags/example_branch_operator.py
[2025-04-05T15:29:30.548+0000] {processor.py:914} INFO - Processing file /home/airflow/.local/lib/python3.12/site-packages/airflow/example_dags/example_branch_operator.py for tasks to queue
[2025-04-05T15:29:30.551+0000] {logging_mixin.py:190} INFO - [2025-04-05T15:29:30.550+0000] {dagbag.py:588} INFO - Filling up the DagBag from /home/airflow/.local/lib/python3.12/site-packages/airflow/example_dags/example_branch_operator.py
[2025-04-05T15:29:30.570+0000] {processor.py:925} INFO - DAG(s) 'example_branch_operator' retrieved from /home/airflow/.local/lib/python3.12/site-packages/airflow/example_dags/example_branch_operator.py
[2025-04-05T15:29:30.598+0000] {logging_mixin.py:190} INFO - [2025-04-05T15:29:30.598+0000] {dag.py:3239} INFO - Sync 1 DAGs
[2025-04-05T15:29:30.624+0000] {logging_mixin.py:190} INFO - [2025-04-05T15:29:30.623+0000] {dag.py:4180} INFO - Setting next_dagrun for example_branch_operator to 2025-04-04 00:00:00+00:00, run_after=2025-04-05 00:00:00+00:00
[2025-04-05T15:29:30.649+0000] {processor.py:208} INFO - Processing /home/airflow/.local/lib/python3.12/site-packages/airflow/example_dags/example_branch_operator.py took 0.114 seconds
[2025-04-05T15:30:01.277+0000] {processor.py:186} INFO - Started process (PID=1437) to work on /home/airflow/.local/lib/python3.12/site-packages/airflow/example_dags/example_branch_operator.py
[2025-04-05T15:30:01.278+0000] {processor.py:914} INFO - Processing file /home/airflow/.local/lib/python3.12/site-packages/airflow/example_dags/example_branch_operator.py for tasks to queue
[2025-04-05T15:30:01.282+0000] {logging_mixin.py:190} INFO - [2025-04-05T15:30:01.281+0000] {dagbag.py:588} INFO - Filling up the DagBag from /home/airflow/.local/lib/python3.12/site-packages/airflow/example_dags/example_branch_operator.py
[2025-04-05T15:30:01.304+0000] {processor.py:925} INFO - DAG(s) 'example_branch_operator' retrieved from /home/airflow/.local/lib/python3.12/site-packages/airflow/example_dags/example_branch_operator.py
[2025-04-05T15:30:01.339+0000] {logging_mixin.py:190} INFO - [2025-04-05T15:30:01.339+0000] {dag.py:3239} INFO - Sync 1 DAGs
[2025-04-05T15:30:01.365+0000] {logging_mixin.py:190} INFO - [2025-04-05T15:30:01.365+0000] {dag.py:4180} INFO - Setting next_dagrun for example_branch_operator to 2025-04-04 00:00:00+00:00, run_after=2025-04-05 00:00:00+00:00
[2025-04-05T15:30:01.383+0000] {processor.py:208} INFO - Processing /home/airflow/.local/lib/python3.12/site-packages/airflow/example_dags/example_branch_operator.py took 0.113 seconds
[2025-04-05T15:30:32.161+0000] {processor.py:186} INFO - Started process (PID=1501) to work on /home/airflow/.local/lib/python3.12/site-packages/airflow/example_dags/example_branch_operator.py
[2025-04-05T15:30:32.162+0000] {processor.py:914} INFO - Processing file /home/airflow/.local/lib/python3.12/site-packages/airflow/example_dags/example_branch_operator.py for tasks to queue
[2025-04-05T15:30:32.164+0000] {logging_mixin.py:190} INFO - [2025-04-05T15:30:32.164+0000] {dagbag.py:588} INFO - Filling up the DagBag from /home/airflow/.local/lib/python3.12/site-packages/airflow/example_dags/example_branch_operator.py
[2025-04-05T15:30:32.184+0000] {processor.py:925} INFO - DAG(s) 'example_branch_operator' retrieved from /home/airflow/.local/lib/python3.12/site-packages/airflow/example_dags/example_branch_operator.py
[2025-04-05T15:30:32.212+0000] {logging_mixin.py:190} INFO - [2025-04-05T15:30:32.211+0000] {dag.py:3239} INFO - Sync 1 DAGs
[2025-04-05T15:30:32.236+0000] {logging_mixin.py:190} INFO - [2025-04-05T15:30:32.236+0000] {dag.py:4180} INFO - Setting next_dagrun for example_branch_operator to 2025-04-04 00:00:00+00:00, run_after=2025-04-05 00:00:00+00:00
[2025-04-05T15:30:32.258+0000] {processor.py:208} INFO - Processing /home/airflow/.local/lib/python3.12/site-packages/airflow/example_dags/example_branch_operator.py took 0.103 seconds
[2025-04-05T15:31:03.083+0000] {processor.py:186} INFO - Started process (PID=1564) to work on /home/airflow/.local/lib/python3.12/site-packages/airflow/example_dags/example_branch_operator.py
[2025-04-05T15:31:03.086+0000] {processor.py:914} INFO - Processing file /home/airflow/.local/lib/python3.12/site-packages/airflow/example_dags/example_branch_operator.py for tasks to queue
[2025-04-05T15:31:03.090+0000] {logging_mixin.py:190} INFO - [2025-04-05T15:31:03.089+0000] {dagbag.py:588} INFO - Filling up the DagBag from /home/airflow/.local/lib/python3.12/site-packages/airflow/example_dags/example_branch_operator.py
[2025-04-05T15:31:03.110+0000] {processor.py:925} INFO - DAG(s) 'example_branch_operator' retrieved from /home/airflow/.local/lib/python3.12/site-packages/airflow/example_dags/example_branch_operator.py
[2025-04-05T15:31:03.138+0000] {logging_mixin.py:190} INFO - [2025-04-05T15:31:03.138+0000] {dag.py:3239} INFO - Sync 1 DAGs
[2025-04-05T15:31:03.161+0000] {logging_mixin.py:190} INFO - [2025-04-05T15:31:03.161+0000] {dag.py:4180} INFO - Setting next_dagrun for example_branch_operator to 2025-04-04 00:00:00+00:00, run_after=2025-04-05 00:00:00+00:00
[2025-04-05T15:31:03.201+0000] {processor.py:208} INFO - Processing /home/airflow/.local/lib/python3.12/site-packages/airflow/example_dags/example_branch_operator.py took 0.128 seconds
[2025-04-05T15:31:33.880+0000] {processor.py:186} INFO - Started process (PID=1627) to work on /home/airflow/.local/lib/python3.12/site-packages/airflow/example_dags/example_branch_operator.py
[2025-04-05T15:31:33.881+0000] {processor.py:914} INFO - Processing file /home/airflow/.local/lib/python3.12/site-packages/airflow/example_dags/example_branch_operator.py for tasks to queue
[2025-04-05T15:31:33.884+0000] {logging_mixin.py:190} INFO - [2025-04-05T15:31:33.883+0000] {dagbag.py:588} INFO - Filling up the DagBag from /home/airflow/.local/lib/python3.12/site-packages/airflow/example_dags/example_branch_operator.py
[2025-04-05T15:31:33.899+0000] {processor.py:925} INFO - DAG(s) 'example_branch_operator' retrieved from /home/airflow/.local/lib/python3.12/site-packages/airflow/example_dags/example_branch_operator.py
[2025-04-05T15:31:33.929+0000] {logging_mixin.py:190} INFO - [2025-04-05T15:31:33.928+0000] {dag.py:3239} INFO - Sync 1 DAGs
[2025-04-05T15:31:33.952+0000] {logging_mixin.py:190} INFO - [2025-04-05T15:31:33.951+0000] {dag.py:4180} INFO - Setting next_dagrun for example_branch_operator to 2025-04-04 00:00:00+00:00, run_after=2025-04-05 00:00:00+00:00
[2025-04-05T15:31:33.974+0000] {processor.py:208} INFO - Processing /home/airflow/.local/lib/python3.12/site-packages/airflow/example_dags/example_branch_operator.py took 0.101 seconds
[2025-04-05T15:32:04.144+0000] {processor.py:186} INFO - Started process (PID=1690) to work on /home/airflow/.local/lib/python3.12/site-packages/airflow/example_dags/example_branch_operator.py
[2025-04-05T15:32:04.146+0000] {processor.py:914} INFO - Processing file /home/airflow/.local/lib/python3.12/site-packages/airflow/example_dags/example_branch_operator.py for tasks to queue
[2025-04-05T15:32:04.149+0000] {logging_mixin.py:190} INFO - [2025-04-05T15:32:04.148+0000] {dagbag.py:588} INFO - Filling up the DagBag from /home/airflow/.local/lib/python3.12/site-packages/airflow/example_dags/example_branch_operator.py
[2025-04-05T15:32:04.171+0000] {processor.py:925} INFO - DAG(s) 'example_branch_operator' retrieved from /home/airflow/.local/lib/python3.12/site-packages/airflow/example_dags/example_branch_operator.py
[2025-04-05T15:32:04.206+0000] {logging_mixin.py:190} INFO - [2025-04-05T15:32:04.205+0000] {dag.py:3239} INFO - Sync 1 DAGs
[2025-04-05T15:32:04.231+0000] {logging_mixin.py:190} INFO - [2025-04-05T15:32:04.231+0000] {dag.py:4180} INFO - Setting next_dagrun for example_branch_operator to 2025-04-04 00:00:00+00:00, run_after=2025-04-05 00:00:00+00:00
[2025-04-05T15:32:04.251+0000] {processor.py:208} INFO - Processing /home/airflow/.local/lib/python3.12/site-packages/airflow/example_dags/example_branch_operator.py took 0.116 seconds
[2025-04-05T15:32:35.169+0000] {processor.py:186} INFO - Started process (PID=1753) to work on /home/airflow/.local/lib/python3.12/site-packages/airflow/example_dags/example_branch_operator.py
[2025-04-05T15:32:35.192+0000] {processor.py:914} INFO - Processing file /home/airflow/.local/lib/python3.12/site-packages/airflow/example_dags/example_branch_operator.py for tasks to queue
[2025-04-05T15:32:35.195+0000] {logging_mixin.py:190} INFO - [2025-04-05T15:32:35.194+0000] {dagbag.py:588} INFO - Filling up the DagBag from /home/airflow/.local/lib/python3.12/site-packages/airflow/example_dags/example_branch_operator.py
[2025-04-05T15:32:35.213+0000] {processor.py:925} INFO - DAG(s) 'example_branch_operator' retrieved from /home/airflow/.local/lib/python3.12/site-packages/airflow/example_dags/example_branch_operator.py
[2025-04-05T15:32:35.247+0000] {logging_mixin.py:190} INFO - [2025-04-05T15:32:35.246+0000] {dag.py:3239} INFO - Sync 1 DAGs
[2025-04-05T15:32:35.278+0000] {logging_mixin.py:190} INFO - [2025-04-05T15:32:35.278+0000] {dag.py:4180} INFO - Setting next_dagrun for example_branch_operator to 2025-04-04 00:00:00+00:00, run_after=2025-04-05 00:00:00+00:00
[2025-04-05T15:32:35.322+0000] {processor.py:208} INFO - Processing /home/airflow/.local/lib/python3.12/site-packages/airflow/example_dags/example_branch_operator.py took 0.157 seconds
[2025-04-05T15:33:05.888+0000] {processor.py:186} INFO - Started process (PID=1816) to work on /home/airflow/.local/lib/python3.12/site-packages/airflow/example_dags/example_branch_operator.py
[2025-04-05T15:33:06.097+0000] {processor.py:914} INFO - Processing file /home/airflow/.local/lib/python3.12/site-packages/airflow/example_dags/example_branch_operator.py for tasks to queue
[2025-04-05T15:33:06.112+0000] {logging_mixin.py:190} INFO - [2025-04-05T15:33:06.111+0000] {dagbag.py:588} INFO - Filling up the DagBag from /home/airflow/.local/lib/python3.12/site-packages/airflow/example_dags/example_branch_operator.py
[2025-04-05T15:33:06.176+0000] {processor.py:925} INFO - DAG(s) 'example_branch_operator' retrieved from /home/airflow/.local/lib/python3.12/site-packages/airflow/example_dags/example_branch_operator.py
[2025-04-05T15:33:06.292+0000] {logging_mixin.py:190} INFO - [2025-04-05T15:33:06.291+0000] {dag.py:3239} INFO - Sync 1 DAGs
[2025-04-05T15:33:06.388+0000] {logging_mixin.py:190} INFO - [2025-04-05T15:33:06.388+0000] {dag.py:4180} INFO - Setting next_dagrun for example_branch_operator to 2025-04-04 00:00:00+00:00, run_after=2025-04-05 00:00:00+00:00
[2025-04-05T15:33:06.668+0000] {processor.py:208} INFO - Processing /home/airflow/.local/lib/python3.12/site-packages/airflow/example_dags/example_branch_operator.py took 0.790 seconds
