[2025-04-05T15:19:16.896+0000] {processor.py:186} INFO - Started process (PID=107) to work on /home/airflow/.local/lib/python3.12/site-packages/airflow/example_dags/example_branch_labels.py
[2025-04-05T15:19:16.897+0000] {processor.py:914} INFO - Processing file /home/airflow/.local/lib/python3.12/site-packages/airflow/example_dags/example_branch_labels.py for tasks to queue
[2025-04-05T15:19:16.899+0000] {logging_mixin.py:190} INFO - [2025-04-05T15:19:16.899+0000] {dagbag.py:588} INFO - Filling up the DagBag from /home/airflow/.local/lib/python3.12/site-packages/airflow/example_dags/example_branch_labels.py
[2025-04-05T15:19:16.921+0000] {processor.py:925} INFO - DAG(s) 'example_branch_labels' retrieved from /home/airflow/.local/lib/python3.12/site-packages/airflow/example_dags/example_branch_labels.py
[2025-04-05T15:19:17.124+0000] {logging_mixin.py:190} INFO - [2025-04-05T15:19:17.122+0000] {override.py:1912} INFO - Created Permission View: can read on DAG:example_branch_labels
[2025-04-05T15:19:17.140+0000] {logging_mixin.py:190} INFO - [2025-04-05T15:19:17.140+0000] {override.py:1912} INFO - Created Permission View: can delete on DAG:example_branch_labels
[2025-04-05T15:19:17.152+0000] {logging_mixin.py:190} INFO - [2025-04-05T15:19:17.152+0000] {override.py:1912} INFO - Created Permission View: can edit on DAG:example_branch_labels
[2025-04-05T15:19:17.170+0000] {logging_mixin.py:190} INFO - [2025-04-05T15:19:17.169+0000] {override.py:1912} INFO - Created Permission View: can read on DAG Run:example_branch_labels
[2025-04-05T15:19:17.183+0000] {logging_mixin.py:190} INFO - [2025-04-05T15:19:17.182+0000] {override.py:1912} INFO - Created Permission View: can create on DAG Run:example_branch_labels
[2025-04-05T15:19:17.195+0000] {logging_mixin.py:190} INFO - [2025-04-05T15:19:17.195+0000] {override.py:1912} INFO - Created Permission View: can delete on DAG Run:example_branch_labels
[2025-04-05T15:19:17.204+0000] {logging_mixin.py:190} INFO - [2025-04-05T15:19:17.204+0000] {override.py:1912} INFO - Created Permission View: menu access on DAG Run:example_branch_labels
[2025-04-05T15:19:17.205+0000] {logging_mixin.py:190} INFO - [2025-04-05T15:19:17.205+0000] {dag.py:3239} INFO - Sync 1 DAGs
[2025-04-05T15:19:17.224+0000] {logging_mixin.py:190} INFO - [2025-04-05T15:19:17.224+0000] {dag.py:3262} INFO - Creating ORM DAG for example_branch_labels
[2025-04-05T15:19:17.237+0000] {logging_mixin.py:190} INFO - [2025-04-05T15:19:17.236+0000] {dag.py:4180} INFO - Setting next_dagrun for example_branch_labels to 2025-04-04 00:00:00+00:00, run_after=2025-04-05 00:00:00+00:00
[2025-04-05T15:19:17.255+0000] {processor.py:208} INFO - Processing /home/airflow/.local/lib/python3.12/site-packages/airflow/example_dags/example_branch_labels.py took 0.373 seconds
[2025-04-05T15:19:47.681+0000] {processor.py:186} INFO - Started process (PID=170) to work on /home/airflow/.local/lib/python3.12/site-packages/airflow/example_dags/example_branch_labels.py
[2025-04-05T15:19:47.683+0000] {processor.py:914} INFO - Processing file /home/airflow/.local/lib/python3.12/site-packages/airflow/example_dags/example_branch_labels.py for tasks to queue
[2025-04-05T15:19:47.684+0000] {logging_mixin.py:190} INFO - [2025-04-05T15:19:47.684+0000] {dagbag.py:588} INFO - Filling up the DagBag from /home/airflow/.local/lib/python3.12/site-packages/airflow/example_dags/example_branch_labels.py
[2025-04-05T15:19:47.692+0000] {processor.py:925} INFO - DAG(s) 'example_branch_labels' retrieved from /home/airflow/.local/lib/python3.12/site-packages/airflow/example_dags/example_branch_labels.py
[2025-04-05T15:19:47.710+0000] {logging_mixin.py:190} INFO - [2025-04-05T15:19:47.710+0000] {dag.py:3239} INFO - Sync 1 DAGs
[2025-04-05T15:19:47.730+0000] {logging_mixin.py:190} INFO - [2025-04-05T15:19:47.730+0000] {dag.py:4180} INFO - Setting next_dagrun for example_branch_labels to 2025-04-04 00:00:00+00:00, run_after=2025-04-05 00:00:00+00:00
[2025-04-05T15:19:47.748+0000] {processor.py:208} INFO - Processing /home/airflow/.local/lib/python3.12/site-packages/airflow/example_dags/example_branch_labels.py took 0.071 seconds
[2025-04-05T15:20:18.001+0000] {processor.py:186} INFO - Started process (PID=232) to work on /home/airflow/.local/lib/python3.12/site-packages/airflow/example_dags/example_branch_labels.py
[2025-04-05T15:20:18.003+0000] {processor.py:914} INFO - Processing file /home/airflow/.local/lib/python3.12/site-packages/airflow/example_dags/example_branch_labels.py for tasks to queue
[2025-04-05T15:20:18.005+0000] {logging_mixin.py:190} INFO - [2025-04-05T15:20:18.004+0000] {dagbag.py:588} INFO - Filling up the DagBag from /home/airflow/.local/lib/python3.12/site-packages/airflow/example_dags/example_branch_labels.py
[2025-04-05T15:20:18.014+0000] {processor.py:925} INFO - DAG(s) 'example_branch_labels' retrieved from /home/airflow/.local/lib/python3.12/site-packages/airflow/example_dags/example_branch_labels.py
[2025-04-05T15:20:18.032+0000] {logging_mixin.py:190} INFO - [2025-04-05T15:20:18.032+0000] {dag.py:3239} INFO - Sync 1 DAGs
[2025-04-05T15:20:18.052+0000] {logging_mixin.py:190} INFO - [2025-04-05T15:20:18.052+0000] {dag.py:4180} INFO - Setting next_dagrun for example_branch_labels to 2025-04-04 00:00:00+00:00, run_after=2025-04-05 00:00:00+00:00
[2025-04-05T15:20:18.072+0000] {processor.py:208} INFO - Processing /home/airflow/.local/lib/python3.12/site-packages/airflow/example_dags/example_branch_labels.py took 0.076 seconds
[2025-04-05T15:20:48.751+0000] {processor.py:186} INFO - Started process (PID=295) to work on /home/airflow/.local/lib/python3.12/site-packages/airflow/example_dags/example_branch_labels.py
[2025-04-05T15:20:48.752+0000] {processor.py:914} INFO - Processing file /home/airflow/.local/lib/python3.12/site-packages/airflow/example_dags/example_branch_labels.py for tasks to queue
[2025-04-05T15:20:48.754+0000] {logging_mixin.py:190} INFO - [2025-04-05T15:20:48.754+0000] {dagbag.py:588} INFO - Filling up the DagBag from /home/airflow/.local/lib/python3.12/site-packages/airflow/example_dags/example_branch_labels.py
[2025-04-05T15:20:48.762+0000] {processor.py:925} INFO - DAG(s) 'example_branch_labels' retrieved from /home/airflow/.local/lib/python3.12/site-packages/airflow/example_dags/example_branch_labels.py
[2025-04-05T15:20:48.778+0000] {logging_mixin.py:190} INFO - [2025-04-05T15:20:48.778+0000] {dag.py:3239} INFO - Sync 1 DAGs
[2025-04-05T15:20:48.798+0000] {logging_mixin.py:190} INFO - [2025-04-05T15:20:48.798+0000] {dag.py:4180} INFO - Setting next_dagrun for example_branch_labels to 2025-04-04 00:00:00+00:00, run_after=2025-04-05 00:00:00+00:00
[2025-04-05T15:20:48.814+0000] {processor.py:208} INFO - Processing /home/airflow/.local/lib/python3.12/site-packages/airflow/example_dags/example_branch_labels.py took 0.068 seconds
[2025-04-05T15:21:19.237+0000] {processor.py:186} INFO - Started process (PID=358) to work on /home/airflow/.local/lib/python3.12/site-packages/airflow/example_dags/example_branch_labels.py
[2025-04-05T15:21:19.239+0000] {processor.py:914} INFO - Processing file /home/airflow/.local/lib/python3.12/site-packages/airflow/example_dags/example_branch_labels.py for tasks to queue
[2025-04-05T15:21:19.241+0000] {logging_mixin.py:190} INFO - [2025-04-05T15:21:19.240+0000] {dagbag.py:588} INFO - Filling up the DagBag from /home/airflow/.local/lib/python3.12/site-packages/airflow/example_dags/example_branch_labels.py
[2025-04-05T15:21:19.250+0000] {processor.py:925} INFO - DAG(s) 'example_branch_labels' retrieved from /home/airflow/.local/lib/python3.12/site-packages/airflow/example_dags/example_branch_labels.py
[2025-04-05T15:21:19.270+0000] {logging_mixin.py:190} INFO - [2025-04-05T15:21:19.269+0000] {dag.py:3239} INFO - Sync 1 DAGs
[2025-04-05T15:21:19.291+0000] {logging_mixin.py:190} INFO - [2025-04-05T15:21:19.290+0000] {dag.py:4180} INFO - Setting next_dagrun for example_branch_labels to 2025-04-04 00:00:00+00:00, run_after=2025-04-05 00:00:00+00:00
[2025-04-05T15:21:19.312+0000] {processor.py:208} INFO - Processing /home/airflow/.local/lib/python3.12/site-packages/airflow/example_dags/example_branch_labels.py took 0.080 seconds
[2025-04-05T15:21:49.399+0000] {processor.py:186} INFO - Started process (PID=421) to work on /home/airflow/.local/lib/python3.12/site-packages/airflow/example_dags/example_branch_labels.py
[2025-04-05T15:21:49.400+0000] {processor.py:914} INFO - Processing file /home/airflow/.local/lib/python3.12/site-packages/airflow/example_dags/example_branch_labels.py for tasks to queue
[2025-04-05T15:21:49.402+0000] {logging_mixin.py:190} INFO - [2025-04-05T15:21:49.402+0000] {dagbag.py:588} INFO - Filling up the DagBag from /home/airflow/.local/lib/python3.12/site-packages/airflow/example_dags/example_branch_labels.py
[2025-04-05T15:21:49.410+0000] {processor.py:925} INFO - DAG(s) 'example_branch_labels' retrieved from /home/airflow/.local/lib/python3.12/site-packages/airflow/example_dags/example_branch_labels.py
[2025-04-05T15:21:49.428+0000] {logging_mixin.py:190} INFO - [2025-04-05T15:21:49.428+0000] {dag.py:3239} INFO - Sync 1 DAGs
[2025-04-05T15:21:49.447+0000] {logging_mixin.py:190} INFO - [2025-04-05T15:21:49.447+0000] {dag.py:4180} INFO - Setting next_dagrun for example_branch_labels to 2025-04-04 00:00:00+00:00, run_after=2025-04-05 00:00:00+00:00
[2025-04-05T15:21:49.468+0000] {processor.py:208} INFO - Processing /home/airflow/.local/lib/python3.12/site-packages/airflow/example_dags/example_branch_labels.py took 0.074 seconds
[2025-04-05T15:22:20.239+0000] {processor.py:186} INFO - Started process (PID=483) to work on /home/airflow/.local/lib/python3.12/site-packages/airflow/example_dags/example_branch_labels.py
[2025-04-05T15:22:20.240+0000] {processor.py:914} INFO - Processing file /home/airflow/.local/lib/python3.12/site-packages/airflow/example_dags/example_branch_labels.py for tasks to queue
[2025-04-05T15:22:20.242+0000] {logging_mixin.py:190} INFO - [2025-04-05T15:22:20.242+0000] {dagbag.py:588} INFO - Filling up the DagBag from /home/airflow/.local/lib/python3.12/site-packages/airflow/example_dags/example_branch_labels.py
[2025-04-05T15:22:20.250+0000] {processor.py:925} INFO - DAG(s) 'example_branch_labels' retrieved from /home/airflow/.local/lib/python3.12/site-packages/airflow/example_dags/example_branch_labels.py
[2025-04-05T15:22:20.272+0000] {logging_mixin.py:190} INFO - [2025-04-05T15:22:20.272+0000] {dag.py:3239} INFO - Sync 1 DAGs
[2025-04-05T15:22:20.296+0000] {logging_mixin.py:190} INFO - [2025-04-05T15:22:20.296+0000] {dag.py:4180} INFO - Setting next_dagrun for example_branch_labels to 2025-04-04 00:00:00+00:00, run_after=2025-04-05 00:00:00+00:00
[2025-04-05T15:22:20.317+0000] {processor.py:208} INFO - Processing /home/airflow/.local/lib/python3.12/site-packages/airflow/example_dags/example_branch_labels.py took 0.085 seconds
[2025-04-05T15:22:50.568+0000] {processor.py:186} INFO - Started process (PID=546) to work on /home/airflow/.local/lib/python3.12/site-packages/airflow/example_dags/example_branch_labels.py
[2025-04-05T15:22:50.569+0000] {processor.py:914} INFO - Processing file /home/airflow/.local/lib/python3.12/site-packages/airflow/example_dags/example_branch_labels.py for tasks to queue
[2025-04-05T15:22:50.570+0000] {logging_mixin.py:190} INFO - [2025-04-05T15:22:50.570+0000] {dagbag.py:588} INFO - Filling up the DagBag from /home/airflow/.local/lib/python3.12/site-packages/airflow/example_dags/example_branch_labels.py
[2025-04-05T15:22:50.577+0000] {processor.py:925} INFO - DAG(s) 'example_branch_labels' retrieved from /home/airflow/.local/lib/python3.12/site-packages/airflow/example_dags/example_branch_labels.py
[2025-04-05T15:22:50.594+0000] {logging_mixin.py:190} INFO - [2025-04-05T15:22:50.593+0000] {dag.py:3239} INFO - Sync 1 DAGs
[2025-04-05T15:22:50.612+0000] {logging_mixin.py:190} INFO - [2025-04-05T15:22:50.612+0000] {dag.py:4180} INFO - Setting next_dagrun for example_branch_labels to 2025-04-04 00:00:00+00:00, run_after=2025-04-05 00:00:00+00:00
[2025-04-05T15:22:50.629+0000] {processor.py:208} INFO - Processing /home/airflow/.local/lib/python3.12/site-packages/airflow/example_dags/example_branch_labels.py took 0.066 seconds
[2025-04-05T15:23:21.566+0000] {processor.py:186} INFO - Started process (PID=609) to work on /home/airflow/.local/lib/python3.12/site-packages/airflow/example_dags/example_branch_labels.py
[2025-04-05T15:23:21.567+0000] {processor.py:914} INFO - Processing file /home/airflow/.local/lib/python3.12/site-packages/airflow/example_dags/example_branch_labels.py for tasks to queue
[2025-04-05T15:23:21.569+0000] {logging_mixin.py:190} INFO - [2025-04-05T15:23:21.568+0000] {dagbag.py:588} INFO - Filling up the DagBag from /home/airflow/.local/lib/python3.12/site-packages/airflow/example_dags/example_branch_labels.py
[2025-04-05T15:23:21.576+0000] {processor.py:925} INFO - DAG(s) 'example_branch_labels' retrieved from /home/airflow/.local/lib/python3.12/site-packages/airflow/example_dags/example_branch_labels.py
[2025-04-05T15:23:21.592+0000] {logging_mixin.py:190} INFO - [2025-04-05T15:23:21.592+0000] {dag.py:3239} INFO - Sync 1 DAGs
[2025-04-05T15:23:21.610+0000] {logging_mixin.py:190} INFO - [2025-04-05T15:23:21.610+0000] {dag.py:4180} INFO - Setting next_dagrun for example_branch_labels to 2025-04-04 00:00:00+00:00, run_after=2025-04-05 00:00:00+00:00
[2025-04-05T15:23:21.626+0000] {processor.py:208} INFO - Processing /home/airflow/.local/lib/python3.12/site-packages/airflow/example_dags/example_branch_labels.py took 0.065 seconds
[2025-04-05T15:23:51.894+0000] {processor.py:186} INFO - Started process (PID=672) to work on /home/airflow/.local/lib/python3.12/site-packages/airflow/example_dags/example_branch_labels.py
[2025-04-05T15:23:51.895+0000] {processor.py:914} INFO - Processing file /home/airflow/.local/lib/python3.12/site-packages/airflow/example_dags/example_branch_labels.py for tasks to queue
[2025-04-05T15:23:51.897+0000] {logging_mixin.py:190} INFO - [2025-04-05T15:23:51.896+0000] {dagbag.py:588} INFO - Filling up the DagBag from /home/airflow/.local/lib/python3.12/site-packages/airflow/example_dags/example_branch_labels.py
[2025-04-05T15:23:51.905+0000] {processor.py:925} INFO - DAG(s) 'example_branch_labels' retrieved from /home/airflow/.local/lib/python3.12/site-packages/airflow/example_dags/example_branch_labels.py
[2025-04-05T15:23:51.921+0000] {logging_mixin.py:190} INFO - [2025-04-05T15:23:51.921+0000] {dag.py:3239} INFO - Sync 1 DAGs
[2025-04-05T15:23:51.939+0000] {logging_mixin.py:190} INFO - [2025-04-05T15:23:51.939+0000] {dag.py:4180} INFO - Setting next_dagrun for example_branch_labels to 2025-04-04 00:00:00+00:00, run_after=2025-04-05 00:00:00+00:00
[2025-04-05T15:23:51.957+0000] {processor.py:208} INFO - Processing /home/airflow/.local/lib/python3.12/site-packages/airflow/example_dags/example_branch_labels.py took 0.068 seconds
[2025-04-05T15:24:23.033+0000] {processor.py:186} INFO - Started process (PID=735) to work on /home/airflow/.local/lib/python3.12/site-packages/airflow/example_dags/example_branch_labels.py
[2025-04-05T15:24:23.035+0000] {processor.py:914} INFO - Processing file /home/airflow/.local/lib/python3.12/site-packages/airflow/example_dags/example_branch_labels.py for tasks to queue
[2025-04-05T15:24:23.036+0000] {logging_mixin.py:190} INFO - [2025-04-05T15:24:23.036+0000] {dagbag.py:588} INFO - Filling up the DagBag from /home/airflow/.local/lib/python3.12/site-packages/airflow/example_dags/example_branch_labels.py
[2025-04-05T15:24:23.044+0000] {processor.py:925} INFO - DAG(s) 'example_branch_labels' retrieved from /home/airflow/.local/lib/python3.12/site-packages/airflow/example_dags/example_branch_labels.py
[2025-04-05T15:24:23.060+0000] {logging_mixin.py:190} INFO - [2025-04-05T15:24:23.060+0000] {dag.py:3239} INFO - Sync 1 DAGs
[2025-04-05T15:24:23.079+0000] {logging_mixin.py:190} INFO - [2025-04-05T15:24:23.079+0000] {dag.py:4180} INFO - Setting next_dagrun for example_branch_labels to 2025-04-04 00:00:00+00:00, run_after=2025-04-05 00:00:00+00:00
[2025-04-05T15:24:23.096+0000] {processor.py:208} INFO - Processing /home/airflow/.local/lib/python3.12/site-packages/airflow/example_dags/example_branch_labels.py took 0.068 seconds
[2025-04-05T15:24:53.131+0000] {processor.py:186} INFO - Started process (PID=798) to work on /home/airflow/.local/lib/python3.12/site-packages/airflow/example_dags/example_branch_labels.py
[2025-04-05T15:24:53.132+0000] {processor.py:914} INFO - Processing file /home/airflow/.local/lib/python3.12/site-packages/airflow/example_dags/example_branch_labels.py for tasks to queue
[2025-04-05T15:24:53.133+0000] {logging_mixin.py:190} INFO - [2025-04-05T15:24:53.133+0000] {dagbag.py:588} INFO - Filling up the DagBag from /home/airflow/.local/lib/python3.12/site-packages/airflow/example_dags/example_branch_labels.py
[2025-04-05T15:24:53.142+0000] {processor.py:925} INFO - DAG(s) 'example_branch_labels' retrieved from /home/airflow/.local/lib/python3.12/site-packages/airflow/example_dags/example_branch_labels.py
[2025-04-05T15:24:53.159+0000] {logging_mixin.py:190} INFO - [2025-04-05T15:24:53.159+0000] {dag.py:3239} INFO - Sync 1 DAGs
[2025-04-05T15:24:53.178+0000] {logging_mixin.py:190} INFO - [2025-04-05T15:24:53.177+0000] {dag.py:4180} INFO - Setting next_dagrun for example_branch_labels to 2025-04-04 00:00:00+00:00, run_after=2025-04-05 00:00:00+00:00
[2025-04-05T15:24:53.196+0000] {processor.py:208} INFO - Processing /home/airflow/.local/lib/python3.12/site-packages/airflow/example_dags/example_branch_labels.py took 0.070 seconds
[2025-04-05T15:25:23.439+0000] {processor.py:186} INFO - Started process (PID=860) to work on /home/airflow/.local/lib/python3.12/site-packages/airflow/example_dags/example_branch_labels.py
[2025-04-05T15:25:23.440+0000] {processor.py:914} INFO - Processing file /home/airflow/.local/lib/python3.12/site-packages/airflow/example_dags/example_branch_labels.py for tasks to queue
[2025-04-05T15:25:23.442+0000] {logging_mixin.py:190} INFO - [2025-04-05T15:25:23.442+0000] {dagbag.py:588} INFO - Filling up the DagBag from /home/airflow/.local/lib/python3.12/site-packages/airflow/example_dags/example_branch_labels.py
[2025-04-05T15:25:23.449+0000] {processor.py:925} INFO - DAG(s) 'example_branch_labels' retrieved from /home/airflow/.local/lib/python3.12/site-packages/airflow/example_dags/example_branch_labels.py
[2025-04-05T15:25:23.466+0000] {logging_mixin.py:190} INFO - [2025-04-05T15:25:23.466+0000] {dag.py:3239} INFO - Sync 1 DAGs
[2025-04-05T15:25:23.484+0000] {logging_mixin.py:190} INFO - [2025-04-05T15:25:23.484+0000] {dag.py:4180} INFO - Setting next_dagrun for example_branch_labels to 2025-04-04 00:00:00+00:00, run_after=2025-04-05 00:00:00+00:00
[2025-04-05T15:25:23.501+0000] {processor.py:208} INFO - Processing /home/airflow/.local/lib/python3.12/site-packages/airflow/example_dags/example_branch_labels.py took 0.066 seconds
[2025-04-05T15:25:53.878+0000] {processor.py:186} INFO - Started process (PID=923) to work on /home/airflow/.local/lib/python3.12/site-packages/airflow/example_dags/example_branch_labels.py
[2025-04-05T15:25:53.879+0000] {processor.py:914} INFO - Processing file /home/airflow/.local/lib/python3.12/site-packages/airflow/example_dags/example_branch_labels.py for tasks to queue
[2025-04-05T15:25:53.882+0000] {logging_mixin.py:190} INFO - [2025-04-05T15:25:53.881+0000] {dagbag.py:588} INFO - Filling up the DagBag from /home/airflow/.local/lib/python3.12/site-packages/airflow/example_dags/example_branch_labels.py
[2025-04-05T15:25:53.889+0000] {processor.py:925} INFO - DAG(s) 'example_branch_labels' retrieved from /home/airflow/.local/lib/python3.12/site-packages/airflow/example_dags/example_branch_labels.py
[2025-04-05T15:25:53.909+0000] {logging_mixin.py:190} INFO - [2025-04-05T15:25:53.908+0000] {dag.py:3239} INFO - Sync 1 DAGs
[2025-04-05T15:25:53.928+0000] {logging_mixin.py:190} INFO - [2025-04-05T15:25:53.928+0000] {dag.py:4180} INFO - Setting next_dagrun for example_branch_labels to 2025-04-04 00:00:00+00:00, run_after=2025-04-05 00:00:00+00:00
[2025-04-05T15:25:53.947+0000] {processor.py:208} INFO - Processing /home/airflow/.local/lib/python3.12/site-packages/airflow/example_dags/example_branch_labels.py took 0.075 seconds
[2025-04-05T15:26:24.887+0000] {processor.py:186} INFO - Started process (PID=986) to work on /home/airflow/.local/lib/python3.12/site-packages/airflow/example_dags/example_branch_labels.py
[2025-04-05T15:26:24.889+0000] {processor.py:914} INFO - Processing file /home/airflow/.local/lib/python3.12/site-packages/airflow/example_dags/example_branch_labels.py for tasks to queue
[2025-04-05T15:26:24.900+0000] {logging_mixin.py:190} INFO - [2025-04-05T15:26:24.900+0000] {dagbag.py:588} INFO - Filling up the DagBag from /home/airflow/.local/lib/python3.12/site-packages/airflow/example_dags/example_branch_labels.py
[2025-04-05T15:26:24.928+0000] {processor.py:925} INFO - DAG(s) 'example_branch_labels' retrieved from /home/airflow/.local/lib/python3.12/site-packages/airflow/example_dags/example_branch_labels.py
[2025-04-05T15:26:24.952+0000] {logging_mixin.py:190} INFO - [2025-04-05T15:26:24.952+0000] {dag.py:3239} INFO - Sync 1 DAGs
[2025-04-05T15:26:24.974+0000] {logging_mixin.py:190} INFO - [2025-04-05T15:26:24.974+0000] {dag.py:4180} INFO - Setting next_dagrun for example_branch_labels to 2025-04-04 00:00:00+00:00, run_after=2025-04-05 00:00:00+00:00
[2025-04-05T15:26:24.993+0000] {processor.py:208} INFO - Processing /home/airflow/.local/lib/python3.12/site-packages/airflow/example_dags/example_branch_labels.py took 0.111 seconds
[2025-04-05T15:26:55.159+0000] {processor.py:186} INFO - Started process (PID=1049) to work on /home/airflow/.local/lib/python3.12/site-packages/airflow/example_dags/example_branch_labels.py
[2025-04-05T15:26:55.160+0000] {processor.py:914} INFO - Processing file /home/airflow/.local/lib/python3.12/site-packages/airflow/example_dags/example_branch_labels.py for tasks to queue
[2025-04-05T15:26:55.163+0000] {logging_mixin.py:190} INFO - [2025-04-05T15:26:55.162+0000] {dagbag.py:588} INFO - Filling up the DagBag from /home/airflow/.local/lib/python3.12/site-packages/airflow/example_dags/example_branch_labels.py
[2025-04-05T15:26:55.171+0000] {processor.py:925} INFO - DAG(s) 'example_branch_labels' retrieved from /home/airflow/.local/lib/python3.12/site-packages/airflow/example_dags/example_branch_labels.py
[2025-04-05T15:26:55.187+0000] {logging_mixin.py:190} INFO - [2025-04-05T15:26:55.187+0000] {dag.py:3239} INFO - Sync 1 DAGs
[2025-04-05T15:26:55.208+0000] {logging_mixin.py:190} INFO - [2025-04-05T15:26:55.207+0000] {dag.py:4180} INFO - Setting next_dagrun for example_branch_labels to 2025-04-04 00:00:00+00:00, run_after=2025-04-05 00:00:00+00:00
[2025-04-05T15:26:55.227+0000] {processor.py:208} INFO - Processing /home/airflow/.local/lib/python3.12/site-packages/airflow/example_dags/example_branch_labels.py took 0.073 seconds
[2025-04-05T15:27:25.455+0000] {processor.py:186} INFO - Started process (PID=1112) to work on /home/airflow/.local/lib/python3.12/site-packages/airflow/example_dags/example_branch_labels.py
[2025-04-05T15:27:25.457+0000] {processor.py:914} INFO - Processing file /home/airflow/.local/lib/python3.12/site-packages/airflow/example_dags/example_branch_labels.py for tasks to queue
[2025-04-05T15:27:25.458+0000] {logging_mixin.py:190} INFO - [2025-04-05T15:27:25.458+0000] {dagbag.py:588} INFO - Filling up the DagBag from /home/airflow/.local/lib/python3.12/site-packages/airflow/example_dags/example_branch_labels.py
[2025-04-05T15:27:25.468+0000] {processor.py:925} INFO - DAG(s) 'example_branch_labels' retrieved from /home/airflow/.local/lib/python3.12/site-packages/airflow/example_dags/example_branch_labels.py
[2025-04-05T15:27:25.489+0000] {logging_mixin.py:190} INFO - [2025-04-05T15:27:25.489+0000] {dag.py:3239} INFO - Sync 1 DAGs
[2025-04-05T15:27:25.512+0000] {logging_mixin.py:190} INFO - [2025-04-05T15:27:25.512+0000] {dag.py:4180} INFO - Setting next_dagrun for example_branch_labels to 2025-04-04 00:00:00+00:00, run_after=2025-04-05 00:00:00+00:00
[2025-04-05T15:27:25.535+0000] {processor.py:208} INFO - Processing /home/airflow/.local/lib/python3.12/site-packages/airflow/example_dags/example_branch_labels.py took 0.084 seconds
[2025-04-05T15:27:55.999+0000] {processor.py:186} INFO - Started process (PID=1175) to work on /home/airflow/.local/lib/python3.12/site-packages/airflow/example_dags/example_branch_labels.py
[2025-04-05T15:27:56.001+0000] {processor.py:914} INFO - Processing file /home/airflow/.local/lib/python3.12/site-packages/airflow/example_dags/example_branch_labels.py for tasks to queue
[2025-04-05T15:27:56.003+0000] {logging_mixin.py:190} INFO - [2025-04-05T15:27:56.003+0000] {dagbag.py:588} INFO - Filling up the DagBag from /home/airflow/.local/lib/python3.12/site-packages/airflow/example_dags/example_branch_labels.py
[2025-04-05T15:27:56.013+0000] {processor.py:925} INFO - DAG(s) 'example_branch_labels' retrieved from /home/airflow/.local/lib/python3.12/site-packages/airflow/example_dags/example_branch_labels.py
[2025-04-05T15:27:56.035+0000] {logging_mixin.py:190} INFO - [2025-04-05T15:27:56.034+0000] {dag.py:3239} INFO - Sync 1 DAGs
[2025-04-05T15:27:56.058+0000] {logging_mixin.py:190} INFO - [2025-04-05T15:27:56.057+0000] {dag.py:4180} INFO - Setting next_dagrun for example_branch_labels to 2025-04-04 00:00:00+00:00, run_after=2025-04-05 00:00:00+00:00
[2025-04-05T15:27:56.077+0000] {processor.py:208} INFO - Processing /home/airflow/.local/lib/python3.12/site-packages/airflow/example_dags/example_branch_labels.py took 0.085 seconds
[2025-04-05T15:28:26.260+0000] {processor.py:186} INFO - Started process (PID=1238) to work on /home/airflow/.local/lib/python3.12/site-packages/airflow/example_dags/example_branch_labels.py
[2025-04-05T15:28:26.261+0000] {processor.py:914} INFO - Processing file /home/airflow/.local/lib/python3.12/site-packages/airflow/example_dags/example_branch_labels.py for tasks to queue
[2025-04-05T15:28:26.263+0000] {logging_mixin.py:190} INFO - [2025-04-05T15:28:26.263+0000] {dagbag.py:588} INFO - Filling up the DagBag from /home/airflow/.local/lib/python3.12/site-packages/airflow/example_dags/example_branch_labels.py
[2025-04-05T15:28:26.274+0000] {processor.py:925} INFO - DAG(s) 'example_branch_labels' retrieved from /home/airflow/.local/lib/python3.12/site-packages/airflow/example_dags/example_branch_labels.py
[2025-04-05T15:28:26.290+0000] {logging_mixin.py:190} INFO - [2025-04-05T15:28:26.289+0000] {dag.py:3239} INFO - Sync 1 DAGs
[2025-04-05T15:28:26.315+0000] {logging_mixin.py:190} INFO - [2025-04-05T15:28:26.314+0000] {dag.py:4180} INFO - Setting next_dagrun for example_branch_labels to 2025-04-04 00:00:00+00:00, run_after=2025-04-05 00:00:00+00:00
[2025-04-05T15:28:26.333+0000] {processor.py:208} INFO - Processing /home/airflow/.local/lib/python3.12/site-packages/airflow/example_dags/example_branch_labels.py took 0.078 seconds
[2025-04-05T15:28:57.040+0000] {processor.py:186} INFO - Started process (PID=1301) to work on /home/airflow/.local/lib/python3.12/site-packages/airflow/example_dags/example_branch_labels.py
[2025-04-05T15:28:57.041+0000] {processor.py:914} INFO - Processing file /home/airflow/.local/lib/python3.12/site-packages/airflow/example_dags/example_branch_labels.py for tasks to queue
[2025-04-05T15:28:57.044+0000] {logging_mixin.py:190} INFO - [2025-04-05T15:28:57.043+0000] {dagbag.py:588} INFO - Filling up the DagBag from /home/airflow/.local/lib/python3.12/site-packages/airflow/example_dags/example_branch_labels.py
[2025-04-05T15:28:57.052+0000] {processor.py:925} INFO - DAG(s) 'example_branch_labels' retrieved from /home/airflow/.local/lib/python3.12/site-packages/airflow/example_dags/example_branch_labels.py
[2025-04-05T15:28:57.074+0000] {logging_mixin.py:190} INFO - [2025-04-05T15:28:57.074+0000] {dag.py:3239} INFO - Sync 1 DAGs
[2025-04-05T15:28:57.099+0000] {logging_mixin.py:190} INFO - [2025-04-05T15:28:57.099+0000] {dag.py:4180} INFO - Setting next_dagrun for example_branch_labels to 2025-04-04 00:00:00+00:00, run_after=2025-04-05 00:00:00+00:00
[2025-04-05T15:28:57.119+0000] {processor.py:208} INFO - Processing /home/airflow/.local/lib/python3.12/site-packages/airflow/example_dags/example_branch_labels.py took 0.084 seconds
[2025-04-05T15:29:28.027+0000] {processor.py:186} INFO - Started process (PID=1364) to work on /home/airflow/.local/lib/python3.12/site-packages/airflow/example_dags/example_branch_labels.py
[2025-04-05T15:29:28.028+0000] {processor.py:914} INFO - Processing file /home/airflow/.local/lib/python3.12/site-packages/airflow/example_dags/example_branch_labels.py for tasks to queue
[2025-04-05T15:29:28.031+0000] {logging_mixin.py:190} INFO - [2025-04-05T15:29:28.031+0000] {dagbag.py:588} INFO - Filling up the DagBag from /home/airflow/.local/lib/python3.12/site-packages/airflow/example_dags/example_branch_labels.py
[2025-04-05T15:29:28.041+0000] {processor.py:925} INFO - DAG(s) 'example_branch_labels' retrieved from /home/airflow/.local/lib/python3.12/site-packages/airflow/example_dags/example_branch_labels.py
[2025-04-05T15:29:28.061+0000] {logging_mixin.py:190} INFO - [2025-04-05T15:29:28.061+0000] {dag.py:3239} INFO - Sync 1 DAGs
[2025-04-05T15:29:28.089+0000] {logging_mixin.py:190} INFO - [2025-04-05T15:29:28.089+0000] {dag.py:4180} INFO - Setting next_dagrun for example_branch_labels to 2025-04-04 00:00:00+00:00, run_after=2025-04-05 00:00:00+00:00
[2025-04-05T15:29:28.110+0000] {processor.py:208} INFO - Processing /home/airflow/.local/lib/python3.12/site-packages/airflow/example_dags/example_branch_labels.py took 0.088 seconds
[2025-04-05T15:29:58.821+0000] {processor.py:186} INFO - Started process (PID=1427) to work on /home/airflow/.local/lib/python3.12/site-packages/airflow/example_dags/example_branch_labels.py
[2025-04-05T15:29:58.822+0000] {processor.py:914} INFO - Processing file /home/airflow/.local/lib/python3.12/site-packages/airflow/example_dags/example_branch_labels.py for tasks to queue
[2025-04-05T15:29:58.824+0000] {logging_mixin.py:190} INFO - [2025-04-05T15:29:58.824+0000] {dagbag.py:588} INFO - Filling up the DagBag from /home/airflow/.local/lib/python3.12/site-packages/airflow/example_dags/example_branch_labels.py
[2025-04-05T15:29:58.832+0000] {processor.py:925} INFO - DAG(s) 'example_branch_labels' retrieved from /home/airflow/.local/lib/python3.12/site-packages/airflow/example_dags/example_branch_labels.py
[2025-04-05T15:29:58.852+0000] {logging_mixin.py:190} INFO - [2025-04-05T15:29:58.851+0000] {dag.py:3239} INFO - Sync 1 DAGs
[2025-04-05T15:29:58.872+0000] {logging_mixin.py:190} INFO - [2025-04-05T15:29:58.872+0000] {dag.py:4180} INFO - Setting next_dagrun for example_branch_labels to 2025-04-04 00:00:00+00:00, run_after=2025-04-05 00:00:00+00:00
[2025-04-05T15:29:58.891+0000] {processor.py:208} INFO - Processing /home/airflow/.local/lib/python3.12/site-packages/airflow/example_dags/example_branch_labels.py took 0.077 seconds
[2025-04-05T15:30:29.666+0000] {processor.py:186} INFO - Started process (PID=1491) to work on /home/airflow/.local/lib/python3.12/site-packages/airflow/example_dags/example_branch_labels.py
[2025-04-05T15:30:29.667+0000] {processor.py:914} INFO - Processing file /home/airflow/.local/lib/python3.12/site-packages/airflow/example_dags/example_branch_labels.py for tasks to queue
[2025-04-05T15:30:29.668+0000] {logging_mixin.py:190} INFO - [2025-04-05T15:30:29.668+0000] {dagbag.py:588} INFO - Filling up the DagBag from /home/airflow/.local/lib/python3.12/site-packages/airflow/example_dags/example_branch_labels.py
[2025-04-05T15:30:29.676+0000] {processor.py:925} INFO - DAG(s) 'example_branch_labels' retrieved from /home/airflow/.local/lib/python3.12/site-packages/airflow/example_dags/example_branch_labels.py
[2025-04-05T15:30:29.695+0000] {logging_mixin.py:190} INFO - [2025-04-05T15:30:29.695+0000] {dag.py:3239} INFO - Sync 1 DAGs
[2025-04-05T15:30:29.716+0000] {logging_mixin.py:190} INFO - [2025-04-05T15:30:29.716+0000] {dag.py:4180} INFO - Setting next_dagrun for example_branch_labels to 2025-04-04 00:00:00+00:00, run_after=2025-04-05 00:00:00+00:00
[2025-04-05T15:30:29.737+0000] {processor.py:208} INFO - Processing /home/airflow/.local/lib/python3.12/site-packages/airflow/example_dags/example_branch_labels.py took 0.077 seconds
[2025-04-05T15:31:00.596+0000] {processor.py:186} INFO - Started process (PID=1554) to work on /home/airflow/.local/lib/python3.12/site-packages/airflow/example_dags/example_branch_labels.py
[2025-04-05T15:31:00.597+0000] {processor.py:914} INFO - Processing file /home/airflow/.local/lib/python3.12/site-packages/airflow/example_dags/example_branch_labels.py for tasks to queue
[2025-04-05T15:31:00.599+0000] {logging_mixin.py:190} INFO - [2025-04-05T15:31:00.599+0000] {dagbag.py:588} INFO - Filling up the DagBag from /home/airflow/.local/lib/python3.12/site-packages/airflow/example_dags/example_branch_labels.py
[2025-04-05T15:31:00.608+0000] {processor.py:925} INFO - DAG(s) 'example_branch_labels' retrieved from /home/airflow/.local/lib/python3.12/site-packages/airflow/example_dags/example_branch_labels.py
[2025-04-05T15:31:00.629+0000] {logging_mixin.py:190} INFO - [2025-04-05T15:31:00.628+0000] {dag.py:3239} INFO - Sync 1 DAGs
[2025-04-05T15:31:00.649+0000] {logging_mixin.py:190} INFO - [2025-04-05T15:31:00.649+0000] {dag.py:4180} INFO - Setting next_dagrun for example_branch_labels to 2025-04-04 00:00:00+00:00, run_after=2025-04-05 00:00:00+00:00
[2025-04-05T15:31:00.670+0000] {processor.py:208} INFO - Processing /home/airflow/.local/lib/python3.12/site-packages/airflow/example_dags/example_branch_labels.py took 0.081 seconds
[2025-04-05T15:31:31.399+0000] {processor.py:186} INFO - Started process (PID=1617) to work on /home/airflow/.local/lib/python3.12/site-packages/airflow/example_dags/example_branch_labels.py
[2025-04-05T15:31:31.400+0000] {processor.py:914} INFO - Processing file /home/airflow/.local/lib/python3.12/site-packages/airflow/example_dags/example_branch_labels.py for tasks to queue
[2025-04-05T15:31:31.402+0000] {logging_mixin.py:190} INFO - [2025-04-05T15:31:31.402+0000] {dagbag.py:588} INFO - Filling up the DagBag from /home/airflow/.local/lib/python3.12/site-packages/airflow/example_dags/example_branch_labels.py
[2025-04-05T15:31:31.412+0000] {processor.py:925} INFO - DAG(s) 'example_branch_labels' retrieved from /home/airflow/.local/lib/python3.12/site-packages/airflow/example_dags/example_branch_labels.py
[2025-04-05T15:31:31.428+0000] {logging_mixin.py:190} INFO - [2025-04-05T15:31:31.428+0000] {dag.py:3239} INFO - Sync 1 DAGs
[2025-04-05T15:31:31.449+0000] {logging_mixin.py:190} INFO - [2025-04-05T15:31:31.449+0000] {dag.py:4180} INFO - Setting next_dagrun for example_branch_labels to 2025-04-04 00:00:00+00:00, run_after=2025-04-05 00:00:00+00:00
[2025-04-05T15:31:31.465+0000] {processor.py:208} INFO - Processing /home/airflow/.local/lib/python3.12/site-packages/airflow/example_dags/example_branch_labels.py took 0.072 seconds
[2025-04-05T15:32:01.635+0000] {processor.py:186} INFO - Started process (PID=1680) to work on /home/airflow/.local/lib/python3.12/site-packages/airflow/example_dags/example_branch_labels.py
[2025-04-05T15:32:01.636+0000] {processor.py:914} INFO - Processing file /home/airflow/.local/lib/python3.12/site-packages/airflow/example_dags/example_branch_labels.py for tasks to queue
[2025-04-05T15:32:01.638+0000] {logging_mixin.py:190} INFO - [2025-04-05T15:32:01.638+0000] {dagbag.py:588} INFO - Filling up the DagBag from /home/airflow/.local/lib/python3.12/site-packages/airflow/example_dags/example_branch_labels.py
[2025-04-05T15:32:01.646+0000] {processor.py:925} INFO - DAG(s) 'example_branch_labels' retrieved from /home/airflow/.local/lib/python3.12/site-packages/airflow/example_dags/example_branch_labels.py
[2025-04-05T15:32:01.669+0000] {logging_mixin.py:190} INFO - [2025-04-05T15:32:01.669+0000] {dag.py:3239} INFO - Sync 1 DAGs
[2025-04-05T15:32:01.693+0000] {logging_mixin.py:190} INFO - [2025-04-05T15:32:01.693+0000] {dag.py:4180} INFO - Setting next_dagrun for example_branch_labels to 2025-04-04 00:00:00+00:00, run_after=2025-04-05 00:00:00+00:00
[2025-04-05T15:32:01.714+0000] {processor.py:208} INFO - Processing /home/airflow/.local/lib/python3.12/site-packages/airflow/example_dags/example_branch_labels.py took 0.086 seconds
[2025-04-05T15:32:32.657+0000] {processor.py:186} INFO - Started process (PID=1743) to work on /home/airflow/.local/lib/python3.12/site-packages/airflow/example_dags/example_branch_labels.py
[2025-04-05T15:32:32.658+0000] {processor.py:914} INFO - Processing file /home/airflow/.local/lib/python3.12/site-packages/airflow/example_dags/example_branch_labels.py for tasks to queue
[2025-04-05T15:32:32.660+0000] {logging_mixin.py:190} INFO - [2025-04-05T15:32:32.660+0000] {dagbag.py:588} INFO - Filling up the DagBag from /home/airflow/.local/lib/python3.12/site-packages/airflow/example_dags/example_branch_labels.py
[2025-04-05T15:32:32.669+0000] {processor.py:925} INFO - DAG(s) 'example_branch_labels' retrieved from /home/airflow/.local/lib/python3.12/site-packages/airflow/example_dags/example_branch_labels.py
[2025-04-05T15:32:32.686+0000] {logging_mixin.py:190} INFO - [2025-04-05T15:32:32.686+0000] {dag.py:3239} INFO - Sync 1 DAGs
[2025-04-05T15:32:32.709+0000] {logging_mixin.py:190} INFO - [2025-04-05T15:32:32.709+0000] {dag.py:4180} INFO - Setting next_dagrun for example_branch_labels to 2025-04-04 00:00:00+00:00, run_after=2025-04-05 00:00:00+00:00
[2025-04-05T15:32:32.731+0000] {processor.py:208} INFO - Processing /home/airflow/.local/lib/python3.12/site-packages/airflow/example_dags/example_branch_labels.py took 0.079 seconds
[2025-04-05T15:33:03.384+0000] {processor.py:186} INFO - Started process (PID=1806) to work on /home/airflow/.local/lib/python3.12/site-packages/airflow/example_dags/example_branch_labels.py
[2025-04-05T15:33:03.385+0000] {processor.py:914} INFO - Processing file /home/airflow/.local/lib/python3.12/site-packages/airflow/example_dags/example_branch_labels.py for tasks to queue
[2025-04-05T15:33:03.387+0000] {logging_mixin.py:190} INFO - [2025-04-05T15:33:03.387+0000] {dagbag.py:588} INFO - Filling up the DagBag from /home/airflow/.local/lib/python3.12/site-packages/airflow/example_dags/example_branch_labels.py
[2025-04-05T15:33:03.394+0000] {processor.py:925} INFO - DAG(s) 'example_branch_labels' retrieved from /home/airflow/.local/lib/python3.12/site-packages/airflow/example_dags/example_branch_labels.py
[2025-04-05T15:33:03.413+0000] {logging_mixin.py:190} INFO - [2025-04-05T15:33:03.413+0000] {dag.py:3239} INFO - Sync 1 DAGs
[2025-04-05T15:33:03.433+0000] {logging_mixin.py:190} INFO - [2025-04-05T15:33:03.433+0000] {dag.py:4180} INFO - Setting next_dagrun for example_branch_labels to 2025-04-04 00:00:00+00:00, run_after=2025-04-05 00:00:00+00:00
[2025-04-05T15:33:03.452+0000] {processor.py:208} INFO - Processing /home/airflow/.local/lib/python3.12/site-packages/airflow/example_dags/example_branch_labels.py took 0.073 seconds
