[2025-04-05T15:19:12.687+0000] {processor.py:186} INFO - Started process (PID=87) to work on /home/airflow/.local/lib/python3.12/site-packages/airflow/example_dags/example_nested_branch_dag.py
[2025-04-05T15:19:12.688+0000] {processor.py:914} INFO - Processing file /home/airflow/.local/lib/python3.12/site-packages/airflow/example_dags/example_nested_branch_dag.py for tasks to queue
[2025-04-05T15:19:12.689+0000] {logging_mixin.py:190} INFO - [2025-04-05T15:19:12.689+0000] {dagbag.py:588} INFO - Filling up the DagBag from /home/airflow/.local/lib/python3.12/site-packages/airflow/example_dags/example_nested_branch_dag.py
[2025-04-05T15:19:12.741+0000] {processor.py:925} INFO - DAG(s) 'example_nested_branch_dag' retrieved from /home/airflow/.local/lib/python3.12/site-packages/airflow/example_dags/example_nested_branch_dag.py
[2025-04-05T15:19:12.949+0000] {logging_mixin.py:190} INFO - [2025-04-05T15:19:12.948+0000] {override.py:1912} INFO - Created Permission View: can read on DAG:example_nested_branch_dag
[2025-04-05T15:19:12.973+0000] {logging_mixin.py:190} INFO - [2025-04-05T15:19:12.972+0000] {override.py:1912} INFO - Created Permission View: can delete on DAG:example_nested_branch_dag
[2025-04-05T15:19:12.998+0000] {logging_mixin.py:190} INFO - [2025-04-05T15:19:12.997+0000] {override.py:1912} INFO - Created Permission View: can edit on DAG:example_nested_branch_dag
[2025-04-05T15:19:13.022+0000] {logging_mixin.py:190} INFO - [2025-04-05T15:19:13.021+0000] {override.py:1912} INFO - Created Permission View: can read on DAG Run:example_nested_branch_dag
[2025-04-05T15:19:13.060+0000] {logging_mixin.py:190} INFO - [2025-04-05T15:19:13.060+0000] {override.py:1912} INFO - Created Permission View: can create on DAG Run:example_nested_branch_dag
[2025-04-05T15:19:13.079+0000] {logging_mixin.py:190} INFO - [2025-04-05T15:19:13.079+0000] {override.py:1912} INFO - Created Permission View: can delete on DAG Run:example_nested_branch_dag
[2025-04-05T15:19:13.093+0000] {logging_mixin.py:190} INFO - [2025-04-05T15:19:13.092+0000] {override.py:1912} INFO - Created Permission View: menu access on DAG Run:example_nested_branch_dag
[2025-04-05T15:19:13.093+0000] {logging_mixin.py:190} INFO - [2025-04-05T15:19:13.093+0000] {dag.py:3239} INFO - Sync 1 DAGs
[2025-04-05T15:19:13.115+0000] {logging_mixin.py:190} INFO - [2025-04-05T15:19:13.115+0000] {dag.py:3262} INFO - Creating ORM DAG for example_nested_branch_dag
[2025-04-05T15:19:13.130+0000] {logging_mixin.py:190} INFO - [2025-04-05T15:19:13.129+0000] {dag.py:4180} INFO - Setting next_dagrun for example_nested_branch_dag to 2025-04-04 00:00:00+00:00, run_after=2025-04-05 00:00:00+00:00
[2025-04-05T15:19:13.162+0000] {processor.py:208} INFO - Processing /home/airflow/.local/lib/python3.12/site-packages/airflow/example_dags/example_nested_branch_dag.py took 0.480 seconds
[2025-04-05T15:19:43.814+0000] {processor.py:186} INFO - Started process (PID=150) to work on /home/airflow/.local/lib/python3.12/site-packages/airflow/example_dags/example_nested_branch_dag.py
[2025-04-05T15:19:43.826+0000] {processor.py:914} INFO - Processing file /home/airflow/.local/lib/python3.12/site-packages/airflow/example_dags/example_nested_branch_dag.py for tasks to queue
[2025-04-05T15:19:43.828+0000] {logging_mixin.py:190} INFO - [2025-04-05T15:19:43.828+0000] {dagbag.py:588} INFO - Filling up the DagBag from /home/airflow/.local/lib/python3.12/site-packages/airflow/example_dags/example_nested_branch_dag.py
[2025-04-05T15:19:43.837+0000] {processor.py:925} INFO - DAG(s) 'example_nested_branch_dag' retrieved from /home/airflow/.local/lib/python3.12/site-packages/airflow/example_dags/example_nested_branch_dag.py
[2025-04-05T15:19:43.856+0000] {logging_mixin.py:190} INFO - [2025-04-05T15:19:43.856+0000] {dag.py:3239} INFO - Sync 1 DAGs
[2025-04-05T15:19:43.879+0000] {logging_mixin.py:190} INFO - [2025-04-05T15:19:43.879+0000] {dag.py:4180} INFO - Setting next_dagrun for example_nested_branch_dag to 2025-04-04 00:00:00+00:00, run_after=2025-04-05 00:00:00+00:00
[2025-04-05T15:19:43.900+0000] {processor.py:208} INFO - Processing /home/airflow/.local/lib/python3.12/site-packages/airflow/example_dags/example_nested_branch_dag.py took 0.091 seconds
[2025-04-05T15:20:14.317+0000] {processor.py:186} INFO - Started process (PID=211) to work on /home/airflow/.local/lib/python3.12/site-packages/airflow/example_dags/example_nested_branch_dag.py
[2025-04-05T15:20:14.331+0000] {processor.py:914} INFO - Processing file /home/airflow/.local/lib/python3.12/site-packages/airflow/example_dags/example_nested_branch_dag.py for tasks to queue
[2025-04-05T15:20:14.332+0000] {logging_mixin.py:190} INFO - [2025-04-05T15:20:14.332+0000] {dagbag.py:588} INFO - Filling up the DagBag from /home/airflow/.local/lib/python3.12/site-packages/airflow/example_dags/example_nested_branch_dag.py
[2025-04-05T15:20:14.342+0000] {processor.py:925} INFO - DAG(s) 'example_nested_branch_dag' retrieved from /home/airflow/.local/lib/python3.12/site-packages/airflow/example_dags/example_nested_branch_dag.py
[2025-04-05T15:20:14.361+0000] {logging_mixin.py:190} INFO - [2025-04-05T15:20:14.361+0000] {dag.py:3239} INFO - Sync 1 DAGs
[2025-04-05T15:20:14.381+0000] {logging_mixin.py:190} INFO - [2025-04-05T15:20:14.381+0000] {dag.py:4180} INFO - Setting next_dagrun for example_nested_branch_dag to 2025-04-04 00:00:00+00:00, run_after=2025-04-05 00:00:00+00:00
[2025-04-05T15:20:14.398+0000] {processor.py:208} INFO - Processing /home/airflow/.local/lib/python3.12/site-packages/airflow/example_dags/example_nested_branch_dag.py took 0.085 seconds
[2025-04-05T15:20:44.504+0000] {processor.py:186} INFO - Started process (PID=274) to work on /home/airflow/.local/lib/python3.12/site-packages/airflow/example_dags/example_nested_branch_dag.py
[2025-04-05T15:20:44.505+0000] {processor.py:914} INFO - Processing file /home/airflow/.local/lib/python3.12/site-packages/airflow/example_dags/example_nested_branch_dag.py for tasks to queue
[2025-04-05T15:20:44.507+0000] {logging_mixin.py:190} INFO - [2025-04-05T15:20:44.507+0000] {dagbag.py:588} INFO - Filling up the DagBag from /home/airflow/.local/lib/python3.12/site-packages/airflow/example_dags/example_nested_branch_dag.py
[2025-04-05T15:20:44.520+0000] {processor.py:925} INFO - DAG(s) 'example_nested_branch_dag' retrieved from /home/airflow/.local/lib/python3.12/site-packages/airflow/example_dags/example_nested_branch_dag.py
[2025-04-05T15:20:44.540+0000] {logging_mixin.py:190} INFO - [2025-04-05T15:20:44.540+0000] {dag.py:3239} INFO - Sync 1 DAGs
[2025-04-05T15:20:44.564+0000] {logging_mixin.py:190} INFO - [2025-04-05T15:20:44.564+0000] {dag.py:4180} INFO - Setting next_dagrun for example_nested_branch_dag to 2025-04-04 00:00:00+00:00, run_after=2025-04-05 00:00:00+00:00
[2025-04-05T15:20:44.582+0000] {processor.py:208} INFO - Processing /home/airflow/.local/lib/python3.12/site-packages/airflow/example_dags/example_nested_branch_dag.py took 0.083 seconds
[2025-04-05T15:21:14.947+0000] {processor.py:186} INFO - Started process (PID=337) to work on /home/airflow/.local/lib/python3.12/site-packages/airflow/example_dags/example_nested_branch_dag.py
[2025-04-05T15:21:14.948+0000] {processor.py:914} INFO - Processing file /home/airflow/.local/lib/python3.12/site-packages/airflow/example_dags/example_nested_branch_dag.py for tasks to queue
[2025-04-05T15:21:14.950+0000] {logging_mixin.py:190} INFO - [2025-04-05T15:21:14.950+0000] {dagbag.py:588} INFO - Filling up the DagBag from /home/airflow/.local/lib/python3.12/site-packages/airflow/example_dags/example_nested_branch_dag.py
[2025-04-05T15:21:14.959+0000] {processor.py:925} INFO - DAG(s) 'example_nested_branch_dag' retrieved from /home/airflow/.local/lib/python3.12/site-packages/airflow/example_dags/example_nested_branch_dag.py
[2025-04-05T15:21:14.977+0000] {logging_mixin.py:190} INFO - [2025-04-05T15:21:14.976+0000] {dag.py:3239} INFO - Sync 1 DAGs
[2025-04-05T15:21:14.994+0000] {logging_mixin.py:190} INFO - [2025-04-05T15:21:14.993+0000] {dag.py:4180} INFO - Setting next_dagrun for example_nested_branch_dag to 2025-04-04 00:00:00+00:00, run_after=2025-04-05 00:00:00+00:00
[2025-04-05T15:21:15.012+0000] {processor.py:208} INFO - Processing /home/airflow/.local/lib/python3.12/site-packages/airflow/example_dags/example_nested_branch_dag.py took 0.069 seconds
[2025-04-05T15:21:45.601+0000] {processor.py:186} INFO - Started process (PID=400) to work on /home/airflow/.local/lib/python3.12/site-packages/airflow/example_dags/example_nested_branch_dag.py
[2025-04-05T15:21:45.603+0000] {processor.py:914} INFO - Processing file /home/airflow/.local/lib/python3.12/site-packages/airflow/example_dags/example_nested_branch_dag.py for tasks to queue
[2025-04-05T15:21:45.605+0000] {logging_mixin.py:190} INFO - [2025-04-05T15:21:45.605+0000] {dagbag.py:588} INFO - Filling up the DagBag from /home/airflow/.local/lib/python3.12/site-packages/airflow/example_dags/example_nested_branch_dag.py
[2025-04-05T15:21:45.616+0000] {processor.py:925} INFO - DAG(s) 'example_nested_branch_dag' retrieved from /home/airflow/.local/lib/python3.12/site-packages/airflow/example_dags/example_nested_branch_dag.py
[2025-04-05T15:21:45.642+0000] {logging_mixin.py:190} INFO - [2025-04-05T15:21:45.642+0000] {dag.py:3239} INFO - Sync 1 DAGs
[2025-04-05T15:21:45.670+0000] {logging_mixin.py:190} INFO - [2025-04-05T15:21:45.669+0000] {dag.py:4180} INFO - Setting next_dagrun for example_nested_branch_dag to 2025-04-04 00:00:00+00:00, run_after=2025-04-05 00:00:00+00:00
[2025-04-05T15:21:45.689+0000] {processor.py:208} INFO - Processing /home/airflow/.local/lib/python3.12/site-packages/airflow/example_dags/example_nested_branch_dag.py took 0.093 seconds
[2025-04-05T15:22:16.131+0000] {processor.py:186} INFO - Started process (PID=463) to work on /home/airflow/.local/lib/python3.12/site-packages/airflow/example_dags/example_nested_branch_dag.py
[2025-04-05T15:22:16.132+0000] {processor.py:914} INFO - Processing file /home/airflow/.local/lib/python3.12/site-packages/airflow/example_dags/example_nested_branch_dag.py for tasks to queue
[2025-04-05T15:22:16.135+0000] {logging_mixin.py:190} INFO - [2025-04-05T15:22:16.134+0000] {dagbag.py:588} INFO - Filling up the DagBag from /home/airflow/.local/lib/python3.12/site-packages/airflow/example_dags/example_nested_branch_dag.py
[2025-04-05T15:22:16.145+0000] {processor.py:925} INFO - DAG(s) 'example_nested_branch_dag' retrieved from /home/airflow/.local/lib/python3.12/site-packages/airflow/example_dags/example_nested_branch_dag.py
[2025-04-05T15:22:16.165+0000] {logging_mixin.py:190} INFO - [2025-04-05T15:22:16.164+0000] {dag.py:3239} INFO - Sync 1 DAGs
[2025-04-05T15:22:16.187+0000] {logging_mixin.py:190} INFO - [2025-04-05T15:22:16.187+0000] {dag.py:4180} INFO - Setting next_dagrun for example_nested_branch_dag to 2025-04-04 00:00:00+00:00, run_after=2025-04-05 00:00:00+00:00
[2025-04-05T15:22:16.207+0000] {processor.py:208} INFO - Processing /home/airflow/.local/lib/python3.12/site-packages/airflow/example_dags/example_nested_branch_dag.py took 0.081 seconds
[2025-04-05T15:22:46.237+0000] {processor.py:186} INFO - Started process (PID=526) to work on /home/airflow/.local/lib/python3.12/site-packages/airflow/example_dags/example_nested_branch_dag.py
[2025-04-05T15:22:46.238+0000] {processor.py:914} INFO - Processing file /home/airflow/.local/lib/python3.12/site-packages/airflow/example_dags/example_nested_branch_dag.py for tasks to queue
[2025-04-05T15:22:46.240+0000] {logging_mixin.py:190} INFO - [2025-04-05T15:22:46.240+0000] {dagbag.py:588} INFO - Filling up the DagBag from /home/airflow/.local/lib/python3.12/site-packages/airflow/example_dags/example_nested_branch_dag.py
[2025-04-05T15:22:46.250+0000] {processor.py:925} INFO - DAG(s) 'example_nested_branch_dag' retrieved from /home/airflow/.local/lib/python3.12/site-packages/airflow/example_dags/example_nested_branch_dag.py
[2025-04-05T15:22:46.371+0000] {logging_mixin.py:190} INFO - [2025-04-05T15:22:46.370+0000] {dag.py:3239} INFO - Sync 1 DAGs
[2025-04-05T15:22:46.389+0000] {logging_mixin.py:190} INFO - [2025-04-05T15:22:46.389+0000] {dag.py:4180} INFO - Setting next_dagrun for example_nested_branch_dag to 2025-04-04 00:00:00+00:00, run_after=2025-04-05 00:00:00+00:00
[2025-04-05T15:22:46.406+0000] {processor.py:208} INFO - Processing /home/airflow/.local/lib/python3.12/site-packages/airflow/example_dags/example_nested_branch_dag.py took 0.074 seconds
[2025-04-05T15:23:17.379+0000] {processor.py:186} INFO - Started process (PID=589) to work on /home/airflow/.local/lib/python3.12/site-packages/airflow/example_dags/example_nested_branch_dag.py
[2025-04-05T15:23:17.381+0000] {processor.py:914} INFO - Processing file /home/airflow/.local/lib/python3.12/site-packages/airflow/example_dags/example_nested_branch_dag.py for tasks to queue
[2025-04-05T15:23:17.383+0000] {logging_mixin.py:190} INFO - [2025-04-05T15:23:17.382+0000] {dagbag.py:588} INFO - Filling up the DagBag from /home/airflow/.local/lib/python3.12/site-packages/airflow/example_dags/example_nested_branch_dag.py
[2025-04-05T15:23:17.391+0000] {processor.py:925} INFO - DAG(s) 'example_nested_branch_dag' retrieved from /home/airflow/.local/lib/python3.12/site-packages/airflow/example_dags/example_nested_branch_dag.py
[2025-04-05T15:23:17.409+0000] {logging_mixin.py:190} INFO - [2025-04-05T15:23:17.408+0000] {dag.py:3239} INFO - Sync 1 DAGs
[2025-04-05T15:23:17.428+0000] {logging_mixin.py:190} INFO - [2025-04-05T15:23:17.427+0000] {dag.py:4180} INFO - Setting next_dagrun for example_nested_branch_dag to 2025-04-04 00:00:00+00:00, run_after=2025-04-05 00:00:00+00:00
[2025-04-05T15:23:17.445+0000] {processor.py:208} INFO - Processing /home/airflow/.local/lib/python3.12/site-packages/airflow/example_dags/example_nested_branch_dag.py took 0.071 seconds
[2025-04-05T15:23:47.702+0000] {processor.py:186} INFO - Started process (PID=652) to work on /home/airflow/.local/lib/python3.12/site-packages/airflow/example_dags/example_nested_branch_dag.py
[2025-04-05T15:23:47.703+0000] {processor.py:914} INFO - Processing file /home/airflow/.local/lib/python3.12/site-packages/airflow/example_dags/example_nested_branch_dag.py for tasks to queue
[2025-04-05T15:23:47.706+0000] {logging_mixin.py:190} INFO - [2025-04-05T15:23:47.705+0000] {dagbag.py:588} INFO - Filling up the DagBag from /home/airflow/.local/lib/python3.12/site-packages/airflow/example_dags/example_nested_branch_dag.py
[2025-04-05T15:23:47.714+0000] {processor.py:925} INFO - DAG(s) 'example_nested_branch_dag' retrieved from /home/airflow/.local/lib/python3.12/site-packages/airflow/example_dags/example_nested_branch_dag.py
[2025-04-05T15:23:47.731+0000] {logging_mixin.py:190} INFO - [2025-04-05T15:23:47.731+0000] {dag.py:3239} INFO - Sync 1 DAGs
[2025-04-05T15:23:47.749+0000] {logging_mixin.py:190} INFO - [2025-04-05T15:23:47.749+0000] {dag.py:4180} INFO - Setting next_dagrun for example_nested_branch_dag to 2025-04-04 00:00:00+00:00, run_after=2025-04-05 00:00:00+00:00
[2025-04-05T15:23:47.768+0000] {processor.py:208} INFO - Processing /home/airflow/.local/lib/python3.12/site-packages/airflow/example_dags/example_nested_branch_dag.py took 0.070 seconds
[2025-04-05T15:24:17.931+0000] {processor.py:186} INFO - Started process (PID=715) to work on /home/airflow/.local/lib/python3.12/site-packages/airflow/example_dags/example_nested_branch_dag.py
[2025-04-05T15:24:17.944+0000] {processor.py:914} INFO - Processing file /home/airflow/.local/lib/python3.12/site-packages/airflow/example_dags/example_nested_branch_dag.py for tasks to queue
[2025-04-05T15:24:17.947+0000] {logging_mixin.py:190} INFO - [2025-04-05T15:24:17.946+0000] {dagbag.py:588} INFO - Filling up the DagBag from /home/airflow/.local/lib/python3.12/site-packages/airflow/example_dags/example_nested_branch_dag.py
[2025-04-05T15:24:17.959+0000] {processor.py:925} INFO - DAG(s) 'example_nested_branch_dag' retrieved from /home/airflow/.local/lib/python3.12/site-packages/airflow/example_dags/example_nested_branch_dag.py
[2025-04-05T15:24:17.978+0000] {logging_mixin.py:190} INFO - [2025-04-05T15:24:17.977+0000] {dag.py:3239} INFO - Sync 1 DAGs
[2025-04-05T15:24:18.000+0000] {logging_mixin.py:190} INFO - [2025-04-05T15:24:18.000+0000] {dag.py:4180} INFO - Setting next_dagrun for example_nested_branch_dag to 2025-04-04 00:00:00+00:00, run_after=2025-04-05 00:00:00+00:00
[2025-04-05T15:24:18.023+0000] {processor.py:208} INFO - Processing /home/airflow/.local/lib/python3.12/site-packages/airflow/example_dags/example_nested_branch_dag.py took 0.097 seconds
[2025-04-05T15:24:48.307+0000] {processor.py:186} INFO - Started process (PID=778) to work on /home/airflow/.local/lib/python3.12/site-packages/airflow/example_dags/example_nested_branch_dag.py
[2025-04-05T15:24:48.321+0000] {processor.py:914} INFO - Processing file /home/airflow/.local/lib/python3.12/site-packages/airflow/example_dags/example_nested_branch_dag.py for tasks to queue
[2025-04-05T15:24:48.323+0000] {logging_mixin.py:190} INFO - [2025-04-05T15:24:48.323+0000] {dagbag.py:588} INFO - Filling up the DagBag from /home/airflow/.local/lib/python3.12/site-packages/airflow/example_dags/example_nested_branch_dag.py
[2025-04-05T15:24:48.331+0000] {processor.py:925} INFO - DAG(s) 'example_nested_branch_dag' retrieved from /home/airflow/.local/lib/python3.12/site-packages/airflow/example_dags/example_nested_branch_dag.py
[2025-04-05T15:24:48.349+0000] {logging_mixin.py:190} INFO - [2025-04-05T15:24:48.348+0000] {dag.py:3239} INFO - Sync 1 DAGs
[2025-04-05T15:24:48.367+0000] {logging_mixin.py:190} INFO - [2025-04-05T15:24:48.367+0000] {dag.py:4180} INFO - Setting next_dagrun for example_nested_branch_dag to 2025-04-04 00:00:00+00:00, run_after=2025-04-05 00:00:00+00:00
[2025-04-05T15:24:48.385+0000] {processor.py:208} INFO - Processing /home/airflow/.local/lib/python3.12/site-packages/airflow/example_dags/example_nested_branch_dag.py took 0.082 seconds
[2025-04-05T15:25:18.636+0000] {processor.py:186} INFO - Started process (PID=841) to work on /home/airflow/.local/lib/python3.12/site-packages/airflow/example_dags/example_nested_branch_dag.py
[2025-04-05T15:25:18.650+0000] {processor.py:914} INFO - Processing file /home/airflow/.local/lib/python3.12/site-packages/airflow/example_dags/example_nested_branch_dag.py for tasks to queue
[2025-04-05T15:25:18.653+0000] {logging_mixin.py:190} INFO - [2025-04-05T15:25:18.652+0000] {dagbag.py:588} INFO - Filling up the DagBag from /home/airflow/.local/lib/python3.12/site-packages/airflow/example_dags/example_nested_branch_dag.py
[2025-04-05T15:25:18.660+0000] {processor.py:925} INFO - DAG(s) 'example_nested_branch_dag' retrieved from /home/airflow/.local/lib/python3.12/site-packages/airflow/example_dags/example_nested_branch_dag.py
[2025-04-05T15:25:18.679+0000] {logging_mixin.py:190} INFO - [2025-04-05T15:25:18.679+0000] {dag.py:3239} INFO - Sync 1 DAGs
[2025-04-05T15:25:18.697+0000] {logging_mixin.py:190} INFO - [2025-04-05T15:25:18.697+0000] {dag.py:4180} INFO - Setting next_dagrun for example_nested_branch_dag to 2025-04-04 00:00:00+00:00, run_after=2025-04-05 00:00:00+00:00
[2025-04-05T15:25:18.719+0000] {processor.py:208} INFO - Processing /home/airflow/.local/lib/python3.12/site-packages/airflow/example_dags/example_nested_branch_dag.py took 0.087 seconds
[2025-04-05T15:25:48.943+0000] {processor.py:186} INFO - Started process (PID=904) to work on /home/airflow/.local/lib/python3.12/site-packages/airflow/example_dags/example_nested_branch_dag.py
[2025-04-05T15:25:48.951+0000] {processor.py:914} INFO - Processing file /home/airflow/.local/lib/python3.12/site-packages/airflow/example_dags/example_nested_branch_dag.py for tasks to queue
[2025-04-05T15:25:48.954+0000] {logging_mixin.py:190} INFO - [2025-04-05T15:25:48.953+0000] {dagbag.py:588} INFO - Filling up the DagBag from /home/airflow/.local/lib/python3.12/site-packages/airflow/example_dags/example_nested_branch_dag.py
[2025-04-05T15:25:48.965+0000] {processor.py:925} INFO - DAG(s) 'example_nested_branch_dag' retrieved from /home/airflow/.local/lib/python3.12/site-packages/airflow/example_dags/example_nested_branch_dag.py
[2025-04-05T15:25:48.990+0000] {logging_mixin.py:190} INFO - [2025-04-05T15:25:48.989+0000] {dag.py:3239} INFO - Sync 1 DAGs
[2025-04-05T15:25:49.015+0000] {logging_mixin.py:190} INFO - [2025-04-05T15:25:49.015+0000] {dag.py:4180} INFO - Setting next_dagrun for example_nested_branch_dag to 2025-04-04 00:00:00+00:00, run_after=2025-04-05 00:00:00+00:00
[2025-04-05T15:25:49.049+0000] {processor.py:208} INFO - Processing /home/airflow/.local/lib/python3.12/site-packages/airflow/example_dags/example_nested_branch_dag.py took 0.111 seconds
[2025-04-05T15:26:19.812+0000] {processor.py:186} INFO - Started process (PID=967) to work on /home/airflow/.local/lib/python3.12/site-packages/airflow/example_dags/example_nested_branch_dag.py
[2025-04-05T15:26:19.814+0000] {processor.py:914} INFO - Processing file /home/airflow/.local/lib/python3.12/site-packages/airflow/example_dags/example_nested_branch_dag.py for tasks to queue
[2025-04-05T15:26:19.816+0000] {logging_mixin.py:190} INFO - [2025-04-05T15:26:19.816+0000] {dagbag.py:588} INFO - Filling up the DagBag from /home/airflow/.local/lib/python3.12/site-packages/airflow/example_dags/example_nested_branch_dag.py
[2025-04-05T15:26:19.826+0000] {processor.py:925} INFO - DAG(s) 'example_nested_branch_dag' retrieved from /home/airflow/.local/lib/python3.12/site-packages/airflow/example_dags/example_nested_branch_dag.py
[2025-04-05T15:26:19.851+0000] {logging_mixin.py:190} INFO - [2025-04-05T15:26:19.851+0000] {dag.py:3239} INFO - Sync 1 DAGs
[2025-04-05T15:26:19.874+0000] {logging_mixin.py:190} INFO - [2025-04-05T15:26:19.874+0000] {dag.py:4180} INFO - Setting next_dagrun for example_nested_branch_dag to 2025-04-04 00:00:00+00:00, run_after=2025-04-05 00:00:00+00:00
[2025-04-05T15:26:19.901+0000] {processor.py:208} INFO - Processing /home/airflow/.local/lib/python3.12/site-packages/airflow/example_dags/example_nested_branch_dag.py took 0.094 seconds
[2025-04-05T15:26:50.891+0000] {processor.py:186} INFO - Started process (PID=1030) to work on /home/airflow/.local/lib/python3.12/site-packages/airflow/example_dags/example_nested_branch_dag.py
[2025-04-05T15:26:50.905+0000] {processor.py:914} INFO - Processing file /home/airflow/.local/lib/python3.12/site-packages/airflow/example_dags/example_nested_branch_dag.py for tasks to queue
[2025-04-05T15:26:50.908+0000] {logging_mixin.py:190} INFO - [2025-04-05T15:26:50.908+0000] {dagbag.py:588} INFO - Filling up the DagBag from /home/airflow/.local/lib/python3.12/site-packages/airflow/example_dags/example_nested_branch_dag.py
[2025-04-05T15:26:50.927+0000] {processor.py:925} INFO - DAG(s) 'example_nested_branch_dag' retrieved from /home/airflow/.local/lib/python3.12/site-packages/airflow/example_dags/example_nested_branch_dag.py
[2025-04-05T15:26:50.956+0000] {logging_mixin.py:190} INFO - [2025-04-05T15:26:50.956+0000] {dag.py:3239} INFO - Sync 1 DAGs
[2025-04-05T15:26:50.977+0000] {logging_mixin.py:190} INFO - [2025-04-05T15:26:50.976+0000] {dag.py:4180} INFO - Setting next_dagrun for example_nested_branch_dag to 2025-04-04 00:00:00+00:00, run_after=2025-04-05 00:00:00+00:00
[2025-04-05T15:26:51.009+0000] {processor.py:208} INFO - Processing /home/airflow/.local/lib/python3.12/site-packages/airflow/example_dags/example_nested_branch_dag.py took 0.125 seconds
[2025-04-05T15:27:21.563+0000] {processor.py:186} INFO - Started process (PID=1093) to work on /home/airflow/.local/lib/python3.12/site-packages/airflow/example_dags/example_nested_branch_dag.py
[2025-04-05T15:27:21.576+0000] {processor.py:914} INFO - Processing file /home/airflow/.local/lib/python3.12/site-packages/airflow/example_dags/example_nested_branch_dag.py for tasks to queue
[2025-04-05T15:27:21.579+0000] {logging_mixin.py:190} INFO - [2025-04-05T15:27:21.579+0000] {dagbag.py:588} INFO - Filling up the DagBag from /home/airflow/.local/lib/python3.12/site-packages/airflow/example_dags/example_nested_branch_dag.py
[2025-04-05T15:27:21.590+0000] {processor.py:925} INFO - DAG(s) 'example_nested_branch_dag' retrieved from /home/airflow/.local/lib/python3.12/site-packages/airflow/example_dags/example_nested_branch_dag.py
[2025-04-05T15:27:21.610+0000] {logging_mixin.py:190} INFO - [2025-04-05T15:27:21.610+0000] {dag.py:3239} INFO - Sync 1 DAGs
[2025-04-05T15:27:21.631+0000] {logging_mixin.py:190} INFO - [2025-04-05T15:27:21.631+0000] {dag.py:4180} INFO - Setting next_dagrun for example_nested_branch_dag to 2025-04-04 00:00:00+00:00, run_after=2025-04-05 00:00:00+00:00
[2025-04-05T15:27:21.652+0000] {processor.py:208} INFO - Processing /home/airflow/.local/lib/python3.12/site-packages/airflow/example_dags/example_nested_branch_dag.py took 0.097 seconds
[2025-04-05T15:27:51.906+0000] {processor.py:186} INFO - Started process (PID=1156) to work on /home/airflow/.local/lib/python3.12/site-packages/airflow/example_dags/example_nested_branch_dag.py
[2025-04-05T15:27:51.917+0000] {processor.py:914} INFO - Processing file /home/airflow/.local/lib/python3.12/site-packages/airflow/example_dags/example_nested_branch_dag.py for tasks to queue
[2025-04-05T15:27:51.920+0000] {logging_mixin.py:190} INFO - [2025-04-05T15:27:51.920+0000] {dagbag.py:588} INFO - Filling up the DagBag from /home/airflow/.local/lib/python3.12/site-packages/airflow/example_dags/example_nested_branch_dag.py
[2025-04-05T15:27:51.932+0000] {processor.py:925} INFO - DAG(s) 'example_nested_branch_dag' retrieved from /home/airflow/.local/lib/python3.12/site-packages/airflow/example_dags/example_nested_branch_dag.py
[2025-04-05T15:27:51.957+0000] {logging_mixin.py:190} INFO - [2025-04-05T15:27:51.957+0000] {dag.py:3239} INFO - Sync 1 DAGs
[2025-04-05T15:27:51.977+0000] {logging_mixin.py:190} INFO - [2025-04-05T15:27:51.977+0000] {dag.py:4180} INFO - Setting next_dagrun for example_nested_branch_dag to 2025-04-04 00:00:00+00:00, run_after=2025-04-05 00:00:00+00:00
[2025-04-05T15:27:52.000+0000] {processor.py:208} INFO - Processing /home/airflow/.local/lib/python3.12/site-packages/airflow/example_dags/example_nested_branch_dag.py took 0.100 seconds
[2025-04-05T15:28:22.131+0000] {processor.py:186} INFO - Started process (PID=1219) to work on /home/airflow/.local/lib/python3.12/site-packages/airflow/example_dags/example_nested_branch_dag.py
[2025-04-05T15:28:22.135+0000] {processor.py:914} INFO - Processing file /home/airflow/.local/lib/python3.12/site-packages/airflow/example_dags/example_nested_branch_dag.py for tasks to queue
[2025-04-05T15:28:22.137+0000] {logging_mixin.py:190} INFO - [2025-04-05T15:28:22.137+0000] {dagbag.py:588} INFO - Filling up the DagBag from /home/airflow/.local/lib/python3.12/site-packages/airflow/example_dags/example_nested_branch_dag.py
[2025-04-05T15:28:22.149+0000] {processor.py:925} INFO - DAG(s) 'example_nested_branch_dag' retrieved from /home/airflow/.local/lib/python3.12/site-packages/airflow/example_dags/example_nested_branch_dag.py
[2025-04-05T15:28:22.176+0000] {logging_mixin.py:190} INFO - [2025-04-05T15:28:22.175+0000] {dag.py:3239} INFO - Sync 1 DAGs
[2025-04-05T15:28:22.199+0000] {logging_mixin.py:190} INFO - [2025-04-05T15:28:22.199+0000] {dag.py:4180} INFO - Setting next_dagrun for example_nested_branch_dag to 2025-04-04 00:00:00+00:00, run_after=2025-04-05 00:00:00+00:00
[2025-04-05T15:28:22.225+0000] {processor.py:208} INFO - Processing /home/airflow/.local/lib/python3.12/site-packages/airflow/example_dags/example_nested_branch_dag.py took 0.101 seconds
[2025-04-05T15:28:53.072+0000] {processor.py:186} INFO - Started process (PID=1282) to work on /home/airflow/.local/lib/python3.12/site-packages/airflow/example_dags/example_nested_branch_dag.py
[2025-04-05T15:28:53.085+0000] {processor.py:914} INFO - Processing file /home/airflow/.local/lib/python3.12/site-packages/airflow/example_dags/example_nested_branch_dag.py for tasks to queue
[2025-04-05T15:28:53.087+0000] {logging_mixin.py:190} INFO - [2025-04-05T15:28:53.087+0000] {dagbag.py:588} INFO - Filling up the DagBag from /home/airflow/.local/lib/python3.12/site-packages/airflow/example_dags/example_nested_branch_dag.py
[2025-04-05T15:28:53.097+0000] {processor.py:925} INFO - DAG(s) 'example_nested_branch_dag' retrieved from /home/airflow/.local/lib/python3.12/site-packages/airflow/example_dags/example_nested_branch_dag.py
[2025-04-05T15:28:53.119+0000] {logging_mixin.py:190} INFO - [2025-04-05T15:28:53.119+0000] {dag.py:3239} INFO - Sync 1 DAGs
[2025-04-05T15:28:53.142+0000] {logging_mixin.py:190} INFO - [2025-04-05T15:28:53.142+0000] {dag.py:4180} INFO - Setting next_dagrun for example_nested_branch_dag to 2025-04-04 00:00:00+00:00, run_after=2025-04-05 00:00:00+00:00
[2025-04-05T15:28:53.170+0000] {processor.py:208} INFO - Processing /home/airflow/.local/lib/python3.12/site-packages/airflow/example_dags/example_nested_branch_dag.py took 0.103 seconds
[2025-04-05T15:29:24.088+0000] {processor.py:186} INFO - Started process (PID=1345) to work on /home/airflow/.local/lib/python3.12/site-packages/airflow/example_dags/example_nested_branch_dag.py
[2025-04-05T15:29:24.103+0000] {processor.py:914} INFO - Processing file /home/airflow/.local/lib/python3.12/site-packages/airflow/example_dags/example_nested_branch_dag.py for tasks to queue
[2025-04-05T15:29:24.106+0000] {logging_mixin.py:190} INFO - [2025-04-05T15:29:24.105+0000] {dagbag.py:588} INFO - Filling up the DagBag from /home/airflow/.local/lib/python3.12/site-packages/airflow/example_dags/example_nested_branch_dag.py
[2025-04-05T15:29:24.120+0000] {processor.py:925} INFO - DAG(s) 'example_nested_branch_dag' retrieved from /home/airflow/.local/lib/python3.12/site-packages/airflow/example_dags/example_nested_branch_dag.py
[2025-04-05T15:29:24.144+0000] {logging_mixin.py:190} INFO - [2025-04-05T15:29:24.144+0000] {dag.py:3239} INFO - Sync 1 DAGs
[2025-04-05T15:29:24.171+0000] {logging_mixin.py:190} INFO - [2025-04-05T15:29:24.171+0000] {dag.py:4180} INFO - Setting next_dagrun for example_nested_branch_dag to 2025-04-04 00:00:00+00:00, run_after=2025-04-05 00:00:00+00:00
[2025-04-05T15:29:24.204+0000] {processor.py:208} INFO - Processing /home/airflow/.local/lib/python3.12/site-packages/airflow/example_dags/example_nested_branch_dag.py took 0.126 seconds
[2025-04-05T15:29:54.748+0000] {processor.py:186} INFO - Started process (PID=1408) to work on /home/airflow/.local/lib/python3.12/site-packages/airflow/example_dags/example_nested_branch_dag.py
[2025-04-05T15:29:54.762+0000] {processor.py:914} INFO - Processing file /home/airflow/.local/lib/python3.12/site-packages/airflow/example_dags/example_nested_branch_dag.py for tasks to queue
[2025-04-05T15:29:54.764+0000] {logging_mixin.py:190} INFO - [2025-04-05T15:29:54.763+0000] {dagbag.py:588} INFO - Filling up the DagBag from /home/airflow/.local/lib/python3.12/site-packages/airflow/example_dags/example_nested_branch_dag.py
[2025-04-05T15:29:54.773+0000] {processor.py:925} INFO - DAG(s) 'example_nested_branch_dag' retrieved from /home/airflow/.local/lib/python3.12/site-packages/airflow/example_dags/example_nested_branch_dag.py
[2025-04-05T15:29:54.794+0000] {logging_mixin.py:190} INFO - [2025-04-05T15:29:54.794+0000] {dag.py:3239} INFO - Sync 1 DAGs
[2025-04-05T15:29:54.814+0000] {logging_mixin.py:190} INFO - [2025-04-05T15:29:54.813+0000] {dag.py:4180} INFO - Setting next_dagrun for example_nested_branch_dag to 2025-04-04 00:00:00+00:00, run_after=2025-04-05 00:00:00+00:00
[2025-04-05T15:29:54.836+0000] {processor.py:208} INFO - Processing /home/airflow/.local/lib/python3.12/site-packages/airflow/example_dags/example_nested_branch_dag.py took 0.093 seconds
[2025-04-05T15:30:25.562+0000] {processor.py:186} INFO - Started process (PID=1472) to work on /home/airflow/.local/lib/python3.12/site-packages/airflow/example_dags/example_nested_branch_dag.py
[2025-04-05T15:30:25.564+0000] {processor.py:914} INFO - Processing file /home/airflow/.local/lib/python3.12/site-packages/airflow/example_dags/example_nested_branch_dag.py for tasks to queue
[2025-04-05T15:30:25.566+0000] {logging_mixin.py:190} INFO - [2025-04-05T15:30:25.566+0000] {dagbag.py:588} INFO - Filling up the DagBag from /home/airflow/.local/lib/python3.12/site-packages/airflow/example_dags/example_nested_branch_dag.py
[2025-04-05T15:30:25.579+0000] {processor.py:925} INFO - DAG(s) 'example_nested_branch_dag' retrieved from /home/airflow/.local/lib/python3.12/site-packages/airflow/example_dags/example_nested_branch_dag.py
[2025-04-05T15:30:25.603+0000] {logging_mixin.py:190} INFO - [2025-04-05T15:30:25.603+0000] {dag.py:3239} INFO - Sync 1 DAGs
[2025-04-05T15:30:25.626+0000] {logging_mixin.py:190} INFO - [2025-04-05T15:30:25.626+0000] {dag.py:4180} INFO - Setting next_dagrun for example_nested_branch_dag to 2025-04-04 00:00:00+00:00, run_after=2025-04-05 00:00:00+00:00
[2025-04-05T15:30:25.651+0000] {processor.py:208} INFO - Processing /home/airflow/.local/lib/python3.12/site-packages/airflow/example_dags/example_nested_branch_dag.py took 0.095 seconds
[2025-04-05T15:30:56.514+0000] {processor.py:186} INFO - Started process (PID=1535) to work on /home/airflow/.local/lib/python3.12/site-packages/airflow/example_dags/example_nested_branch_dag.py
[2025-04-05T15:30:56.529+0000] {processor.py:914} INFO - Processing file /home/airflow/.local/lib/python3.12/site-packages/airflow/example_dags/example_nested_branch_dag.py for tasks to queue
[2025-04-05T15:30:56.531+0000] {logging_mixin.py:190} INFO - [2025-04-05T15:30:56.531+0000] {dagbag.py:588} INFO - Filling up the DagBag from /home/airflow/.local/lib/python3.12/site-packages/airflow/example_dags/example_nested_branch_dag.py
[2025-04-05T15:30:56.546+0000] {processor.py:925} INFO - DAG(s) 'example_nested_branch_dag' retrieved from /home/airflow/.local/lib/python3.12/site-packages/airflow/example_dags/example_nested_branch_dag.py
[2025-04-05T15:30:56.572+0000] {logging_mixin.py:190} INFO - [2025-04-05T15:30:56.572+0000] {dag.py:3239} INFO - Sync 1 DAGs
[2025-04-05T15:30:56.601+0000] {logging_mixin.py:190} INFO - [2025-04-05T15:30:56.601+0000] {dag.py:4180} INFO - Setting next_dagrun for example_nested_branch_dag to 2025-04-04 00:00:00+00:00, run_after=2025-04-05 00:00:00+00:00
[2025-04-05T15:30:56.625+0000] {processor.py:208} INFO - Processing /home/airflow/.local/lib/python3.12/site-packages/airflow/example_dags/example_nested_branch_dag.py took 0.122 seconds
[2025-04-05T15:31:27.384+0000] {processor.py:186} INFO - Started process (PID=1598) to work on /home/airflow/.local/lib/python3.12/site-packages/airflow/example_dags/example_nested_branch_dag.py
[2025-04-05T15:31:27.398+0000] {processor.py:914} INFO - Processing file /home/airflow/.local/lib/python3.12/site-packages/airflow/example_dags/example_nested_branch_dag.py for tasks to queue
[2025-04-05T15:31:27.400+0000] {logging_mixin.py:190} INFO - [2025-04-05T15:31:27.400+0000] {dagbag.py:588} INFO - Filling up the DagBag from /home/airflow/.local/lib/python3.12/site-packages/airflow/example_dags/example_nested_branch_dag.py
[2025-04-05T15:31:27.409+0000] {processor.py:925} INFO - DAG(s) 'example_nested_branch_dag' retrieved from /home/airflow/.local/lib/python3.12/site-packages/airflow/example_dags/example_nested_branch_dag.py
[2025-04-05T15:31:27.430+0000] {logging_mixin.py:190} INFO - [2025-04-05T15:31:27.430+0000] {dag.py:3239} INFO - Sync 1 DAGs
[2025-04-05T15:31:27.449+0000] {logging_mixin.py:190} INFO - [2025-04-05T15:31:27.449+0000] {dag.py:4180} INFO - Setting next_dagrun for example_nested_branch_dag to 2025-04-04 00:00:00+00:00, run_after=2025-04-05 00:00:00+00:00
[2025-04-05T15:31:27.481+0000] {processor.py:208} INFO - Processing /home/airflow/.local/lib/python3.12/site-packages/airflow/example_dags/example_nested_branch_dag.py took 0.103 seconds
[2025-04-05T15:31:57.633+0000] {processor.py:186} INFO - Started process (PID=1661) to work on /home/airflow/.local/lib/python3.12/site-packages/airflow/example_dags/example_nested_branch_dag.py
[2025-04-05T15:31:57.635+0000] {processor.py:914} INFO - Processing file /home/airflow/.local/lib/python3.12/site-packages/airflow/example_dags/example_nested_branch_dag.py for tasks to queue
[2025-04-05T15:31:57.638+0000] {logging_mixin.py:190} INFO - [2025-04-05T15:31:57.638+0000] {dagbag.py:588} INFO - Filling up the DagBag from /home/airflow/.local/lib/python3.12/site-packages/airflow/example_dags/example_nested_branch_dag.py
[2025-04-05T15:31:57.650+0000] {processor.py:925} INFO - DAG(s) 'example_nested_branch_dag' retrieved from /home/airflow/.local/lib/python3.12/site-packages/airflow/example_dags/example_nested_branch_dag.py
[2025-04-05T15:31:57.676+0000] {logging_mixin.py:190} INFO - [2025-04-05T15:31:57.675+0000] {dag.py:3239} INFO - Sync 1 DAGs
[2025-04-05T15:31:57.704+0000] {logging_mixin.py:190} INFO - [2025-04-05T15:31:57.704+0000] {dag.py:4180} INFO - Setting next_dagrun for example_nested_branch_dag to 2025-04-04 00:00:00+00:00, run_after=2025-04-05 00:00:00+00:00
[2025-04-05T15:31:57.726+0000] {processor.py:208} INFO - Processing /home/airflow/.local/lib/python3.12/site-packages/airflow/example_dags/example_nested_branch_dag.py took 0.099 seconds
[2025-04-05T15:32:28.572+0000] {processor.py:186} INFO - Started process (PID=1724) to work on /home/airflow/.local/lib/python3.12/site-packages/airflow/example_dags/example_nested_branch_dag.py
[2025-04-05T15:32:28.574+0000] {processor.py:914} INFO - Processing file /home/airflow/.local/lib/python3.12/site-packages/airflow/example_dags/example_nested_branch_dag.py for tasks to queue
[2025-04-05T15:32:28.576+0000] {logging_mixin.py:190} INFO - [2025-04-05T15:32:28.576+0000] {dagbag.py:588} INFO - Filling up the DagBag from /home/airflow/.local/lib/python3.12/site-packages/airflow/example_dags/example_nested_branch_dag.py
[2025-04-05T15:32:28.586+0000] {processor.py:925} INFO - DAG(s) 'example_nested_branch_dag' retrieved from /home/airflow/.local/lib/python3.12/site-packages/airflow/example_dags/example_nested_branch_dag.py
[2025-04-05T15:32:28.607+0000] {logging_mixin.py:190} INFO - [2025-04-05T15:32:28.607+0000] {dag.py:3239} INFO - Sync 1 DAGs
[2025-04-05T15:32:28.630+0000] {logging_mixin.py:190} INFO - [2025-04-05T15:32:28.630+0000] {dag.py:4180} INFO - Setting next_dagrun for example_nested_branch_dag to 2025-04-04 00:00:00+00:00, run_after=2025-04-05 00:00:00+00:00
[2025-04-05T15:32:28.651+0000] {processor.py:208} INFO - Processing /home/airflow/.local/lib/python3.12/site-packages/airflow/example_dags/example_nested_branch_dag.py took 0.083 seconds
[2025-04-05T15:32:59.484+0000] {processor.py:186} INFO - Started process (PID=1787) to work on /home/airflow/.local/lib/python3.12/site-packages/airflow/example_dags/example_nested_branch_dag.py
[2025-04-05T15:32:59.485+0000] {processor.py:914} INFO - Processing file /home/airflow/.local/lib/python3.12/site-packages/airflow/example_dags/example_nested_branch_dag.py for tasks to queue
[2025-04-05T15:32:59.491+0000] {logging_mixin.py:190} INFO - [2025-04-05T15:32:59.488+0000] {dagbag.py:588} INFO - Filling up the DagBag from /home/airflow/.local/lib/python3.12/site-packages/airflow/example_dags/example_nested_branch_dag.py
[2025-04-05T15:32:59.518+0000] {processor.py:925} INFO - DAG(s) 'example_nested_branch_dag' retrieved from /home/airflow/.local/lib/python3.12/site-packages/airflow/example_dags/example_nested_branch_dag.py
[2025-04-05T15:32:59.566+0000] {logging_mixin.py:190} INFO - [2025-04-05T15:32:59.565+0000] {dag.py:3239} INFO - Sync 1 DAGs
[2025-04-05T15:32:59.626+0000] {logging_mixin.py:190} INFO - [2025-04-05T15:32:59.625+0000] {dag.py:4180} INFO - Setting next_dagrun for example_nested_branch_dag to 2025-04-04 00:00:00+00:00, run_after=2025-04-05 00:00:00+00:00
[2025-04-05T15:32:59.676+0000] {processor.py:208} INFO - Processing /home/airflow/.local/lib/python3.12/site-packages/airflow/example_dags/example_nested_branch_dag.py took 0.199 seconds
[2025-04-05T20:33:14.343+0000] {processor.py:186} INFO - Started process (PID=1847) to work on /home/airflow/.local/lib/python3.12/site-packages/airflow/example_dags/example_nested_branch_dag.py
[2025-04-06T04:09:02.495+0000] {processor.py:914} INFO - Processing file /home/airflow/.local/lib/python3.12/site-packages/airflow/example_dags/example_nested_branch_dag.py for tasks to queue
[2025-04-06T04:09:02.559+0000] {logging_mixin.py:190} INFO - [2025-04-06T04:09:02.557+0000] {dagbag.py:588} INFO - Filling up the DagBag from /home/airflow/.local/lib/python3.12/site-packages/airflow/example_dags/example_nested_branch_dag.py
[2025-04-06T04:09:02.595+0000] {processor.py:925} INFO - DAG(s) 'example_nested_branch_dag' retrieved from /home/airflow/.local/lib/python3.12/site-packages/airflow/example_dags/example_nested_branch_dag.py
[2025-04-06T04:09:02.705+0000] {logging_mixin.py:190} INFO - [2025-04-06T04:09:02.705+0000] {dag.py:3239} INFO - Sync 1 DAGs
