[2025-04-05T15:19:21.009+0000] {processor.py:186} INFO - Started process (PID=124) to work on /home/airflow/.local/lib/python3.12/site-packages/airflow/example_dags/example_dataset_alias.py
[2025-04-05T15:19:21.010+0000] {processor.py:914} INFO - Processing file /home/airflow/.local/lib/python3.12/site-packages/airflow/example_dags/example_dataset_alias.py for tasks to queue
[2025-04-05T15:19:21.012+0000] {logging_mixin.py:190} INFO - [2025-04-05T15:19:21.012+0000] {dagbag.py:588} INFO - Filling up the DagBag from /home/airflow/.local/lib/python3.12/site-packages/airflow/example_dags/example_dataset_alias.py
[2025-04-05T15:19:21.785+0000] {processor.py:925} INFO - DAG(s) 'dataset_s3_bucket_consumer', 'dataset_s3_bucket_producer', 'dataset_alias_example_alias_producer', 'dataset_alias_example_alias_consumer' retrieved from /home/airflow/.local/lib/python3.12/site-packages/airflow/example_dags/example_dataset_alias.py
[2025-04-05T15:19:21.978+0000] {logging_mixin.py:190} INFO - [2025-04-05T15:19:21.977+0000] {override.py:1912} INFO - Created Permission View: can read on DAG:dataset_s3_bucket_consumer
[2025-04-05T15:19:22.022+0000] {logging_mixin.py:190} INFO - [2025-04-05T15:19:22.021+0000] {override.py:1912} INFO - Created Permission View: can delete on DAG:dataset_s3_bucket_consumer
[2025-04-05T15:19:22.037+0000] {logging_mixin.py:190} INFO - [2025-04-05T15:19:22.036+0000] {override.py:1912} INFO - Created Permission View: can edit on DAG:dataset_s3_bucket_consumer
[2025-04-05T15:19:22.057+0000] {logging_mixin.py:190} INFO - [2025-04-05T15:19:22.056+0000] {override.py:1912} INFO - Created Permission View: can read on DAG Run:dataset_s3_bucket_consumer
[2025-04-05T15:19:22.066+0000] {logging_mixin.py:190} INFO - [2025-04-05T15:19:22.066+0000] {override.py:1912} INFO - Created Permission View: can create on DAG Run:dataset_s3_bucket_consumer
[2025-04-05T15:19:22.075+0000] {logging_mixin.py:190} INFO - [2025-04-05T15:19:22.075+0000] {override.py:1912} INFO - Created Permission View: can delete on DAG Run:dataset_s3_bucket_consumer
[2025-04-05T15:19:22.084+0000] {logging_mixin.py:190} INFO - [2025-04-05T15:19:22.084+0000] {override.py:1912} INFO - Created Permission View: menu access on DAG Run:dataset_s3_bucket_consumer
[2025-04-05T15:19:22.102+0000] {logging_mixin.py:190} INFO - [2025-04-05T15:19:22.101+0000] {override.py:1912} INFO - Created Permission View: can read on DAG:dataset_s3_bucket_producer
[2025-04-05T15:19:22.112+0000] {logging_mixin.py:190} INFO - [2025-04-05T15:19:22.111+0000] {override.py:1912} INFO - Created Permission View: can delete on DAG:dataset_s3_bucket_producer
[2025-04-05T15:19:22.121+0000] {logging_mixin.py:190} INFO - [2025-04-05T15:19:22.120+0000] {override.py:1912} INFO - Created Permission View: can edit on DAG:dataset_s3_bucket_producer
[2025-04-05T15:19:22.136+0000] {logging_mixin.py:190} INFO - [2025-04-05T15:19:22.135+0000] {override.py:1912} INFO - Created Permission View: can read on DAG Run:dataset_s3_bucket_producer
[2025-04-05T15:19:22.145+0000] {logging_mixin.py:190} INFO - [2025-04-05T15:19:22.145+0000] {override.py:1912} INFO - Created Permission View: can create on DAG Run:dataset_s3_bucket_producer
[2025-04-05T15:19:22.158+0000] {logging_mixin.py:190} INFO - [2025-04-05T15:19:22.158+0000] {override.py:1912} INFO - Created Permission View: can delete on DAG Run:dataset_s3_bucket_producer
[2025-04-05T15:19:22.170+0000] {logging_mixin.py:190} INFO - [2025-04-05T15:19:22.169+0000] {override.py:1912} INFO - Created Permission View: menu access on DAG Run:dataset_s3_bucket_producer
[2025-04-05T15:19:22.197+0000] {logging_mixin.py:190} INFO - [2025-04-05T15:19:22.196+0000] {override.py:1912} INFO - Created Permission View: can read on DAG:dataset_alias_example_alias_producer
[2025-04-05T15:19:22.205+0000] {logging_mixin.py:190} INFO - [2025-04-05T15:19:22.205+0000] {override.py:1912} INFO - Created Permission View: can delete on DAG:dataset_alias_example_alias_producer
[2025-04-05T15:19:22.215+0000] {logging_mixin.py:190} INFO - [2025-04-05T15:19:22.214+0000] {override.py:1912} INFO - Created Permission View: can edit on DAG:dataset_alias_example_alias_producer
[2025-04-05T15:19:22.228+0000] {logging_mixin.py:190} INFO - [2025-04-05T15:19:22.227+0000] {override.py:1912} INFO - Created Permission View: can read on DAG Run:dataset_alias_example_alias_producer
[2025-04-05T15:19:22.236+0000] {logging_mixin.py:190} INFO - [2025-04-05T15:19:22.235+0000] {override.py:1912} INFO - Created Permission View: can create on DAG Run:dataset_alias_example_alias_producer
[2025-04-05T15:19:22.250+0000] {logging_mixin.py:190} INFO - [2025-04-05T15:19:22.250+0000] {override.py:1912} INFO - Created Permission View: can delete on DAG Run:dataset_alias_example_alias_producer
[2025-04-05T15:19:22.277+0000] {logging_mixin.py:190} INFO - [2025-04-05T15:19:22.276+0000] {override.py:1912} INFO - Created Permission View: menu access on DAG Run:dataset_alias_example_alias_producer
[2025-04-05T15:19:22.293+0000] {logging_mixin.py:190} INFO - [2025-04-05T15:19:22.293+0000] {override.py:1912} INFO - Created Permission View: can read on DAG:dataset_alias_example_alias_consumer
[2025-04-05T15:19:22.302+0000] {logging_mixin.py:190} INFO - [2025-04-05T15:19:22.302+0000] {override.py:1912} INFO - Created Permission View: can delete on DAG:dataset_alias_example_alias_consumer
[2025-04-05T15:19:22.311+0000] {logging_mixin.py:190} INFO - [2025-04-05T15:19:22.311+0000] {override.py:1912} INFO - Created Permission View: can edit on DAG:dataset_alias_example_alias_consumer
[2025-04-05T15:19:22.327+0000] {logging_mixin.py:190} INFO - [2025-04-05T15:19:22.327+0000] {override.py:1912} INFO - Created Permission View: can read on DAG Run:dataset_alias_example_alias_consumer
[2025-04-05T15:19:22.338+0000] {logging_mixin.py:190} INFO - [2025-04-05T15:19:22.338+0000] {override.py:1912} INFO - Created Permission View: can create on DAG Run:dataset_alias_example_alias_consumer
[2025-04-05T15:19:22.363+0000] {logging_mixin.py:190} INFO - [2025-04-05T15:19:22.363+0000] {override.py:1912} INFO - Created Permission View: can delete on DAG Run:dataset_alias_example_alias_consumer
[2025-04-05T15:19:22.377+0000] {logging_mixin.py:190} INFO - [2025-04-05T15:19:22.377+0000] {override.py:1912} INFO - Created Permission View: menu access on DAG Run:dataset_alias_example_alias_consumer
[2025-04-05T15:19:22.378+0000] {logging_mixin.py:190} INFO - [2025-04-05T15:19:22.378+0000] {dag.py:3239} INFO - Sync 4 DAGs
[2025-04-05T15:19:22.396+0000] {logging_mixin.py:190} INFO - [2025-04-05T15:19:22.395+0000] {dag.py:3262} INFO - Creating ORM DAG for dataset_alias_example_alias_producer
[2025-04-05T15:19:22.397+0000] {logging_mixin.py:190} INFO - [2025-04-05T15:19:22.397+0000] {dag.py:3262} INFO - Creating ORM DAG for dataset_s3_bucket_consumer
[2025-04-05T15:19:22.398+0000] {logging_mixin.py:190} INFO - [2025-04-05T15:19:22.398+0000] {dag.py:3262} INFO - Creating ORM DAG for dataset_alias_example_alias_consumer
[2025-04-05T15:19:22.399+0000] {logging_mixin.py:190} INFO - [2025-04-05T15:19:22.399+0000] {dag.py:3262} INFO - Creating ORM DAG for dataset_s3_bucket_producer
[2025-04-05T15:19:22.410+0000] {logging_mixin.py:190} INFO - [2025-04-05T15:19:22.409+0000] {dag.py:4180} INFO - Setting next_dagrun for dataset_alias_example_alias_consumer to None, run_after=None
[2025-04-05T15:19:22.411+0000] {logging_mixin.py:190} INFO - [2025-04-05T15:19:22.411+0000] {dag.py:4180} INFO - Setting next_dagrun for dataset_alias_example_alias_producer to None, run_after=None
[2025-04-05T15:19:22.411+0000] {logging_mixin.py:190} INFO - [2025-04-05T15:19:22.411+0000] {dag.py:4180} INFO - Setting next_dagrun for dataset_s3_bucket_consumer to None, run_after=None
[2025-04-05T15:19:22.412+0000] {logging_mixin.py:190} INFO - [2025-04-05T15:19:22.412+0000] {dag.py:4180} INFO - Setting next_dagrun for dataset_s3_bucket_producer to None, run_after=None
[2025-04-05T15:19:22.445+0000] {processor.py:208} INFO - Processing /home/airflow/.local/lib/python3.12/site-packages/airflow/example_dags/example_dataset_alias.py took 1.440 seconds
[2025-04-05T15:19:52.753+0000] {processor.py:186} INFO - Started process (PID=188) to work on /home/airflow/.local/lib/python3.12/site-packages/airflow/example_dags/example_dataset_alias.py
[2025-04-05T15:19:52.767+0000] {processor.py:914} INFO - Processing file /home/airflow/.local/lib/python3.12/site-packages/airflow/example_dags/example_dataset_alias.py for tasks to queue
[2025-04-05T15:19:52.768+0000] {logging_mixin.py:190} INFO - [2025-04-05T15:19:52.768+0000] {dagbag.py:588} INFO - Filling up the DagBag from /home/airflow/.local/lib/python3.12/site-packages/airflow/example_dags/example_dataset_alias.py
[2025-04-05T15:19:53.160+0000] {processor.py:925} INFO - DAG(s) 'dataset_alias_example_alias_consumer', 'dataset_s3_bucket_producer', 'dataset_alias_example_alias_producer', 'dataset_s3_bucket_consumer' retrieved from /home/airflow/.local/lib/python3.12/site-packages/airflow/example_dags/example_dataset_alias.py
[2025-04-05T15:19:53.175+0000] {logging_mixin.py:190} INFO - [2025-04-05T15:19:53.175+0000] {dag.py:3239} INFO - Sync 4 DAGs
[2025-04-05T15:19:53.191+0000] {logging_mixin.py:190} INFO - [2025-04-05T15:19:53.191+0000] {dag.py:4180} INFO - Setting next_dagrun for dataset_alias_example_alias_consumer to None, run_after=None
[2025-04-05T15:19:53.193+0000] {logging_mixin.py:190} INFO - [2025-04-05T15:19:53.192+0000] {dag.py:4180} INFO - Setting next_dagrun for dataset_alias_example_alias_producer to None, run_after=None
[2025-04-05T15:19:53.194+0000] {logging_mixin.py:190} INFO - [2025-04-05T15:19:53.193+0000] {dag.py:4180} INFO - Setting next_dagrun for dataset_s3_bucket_consumer to None, run_after=None
[2025-04-05T15:19:53.194+0000] {logging_mixin.py:190} INFO - [2025-04-05T15:19:53.194+0000] {dag.py:4180} INFO - Setting next_dagrun for dataset_s3_bucket_producer to None, run_after=None
[2025-04-05T15:19:53.226+0000] {processor.py:208} INFO - Processing /home/airflow/.local/lib/python3.12/site-packages/airflow/example_dags/example_dataset_alias.py took 0.478 seconds
[2025-04-05T15:20:23.353+0000] {processor.py:186} INFO - Started process (PID=250) to work on /home/airflow/.local/lib/python3.12/site-packages/airflow/example_dags/example_dataset_alias.py
[2025-04-05T15:20:23.366+0000] {processor.py:914} INFO - Processing file /home/airflow/.local/lib/python3.12/site-packages/airflow/example_dags/example_dataset_alias.py for tasks to queue
[2025-04-05T15:20:23.368+0000] {logging_mixin.py:190} INFO - [2025-04-05T15:20:23.367+0000] {dagbag.py:588} INFO - Filling up the DagBag from /home/airflow/.local/lib/python3.12/site-packages/airflow/example_dags/example_dataset_alias.py
[2025-04-05T15:20:23.852+0000] {processor.py:925} INFO - DAG(s) 'dataset_alias_example_alias_consumer', 'dataset_s3_bucket_producer', 'dataset_s3_bucket_consumer', 'dataset_alias_example_alias_producer' retrieved from /home/airflow/.local/lib/python3.12/site-packages/airflow/example_dags/example_dataset_alias.py
[2025-04-05T15:20:23.873+0000] {logging_mixin.py:190} INFO - [2025-04-05T15:20:23.872+0000] {dag.py:3239} INFO - Sync 4 DAGs
[2025-04-05T15:20:23.891+0000] {logging_mixin.py:190} INFO - [2025-04-05T15:20:23.891+0000] {dag.py:4180} INFO - Setting next_dagrun for dataset_alias_example_alias_consumer to None, run_after=None
[2025-04-05T15:20:23.893+0000] {logging_mixin.py:190} INFO - [2025-04-05T15:20:23.893+0000] {dag.py:4180} INFO - Setting next_dagrun for dataset_alias_example_alias_producer to None, run_after=None
[2025-04-05T15:20:23.895+0000] {logging_mixin.py:190} INFO - [2025-04-05T15:20:23.895+0000] {dag.py:4180} INFO - Setting next_dagrun for dataset_s3_bucket_consumer to None, run_after=None
[2025-04-05T15:20:23.896+0000] {logging_mixin.py:190} INFO - [2025-04-05T15:20:23.896+0000] {dag.py:4180} INFO - Setting next_dagrun for dataset_s3_bucket_producer to None, run_after=None
[2025-04-05T15:20:23.916+0000] {processor.py:208} INFO - Processing /home/airflow/.local/lib/python3.12/site-packages/airflow/example_dags/example_dataset_alias.py took 0.570 seconds
[2025-04-05T15:20:53.952+0000] {processor.py:186} INFO - Started process (PID=320) to work on /home/airflow/.local/lib/python3.12/site-packages/airflow/example_dags/example_dataset_alias.py
[2025-04-05T15:20:53.953+0000] {processor.py:914} INFO - Processing file /home/airflow/.local/lib/python3.12/site-packages/airflow/example_dags/example_dataset_alias.py for tasks to queue
[2025-04-05T15:20:53.958+0000] {logging_mixin.py:190} INFO - [2025-04-05T15:20:53.956+0000] {dagbag.py:588} INFO - Filling up the DagBag from /home/airflow/.local/lib/python3.12/site-packages/airflow/example_dags/example_dataset_alias.py
[2025-04-05T15:20:54.376+0000] {processor.py:925} INFO - DAG(s) 'dataset_alias_example_alias_producer', 'dataset_s3_bucket_consumer', 'dataset_s3_bucket_producer', 'dataset_alias_example_alias_consumer' retrieved from /home/airflow/.local/lib/python3.12/site-packages/airflow/example_dags/example_dataset_alias.py
[2025-04-05T15:20:54.398+0000] {logging_mixin.py:190} INFO - [2025-04-05T15:20:54.397+0000] {dag.py:3239} INFO - Sync 4 DAGs
[2025-04-05T15:20:54.420+0000] {logging_mixin.py:190} INFO - [2025-04-05T15:20:54.419+0000] {dag.py:4180} INFO - Setting next_dagrun for dataset_alias_example_alias_consumer to None, run_after=None
[2025-04-05T15:20:54.422+0000] {logging_mixin.py:190} INFO - [2025-04-05T15:20:54.422+0000] {dag.py:4180} INFO - Setting next_dagrun for dataset_alias_example_alias_producer to None, run_after=None
[2025-04-05T15:20:54.423+0000] {logging_mixin.py:190} INFO - [2025-04-05T15:20:54.423+0000] {dag.py:4180} INFO - Setting next_dagrun for dataset_s3_bucket_consumer to None, run_after=None
[2025-04-05T15:20:54.424+0000] {logging_mixin.py:190} INFO - [2025-04-05T15:20:54.424+0000] {dag.py:4180} INFO - Setting next_dagrun for dataset_s3_bucket_producer to None, run_after=None
[2025-04-05T15:20:54.450+0000] {processor.py:208} INFO - Processing /home/airflow/.local/lib/python3.12/site-packages/airflow/example_dags/example_dataset_alias.py took 0.504 seconds
[2025-04-05T15:21:24.586+0000] {processor.py:186} INFO - Started process (PID=383) to work on /home/airflow/.local/lib/python3.12/site-packages/airflow/example_dags/example_dataset_alias.py
[2025-04-05T15:21:24.588+0000] {processor.py:914} INFO - Processing file /home/airflow/.local/lib/python3.12/site-packages/airflow/example_dags/example_dataset_alias.py for tasks to queue
[2025-04-05T15:21:24.591+0000] {logging_mixin.py:190} INFO - [2025-04-05T15:21:24.590+0000] {dagbag.py:588} INFO - Filling up the DagBag from /home/airflow/.local/lib/python3.12/site-packages/airflow/example_dags/example_dataset_alias.py
[2025-04-05T15:21:25.050+0000] {processor.py:925} INFO - DAG(s) 'dataset_alias_example_alias_consumer', 'dataset_alias_example_alias_producer', 'dataset_s3_bucket_producer', 'dataset_s3_bucket_consumer' retrieved from /home/airflow/.local/lib/python3.12/site-packages/airflow/example_dags/example_dataset_alias.py
[2025-04-05T15:21:25.065+0000] {logging_mixin.py:190} INFO - [2025-04-05T15:21:25.064+0000] {dag.py:3239} INFO - Sync 4 DAGs
[2025-04-05T15:21:25.080+0000] {logging_mixin.py:190} INFO - [2025-04-05T15:21:25.080+0000] {dag.py:4180} INFO - Setting next_dagrun for dataset_alias_example_alias_consumer to None, run_after=None
[2025-04-05T15:21:25.082+0000] {logging_mixin.py:190} INFO - [2025-04-05T15:21:25.082+0000] {dag.py:4180} INFO - Setting next_dagrun for dataset_alias_example_alias_producer to None, run_after=None
[2025-04-05T15:21:25.083+0000] {logging_mixin.py:190} INFO - [2025-04-05T15:21:25.083+0000] {dag.py:4180} INFO - Setting next_dagrun for dataset_s3_bucket_consumer to None, run_after=None
[2025-04-05T15:21:25.084+0000] {logging_mixin.py:190} INFO - [2025-04-05T15:21:25.084+0000] {dag.py:4180} INFO - Setting next_dagrun for dataset_s3_bucket_producer to None, run_after=None
[2025-04-05T15:21:25.116+0000] {processor.py:208} INFO - Processing /home/airflow/.local/lib/python3.12/site-packages/airflow/example_dags/example_dataset_alias.py took 0.544 seconds
[2025-04-05T15:21:55.225+0000] {processor.py:186} INFO - Started process (PID=449) to work on /home/airflow/.local/lib/python3.12/site-packages/airflow/example_dags/example_dataset_alias.py
[2025-04-05T15:21:55.226+0000] {processor.py:914} INFO - Processing file /home/airflow/.local/lib/python3.12/site-packages/airflow/example_dags/example_dataset_alias.py for tasks to queue
[2025-04-05T15:21:55.228+0000] {logging_mixin.py:190} INFO - [2025-04-05T15:21:55.228+0000] {dagbag.py:588} INFO - Filling up the DagBag from /home/airflow/.local/lib/python3.12/site-packages/airflow/example_dags/example_dataset_alias.py
[2025-04-05T15:21:55.625+0000] {processor.py:925} INFO - DAG(s) 'dataset_alias_example_alias_consumer', 'dataset_s3_bucket_producer', 'dataset_alias_example_alias_producer', 'dataset_s3_bucket_consumer' retrieved from /home/airflow/.local/lib/python3.12/site-packages/airflow/example_dags/example_dataset_alias.py
[2025-04-05T15:21:55.645+0000] {logging_mixin.py:190} INFO - [2025-04-05T15:21:55.644+0000] {dag.py:3239} INFO - Sync 4 DAGs
[2025-04-05T15:21:55.661+0000] {logging_mixin.py:190} INFO - [2025-04-05T15:21:55.661+0000] {dag.py:4180} INFO - Setting next_dagrun for dataset_alias_example_alias_consumer to None, run_after=None
[2025-04-05T15:21:55.663+0000] {logging_mixin.py:190} INFO - [2025-04-05T15:21:55.663+0000] {dag.py:4180} INFO - Setting next_dagrun for dataset_alias_example_alias_producer to None, run_after=None
[2025-04-05T15:21:55.664+0000] {logging_mixin.py:190} INFO - [2025-04-05T15:21:55.664+0000] {dag.py:4180} INFO - Setting next_dagrun for dataset_s3_bucket_consumer to None, run_after=None
[2025-04-05T15:21:55.665+0000] {logging_mixin.py:190} INFO - [2025-04-05T15:21:55.665+0000] {dag.py:4180} INFO - Setting next_dagrun for dataset_s3_bucket_producer to None, run_after=None
[2025-04-05T15:21:55.686+0000] {processor.py:208} INFO - Processing /home/airflow/.local/lib/python3.12/site-packages/airflow/example_dags/example_dataset_alias.py took 0.466 seconds
[2025-04-05T15:22:26.111+0000] {processor.py:186} INFO - Started process (PID=512) to work on /home/airflow/.local/lib/python3.12/site-packages/airflow/example_dags/example_dataset_alias.py
[2025-04-05T15:22:26.112+0000] {processor.py:914} INFO - Processing file /home/airflow/.local/lib/python3.12/site-packages/airflow/example_dags/example_dataset_alias.py for tasks to queue
[2025-04-05T15:22:26.114+0000] {logging_mixin.py:190} INFO - [2025-04-05T15:22:26.114+0000] {dagbag.py:588} INFO - Filling up the DagBag from /home/airflow/.local/lib/python3.12/site-packages/airflow/example_dags/example_dataset_alias.py
[2025-04-05T15:22:26.799+0000] {processor.py:925} INFO - DAG(s) 'dataset_s3_bucket_consumer', 'dataset_alias_example_alias_producer', 'dataset_alias_example_alias_consumer', 'dataset_s3_bucket_producer' retrieved from /home/airflow/.local/lib/python3.12/site-packages/airflow/example_dags/example_dataset_alias.py
[2025-04-05T15:22:26.826+0000] {logging_mixin.py:190} INFO - [2025-04-05T15:22:26.825+0000] {dag.py:3239} INFO - Sync 4 DAGs
[2025-04-05T15:22:26.852+0000] {logging_mixin.py:190} INFO - [2025-04-05T15:22:26.852+0000] {dag.py:4180} INFO - Setting next_dagrun for dataset_alias_example_alias_consumer to None, run_after=None
[2025-04-05T15:22:26.854+0000] {logging_mixin.py:190} INFO - [2025-04-05T15:22:26.854+0000] {dag.py:4180} INFO - Setting next_dagrun for dataset_alias_example_alias_producer to None, run_after=None
[2025-04-05T15:22:26.856+0000] {logging_mixin.py:190} INFO - [2025-04-05T15:22:26.856+0000] {dag.py:4180} INFO - Setting next_dagrun for dataset_s3_bucket_consumer to None, run_after=None
[2025-04-05T15:22:26.857+0000] {logging_mixin.py:190} INFO - [2025-04-05T15:22:26.856+0000] {dag.py:4180} INFO - Setting next_dagrun for dataset_s3_bucket_producer to None, run_after=None
[2025-04-05T15:22:26.879+0000] {processor.py:208} INFO - Processing /home/airflow/.local/lib/python3.12/site-packages/airflow/example_dags/example_dataset_alias.py took 0.776 seconds
[2025-04-05T15:22:56.931+0000] {processor.py:186} INFO - Started process (PID=575) to work on /home/airflow/.local/lib/python3.12/site-packages/airflow/example_dags/example_dataset_alias.py
[2025-04-05T15:22:56.933+0000] {processor.py:914} INFO - Processing file /home/airflow/.local/lib/python3.12/site-packages/airflow/example_dags/example_dataset_alias.py for tasks to queue
[2025-04-05T15:22:56.935+0000] {logging_mixin.py:190} INFO - [2025-04-05T15:22:56.935+0000] {dagbag.py:588} INFO - Filling up the DagBag from /home/airflow/.local/lib/python3.12/site-packages/airflow/example_dags/example_dataset_alias.py
[2025-04-05T15:22:57.467+0000] {processor.py:925} INFO - DAG(s) 'dataset_alias_example_alias_producer', 'dataset_s3_bucket_producer', 'dataset_s3_bucket_consumer', 'dataset_alias_example_alias_consumer' retrieved from /home/airflow/.local/lib/python3.12/site-packages/airflow/example_dags/example_dataset_alias.py
[2025-04-05T15:22:57.485+0000] {logging_mixin.py:190} INFO - [2025-04-05T15:22:57.485+0000] {dag.py:3239} INFO - Sync 4 DAGs
[2025-04-05T15:22:57.503+0000] {logging_mixin.py:190} INFO - [2025-04-05T15:22:57.503+0000] {dag.py:4180} INFO - Setting next_dagrun for dataset_alias_example_alias_consumer to None, run_after=None
[2025-04-05T15:22:57.506+0000] {logging_mixin.py:190} INFO - [2025-04-05T15:22:57.505+0000] {dag.py:4180} INFO - Setting next_dagrun for dataset_alias_example_alias_producer to None, run_after=None
[2025-04-05T15:22:57.507+0000] {logging_mixin.py:190} INFO - [2025-04-05T15:22:57.507+0000] {dag.py:4180} INFO - Setting next_dagrun for dataset_s3_bucket_consumer to None, run_after=None
[2025-04-05T15:22:57.508+0000] {logging_mixin.py:190} INFO - [2025-04-05T15:22:57.508+0000] {dag.py:4180} INFO - Setting next_dagrun for dataset_s3_bucket_producer to None, run_after=None
[2025-04-05T15:22:57.529+0000] {processor.py:208} INFO - Processing /home/airflow/.local/lib/python3.12/site-packages/airflow/example_dags/example_dataset_alias.py took 0.603 seconds
[2025-04-05T15:23:28.174+0000] {processor.py:186} INFO - Started process (PID=638) to work on /home/airflow/.local/lib/python3.12/site-packages/airflow/example_dags/example_dataset_alias.py
[2025-04-05T15:23:28.175+0000] {processor.py:914} INFO - Processing file /home/airflow/.local/lib/python3.12/site-packages/airflow/example_dags/example_dataset_alias.py for tasks to queue
[2025-04-05T15:23:28.177+0000] {logging_mixin.py:190} INFO - [2025-04-05T15:23:28.177+0000] {dagbag.py:588} INFO - Filling up the DagBag from /home/airflow/.local/lib/python3.12/site-packages/airflow/example_dags/example_dataset_alias.py
[2025-04-05T15:23:28.582+0000] {processor.py:925} INFO - DAG(s) 'dataset_s3_bucket_producer', 'dataset_alias_example_alias_producer', 'dataset_s3_bucket_consumer', 'dataset_alias_example_alias_consumer' retrieved from /home/airflow/.local/lib/python3.12/site-packages/airflow/example_dags/example_dataset_alias.py
[2025-04-05T15:23:28.598+0000] {logging_mixin.py:190} INFO - [2025-04-05T15:23:28.598+0000] {dag.py:3239} INFO - Sync 4 DAGs
[2025-04-05T15:23:28.614+0000] {logging_mixin.py:190} INFO - [2025-04-05T15:23:28.614+0000] {dag.py:4180} INFO - Setting next_dagrun for dataset_alias_example_alias_consumer to None, run_after=None
[2025-04-05T15:23:28.616+0000] {logging_mixin.py:190} INFO - [2025-04-05T15:23:28.616+0000] {dag.py:4180} INFO - Setting next_dagrun for dataset_alias_example_alias_producer to None, run_after=None
[2025-04-05T15:23:28.617+0000] {logging_mixin.py:190} INFO - [2025-04-05T15:23:28.617+0000] {dag.py:4180} INFO - Setting next_dagrun for dataset_s3_bucket_consumer to None, run_after=None
[2025-04-05T15:23:28.618+0000] {logging_mixin.py:190} INFO - [2025-04-05T15:23:28.618+0000] {dag.py:4180} INFO - Setting next_dagrun for dataset_s3_bucket_producer to None, run_after=None
[2025-04-05T15:23:28.708+0000] {processor.py:208} INFO - Processing /home/airflow/.local/lib/python3.12/site-packages/airflow/example_dags/example_dataset_alias.py took 0.540 seconds
[2025-04-05T15:23:59.584+0000] {processor.py:186} INFO - Started process (PID=701) to work on /home/airflow/.local/lib/python3.12/site-packages/airflow/example_dags/example_dataset_alias.py
[2025-04-05T15:23:59.590+0000] {processor.py:914} INFO - Processing file /home/airflow/.local/lib/python3.12/site-packages/airflow/example_dags/example_dataset_alias.py for tasks to queue
[2025-04-05T15:23:59.592+0000] {logging_mixin.py:190} INFO - [2025-04-05T15:23:59.592+0000] {dagbag.py:588} INFO - Filling up the DagBag from /home/airflow/.local/lib/python3.12/site-packages/airflow/example_dags/example_dataset_alias.py
[2025-04-05T15:24:00.226+0000] {processor.py:925} INFO - DAG(s) 'dataset_s3_bucket_producer', 'dataset_alias_example_alias_consumer', 'dataset_s3_bucket_consumer', 'dataset_alias_example_alias_producer' retrieved from /home/airflow/.local/lib/python3.12/site-packages/airflow/example_dags/example_dataset_alias.py
[2025-04-05T15:24:00.254+0000] {logging_mixin.py:190} INFO - [2025-04-05T15:24:00.253+0000] {dag.py:3239} INFO - Sync 4 DAGs
[2025-04-05T15:24:00.284+0000] {logging_mixin.py:190} INFO - [2025-04-05T15:24:00.284+0000] {dag.py:4180} INFO - Setting next_dagrun for dataset_alias_example_alias_consumer to None, run_after=None
[2025-04-05T15:24:00.287+0000] {logging_mixin.py:190} INFO - [2025-04-05T15:24:00.287+0000] {dag.py:4180} INFO - Setting next_dagrun for dataset_alias_example_alias_producer to None, run_after=None
[2025-04-05T15:24:00.289+0000] {logging_mixin.py:190} INFO - [2025-04-05T15:24:00.289+0000] {dag.py:4180} INFO - Setting next_dagrun for dataset_s3_bucket_consumer to None, run_after=None
[2025-04-05T15:24:00.290+0000] {logging_mixin.py:190} INFO - [2025-04-05T15:24:00.290+0000] {dag.py:4180} INFO - Setting next_dagrun for dataset_s3_bucket_producer to None, run_after=None
[2025-04-05T15:24:00.314+0000] {processor.py:208} INFO - Processing /home/airflow/.local/lib/python3.12/site-packages/airflow/example_dags/example_dataset_alias.py took 0.735 seconds
[2025-04-05T15:24:30.827+0000] {processor.py:186} INFO - Started process (PID=764) to work on /home/airflow/.local/lib/python3.12/site-packages/airflow/example_dags/example_dataset_alias.py
[2025-04-05T15:24:30.835+0000] {processor.py:914} INFO - Processing file /home/airflow/.local/lib/python3.12/site-packages/airflow/example_dags/example_dataset_alias.py for tasks to queue
[2025-04-05T15:24:30.837+0000] {logging_mixin.py:190} INFO - [2025-04-05T15:24:30.837+0000] {dagbag.py:588} INFO - Filling up the DagBag from /home/airflow/.local/lib/python3.12/site-packages/airflow/example_dags/example_dataset_alias.py
[2025-04-05T15:24:31.352+0000] {processor.py:925} INFO - DAG(s) 'dataset_alias_example_alias_consumer', 'dataset_s3_bucket_consumer', 'dataset_alias_example_alias_producer', 'dataset_s3_bucket_producer' retrieved from /home/airflow/.local/lib/python3.12/site-packages/airflow/example_dags/example_dataset_alias.py
[2025-04-05T15:24:31.377+0000] {logging_mixin.py:190} INFO - [2025-04-05T15:24:31.376+0000] {dag.py:3239} INFO - Sync 4 DAGs
[2025-04-05T15:24:31.398+0000] {logging_mixin.py:190} INFO - [2025-04-05T15:24:31.398+0000] {dag.py:4180} INFO - Setting next_dagrun for dataset_alias_example_alias_consumer to None, run_after=None
[2025-04-05T15:24:31.402+0000] {logging_mixin.py:190} INFO - [2025-04-05T15:24:31.402+0000] {dag.py:4180} INFO - Setting next_dagrun for dataset_alias_example_alias_producer to None, run_after=None
[2025-04-05T15:24:31.403+0000] {logging_mixin.py:190} INFO - [2025-04-05T15:24:31.403+0000] {dag.py:4180} INFO - Setting next_dagrun for dataset_s3_bucket_consumer to None, run_after=None
[2025-04-05T15:24:31.404+0000] {logging_mixin.py:190} INFO - [2025-04-05T15:24:31.404+0000] {dag.py:4180} INFO - Setting next_dagrun for dataset_s3_bucket_producer to None, run_after=None
[2025-04-05T15:24:31.438+0000] {processor.py:208} INFO - Processing /home/airflow/.local/lib/python3.12/site-packages/airflow/example_dags/example_dataset_alias.py took 0.614 seconds
[2025-04-05T15:25:01.740+0000] {processor.py:186} INFO - Started process (PID=827) to work on /home/airflow/.local/lib/python3.12/site-packages/airflow/example_dags/example_dataset_alias.py
[2025-04-05T15:25:01.741+0000] {processor.py:914} INFO - Processing file /home/airflow/.local/lib/python3.12/site-packages/airflow/example_dags/example_dataset_alias.py for tasks to queue
[2025-04-05T15:25:01.743+0000] {logging_mixin.py:190} INFO - [2025-04-05T15:25:01.743+0000] {dagbag.py:588} INFO - Filling up the DagBag from /home/airflow/.local/lib/python3.12/site-packages/airflow/example_dags/example_dataset_alias.py
[2025-04-05T15:25:02.191+0000] {processor.py:925} INFO - DAG(s) 'dataset_alias_example_alias_producer', 'dataset_s3_bucket_producer', 'dataset_alias_example_alias_consumer', 'dataset_s3_bucket_consumer' retrieved from /home/airflow/.local/lib/python3.12/site-packages/airflow/example_dags/example_dataset_alias.py
[2025-04-05T15:25:02.210+0000] {logging_mixin.py:190} INFO - [2025-04-05T15:25:02.209+0000] {dag.py:3239} INFO - Sync 4 DAGs
[2025-04-05T15:25:02.232+0000] {logging_mixin.py:190} INFO - [2025-04-05T15:25:02.231+0000] {dag.py:4180} INFO - Setting next_dagrun for dataset_alias_example_alias_consumer to None, run_after=None
[2025-04-05T15:25:02.234+0000] {logging_mixin.py:190} INFO - [2025-04-05T15:25:02.234+0000] {dag.py:4180} INFO - Setting next_dagrun for dataset_alias_example_alias_producer to None, run_after=None
[2025-04-05T15:25:02.235+0000] {logging_mixin.py:190} INFO - [2025-04-05T15:25:02.235+0000] {dag.py:4180} INFO - Setting next_dagrun for dataset_s3_bucket_consumer to None, run_after=None
[2025-04-05T15:25:02.236+0000] {logging_mixin.py:190} INFO - [2025-04-05T15:25:02.236+0000] {dag.py:4180} INFO - Setting next_dagrun for dataset_s3_bucket_producer to None, run_after=None
[2025-04-05T15:25:02.253+0000] {processor.py:208} INFO - Processing /home/airflow/.local/lib/python3.12/site-packages/airflow/example_dags/example_dataset_alias.py took 0.518 seconds
[2025-04-05T15:25:33.093+0000] {processor.py:186} INFO - Started process (PID=890) to work on /home/airflow/.local/lib/python3.12/site-packages/airflow/example_dags/example_dataset_alias.py
[2025-04-05T15:25:33.095+0000] {processor.py:914} INFO - Processing file /home/airflow/.local/lib/python3.12/site-packages/airflow/example_dags/example_dataset_alias.py for tasks to queue
[2025-04-05T15:25:33.096+0000] {logging_mixin.py:190} INFO - [2025-04-05T15:25:33.096+0000] {dagbag.py:588} INFO - Filling up the DagBag from /home/airflow/.local/lib/python3.12/site-packages/airflow/example_dags/example_dataset_alias.py
[2025-04-05T15:25:33.512+0000] {processor.py:925} INFO - DAG(s) 'dataset_s3_bucket_consumer', 'dataset_alias_example_alias_consumer', 'dataset_alias_example_alias_producer', 'dataset_s3_bucket_producer' retrieved from /home/airflow/.local/lib/python3.12/site-packages/airflow/example_dags/example_dataset_alias.py
[2025-04-05T15:25:33.528+0000] {logging_mixin.py:190} INFO - [2025-04-05T15:25:33.528+0000] {dag.py:3239} INFO - Sync 4 DAGs
[2025-04-05T15:25:33.545+0000] {logging_mixin.py:190} INFO - [2025-04-05T15:25:33.545+0000] {dag.py:4180} INFO - Setting next_dagrun for dataset_alias_example_alias_consumer to None, run_after=None
[2025-04-05T15:25:33.547+0000] {logging_mixin.py:190} INFO - [2025-04-05T15:25:33.547+0000] {dag.py:4180} INFO - Setting next_dagrun for dataset_alias_example_alias_producer to None, run_after=None
[2025-04-05T15:25:33.548+0000] {logging_mixin.py:190} INFO - [2025-04-05T15:25:33.548+0000] {dag.py:4180} INFO - Setting next_dagrun for dataset_s3_bucket_consumer to None, run_after=None
[2025-04-05T15:25:33.549+0000] {logging_mixin.py:190} INFO - [2025-04-05T15:25:33.549+0000] {dag.py:4180} INFO - Setting next_dagrun for dataset_s3_bucket_producer to None, run_after=None
[2025-04-05T15:25:33.580+0000] {processor.py:208} INFO - Processing /home/airflow/.local/lib/python3.12/site-packages/airflow/example_dags/example_dataset_alias.py took 0.491 seconds
[2025-04-05T15:26:04.529+0000] {processor.py:186} INFO - Started process (PID=953) to work on /home/airflow/.local/lib/python3.12/site-packages/airflow/example_dags/example_dataset_alias.py
[2025-04-05T15:26:04.530+0000] {processor.py:914} INFO - Processing file /home/airflow/.local/lib/python3.12/site-packages/airflow/example_dags/example_dataset_alias.py for tasks to queue
[2025-04-05T15:26:04.533+0000] {logging_mixin.py:190} INFO - [2025-04-05T15:26:04.532+0000] {dagbag.py:588} INFO - Filling up the DagBag from /home/airflow/.local/lib/python3.12/site-packages/airflow/example_dags/example_dataset_alias.py
[2025-04-05T15:26:05.096+0000] {processor.py:925} INFO - DAG(s) 'dataset_alias_example_alias_consumer', 'dataset_s3_bucket_consumer', 'dataset_alias_example_alias_producer', 'dataset_s3_bucket_producer' retrieved from /home/airflow/.local/lib/python3.12/site-packages/airflow/example_dags/example_dataset_alias.py
[2025-04-05T15:26:05.116+0000] {logging_mixin.py:190} INFO - [2025-04-05T15:26:05.115+0000] {dag.py:3239} INFO - Sync 4 DAGs
[2025-04-05T15:26:05.133+0000] {logging_mixin.py:190} INFO - [2025-04-05T15:26:05.133+0000] {dag.py:4180} INFO - Setting next_dagrun for dataset_alias_example_alias_consumer to None, run_after=None
[2025-04-05T15:26:05.136+0000] {logging_mixin.py:190} INFO - [2025-04-05T15:26:05.135+0000] {dag.py:4180} INFO - Setting next_dagrun for dataset_alias_example_alias_producer to None, run_after=None
[2025-04-05T15:26:05.138+0000] {logging_mixin.py:190} INFO - [2025-04-05T15:26:05.138+0000] {dag.py:4180} INFO - Setting next_dagrun for dataset_s3_bucket_consumer to None, run_after=None
[2025-04-05T15:26:05.139+0000] {logging_mixin.py:190} INFO - [2025-04-05T15:26:05.139+0000] {dag.py:4180} INFO - Setting next_dagrun for dataset_s3_bucket_producer to None, run_after=None
[2025-04-05T15:26:05.164+0000] {processor.py:208} INFO - Processing /home/airflow/.local/lib/python3.12/site-packages/airflow/example_dags/example_dataset_alias.py took 0.641 seconds
[2025-04-05T15:26:36.185+0000] {processor.py:186} INFO - Started process (PID=1022) to work on /home/airflow/.local/lib/python3.12/site-packages/airflow/example_dags/example_dataset_alias.py
[2025-04-05T15:26:36.186+0000] {processor.py:914} INFO - Processing file /home/airflow/.local/lib/python3.12/site-packages/airflow/example_dags/example_dataset_alias.py for tasks to queue
[2025-04-05T15:26:36.188+0000] {logging_mixin.py:190} INFO - [2025-04-05T15:26:36.188+0000] {dagbag.py:588} INFO - Filling up the DagBag from /home/airflow/.local/lib/python3.12/site-packages/airflow/example_dags/example_dataset_alias.py
[2025-04-05T15:26:36.686+0000] {processor.py:925} INFO - DAG(s) 'dataset_alias_example_alias_producer', 'dataset_alias_example_alias_consumer', 'dataset_s3_bucket_consumer', 'dataset_s3_bucket_producer' retrieved from /home/airflow/.local/lib/python3.12/site-packages/airflow/example_dags/example_dataset_alias.py
[2025-04-05T15:26:36.704+0000] {logging_mixin.py:190} INFO - [2025-04-05T15:26:36.704+0000] {dag.py:3239} INFO - Sync 4 DAGs
[2025-04-05T15:26:36.722+0000] {logging_mixin.py:190} INFO - [2025-04-05T15:26:36.721+0000] {dag.py:4180} INFO - Setting next_dagrun for dataset_alias_example_alias_consumer to None, run_after=None
[2025-04-05T15:26:36.724+0000] {logging_mixin.py:190} INFO - [2025-04-05T15:26:36.724+0000] {dag.py:4180} INFO - Setting next_dagrun for dataset_alias_example_alias_producer to None, run_after=None
[2025-04-05T15:26:36.726+0000] {logging_mixin.py:190} INFO - [2025-04-05T15:26:36.726+0000] {dag.py:4180} INFO - Setting next_dagrun for dataset_s3_bucket_consumer to None, run_after=None
[2025-04-05T15:26:36.727+0000] {logging_mixin.py:190} INFO - [2025-04-05T15:26:36.727+0000] {dag.py:4180} INFO - Setting next_dagrun for dataset_s3_bucket_producer to None, run_after=None
[2025-04-05T15:26:36.760+0000] {processor.py:208} INFO - Processing /home/airflow/.local/lib/python3.12/site-packages/airflow/example_dags/example_dataset_alias.py took 0.581 seconds
[2025-04-05T15:27:06.807+0000] {processor.py:186} INFO - Started process (PID=1084) to work on /home/airflow/.local/lib/python3.12/site-packages/airflow/example_dags/example_dataset_alias.py
[2025-04-05T15:27:06.820+0000] {processor.py:914} INFO - Processing file /home/airflow/.local/lib/python3.12/site-packages/airflow/example_dags/example_dataset_alias.py for tasks to queue
[2025-04-05T15:27:06.822+0000] {logging_mixin.py:190} INFO - [2025-04-05T15:27:06.822+0000] {dagbag.py:588} INFO - Filling up the DagBag from /home/airflow/.local/lib/python3.12/site-packages/airflow/example_dags/example_dataset_alias.py
[2025-04-05T15:27:07.280+0000] {processor.py:925} INFO - DAG(s) 'dataset_s3_bucket_consumer', 'dataset_s3_bucket_producer', 'dataset_alias_example_alias_consumer', 'dataset_alias_example_alias_producer' retrieved from /home/airflow/.local/lib/python3.12/site-packages/airflow/example_dags/example_dataset_alias.py
[2025-04-05T15:27:07.303+0000] {logging_mixin.py:190} INFO - [2025-04-05T15:27:07.302+0000] {dag.py:3239} INFO - Sync 4 DAGs
[2025-04-05T15:27:07.323+0000] {logging_mixin.py:190} INFO - [2025-04-05T15:27:07.323+0000] {dag.py:4180} INFO - Setting next_dagrun for dataset_alias_example_alias_consumer to None, run_after=None
[2025-04-05T15:27:07.326+0000] {logging_mixin.py:190} INFO - [2025-04-05T15:27:07.326+0000] {dag.py:4180} INFO - Setting next_dagrun for dataset_alias_example_alias_producer to None, run_after=None
[2025-04-05T15:27:07.328+0000] {logging_mixin.py:190} INFO - [2025-04-05T15:27:07.328+0000] {dag.py:4180} INFO - Setting next_dagrun for dataset_s3_bucket_consumer to None, run_after=None
[2025-04-05T15:27:07.329+0000] {logging_mixin.py:190} INFO - [2025-04-05T15:27:07.329+0000] {dag.py:4180} INFO - Setting next_dagrun for dataset_s3_bucket_producer to None, run_after=None
[2025-04-05T15:27:07.365+0000] {processor.py:208} INFO - Processing /home/airflow/.local/lib/python3.12/site-packages/airflow/example_dags/example_dataset_alias.py took 0.564 seconds
[2025-04-05T15:27:37.436+0000] {processor.py:186} INFO - Started process (PID=1147) to work on /home/airflow/.local/lib/python3.12/site-packages/airflow/example_dags/example_dataset_alias.py
[2025-04-05T15:27:37.437+0000] {processor.py:914} INFO - Processing file /home/airflow/.local/lib/python3.12/site-packages/airflow/example_dags/example_dataset_alias.py for tasks to queue
[2025-04-05T15:27:37.442+0000] {logging_mixin.py:190} INFO - [2025-04-05T15:27:37.441+0000] {dagbag.py:588} INFO - Filling up the DagBag from /home/airflow/.local/lib/python3.12/site-packages/airflow/example_dags/example_dataset_alias.py
[2025-04-05T15:27:37.932+0000] {processor.py:925} INFO - DAG(s) 'dataset_s3_bucket_producer', 'dataset_alias_example_alias_producer', 'dataset_s3_bucket_consumer', 'dataset_alias_example_alias_consumer' retrieved from /home/airflow/.local/lib/python3.12/site-packages/airflow/example_dags/example_dataset_alias.py
[2025-04-05T15:27:37.950+0000] {logging_mixin.py:190} INFO - [2025-04-05T15:27:37.949+0000] {dag.py:3239} INFO - Sync 4 DAGs
[2025-04-05T15:27:37.965+0000] {logging_mixin.py:190} INFO - [2025-04-05T15:27:37.965+0000] {dag.py:4180} INFO - Setting next_dagrun for dataset_alias_example_alias_consumer to None, run_after=None
[2025-04-05T15:27:37.968+0000] {logging_mixin.py:190} INFO - [2025-04-05T15:27:37.968+0000] {dag.py:4180} INFO - Setting next_dagrun for dataset_alias_example_alias_producer to None, run_after=None
[2025-04-05T15:27:37.969+0000] {logging_mixin.py:190} INFO - [2025-04-05T15:27:37.969+0000] {dag.py:4180} INFO - Setting next_dagrun for dataset_s3_bucket_consumer to None, run_after=None
[2025-04-05T15:27:37.970+0000] {logging_mixin.py:190} INFO - [2025-04-05T15:27:37.970+0000] {dag.py:4180} INFO - Setting next_dagrun for dataset_s3_bucket_producer to None, run_after=None
[2025-04-05T15:27:37.992+0000] {processor.py:208} INFO - Processing /home/airflow/.local/lib/python3.12/site-packages/airflow/example_dags/example_dataset_alias.py took 0.563 seconds
[2025-04-05T15:28:08.412+0000] {processor.py:186} INFO - Started process (PID=1210) to work on /home/airflow/.local/lib/python3.12/site-packages/airflow/example_dags/example_dataset_alias.py
[2025-04-05T15:28:08.414+0000] {processor.py:914} INFO - Processing file /home/airflow/.local/lib/python3.12/site-packages/airflow/example_dags/example_dataset_alias.py for tasks to queue
[2025-04-05T15:28:08.418+0000] {logging_mixin.py:190} INFO - [2025-04-05T15:28:08.417+0000] {dagbag.py:588} INFO - Filling up the DagBag from /home/airflow/.local/lib/python3.12/site-packages/airflow/example_dags/example_dataset_alias.py
[2025-04-05T15:28:09.024+0000] {processor.py:925} INFO - DAG(s) 'dataset_s3_bucket_producer', 'dataset_alias_example_alias_producer', 'dataset_alias_example_alias_consumer', 'dataset_s3_bucket_consumer' retrieved from /home/airflow/.local/lib/python3.12/site-packages/airflow/example_dags/example_dataset_alias.py
[2025-04-05T15:28:09.043+0000] {logging_mixin.py:190} INFO - [2025-04-05T15:28:09.043+0000] {dag.py:3239} INFO - Sync 4 DAGs
[2025-04-05T15:28:09.060+0000] {logging_mixin.py:190} INFO - [2025-04-05T15:28:09.060+0000] {dag.py:4180} INFO - Setting next_dagrun for dataset_alias_example_alias_consumer to None, run_after=None
[2025-04-05T15:28:09.062+0000] {logging_mixin.py:190} INFO - [2025-04-05T15:28:09.062+0000] {dag.py:4180} INFO - Setting next_dagrun for dataset_alias_example_alias_producer to None, run_after=None
[2025-04-05T15:28:09.063+0000] {logging_mixin.py:190} INFO - [2025-04-05T15:28:09.063+0000] {dag.py:4180} INFO - Setting next_dagrun for dataset_s3_bucket_consumer to None, run_after=None
[2025-04-05T15:28:09.064+0000] {logging_mixin.py:190} INFO - [2025-04-05T15:28:09.064+0000] {dag.py:4180} INFO - Setting next_dagrun for dataset_s3_bucket_producer to None, run_after=None
[2025-04-05T15:28:09.088+0000] {processor.py:208} INFO - Processing /home/airflow/.local/lib/python3.12/site-packages/airflow/example_dags/example_dataset_alias.py took 0.685 seconds
[2025-04-05T15:28:39.553+0000] {processor.py:186} INFO - Started process (PID=1273) to work on /home/airflow/.local/lib/python3.12/site-packages/airflow/example_dags/example_dataset_alias.py
[2025-04-05T15:28:39.554+0000] {processor.py:914} INFO - Processing file /home/airflow/.local/lib/python3.12/site-packages/airflow/example_dags/example_dataset_alias.py for tasks to queue
[2025-04-05T15:28:39.556+0000] {logging_mixin.py:190} INFO - [2025-04-05T15:28:39.556+0000] {dagbag.py:588} INFO - Filling up the DagBag from /home/airflow/.local/lib/python3.12/site-packages/airflow/example_dags/example_dataset_alias.py
[2025-04-05T15:28:40.069+0000] {processor.py:925} INFO - DAG(s) 'dataset_s3_bucket_producer', 'dataset_alias_example_alias_producer', 'dataset_alias_example_alias_consumer', 'dataset_s3_bucket_consumer' retrieved from /home/airflow/.local/lib/python3.12/site-packages/airflow/example_dags/example_dataset_alias.py
[2025-04-05T15:28:40.088+0000] {logging_mixin.py:190} INFO - [2025-04-05T15:28:40.087+0000] {dag.py:3239} INFO - Sync 4 DAGs
[2025-04-05T15:28:40.105+0000] {logging_mixin.py:190} INFO - [2025-04-05T15:28:40.105+0000] {dag.py:4180} INFO - Setting next_dagrun for dataset_alias_example_alias_consumer to None, run_after=None
[2025-04-05T15:28:40.107+0000] {logging_mixin.py:190} INFO - [2025-04-05T15:28:40.107+0000] {dag.py:4180} INFO - Setting next_dagrun for dataset_alias_example_alias_producer to None, run_after=None
[2025-04-05T15:28:40.108+0000] {logging_mixin.py:190} INFO - [2025-04-05T15:28:40.108+0000] {dag.py:4180} INFO - Setting next_dagrun for dataset_s3_bucket_consumer to None, run_after=None
[2025-04-05T15:28:40.109+0000] {logging_mixin.py:190} INFO - [2025-04-05T15:28:40.109+0000] {dag.py:4180} INFO - Setting next_dagrun for dataset_s3_bucket_producer to None, run_after=None
[2025-04-05T15:28:40.145+0000] {processor.py:208} INFO - Processing /home/airflow/.local/lib/python3.12/site-packages/airflow/example_dags/example_dataset_alias.py took 0.597 seconds
[2025-04-05T15:29:10.404+0000] {processor.py:186} INFO - Started process (PID=1336) to work on /home/airflow/.local/lib/python3.12/site-packages/airflow/example_dags/example_dataset_alias.py
[2025-04-05T15:29:10.407+0000] {processor.py:914} INFO - Processing file /home/airflow/.local/lib/python3.12/site-packages/airflow/example_dags/example_dataset_alias.py for tasks to queue
[2025-04-05T15:29:10.409+0000] {logging_mixin.py:190} INFO - [2025-04-05T15:29:10.408+0000] {dagbag.py:588} INFO - Filling up the DagBag from /home/airflow/.local/lib/python3.12/site-packages/airflow/example_dags/example_dataset_alias.py
[2025-04-05T15:29:10.887+0000] {processor.py:925} INFO - DAG(s) 'dataset_s3_bucket_consumer', 'dataset_s3_bucket_producer', 'dataset_alias_example_alias_producer', 'dataset_alias_example_alias_consumer' retrieved from /home/airflow/.local/lib/python3.12/site-packages/airflow/example_dags/example_dataset_alias.py
[2025-04-05T15:29:10.907+0000] {logging_mixin.py:190} INFO - [2025-04-05T15:29:10.907+0000] {dag.py:3239} INFO - Sync 4 DAGs
[2025-04-05T15:29:10.926+0000] {logging_mixin.py:190} INFO - [2025-04-05T15:29:10.926+0000] {dag.py:4180} INFO - Setting next_dagrun for dataset_alias_example_alias_consumer to None, run_after=None
[2025-04-05T15:29:10.928+0000] {logging_mixin.py:190} INFO - [2025-04-05T15:29:10.928+0000] {dag.py:4180} INFO - Setting next_dagrun for dataset_alias_example_alias_producer to None, run_after=None
[2025-04-05T15:29:10.930+0000] {logging_mixin.py:190} INFO - [2025-04-05T15:29:10.930+0000] {dag.py:4180} INFO - Setting next_dagrun for dataset_s3_bucket_consumer to None, run_after=None
[2025-04-05T15:29:10.932+0000] {logging_mixin.py:190} INFO - [2025-04-05T15:29:10.931+0000] {dag.py:4180} INFO - Setting next_dagrun for dataset_s3_bucket_producer to None, run_after=None
[2025-04-05T15:29:10.954+0000] {processor.py:208} INFO - Processing /home/airflow/.local/lib/python3.12/site-packages/airflow/example_dags/example_dataset_alias.py took 0.561 seconds
[2025-04-05T15:29:41.323+0000] {processor.py:186} INFO - Started process (PID=1399) to work on /home/airflow/.local/lib/python3.12/site-packages/airflow/example_dags/example_dataset_alias.py
[2025-04-05T15:29:41.325+0000] {processor.py:914} INFO - Processing file /home/airflow/.local/lib/python3.12/site-packages/airflow/example_dags/example_dataset_alias.py for tasks to queue
[2025-04-05T15:29:41.328+0000] {logging_mixin.py:190} INFO - [2025-04-05T15:29:41.328+0000] {dagbag.py:588} INFO - Filling up the DagBag from /home/airflow/.local/lib/python3.12/site-packages/airflow/example_dags/example_dataset_alias.py
[2025-04-05T15:29:41.767+0000] {processor.py:925} INFO - DAG(s) 'dataset_alias_example_alias_producer', 'dataset_s3_bucket_consumer', 'dataset_alias_example_alias_consumer', 'dataset_s3_bucket_producer' retrieved from /home/airflow/.local/lib/python3.12/site-packages/airflow/example_dags/example_dataset_alias.py
[2025-04-05T15:29:41.784+0000] {logging_mixin.py:190} INFO - [2025-04-05T15:29:41.784+0000] {dag.py:3239} INFO - Sync 4 DAGs
[2025-04-05T15:29:41.799+0000] {logging_mixin.py:190} INFO - [2025-04-05T15:29:41.799+0000] {dag.py:4180} INFO - Setting next_dagrun for dataset_alias_example_alias_consumer to None, run_after=None
[2025-04-05T15:29:41.801+0000] {logging_mixin.py:190} INFO - [2025-04-05T15:29:41.801+0000] {dag.py:4180} INFO - Setting next_dagrun for dataset_alias_example_alias_producer to None, run_after=None
[2025-04-05T15:29:41.802+0000] {logging_mixin.py:190} INFO - [2025-04-05T15:29:41.802+0000] {dag.py:4180} INFO - Setting next_dagrun for dataset_s3_bucket_consumer to None, run_after=None
[2025-04-05T15:29:41.803+0000] {logging_mixin.py:190} INFO - [2025-04-05T15:29:41.803+0000] {dag.py:4180} INFO - Setting next_dagrun for dataset_s3_bucket_producer to None, run_after=None
[2025-04-05T15:29:41.823+0000] {processor.py:208} INFO - Processing /home/airflow/.local/lib/python3.12/site-packages/airflow/example_dags/example_dataset_alias.py took 0.507 seconds
[2025-04-05T15:30:12.079+0000] {processor.py:186} INFO - Started process (PID=1463) to work on /home/airflow/.local/lib/python3.12/site-packages/airflow/example_dags/example_dataset_alias.py
[2025-04-05T15:30:12.081+0000] {processor.py:914} INFO - Processing file /home/airflow/.local/lib/python3.12/site-packages/airflow/example_dags/example_dataset_alias.py for tasks to queue
[2025-04-05T15:30:12.084+0000] {logging_mixin.py:190} INFO - [2025-04-05T15:30:12.083+0000] {dagbag.py:588} INFO - Filling up the DagBag from /home/airflow/.local/lib/python3.12/site-packages/airflow/example_dags/example_dataset_alias.py
[2025-04-05T15:30:12.639+0000] {processor.py:925} INFO - DAG(s) 'dataset_s3_bucket_producer', 'dataset_alias_example_alias_consumer', 'dataset_s3_bucket_consumer', 'dataset_alias_example_alias_producer' retrieved from /home/airflow/.local/lib/python3.12/site-packages/airflow/example_dags/example_dataset_alias.py
[2025-04-05T15:30:12.659+0000] {logging_mixin.py:190} INFO - [2025-04-05T15:30:12.659+0000] {dag.py:3239} INFO - Sync 4 DAGs
[2025-04-05T15:30:12.681+0000] {logging_mixin.py:190} INFO - [2025-04-05T15:30:12.681+0000] {dag.py:4180} INFO - Setting next_dagrun for dataset_alias_example_alias_consumer to None, run_after=None
[2025-04-05T15:30:12.684+0000] {logging_mixin.py:190} INFO - [2025-04-05T15:30:12.684+0000] {dag.py:4180} INFO - Setting next_dagrun for dataset_alias_example_alias_producer to None, run_after=None
[2025-04-05T15:30:12.685+0000] {logging_mixin.py:190} INFO - [2025-04-05T15:30:12.685+0000] {dag.py:4180} INFO - Setting next_dagrun for dataset_s3_bucket_consumer to None, run_after=None
[2025-04-05T15:30:12.686+0000] {logging_mixin.py:190} INFO - [2025-04-05T15:30:12.686+0000] {dag.py:4180} INFO - Setting next_dagrun for dataset_s3_bucket_producer to None, run_after=None
[2025-04-05T15:30:12.706+0000] {processor.py:208} INFO - Processing /home/airflow/.local/lib/python3.12/site-packages/airflow/example_dags/example_dataset_alias.py took 0.632 seconds
[2025-04-05T15:30:43.077+0000] {processor.py:186} INFO - Started process (PID=1526) to work on /home/airflow/.local/lib/python3.12/site-packages/airflow/example_dags/example_dataset_alias.py
[2025-04-05T15:30:43.079+0000] {processor.py:914} INFO - Processing file /home/airflow/.local/lib/python3.12/site-packages/airflow/example_dags/example_dataset_alias.py for tasks to queue
[2025-04-05T15:30:43.082+0000] {logging_mixin.py:190} INFO - [2025-04-05T15:30:43.082+0000] {dagbag.py:588} INFO - Filling up the DagBag from /home/airflow/.local/lib/python3.12/site-packages/airflow/example_dags/example_dataset_alias.py
[2025-04-05T15:30:43.595+0000] {processor.py:925} INFO - DAG(s) 'dataset_s3_bucket_consumer', 'dataset_s3_bucket_producer', 'dataset_alias_example_alias_consumer', 'dataset_alias_example_alias_producer' retrieved from /home/airflow/.local/lib/python3.12/site-packages/airflow/example_dags/example_dataset_alias.py
[2025-04-05T15:30:43.612+0000] {logging_mixin.py:190} INFO - [2025-04-05T15:30:43.612+0000] {dag.py:3239} INFO - Sync 4 DAGs
[2025-04-05T15:30:43.634+0000] {logging_mixin.py:190} INFO - [2025-04-05T15:30:43.634+0000] {dag.py:4180} INFO - Setting next_dagrun for dataset_alias_example_alias_consumer to None, run_after=None
[2025-04-05T15:30:43.637+0000] {logging_mixin.py:190} INFO - [2025-04-05T15:30:43.636+0000] {dag.py:4180} INFO - Setting next_dagrun for dataset_alias_example_alias_producer to None, run_after=None
[2025-04-05T15:30:43.638+0000] {logging_mixin.py:190} INFO - [2025-04-05T15:30:43.638+0000] {dag.py:4180} INFO - Setting next_dagrun for dataset_s3_bucket_consumer to None, run_after=None
[2025-04-05T15:30:43.639+0000] {logging_mixin.py:190} INFO - [2025-04-05T15:30:43.639+0000] {dag.py:4180} INFO - Setting next_dagrun for dataset_s3_bucket_producer to None, run_after=None
[2025-04-05T15:30:43.710+0000] {processor.py:208} INFO - Processing /home/airflow/.local/lib/python3.12/site-packages/airflow/example_dags/example_dataset_alias.py took 0.643 seconds
[2025-04-05T15:31:13.917+0000] {processor.py:186} INFO - Started process (PID=1589) to work on /home/airflow/.local/lib/python3.12/site-packages/airflow/example_dags/example_dataset_alias.py
[2025-04-05T15:31:13.919+0000] {processor.py:914} INFO - Processing file /home/airflow/.local/lib/python3.12/site-packages/airflow/example_dags/example_dataset_alias.py for tasks to queue
[2025-04-05T15:31:13.921+0000] {logging_mixin.py:190} INFO - [2025-04-05T15:31:13.920+0000] {dagbag.py:588} INFO - Filling up the DagBag from /home/airflow/.local/lib/python3.12/site-packages/airflow/example_dags/example_dataset_alias.py
[2025-04-05T15:31:14.541+0000] {processor.py:925} INFO - DAG(s) 'dataset_alias_example_alias_consumer', 'dataset_alias_example_alias_producer', 'dataset_s3_bucket_producer', 'dataset_s3_bucket_consumer' retrieved from /home/airflow/.local/lib/python3.12/site-packages/airflow/example_dags/example_dataset_alias.py
[2025-04-05T15:31:14.559+0000] {logging_mixin.py:190} INFO - [2025-04-05T15:31:14.558+0000] {dag.py:3239} INFO - Sync 4 DAGs
[2025-04-05T15:31:14.578+0000] {logging_mixin.py:190} INFO - [2025-04-05T15:31:14.578+0000] {dag.py:4180} INFO - Setting next_dagrun for dataset_alias_example_alias_consumer to None, run_after=None
[2025-04-05T15:31:14.580+0000] {logging_mixin.py:190} INFO - [2025-04-05T15:31:14.580+0000] {dag.py:4180} INFO - Setting next_dagrun for dataset_alias_example_alias_producer to None, run_after=None
[2025-04-05T15:31:14.582+0000] {logging_mixin.py:190} INFO - [2025-04-05T15:31:14.581+0000] {dag.py:4180} INFO - Setting next_dagrun for dataset_s3_bucket_consumer to None, run_after=None
[2025-04-05T15:31:14.582+0000] {logging_mixin.py:190} INFO - [2025-04-05T15:31:14.582+0000] {dag.py:4180} INFO - Setting next_dagrun for dataset_s3_bucket_producer to None, run_after=None
[2025-04-05T15:31:14.602+0000] {processor.py:208} INFO - Processing /home/airflow/.local/lib/python3.12/site-packages/airflow/example_dags/example_dataset_alias.py took 0.690 seconds
[2025-04-05T15:31:44.977+0000] {processor.py:186} INFO - Started process (PID=1652) to work on /home/airflow/.local/lib/python3.12/site-packages/airflow/example_dags/example_dataset_alias.py
[2025-04-05T15:31:44.991+0000] {processor.py:914} INFO - Processing file /home/airflow/.local/lib/python3.12/site-packages/airflow/example_dags/example_dataset_alias.py for tasks to queue
[2025-04-05T15:31:44.994+0000] {logging_mixin.py:190} INFO - [2025-04-05T15:31:44.993+0000] {dagbag.py:588} INFO - Filling up the DagBag from /home/airflow/.local/lib/python3.12/site-packages/airflow/example_dags/example_dataset_alias.py
[2025-04-05T15:31:45.592+0000] {processor.py:925} INFO - DAG(s) 'dataset_alias_example_alias_consumer', 'dataset_s3_bucket_producer', 'dataset_alias_example_alias_producer', 'dataset_s3_bucket_consumer' retrieved from /home/airflow/.local/lib/python3.12/site-packages/airflow/example_dags/example_dataset_alias.py
[2025-04-05T15:31:45.620+0000] {logging_mixin.py:190} INFO - [2025-04-05T15:31:45.619+0000] {dag.py:3239} INFO - Sync 4 DAGs
[2025-04-05T15:31:45.646+0000] {logging_mixin.py:190} INFO - [2025-04-05T15:31:45.646+0000] {dag.py:4180} INFO - Setting next_dagrun for dataset_alias_example_alias_consumer to None, run_after=None
[2025-04-05T15:31:45.648+0000] {logging_mixin.py:190} INFO - [2025-04-05T15:31:45.648+0000] {dag.py:4180} INFO - Setting next_dagrun for dataset_alias_example_alias_producer to None, run_after=None
[2025-04-05T15:31:45.650+0000] {logging_mixin.py:190} INFO - [2025-04-05T15:31:45.650+0000] {dag.py:4180} INFO - Setting next_dagrun for dataset_s3_bucket_consumer to None, run_after=None
[2025-04-05T15:31:45.651+0000] {logging_mixin.py:190} INFO - [2025-04-05T15:31:45.651+0000] {dag.py:4180} INFO - Setting next_dagrun for dataset_s3_bucket_producer to None, run_after=None
[2025-04-05T15:31:45.686+0000] {processor.py:208} INFO - Processing /home/airflow/.local/lib/python3.12/site-packages/airflow/example_dags/example_dataset_alias.py took 0.717 seconds
[2025-04-05T15:32:15.991+0000] {processor.py:186} INFO - Started process (PID=1715) to work on /home/airflow/.local/lib/python3.12/site-packages/airflow/example_dags/example_dataset_alias.py
[2025-04-05T15:32:15.992+0000] {processor.py:914} INFO - Processing file /home/airflow/.local/lib/python3.12/site-packages/airflow/example_dags/example_dataset_alias.py for tasks to queue
[2025-04-05T15:32:15.996+0000] {logging_mixin.py:190} INFO - [2025-04-05T15:32:15.996+0000] {dagbag.py:588} INFO - Filling up the DagBag from /home/airflow/.local/lib/python3.12/site-packages/airflow/example_dags/example_dataset_alias.py
[2025-04-05T15:32:16.518+0000] {processor.py:925} INFO - DAG(s) 'dataset_alias_example_alias_producer', 'dataset_s3_bucket_producer', 'dataset_alias_example_alias_consumer', 'dataset_s3_bucket_consumer' retrieved from /home/airflow/.local/lib/python3.12/site-packages/airflow/example_dags/example_dataset_alias.py
[2025-04-05T15:32:16.539+0000] {logging_mixin.py:190} INFO - [2025-04-05T15:32:16.538+0000] {dag.py:3239} INFO - Sync 4 DAGs
[2025-04-05T15:32:16.562+0000] {logging_mixin.py:190} INFO - [2025-04-05T15:32:16.561+0000] {dag.py:4180} INFO - Setting next_dagrun for dataset_alias_example_alias_consumer to None, run_after=None
[2025-04-05T15:32:16.566+0000] {logging_mixin.py:190} INFO - [2025-04-05T15:32:16.565+0000] {dag.py:4180} INFO - Setting next_dagrun for dataset_alias_example_alias_producer to None, run_after=None
[2025-04-05T15:32:16.569+0000] {logging_mixin.py:190} INFO - [2025-04-05T15:32:16.569+0000] {dag.py:4180} INFO - Setting next_dagrun for dataset_s3_bucket_consumer to None, run_after=None
[2025-04-05T15:32:16.570+0000] {logging_mixin.py:190} INFO - [2025-04-05T15:32:16.570+0000] {dag.py:4180} INFO - Setting next_dagrun for dataset_s3_bucket_producer to None, run_after=None
[2025-04-05T15:32:16.596+0000] {processor.py:208} INFO - Processing /home/airflow/.local/lib/python3.12/site-packages/airflow/example_dags/example_dataset_alias.py took 0.613 seconds
[2025-04-05T15:32:47.034+0000] {processor.py:186} INFO - Started process (PID=1778) to work on /home/airflow/.local/lib/python3.12/site-packages/airflow/example_dags/example_dataset_alias.py
[2025-04-05T15:32:47.036+0000] {processor.py:914} INFO - Processing file /home/airflow/.local/lib/python3.12/site-packages/airflow/example_dags/example_dataset_alias.py for tasks to queue
[2025-04-05T15:32:47.039+0000] {logging_mixin.py:190} INFO - [2025-04-05T15:32:47.038+0000] {dagbag.py:588} INFO - Filling up the DagBag from /home/airflow/.local/lib/python3.12/site-packages/airflow/example_dags/example_dataset_alias.py
[2025-04-05T15:32:47.545+0000] {processor.py:925} INFO - DAG(s) 'dataset_s3_bucket_consumer', 'dataset_alias_example_alias_consumer', 'dataset_alias_example_alias_producer', 'dataset_s3_bucket_producer' retrieved from /home/airflow/.local/lib/python3.12/site-packages/airflow/example_dags/example_dataset_alias.py
[2025-04-05T15:32:47.562+0000] {logging_mixin.py:190} INFO - [2025-04-05T15:32:47.562+0000] {dag.py:3239} INFO - Sync 4 DAGs
[2025-04-05T15:32:47.580+0000] {logging_mixin.py:190} INFO - [2025-04-05T15:32:47.579+0000] {dag.py:4180} INFO - Setting next_dagrun for dataset_alias_example_alias_consumer to None, run_after=None
[2025-04-05T15:32:47.583+0000] {logging_mixin.py:190} INFO - [2025-04-05T15:32:47.582+0000] {dag.py:4180} INFO - Setting next_dagrun for dataset_alias_example_alias_producer to None, run_after=None
[2025-04-05T15:32:47.584+0000] {logging_mixin.py:190} INFO - [2025-04-05T15:32:47.584+0000] {dag.py:4180} INFO - Setting next_dagrun for dataset_s3_bucket_consumer to None, run_after=None
[2025-04-05T15:32:47.585+0000] {logging_mixin.py:190} INFO - [2025-04-05T15:32:47.585+0000] {dag.py:4180} INFO - Setting next_dagrun for dataset_s3_bucket_producer to None, run_after=None
[2025-04-05T15:32:47.610+0000] {processor.py:208} INFO - Processing /home/airflow/.local/lib/python3.12/site-packages/airflow/example_dags/example_dataset_alias.py took 0.549 seconds
