[2025-04-05T15:19:22.476+0000] {processor.py:186} INFO - Started process (PID=127) to work on /home/airflow/.local/lib/python3.12/site-packages/airflow/example_dags/example_xcomargs.py
[2025-04-05T15:19:22.476+0000] {processor.py:914} INFO - Processing file /home/airflow/.local/lib/python3.12/site-packages/airflow/example_dags/example_xcomargs.py for tasks to queue
[2025-04-05T15:19:22.479+0000] {logging_mixin.py:190} INFO - [2025-04-05T15:19:22.479+0000] {dagbag.py:588} INFO - Filling up the DagBag from /home/airflow/.local/lib/python3.12/site-packages/airflow/example_dags/example_xcomargs.py
[2025-04-05T15:19:22.492+0000] {processor.py:925} INFO - DAG(s) 'example_xcom_args', 'example_xcom_args_with_operators' retrieved from /home/airflow/.local/lib/python3.12/site-packages/airflow/example_dags/example_xcomargs.py
[2025-04-05T15:19:22.616+0000] {logging_mixin.py:190} INFO - [2025-04-05T15:19:22.615+0000] {override.py:1912} INFO - Created Permission View: can read on DAG:example_xcom_args
[2025-04-05T15:19:22.630+0000] {logging_mixin.py:190} INFO - [2025-04-05T15:19:22.630+0000] {override.py:1912} INFO - Created Permission View: can delete on DAG:example_xcom_args
[2025-04-05T15:19:22.639+0000] {logging_mixin.py:190} INFO - [2025-04-05T15:19:22.639+0000] {override.py:1912} INFO - Created Permission View: can edit on DAG:example_xcom_args
[2025-04-05T15:19:22.652+0000] {logging_mixin.py:190} INFO - [2025-04-05T15:19:22.652+0000] {override.py:1912} INFO - Created Permission View: can read on DAG Run:example_xcom_args
[2025-04-05T15:19:22.662+0000] {logging_mixin.py:190} INFO - [2025-04-05T15:19:22.662+0000] {override.py:1912} INFO - Created Permission View: can create on DAG Run:example_xcom_args
[2025-04-05T15:19:22.674+0000] {logging_mixin.py:190} INFO - [2025-04-05T15:19:22.674+0000] {override.py:1912} INFO - Created Permission View: can delete on DAG Run:example_xcom_args
[2025-04-05T15:19:22.682+0000] {logging_mixin.py:190} INFO - [2025-04-05T15:19:22.682+0000] {override.py:1912} INFO - Created Permission View: menu access on DAG Run:example_xcom_args
[2025-04-05T15:19:22.705+0000] {logging_mixin.py:190} INFO - [2025-04-05T15:19:22.704+0000] {override.py:1912} INFO - Created Permission View: can read on DAG:example_xcom_args_with_operators
[2025-04-05T15:19:22.713+0000] {logging_mixin.py:190} INFO - [2025-04-05T15:19:22.713+0000] {override.py:1912} INFO - Created Permission View: can delete on DAG:example_xcom_args_with_operators
[2025-04-05T15:19:22.723+0000] {logging_mixin.py:190} INFO - [2025-04-05T15:19:22.723+0000] {override.py:1912} INFO - Created Permission View: can edit on DAG:example_xcom_args_with_operators
[2025-04-05T15:19:22.741+0000] {logging_mixin.py:190} INFO - [2025-04-05T15:19:22.741+0000] {override.py:1912} INFO - Created Permission View: can read on DAG Run:example_xcom_args_with_operators
[2025-04-05T15:19:22.749+0000] {logging_mixin.py:190} INFO - [2025-04-05T15:19:22.749+0000] {override.py:1912} INFO - Created Permission View: can create on DAG Run:example_xcom_args_with_operators
[2025-04-05T15:19:22.758+0000] {logging_mixin.py:190} INFO - [2025-04-05T15:19:22.758+0000] {override.py:1912} INFO - Created Permission View: can delete on DAG Run:example_xcom_args_with_operators
[2025-04-05T15:19:22.766+0000] {logging_mixin.py:190} INFO - [2025-04-05T15:19:22.766+0000] {override.py:1912} INFO - Created Permission View: menu access on DAG Run:example_xcom_args_with_operators
[2025-04-05T15:19:22.767+0000] {logging_mixin.py:190} INFO - [2025-04-05T15:19:22.767+0000] {dag.py:3239} INFO - Sync 2 DAGs
[2025-04-05T15:19:22.778+0000] {logging_mixin.py:190} INFO - [2025-04-05T15:19:22.778+0000] {dag.py:3262} INFO - Creating ORM DAG for example_xcom_args_with_operators
[2025-04-05T15:19:22.779+0000] {logging_mixin.py:190} INFO - [2025-04-05T15:19:22.779+0000] {dag.py:3262} INFO - Creating ORM DAG for example_xcom_args
[2025-04-05T15:19:22.779+0000] {logging_mixin.py:190} INFO - [2025-04-05T15:19:22.779+0000] {dag.py:4180} INFO - Setting next_dagrun for example_xcom_args to None, run_after=None
[2025-04-05T15:19:22.780+0000] {logging_mixin.py:190} INFO - [2025-04-05T15:19:22.780+0000] {dag.py:4180} INFO - Setting next_dagrun for example_xcom_args_with_operators to None, run_after=None
[2025-04-05T15:19:22.799+0000] {processor.py:208} INFO - Processing /home/airflow/.local/lib/python3.12/site-packages/airflow/example_dags/example_xcomargs.py took 0.329 seconds
[2025-04-05T15:19:53.255+0000] {processor.py:186} INFO - Started process (PID=190) to work on /home/airflow/.local/lib/python3.12/site-packages/airflow/example_dags/example_xcomargs.py
[2025-04-05T15:19:53.256+0000] {processor.py:914} INFO - Processing file /home/airflow/.local/lib/python3.12/site-packages/airflow/example_dags/example_xcomargs.py for tasks to queue
[2025-04-05T15:19:53.258+0000] {logging_mixin.py:190} INFO - [2025-04-05T15:19:53.258+0000] {dagbag.py:588} INFO - Filling up the DagBag from /home/airflow/.local/lib/python3.12/site-packages/airflow/example_dags/example_xcomargs.py
[2025-04-05T15:19:53.265+0000] {processor.py:925} INFO - DAG(s) 'example_xcom_args_with_operators', 'example_xcom_args' retrieved from /home/airflow/.local/lib/python3.12/site-packages/airflow/example_dags/example_xcomargs.py
[2025-04-05T15:19:53.284+0000] {logging_mixin.py:190} INFO - [2025-04-05T15:19:53.284+0000] {dag.py:3239} INFO - Sync 2 DAGs
[2025-04-05T15:19:53.297+0000] {logging_mixin.py:190} INFO - [2025-04-05T15:19:53.297+0000] {dag.py:4180} INFO - Setting next_dagrun for example_xcom_args to None, run_after=None
[2025-04-05T15:19:53.300+0000] {logging_mixin.py:190} INFO - [2025-04-05T15:19:53.300+0000] {dag.py:4180} INFO - Setting next_dagrun for example_xcom_args_with_operators to None, run_after=None
[2025-04-05T15:19:53.316+0000] {processor.py:208} INFO - Processing /home/airflow/.local/lib/python3.12/site-packages/airflow/example_dags/example_xcomargs.py took 0.065 seconds
[2025-04-05T15:20:23.360+0000] {processor.py:186} INFO - Started process (PID=251) to work on /home/airflow/.local/lib/python3.12/site-packages/airflow/example_dags/example_xcomargs.py
[2025-04-05T15:20:23.366+0000] {processor.py:914} INFO - Processing file /home/airflow/.local/lib/python3.12/site-packages/airflow/example_dags/example_xcomargs.py for tasks to queue
[2025-04-05T15:20:23.368+0000] {logging_mixin.py:190} INFO - [2025-04-05T15:20:23.367+0000] {dagbag.py:588} INFO - Filling up the DagBag from /home/airflow/.local/lib/python3.12/site-packages/airflow/example_dags/example_xcomargs.py
[2025-04-05T15:20:23.377+0000] {processor.py:925} INFO - DAG(s) 'example_xcom_args_with_operators', 'example_xcom_args' retrieved from /home/airflow/.local/lib/python3.12/site-packages/airflow/example_dags/example_xcomargs.py
[2025-04-05T15:20:23.403+0000] {logging_mixin.py:190} INFO - [2025-04-05T15:20:23.402+0000] {dag.py:3239} INFO - Sync 2 DAGs
[2025-04-05T15:20:23.415+0000] {logging_mixin.py:190} INFO - [2025-04-05T15:20:23.414+0000] {dag.py:4180} INFO - Setting next_dagrun for example_xcom_args to None, run_after=None
[2025-04-05T15:20:23.418+0000] {logging_mixin.py:190} INFO - [2025-04-05T15:20:23.418+0000] {dag.py:4180} INFO - Setting next_dagrun for example_xcom_args_with_operators to None, run_after=None
[2025-04-05T15:20:23.438+0000] {processor.py:208} INFO - Processing /home/airflow/.local/lib/python3.12/site-packages/airflow/example_dags/example_xcomargs.py took 0.083 seconds
[2025-04-05T15:20:53.584+0000] {processor.py:186} INFO - Started process (PID=313) to work on /home/airflow/.local/lib/python3.12/site-packages/airflow/example_dags/example_xcomargs.py
[2025-04-05T15:20:53.586+0000] {processor.py:914} INFO - Processing file /home/airflow/.local/lib/python3.12/site-packages/airflow/example_dags/example_xcomargs.py for tasks to queue
[2025-04-05T15:20:53.587+0000] {logging_mixin.py:190} INFO - [2025-04-05T15:20:53.587+0000] {dagbag.py:588} INFO - Filling up the DagBag from /home/airflow/.local/lib/python3.12/site-packages/airflow/example_dags/example_xcomargs.py
[2025-04-05T15:20:53.595+0000] {processor.py:925} INFO - DAG(s) 'example_xcom_args', 'example_xcom_args_with_operators' retrieved from /home/airflow/.local/lib/python3.12/site-packages/airflow/example_dags/example_xcomargs.py
[2025-04-05T15:20:53.614+0000] {logging_mixin.py:190} INFO - [2025-04-05T15:20:53.614+0000] {dag.py:3239} INFO - Sync 2 DAGs
[2025-04-05T15:20:53.625+0000] {logging_mixin.py:190} INFO - [2025-04-05T15:20:53.625+0000] {dag.py:4180} INFO - Setting next_dagrun for example_xcom_args to None, run_after=None
[2025-04-05T15:20:53.628+0000] {logging_mixin.py:190} INFO - [2025-04-05T15:20:53.628+0000] {dag.py:4180} INFO - Setting next_dagrun for example_xcom_args_with_operators to None, run_after=None
[2025-04-05T15:20:53.644+0000] {processor.py:208} INFO - Processing /home/airflow/.local/lib/python3.12/site-packages/airflow/example_dags/example_xcomargs.py took 0.064 seconds
[2025-04-05T15:21:23.957+0000] {processor.py:186} INFO - Started process (PID=376) to work on /home/airflow/.local/lib/python3.12/site-packages/airflow/example_dags/example_xcomargs.py
[2025-04-05T15:21:23.965+0000] {processor.py:914} INFO - Processing file /home/airflow/.local/lib/python3.12/site-packages/airflow/example_dags/example_xcomargs.py for tasks to queue
[2025-04-05T15:21:23.967+0000] {logging_mixin.py:190} INFO - [2025-04-05T15:21:23.967+0000] {dagbag.py:588} INFO - Filling up the DagBag from /home/airflow/.local/lib/python3.12/site-packages/airflow/example_dags/example_xcomargs.py
[2025-04-05T15:21:23.974+0000] {processor.py:925} INFO - DAG(s) 'example_xcom_args_with_operators', 'example_xcom_args' retrieved from /home/airflow/.local/lib/python3.12/site-packages/airflow/example_dags/example_xcomargs.py
[2025-04-05T15:21:24.000+0000] {logging_mixin.py:190} INFO - [2025-04-05T15:21:24.000+0000] {dag.py:3239} INFO - Sync 2 DAGs
[2025-04-05T15:21:24.012+0000] {logging_mixin.py:190} INFO - [2025-04-05T15:21:24.012+0000] {dag.py:4180} INFO - Setting next_dagrun for example_xcom_args to None, run_after=None
[2025-04-05T15:21:24.015+0000] {logging_mixin.py:190} INFO - [2025-04-05T15:21:24.014+0000] {dag.py:4180} INFO - Setting next_dagrun for example_xcom_args_with_operators to None, run_after=None
[2025-04-05T15:21:24.031+0000] {processor.py:208} INFO - Processing /home/airflow/.local/lib/python3.12/site-packages/airflow/example_dags/example_xcomargs.py took 0.078 seconds
[2025-04-05T15:21:54.327+0000] {processor.py:186} INFO - Started process (PID=438) to work on /home/airflow/.local/lib/python3.12/site-packages/airflow/example_dags/example_xcomargs.py
[2025-04-05T15:21:54.329+0000] {processor.py:914} INFO - Processing file /home/airflow/.local/lib/python3.12/site-packages/airflow/example_dags/example_xcomargs.py for tasks to queue
[2025-04-05T15:21:54.330+0000] {logging_mixin.py:190} INFO - [2025-04-05T15:21:54.330+0000] {dagbag.py:588} INFO - Filling up the DagBag from /home/airflow/.local/lib/python3.12/site-packages/airflow/example_dags/example_xcomargs.py
[2025-04-05T15:21:54.338+0000] {processor.py:925} INFO - DAG(s) 'example_xcom_args_with_operators', 'example_xcom_args' retrieved from /home/airflow/.local/lib/python3.12/site-packages/airflow/example_dags/example_xcomargs.py
[2025-04-05T15:21:54.363+0000] {logging_mixin.py:190} INFO - [2025-04-05T15:21:54.363+0000] {dag.py:3239} INFO - Sync 2 DAGs
[2025-04-05T15:21:54.377+0000] {logging_mixin.py:190} INFO - [2025-04-05T15:21:54.377+0000] {dag.py:4180} INFO - Setting next_dagrun for example_xcom_args to None, run_after=None
[2025-04-05T15:21:54.380+0000] {logging_mixin.py:190} INFO - [2025-04-05T15:21:54.380+0000] {dag.py:4180} INFO - Setting next_dagrun for example_xcom_args_with_operators to None, run_after=None
[2025-04-05T15:21:54.400+0000] {processor.py:208} INFO - Processing /home/airflow/.local/lib/python3.12/site-packages/airflow/example_dags/example_xcomargs.py took 0.077 seconds
[2025-04-05T15:22:24.740+0000] {processor.py:186} INFO - Started process (PID=501) to work on /home/airflow/.local/lib/python3.12/site-packages/airflow/example_dags/example_xcomargs.py
[2025-04-05T15:22:24.742+0000] {processor.py:914} INFO - Processing file /home/airflow/.local/lib/python3.12/site-packages/airflow/example_dags/example_xcomargs.py for tasks to queue
[2025-04-05T15:22:24.744+0000] {logging_mixin.py:190} INFO - [2025-04-05T15:22:24.743+0000] {dagbag.py:588} INFO - Filling up the DagBag from /home/airflow/.local/lib/python3.12/site-packages/airflow/example_dags/example_xcomargs.py
[2025-04-05T15:22:24.752+0000] {processor.py:925} INFO - DAG(s) 'example_xcom_args_with_operators', 'example_xcom_args' retrieved from /home/airflow/.local/lib/python3.12/site-packages/airflow/example_dags/example_xcomargs.py
[2025-04-05T15:22:24.773+0000] {logging_mixin.py:190} INFO - [2025-04-05T15:22:24.772+0000] {dag.py:3239} INFO - Sync 2 DAGs
[2025-04-05T15:22:24.785+0000] {logging_mixin.py:190} INFO - [2025-04-05T15:22:24.785+0000] {dag.py:4180} INFO - Setting next_dagrun for example_xcom_args to None, run_after=None
[2025-04-05T15:22:24.790+0000] {logging_mixin.py:190} INFO - [2025-04-05T15:22:24.789+0000] {dag.py:4180} INFO - Setting next_dagrun for example_xcom_args_with_operators to None, run_after=None
[2025-04-05T15:22:24.809+0000] {processor.py:208} INFO - Processing /home/airflow/.local/lib/python3.12/site-packages/airflow/example_dags/example_xcomargs.py took 0.073 seconds
[2025-04-05T15:22:55.556+0000] {processor.py:186} INFO - Started process (PID=564) to work on /home/airflow/.local/lib/python3.12/site-packages/airflow/example_dags/example_xcomargs.py
[2025-04-05T15:22:55.558+0000] {processor.py:914} INFO - Processing file /home/airflow/.local/lib/python3.12/site-packages/airflow/example_dags/example_xcomargs.py for tasks to queue
[2025-04-05T15:22:55.560+0000] {logging_mixin.py:190} INFO - [2025-04-05T15:22:55.560+0000] {dagbag.py:588} INFO - Filling up the DagBag from /home/airflow/.local/lib/python3.12/site-packages/airflow/example_dags/example_xcomargs.py
[2025-04-05T15:22:55.569+0000] {processor.py:925} INFO - DAG(s) 'example_xcom_args', 'example_xcom_args_with_operators' retrieved from /home/airflow/.local/lib/python3.12/site-packages/airflow/example_dags/example_xcomargs.py
[2025-04-05T15:22:55.592+0000] {logging_mixin.py:190} INFO - [2025-04-05T15:22:55.591+0000] {dag.py:3239} INFO - Sync 2 DAGs
[2025-04-05T15:22:55.605+0000] {logging_mixin.py:190} INFO - [2025-04-05T15:22:55.605+0000] {dag.py:4180} INFO - Setting next_dagrun for example_xcom_args to None, run_after=None
[2025-04-05T15:22:55.608+0000] {logging_mixin.py:190} INFO - [2025-04-05T15:22:55.608+0000] {dag.py:4180} INFO - Setting next_dagrun for example_xcom_args_with_operators to None, run_after=None
[2025-04-05T15:22:55.628+0000] {processor.py:208} INFO - Processing /home/airflow/.local/lib/python3.12/site-packages/airflow/example_dags/example_xcomargs.py took 0.076 seconds
[2025-04-05T15:23:25.801+0000] {processor.py:186} INFO - Started process (PID=627) to work on /home/airflow/.local/lib/python3.12/site-packages/airflow/example_dags/example_xcomargs.py
[2025-04-05T15:23:25.802+0000] {processor.py:914} INFO - Processing file /home/airflow/.local/lib/python3.12/site-packages/airflow/example_dags/example_xcomargs.py for tasks to queue
[2025-04-05T15:23:25.804+0000] {logging_mixin.py:190} INFO - [2025-04-05T15:23:25.804+0000] {dagbag.py:588} INFO - Filling up the DagBag from /home/airflow/.local/lib/python3.12/site-packages/airflow/example_dags/example_xcomargs.py
[2025-04-05T15:23:25.814+0000] {processor.py:925} INFO - DAG(s) 'example_xcom_args_with_operators', 'example_xcom_args' retrieved from /home/airflow/.local/lib/python3.12/site-packages/airflow/example_dags/example_xcomargs.py
[2025-04-05T15:23:25.838+0000] {logging_mixin.py:190} INFO - [2025-04-05T15:23:25.838+0000] {dag.py:3239} INFO - Sync 2 DAGs
[2025-04-05T15:23:25.853+0000] {logging_mixin.py:190} INFO - [2025-04-05T15:23:25.853+0000] {dag.py:4180} INFO - Setting next_dagrun for example_xcom_args to None, run_after=None
[2025-04-05T15:23:25.857+0000] {logging_mixin.py:190} INFO - [2025-04-05T15:23:25.856+0000] {dag.py:4180} INFO - Setting next_dagrun for example_xcom_args_with_operators to None, run_after=None
[2025-04-05T15:23:25.876+0000] {processor.py:208} INFO - Processing /home/airflow/.local/lib/python3.12/site-packages/airflow/example_dags/example_xcomargs.py took 0.081 seconds
[2025-04-05T15:23:56.212+0000] {processor.py:186} INFO - Started process (PID=690) to work on /home/airflow/.local/lib/python3.12/site-packages/airflow/example_dags/example_xcomargs.py
[2025-04-05T15:23:56.213+0000] {processor.py:914} INFO - Processing file /home/airflow/.local/lib/python3.12/site-packages/airflow/example_dags/example_xcomargs.py for tasks to queue
[2025-04-05T15:23:56.216+0000] {logging_mixin.py:190} INFO - [2025-04-05T15:23:56.215+0000] {dagbag.py:588} INFO - Filling up the DagBag from /home/airflow/.local/lib/python3.12/site-packages/airflow/example_dags/example_xcomargs.py
[2025-04-05T15:23:56.225+0000] {processor.py:925} INFO - DAG(s) 'example_xcom_args_with_operators', 'example_xcom_args' retrieved from /home/airflow/.local/lib/python3.12/site-packages/airflow/example_dags/example_xcomargs.py
[2025-04-05T15:23:56.248+0000] {logging_mixin.py:190} INFO - [2025-04-05T15:23:56.247+0000] {dag.py:3239} INFO - Sync 2 DAGs
[2025-04-05T15:23:56.261+0000] {logging_mixin.py:190} INFO - [2025-04-05T15:23:56.261+0000] {dag.py:4180} INFO - Setting next_dagrun for example_xcom_args to None, run_after=None
[2025-04-05T15:23:56.265+0000] {logging_mixin.py:190} INFO - [2025-04-05T15:23:56.265+0000] {dag.py:4180} INFO - Setting next_dagrun for example_xcom_args_with_operators to None, run_after=None
[2025-04-05T15:23:56.282+0000] {processor.py:208} INFO - Processing /home/airflow/.local/lib/python3.12/site-packages/airflow/example_dags/example_xcomargs.py took 0.076 seconds
[2025-04-05T15:24:26.434+0000] {processor.py:186} INFO - Started process (PID=753) to work on /home/airflow/.local/lib/python3.12/site-packages/airflow/example_dags/example_xcomargs.py
[2025-04-05T15:24:26.447+0000] {processor.py:914} INFO - Processing file /home/airflow/.local/lib/python3.12/site-packages/airflow/example_dags/example_xcomargs.py for tasks to queue
[2025-04-05T15:24:26.449+0000] {logging_mixin.py:190} INFO - [2025-04-05T15:24:26.448+0000] {dagbag.py:588} INFO - Filling up the DagBag from /home/airflow/.local/lib/python3.12/site-packages/airflow/example_dags/example_xcomargs.py
[2025-04-05T15:24:26.457+0000] {processor.py:925} INFO - DAG(s) 'example_xcom_args_with_operators', 'example_xcom_args' retrieved from /home/airflow/.local/lib/python3.12/site-packages/airflow/example_dags/example_xcomargs.py
[2025-04-05T15:24:26.480+0000] {logging_mixin.py:190} INFO - [2025-04-05T15:24:26.480+0000] {dag.py:3239} INFO - Sync 2 DAGs
[2025-04-05T15:24:26.493+0000] {logging_mixin.py:190} INFO - [2025-04-05T15:24:26.493+0000] {dag.py:4180} INFO - Setting next_dagrun for example_xcom_args to None, run_after=None
[2025-04-05T15:24:26.496+0000] {logging_mixin.py:190} INFO - [2025-04-05T15:24:26.496+0000] {dag.py:4180} INFO - Setting next_dagrun for example_xcom_args_with_operators to None, run_after=None
[2025-04-05T15:24:26.512+0000] {processor.py:208} INFO - Processing /home/airflow/.local/lib/python3.12/site-packages/airflow/example_dags/example_xcomargs.py took 0.083 seconds
[2025-04-05T15:24:57.352+0000] {processor.py:186} INFO - Started process (PID=816) to work on /home/airflow/.local/lib/python3.12/site-packages/airflow/example_dags/example_xcomargs.py
[2025-04-05T15:24:57.353+0000] {processor.py:914} INFO - Processing file /home/airflow/.local/lib/python3.12/site-packages/airflow/example_dags/example_xcomargs.py for tasks to queue
[2025-04-05T15:24:57.355+0000] {logging_mixin.py:190} INFO - [2025-04-05T15:24:57.355+0000] {dagbag.py:588} INFO - Filling up the DagBag from /home/airflow/.local/lib/python3.12/site-packages/airflow/example_dags/example_xcomargs.py
[2025-04-05T15:24:57.363+0000] {processor.py:925} INFO - DAG(s) 'example_xcom_args', 'example_xcom_args_with_operators' retrieved from /home/airflow/.local/lib/python3.12/site-packages/airflow/example_dags/example_xcomargs.py
[2025-04-05T15:24:57.382+0000] {logging_mixin.py:190} INFO - [2025-04-05T15:24:57.382+0000] {dag.py:3239} INFO - Sync 2 DAGs
[2025-04-05T15:24:57.396+0000] {logging_mixin.py:190} INFO - [2025-04-05T15:24:57.396+0000] {dag.py:4180} INFO - Setting next_dagrun for example_xcom_args to None, run_after=None
[2025-04-05T15:24:57.400+0000] {logging_mixin.py:190} INFO - [2025-04-05T15:24:57.399+0000] {dag.py:4180} INFO - Setting next_dagrun for example_xcom_args_with_operators to None, run_after=None
[2025-04-05T15:24:57.417+0000] {processor.py:208} INFO - Processing /home/airflow/.local/lib/python3.12/site-packages/airflow/example_dags/example_xcomargs.py took 0.070 seconds
[2025-04-05T15:25:27.720+0000] {processor.py:186} INFO - Started process (PID=879) to work on /home/airflow/.local/lib/python3.12/site-packages/airflow/example_dags/example_xcomargs.py
[2025-04-05T15:25:27.734+0000] {processor.py:914} INFO - Processing file /home/airflow/.local/lib/python3.12/site-packages/airflow/example_dags/example_xcomargs.py for tasks to queue
[2025-04-05T15:25:27.736+0000] {logging_mixin.py:190} INFO - [2025-04-05T15:25:27.736+0000] {dagbag.py:588} INFO - Filling up the DagBag from /home/airflow/.local/lib/python3.12/site-packages/airflow/example_dags/example_xcomargs.py
[2025-04-05T15:25:27.745+0000] {processor.py:925} INFO - DAG(s) 'example_xcom_args_with_operators', 'example_xcom_args' retrieved from /home/airflow/.local/lib/python3.12/site-packages/airflow/example_dags/example_xcomargs.py
[2025-04-05T15:25:27.766+0000] {logging_mixin.py:190} INFO - [2025-04-05T15:25:27.766+0000] {dag.py:3239} INFO - Sync 2 DAGs
[2025-04-05T15:25:27.779+0000] {logging_mixin.py:190} INFO - [2025-04-05T15:25:27.779+0000] {dag.py:4180} INFO - Setting next_dagrun for example_xcom_args to None, run_after=None
[2025-04-05T15:25:27.782+0000] {logging_mixin.py:190} INFO - [2025-04-05T15:25:27.782+0000] {dag.py:4180} INFO - Setting next_dagrun for example_xcom_args_with_operators to None, run_after=None
[2025-04-05T15:25:27.811+0000] {processor.py:208} INFO - Processing /home/airflow/.local/lib/python3.12/site-packages/airflow/example_dags/example_xcomargs.py took 0.096 seconds
[2025-04-05T15:25:57.842+0000] {processor.py:186} INFO - Started process (PID=942) to work on /home/airflow/.local/lib/python3.12/site-packages/airflow/example_dags/example_xcomargs.py
[2025-04-05T15:25:57.851+0000] {processor.py:914} INFO - Processing file /home/airflow/.local/lib/python3.12/site-packages/airflow/example_dags/example_xcomargs.py for tasks to queue
[2025-04-05T15:25:57.853+0000] {logging_mixin.py:190} INFO - [2025-04-05T15:25:57.852+0000] {dagbag.py:588} INFO - Filling up the DagBag from /home/airflow/.local/lib/python3.12/site-packages/airflow/example_dags/example_xcomargs.py
[2025-04-05T15:25:57.863+0000] {processor.py:925} INFO - DAG(s) 'example_xcom_args_with_operators', 'example_xcom_args' retrieved from /home/airflow/.local/lib/python3.12/site-packages/airflow/example_dags/example_xcomargs.py
[2025-04-05T15:25:57.886+0000] {logging_mixin.py:190} INFO - [2025-04-05T15:25:57.886+0000] {dag.py:3239} INFO - Sync 2 DAGs
[2025-04-05T15:25:57.898+0000] {logging_mixin.py:190} INFO - [2025-04-05T15:25:57.898+0000] {dag.py:4180} INFO - Setting next_dagrun for example_xcom_args to None, run_after=None
[2025-04-05T15:25:57.901+0000] {logging_mixin.py:190} INFO - [2025-04-05T15:25:57.901+0000] {dag.py:4180} INFO - Setting next_dagrun for example_xcom_args_with_operators to None, run_after=None
[2025-04-05T15:25:57.919+0000] {processor.py:208} INFO - Processing /home/airflow/.local/lib/python3.12/site-packages/airflow/example_dags/example_xcomargs.py took 0.081 seconds
[2025-04-05T15:26:28.454+0000] {processor.py:186} INFO - Started process (PID=1005) to work on /home/airflow/.local/lib/python3.12/site-packages/airflow/example_dags/example_xcomargs.py
[2025-04-05T15:26:28.466+0000] {processor.py:914} INFO - Processing file /home/airflow/.local/lib/python3.12/site-packages/airflow/example_dags/example_xcomargs.py for tasks to queue
[2025-04-05T15:26:28.469+0000] {logging_mixin.py:190} INFO - [2025-04-05T15:26:28.468+0000] {dagbag.py:588} INFO - Filling up the DagBag from /home/airflow/.local/lib/python3.12/site-packages/airflow/example_dags/example_xcomargs.py
[2025-04-05T15:26:28.479+0000] {processor.py:925} INFO - DAG(s) 'example_xcom_args', 'example_xcom_args_with_operators' retrieved from /home/airflow/.local/lib/python3.12/site-packages/airflow/example_dags/example_xcomargs.py
[2025-04-05T15:26:28.505+0000] {logging_mixin.py:190} INFO - [2025-04-05T15:26:28.505+0000] {dag.py:3239} INFO - Sync 2 DAGs
[2025-04-05T15:26:28.522+0000] {logging_mixin.py:190} INFO - [2025-04-05T15:26:28.522+0000] {dag.py:4180} INFO - Setting next_dagrun for example_xcom_args to None, run_after=None
[2025-04-05T15:26:28.525+0000] {logging_mixin.py:190} INFO - [2025-04-05T15:26:28.525+0000] {dag.py:4180} INFO - Setting next_dagrun for example_xcom_args_with_operators to None, run_after=None
[2025-04-05T15:26:28.550+0000] {processor.py:208} INFO - Processing /home/airflow/.local/lib/python3.12/site-packages/airflow/example_dags/example_xcomargs.py took 0.102 seconds
[2025-04-05T15:26:58.599+0000] {processor.py:186} INFO - Started process (PID=1067) to work on /home/airflow/.local/lib/python3.12/site-packages/airflow/example_dags/example_xcomargs.py
[2025-04-05T15:26:58.609+0000] {processor.py:914} INFO - Processing file /home/airflow/.local/lib/python3.12/site-packages/airflow/example_dags/example_xcomargs.py for tasks to queue
[2025-04-05T15:26:58.612+0000] {logging_mixin.py:190} INFO - [2025-04-05T15:26:58.612+0000] {dagbag.py:588} INFO - Filling up the DagBag from /home/airflow/.local/lib/python3.12/site-packages/airflow/example_dags/example_xcomargs.py
[2025-04-05T15:26:58.625+0000] {processor.py:925} INFO - DAG(s) 'example_xcom_args_with_operators', 'example_xcom_args' retrieved from /home/airflow/.local/lib/python3.12/site-packages/airflow/example_dags/example_xcomargs.py
[2025-04-05T15:26:58.652+0000] {logging_mixin.py:190} INFO - [2025-04-05T15:26:58.652+0000] {dag.py:3239} INFO - Sync 2 DAGs
[2025-04-05T15:26:58.670+0000] {logging_mixin.py:190} INFO - [2025-04-05T15:26:58.670+0000] {dag.py:4180} INFO - Setting next_dagrun for example_xcom_args to None, run_after=None
[2025-04-05T15:26:58.675+0000] {logging_mixin.py:190} INFO - [2025-04-05T15:26:58.675+0000] {dag.py:4180} INFO - Setting next_dagrun for example_xcom_args_with_operators to None, run_after=None
[2025-04-05T15:26:58.700+0000] {processor.py:208} INFO - Processing /home/airflow/.local/lib/python3.12/site-packages/airflow/example_dags/example_xcomargs.py took 0.106 seconds
[2025-04-05T15:27:28.735+0000] {processor.py:186} INFO - Started process (PID=1130) to work on /home/airflow/.local/lib/python3.12/site-packages/airflow/example_dags/example_xcomargs.py
[2025-04-05T15:27:28.737+0000] {processor.py:914} INFO - Processing file /home/airflow/.local/lib/python3.12/site-packages/airflow/example_dags/example_xcomargs.py for tasks to queue
[2025-04-05T15:27:28.739+0000] {logging_mixin.py:190} INFO - [2025-04-05T15:27:28.739+0000] {dagbag.py:588} INFO - Filling up the DagBag from /home/airflow/.local/lib/python3.12/site-packages/airflow/example_dags/example_xcomargs.py
[2025-04-05T15:27:28.749+0000] {processor.py:925} INFO - DAG(s) 'example_xcom_args', 'example_xcom_args_with_operators' retrieved from /home/airflow/.local/lib/python3.12/site-packages/airflow/example_dags/example_xcomargs.py
[2025-04-05T15:27:28.775+0000] {logging_mixin.py:190} INFO - [2025-04-05T15:27:28.775+0000] {dag.py:3239} INFO - Sync 2 DAGs
[2025-04-05T15:27:28.792+0000] {logging_mixin.py:190} INFO - [2025-04-05T15:27:28.791+0000] {dag.py:4180} INFO - Setting next_dagrun for example_xcom_args to None, run_after=None
[2025-04-05T15:27:28.795+0000] {logging_mixin.py:190} INFO - [2025-04-05T15:27:28.795+0000] {dag.py:4180} INFO - Setting next_dagrun for example_xcom_args_with_operators to None, run_after=None
[2025-04-05T15:27:28.810+0000] {processor.py:208} INFO - Processing /home/airflow/.local/lib/python3.12/site-packages/airflow/example_dags/example_xcomargs.py took 0.083 seconds
[2025-04-05T15:27:59.360+0000] {processor.py:186} INFO - Started process (PID=1193) to work on /home/airflow/.local/lib/python3.12/site-packages/airflow/example_dags/example_xcomargs.py
[2025-04-05T15:27:59.361+0000] {processor.py:914} INFO - Processing file /home/airflow/.local/lib/python3.12/site-packages/airflow/example_dags/example_xcomargs.py for tasks to queue
[2025-04-05T15:27:59.363+0000] {logging_mixin.py:190} INFO - [2025-04-05T15:27:59.363+0000] {dagbag.py:588} INFO - Filling up the DagBag from /home/airflow/.local/lib/python3.12/site-packages/airflow/example_dags/example_xcomargs.py
[2025-04-05T15:27:59.374+0000] {processor.py:925} INFO - DAG(s) 'example_xcom_args', 'example_xcom_args_with_operators' retrieved from /home/airflow/.local/lib/python3.12/site-packages/airflow/example_dags/example_xcomargs.py
[2025-04-05T15:27:59.396+0000] {logging_mixin.py:190} INFO - [2025-04-05T15:27:59.396+0000] {dag.py:3239} INFO - Sync 2 DAGs
[2025-04-05T15:27:59.408+0000] {logging_mixin.py:190} INFO - [2025-04-05T15:27:59.408+0000] {dag.py:4180} INFO - Setting next_dagrun for example_xcom_args to None, run_after=None
[2025-04-05T15:27:59.411+0000] {logging_mixin.py:190} INFO - [2025-04-05T15:27:59.411+0000] {dag.py:4180} INFO - Setting next_dagrun for example_xcom_args_with_operators to None, run_after=None
[2025-04-05T15:27:59.430+0000] {processor.py:208} INFO - Processing /home/airflow/.local/lib/python3.12/site-packages/airflow/example_dags/example_xcomargs.py took 0.075 seconds
[2025-04-05T15:28:30.423+0000] {processor.py:186} INFO - Started process (PID=1256) to work on /home/airflow/.local/lib/python3.12/site-packages/airflow/example_dags/example_xcomargs.py
[2025-04-05T15:28:30.424+0000] {processor.py:914} INFO - Processing file /home/airflow/.local/lib/python3.12/site-packages/airflow/example_dags/example_xcomargs.py for tasks to queue
[2025-04-05T15:28:30.426+0000] {logging_mixin.py:190} INFO - [2025-04-05T15:28:30.425+0000] {dagbag.py:588} INFO - Filling up the DagBag from /home/airflow/.local/lib/python3.12/site-packages/airflow/example_dags/example_xcomargs.py
[2025-04-05T15:28:30.434+0000] {processor.py:925} INFO - DAG(s) 'example_xcom_args', 'example_xcom_args_with_operators' retrieved from /home/airflow/.local/lib/python3.12/site-packages/airflow/example_dags/example_xcomargs.py
[2025-04-05T15:28:30.454+0000] {logging_mixin.py:190} INFO - [2025-04-05T15:28:30.454+0000] {dag.py:3239} INFO - Sync 2 DAGs
[2025-04-05T15:28:30.466+0000] {logging_mixin.py:190} INFO - [2025-04-05T15:28:30.466+0000] {dag.py:4180} INFO - Setting next_dagrun for example_xcom_args to None, run_after=None
[2025-04-05T15:28:30.469+0000] {logging_mixin.py:190} INFO - [2025-04-05T15:28:30.469+0000] {dag.py:4180} INFO - Setting next_dagrun for example_xcom_args_with_operators to None, run_after=None
[2025-04-05T15:28:30.486+0000] {processor.py:208} INFO - Processing /home/airflow/.local/lib/python3.12/site-packages/airflow/example_dags/example_xcomargs.py took 0.069 seconds
[2025-04-05T15:29:01.218+0000] {processor.py:186} INFO - Started process (PID=1319) to work on /home/airflow/.local/lib/python3.12/site-packages/airflow/example_dags/example_xcomargs.py
[2025-04-05T15:29:01.219+0000] {processor.py:914} INFO - Processing file /home/airflow/.local/lib/python3.12/site-packages/airflow/example_dags/example_xcomargs.py for tasks to queue
[2025-04-05T15:29:01.221+0000] {logging_mixin.py:190} INFO - [2025-04-05T15:29:01.221+0000] {dagbag.py:588} INFO - Filling up the DagBag from /home/airflow/.local/lib/python3.12/site-packages/airflow/example_dags/example_xcomargs.py
[2025-04-05T15:29:01.231+0000] {processor.py:925} INFO - DAG(s) 'example_xcom_args', 'example_xcom_args_with_operators' retrieved from /home/airflow/.local/lib/python3.12/site-packages/airflow/example_dags/example_xcomargs.py
[2025-04-05T15:29:01.256+0000] {logging_mixin.py:190} INFO - [2025-04-05T15:29:01.256+0000] {dag.py:3239} INFO - Sync 2 DAGs
[2025-04-05T15:29:01.269+0000] {logging_mixin.py:190} INFO - [2025-04-05T15:29:01.269+0000] {dag.py:4180} INFO - Setting next_dagrun for example_xcom_args to None, run_after=None
[2025-04-05T15:29:01.272+0000] {logging_mixin.py:190} INFO - [2025-04-05T15:29:01.272+0000] {dag.py:4180} INFO - Setting next_dagrun for example_xcom_args_with_operators to None, run_after=None
[2025-04-05T15:29:01.292+0000] {processor.py:208} INFO - Processing /home/airflow/.local/lib/python3.12/site-packages/airflow/example_dags/example_xcomargs.py took 0.079 seconds
[2025-04-05T15:29:32.108+0000] {processor.py:186} INFO - Started process (PID=1382) to work on /home/airflow/.local/lib/python3.12/site-packages/airflow/example_dags/example_xcomargs.py
[2025-04-05T15:29:32.109+0000] {processor.py:914} INFO - Processing file /home/airflow/.local/lib/python3.12/site-packages/airflow/example_dags/example_xcomargs.py for tasks to queue
[2025-04-05T15:29:32.111+0000] {logging_mixin.py:190} INFO - [2025-04-05T15:29:32.111+0000] {dagbag.py:588} INFO - Filling up the DagBag from /home/airflow/.local/lib/python3.12/site-packages/airflow/example_dags/example_xcomargs.py
[2025-04-05T15:29:32.119+0000] {processor.py:925} INFO - DAG(s) 'example_xcom_args_with_operators', 'example_xcom_args' retrieved from /home/airflow/.local/lib/python3.12/site-packages/airflow/example_dags/example_xcomargs.py
[2025-04-05T15:29:32.139+0000] {logging_mixin.py:190} INFO - [2025-04-05T15:29:32.139+0000] {dag.py:3239} INFO - Sync 2 DAGs
[2025-04-05T15:29:32.152+0000] {logging_mixin.py:190} INFO - [2025-04-05T15:29:32.151+0000] {dag.py:4180} INFO - Setting next_dagrun for example_xcom_args to None, run_after=None
[2025-04-05T15:29:32.155+0000] {logging_mixin.py:190} INFO - [2025-04-05T15:29:32.155+0000] {dag.py:4180} INFO - Setting next_dagrun for example_xcom_args_with_operators to None, run_after=None
[2025-04-05T15:29:32.176+0000] {processor.py:208} INFO - Processing /home/airflow/.local/lib/python3.12/site-packages/airflow/example_dags/example_xcomargs.py took 0.074 seconds
[2025-04-05T15:30:02.898+0000] {processor.py:186} INFO - Started process (PID=1445) to work on /home/airflow/.local/lib/python3.12/site-packages/airflow/example_dags/example_xcomargs.py
[2025-04-05T15:30:02.902+0000] {processor.py:914} INFO - Processing file /home/airflow/.local/lib/python3.12/site-packages/airflow/example_dags/example_xcomargs.py for tasks to queue
[2025-04-05T15:30:02.904+0000] {logging_mixin.py:190} INFO - [2025-04-05T15:30:02.904+0000] {dagbag.py:588} INFO - Filling up the DagBag from /home/airflow/.local/lib/python3.12/site-packages/airflow/example_dags/example_xcomargs.py
[2025-04-05T15:30:02.916+0000] {processor.py:925} INFO - DAG(s) 'example_xcom_args', 'example_xcom_args_with_operators' retrieved from /home/airflow/.local/lib/python3.12/site-packages/airflow/example_dags/example_xcomargs.py
[2025-04-05T15:30:02.945+0000] {logging_mixin.py:190} INFO - [2025-04-05T15:30:02.945+0000] {dag.py:3239} INFO - Sync 2 DAGs
[2025-04-05T15:30:02.958+0000] {logging_mixin.py:190} INFO - [2025-04-05T15:30:02.957+0000] {dag.py:4180} INFO - Setting next_dagrun for example_xcom_args to None, run_after=None
[2025-04-05T15:30:02.961+0000] {logging_mixin.py:190} INFO - [2025-04-05T15:30:02.960+0000] {dag.py:4180} INFO - Setting next_dagrun for example_xcom_args_with_operators to None, run_after=None
[2025-04-05T15:30:02.978+0000] {processor.py:208} INFO - Processing /home/airflow/.local/lib/python3.12/site-packages/airflow/example_dags/example_xcomargs.py took 0.086 seconds
[2025-04-05T15:30:33.891+0000] {processor.py:186} INFO - Started process (PID=1509) to work on /home/airflow/.local/lib/python3.12/site-packages/airflow/example_dags/example_xcomargs.py
[2025-04-05T15:30:33.893+0000] {processor.py:914} INFO - Processing file /home/airflow/.local/lib/python3.12/site-packages/airflow/example_dags/example_xcomargs.py for tasks to queue
[2025-04-05T15:30:33.896+0000] {logging_mixin.py:190} INFO - [2025-04-05T15:30:33.896+0000] {dagbag.py:588} INFO - Filling up the DagBag from /home/airflow/.local/lib/python3.12/site-packages/airflow/example_dags/example_xcomargs.py
[2025-04-05T15:30:33.906+0000] {processor.py:925} INFO - DAG(s) 'example_xcom_args', 'example_xcom_args_with_operators' retrieved from /home/airflow/.local/lib/python3.12/site-packages/airflow/example_dags/example_xcomargs.py
[2025-04-05T15:30:33.930+0000] {logging_mixin.py:190} INFO - [2025-04-05T15:30:33.930+0000] {dag.py:3239} INFO - Sync 2 DAGs
[2025-04-05T15:30:33.949+0000] {logging_mixin.py:190} INFO - [2025-04-05T15:30:33.949+0000] {dag.py:4180} INFO - Setting next_dagrun for example_xcom_args to None, run_after=None
[2025-04-05T15:30:33.953+0000] {logging_mixin.py:190} INFO - [2025-04-05T15:30:33.953+0000] {dag.py:4180} INFO - Setting next_dagrun for example_xcom_args_with_operators to None, run_after=None
[2025-04-05T15:30:33.971+0000] {processor.py:208} INFO - Processing /home/airflow/.local/lib/python3.12/site-packages/airflow/example_dags/example_xcomargs.py took 0.086 seconds
[2025-04-05T15:31:04.672+0000] {processor.py:186} INFO - Started process (PID=1572) to work on /home/airflow/.local/lib/python3.12/site-packages/airflow/example_dags/example_xcomargs.py
[2025-04-05T15:31:04.673+0000] {processor.py:914} INFO - Processing file /home/airflow/.local/lib/python3.12/site-packages/airflow/example_dags/example_xcomargs.py for tasks to queue
[2025-04-05T15:31:04.675+0000] {logging_mixin.py:190} INFO - [2025-04-05T15:31:04.675+0000] {dagbag.py:588} INFO - Filling up the DagBag from /home/airflow/.local/lib/python3.12/site-packages/airflow/example_dags/example_xcomargs.py
[2025-04-05T15:31:04.684+0000] {processor.py:925} INFO - DAG(s) 'example_xcom_args', 'example_xcom_args_with_operators' retrieved from /home/airflow/.local/lib/python3.12/site-packages/airflow/example_dags/example_xcomargs.py
[2025-04-05T15:31:04.714+0000] {logging_mixin.py:190} INFO - [2025-04-05T15:31:04.714+0000] {dag.py:3239} INFO - Sync 2 DAGs
[2025-04-05T15:31:04.740+0000] {logging_mixin.py:190} INFO - [2025-04-05T15:31:04.739+0000] {dag.py:4180} INFO - Setting next_dagrun for example_xcom_args to None, run_after=None
[2025-04-05T15:31:04.744+0000] {logging_mixin.py:190} INFO - [2025-04-05T15:31:04.744+0000] {dag.py:4180} INFO - Setting next_dagrun for example_xcom_args_with_operators to None, run_after=None
[2025-04-05T15:31:04.762+0000] {processor.py:208} INFO - Processing /home/airflow/.local/lib/python3.12/site-packages/airflow/example_dags/example_xcomargs.py took 0.096 seconds
[2025-04-05T15:31:35.456+0000] {processor.py:186} INFO - Started process (PID=1635) to work on /home/airflow/.local/lib/python3.12/site-packages/airflow/example_dags/example_xcomargs.py
[2025-04-05T15:31:35.457+0000] {processor.py:914} INFO - Processing file /home/airflow/.local/lib/python3.12/site-packages/airflow/example_dags/example_xcomargs.py for tasks to queue
[2025-04-05T15:31:35.460+0000] {logging_mixin.py:190} INFO - [2025-04-05T15:31:35.459+0000] {dagbag.py:588} INFO - Filling up the DagBag from /home/airflow/.local/lib/python3.12/site-packages/airflow/example_dags/example_xcomargs.py
[2025-04-05T15:31:35.468+0000] {processor.py:925} INFO - DAG(s) 'example_xcom_args_with_operators', 'example_xcom_args' retrieved from /home/airflow/.local/lib/python3.12/site-packages/airflow/example_dags/example_xcomargs.py
[2025-04-05T15:31:35.487+0000] {logging_mixin.py:190} INFO - [2025-04-05T15:31:35.487+0000] {dag.py:3239} INFO - Sync 2 DAGs
[2025-04-05T15:31:35.499+0000] {logging_mixin.py:190} INFO - [2025-04-05T15:31:35.499+0000] {dag.py:4180} INFO - Setting next_dagrun for example_xcom_args to None, run_after=None
[2025-04-05T15:31:35.502+0000] {logging_mixin.py:190} INFO - [2025-04-05T15:31:35.502+0000] {dag.py:4180} INFO - Setting next_dagrun for example_xcom_args_with_operators to None, run_after=None
[2025-04-05T15:31:35.518+0000] {processor.py:208} INFO - Processing /home/airflow/.local/lib/python3.12/site-packages/airflow/example_dags/example_xcomargs.py took 0.067 seconds
[2025-04-05T15:32:05.590+0000] {processor.py:186} INFO - Started process (PID=1697) to work on /home/airflow/.local/lib/python3.12/site-packages/airflow/example_dags/example_xcomargs.py
[2025-04-05T15:32:05.592+0000] {processor.py:914} INFO - Processing file /home/airflow/.local/lib/python3.12/site-packages/airflow/example_dags/example_xcomargs.py for tasks to queue
[2025-04-05T15:32:05.594+0000] {logging_mixin.py:190} INFO - [2025-04-05T15:32:05.594+0000] {dagbag.py:588} INFO - Filling up the DagBag from /home/airflow/.local/lib/python3.12/site-packages/airflow/example_dags/example_xcomargs.py
[2025-04-05T15:32:05.607+0000] {processor.py:925} INFO - DAG(s) 'example_xcom_args', 'example_xcom_args_with_operators' retrieved from /home/airflow/.local/lib/python3.12/site-packages/airflow/example_dags/example_xcomargs.py
[2025-04-05T15:32:05.633+0000] {logging_mixin.py:190} INFO - [2025-04-05T15:32:05.632+0000] {dag.py:3239} INFO - Sync 2 DAGs
[2025-04-05T15:32:05.651+0000] {logging_mixin.py:190} INFO - [2025-04-05T15:32:05.650+0000] {dag.py:4180} INFO - Setting next_dagrun for example_xcom_args to None, run_after=None
[2025-04-05T15:32:05.656+0000] {logging_mixin.py:190} INFO - [2025-04-05T15:32:05.655+0000] {dag.py:4180} INFO - Setting next_dagrun for example_xcom_args_with_operators to None, run_after=None
[2025-04-05T15:32:05.679+0000] {processor.py:208} INFO - Processing /home/airflow/.local/lib/python3.12/site-packages/airflow/example_dags/example_xcomargs.py took 0.095 seconds
[2025-04-05T15:32:36.777+0000] {processor.py:186} INFO - Started process (PID=1761) to work on /home/airflow/.local/lib/python3.12/site-packages/airflow/example_dags/example_xcomargs.py
[2025-04-05T15:32:36.778+0000] {processor.py:914} INFO - Processing file /home/airflow/.local/lib/python3.12/site-packages/airflow/example_dags/example_xcomargs.py for tasks to queue
[2025-04-05T15:32:36.780+0000] {logging_mixin.py:190} INFO - [2025-04-05T15:32:36.780+0000] {dagbag.py:588} INFO - Filling up the DagBag from /home/airflow/.local/lib/python3.12/site-packages/airflow/example_dags/example_xcomargs.py
[2025-04-05T15:32:36.791+0000] {processor.py:925} INFO - DAG(s) 'example_xcom_args', 'example_xcom_args_with_operators' retrieved from /home/airflow/.local/lib/python3.12/site-packages/airflow/example_dags/example_xcomargs.py
[2025-04-05T15:32:36.812+0000] {logging_mixin.py:190} INFO - [2025-04-05T15:32:36.812+0000] {dag.py:3239} INFO - Sync 2 DAGs
[2025-04-05T15:32:36.825+0000] {logging_mixin.py:190} INFO - [2025-04-05T15:32:36.825+0000] {dag.py:4180} INFO - Setting next_dagrun for example_xcom_args to None, run_after=None
[2025-04-05T15:32:36.828+0000] {logging_mixin.py:190} INFO - [2025-04-05T15:32:36.828+0000] {dag.py:4180} INFO - Setting next_dagrun for example_xcom_args_with_operators to None, run_after=None
[2025-04-05T15:32:36.847+0000] {processor.py:208} INFO - Processing /home/airflow/.local/lib/python3.12/site-packages/airflow/example_dags/example_xcomargs.py took 0.075 seconds
[2025-04-05T15:33:08.282+0000] {processor.py:186} INFO - Started process (PID=1830) to work on /home/airflow/.local/lib/python3.12/site-packages/airflow/example_dags/example_xcomargs.py
[2025-04-05T15:33:08.283+0000] {processor.py:914} INFO - Processing file /home/airflow/.local/lib/python3.12/site-packages/airflow/example_dags/example_xcomargs.py for tasks to queue
[2025-04-05T15:33:08.295+0000] {logging_mixin.py:190} INFO - [2025-04-05T15:33:08.294+0000] {dagbag.py:588} INFO - Filling up the DagBag from /home/airflow/.local/lib/python3.12/site-packages/airflow/example_dags/example_xcomargs.py
[2025-04-05T15:33:08.328+0000] {processor.py:925} INFO - DAG(s) 'example_xcom_args', 'example_xcom_args_with_operators' retrieved from /home/airflow/.local/lib/python3.12/site-packages/airflow/example_dags/example_xcomargs.py
[2025-04-05T15:33:08.391+0000] {logging_mixin.py:190} INFO - [2025-04-05T15:33:08.390+0000] {dag.py:3239} INFO - Sync 2 DAGs
[2025-04-05T15:33:08.426+0000] {logging_mixin.py:190} INFO - [2025-04-05T15:33:08.426+0000] {dag.py:4180} INFO - Setting next_dagrun for example_xcom_args to None, run_after=None
[2025-04-05T15:33:08.439+0000] {logging_mixin.py:190} INFO - [2025-04-05T15:33:08.439+0000] {dag.py:4180} INFO - Setting next_dagrun for example_xcom_args_with_operators to None, run_after=None
[2025-04-05T15:33:08.488+0000] {processor.py:208} INFO - Processing /home/airflow/.local/lib/python3.12/site-packages/airflow/example_dags/example_xcomargs.py took 0.213 seconds
