[2025-04-05T15:19:20.279+0000] {processor.py:186} INFO - Started process (PID=119) to work on /home/airflow/.local/lib/python3.12/site-packages/airflow/example_dags/example_subdag_operator.py
[2025-04-05T15:19:20.280+0000] {processor.py:914} INFO - Processing file /home/airflow/.local/lib/python3.12/site-packages/airflow/example_dags/example_subdag_operator.py for tasks to queue
[2025-04-05T15:19:20.282+0000] {logging_mixin.py:190} INFO - [2025-04-05T15:19:20.282+0000] {dagbag.py:588} INFO - Filling up the DagBag from /home/airflow/.local/lib/python3.12/site-packages/airflow/example_dags/example_subdag_operator.py
[2025-04-05T15:19:20.308+0000] {processor.py:925} INFO - DAG(s) 'example_subdag_operator.section-1', 'example_subdag_operator.section-2', 'example_subdag_operator' retrieved from /home/airflow/.local/lib/python3.12/site-packages/airflow/example_dags/example_subdag_operator.py
[2025-04-05T15:19:20.411+0000] {logging_mixin.py:190} INFO - [2025-04-05T15:19:20.411+0000] {override.py:1912} INFO - Created Permission View: can read on DAG:example_subdag_operator
[2025-04-05T15:19:20.424+0000] {logging_mixin.py:190} INFO - [2025-04-05T15:19:20.423+0000] {override.py:1912} INFO - Created Permission View: can delete on DAG:example_subdag_operator
[2025-04-05T15:19:20.433+0000] {logging_mixin.py:190} INFO - [2025-04-05T15:19:20.432+0000] {override.py:1912} INFO - Created Permission View: can edit on DAG:example_subdag_operator
[2025-04-05T15:19:20.448+0000] {logging_mixin.py:190} INFO - [2025-04-05T15:19:20.448+0000] {override.py:1912} INFO - Created Permission View: can read on DAG Run:example_subdag_operator
[2025-04-05T15:19:20.459+0000] {logging_mixin.py:190} INFO - [2025-04-05T15:19:20.458+0000] {override.py:1912} INFO - Created Permission View: can create on DAG Run:example_subdag_operator
[2025-04-05T15:19:20.471+0000] {logging_mixin.py:190} INFO - [2025-04-05T15:19:20.470+0000] {override.py:1912} INFO - Created Permission View: can delete on DAG Run:example_subdag_operator
[2025-04-05T15:19:20.482+0000] {logging_mixin.py:190} INFO - [2025-04-05T15:19:20.482+0000] {override.py:1912} INFO - Created Permission View: menu access on DAG Run:example_subdag_operator
[2025-04-05T15:19:20.483+0000] {logging_mixin.py:190} INFO - [2025-04-05T15:19:20.483+0000] {dag.py:3239} INFO - Sync 3 DAGs
[2025-04-05T15:19:20.499+0000] {logging_mixin.py:190} INFO - [2025-04-05T15:19:20.498+0000] {dag.py:3262} INFO - Creating ORM DAG for example_subdag_operator.section-1
[2025-04-05T15:19:20.500+0000] {logging_mixin.py:190} INFO - [2025-04-05T15:19:20.500+0000] {dag.py:3262} INFO - Creating ORM DAG for example_subdag_operator.section-2
[2025-04-05T15:19:20.501+0000] {logging_mixin.py:190} INFO - [2025-04-05T15:19:20.500+0000] {dag.py:3262} INFO - Creating ORM DAG for example_subdag_operator
[2025-04-05T15:19:20.512+0000] {logging_mixin.py:190} INFO - [2025-04-05T15:19:20.511+0000] {dag.py:4180} INFO - Setting next_dagrun for example_subdag_operator to 2022-01-01 00:00:00+00:00, run_after=2022-01-01 00:00:00+00:00
[2025-04-05T15:19:20.513+0000] {logging_mixin.py:190} INFO - [2025-04-05T15:19:20.512+0000] {dag.py:4180} INFO - Setting next_dagrun for example_subdag_operator.section-1 to None, run_after=None
[2025-04-05T15:19:20.513+0000] {logging_mixin.py:190} INFO - [2025-04-05T15:19:20.513+0000] {dag.py:4180} INFO - Setting next_dagrun for example_subdag_operator.section-2 to None, run_after=None
[2025-04-05T15:19:20.522+0000] {logging_mixin.py:190} INFO - [2025-04-05T15:19:20.522+0000] {dag.py:3239} INFO - Sync 2 DAGs
[2025-04-05T15:19:20.529+0000] {logging_mixin.py:190} INFO - [2025-04-05T15:19:20.528+0000] {dag.py:4180} INFO - Setting next_dagrun for example_subdag_operator.section-1 to None, run_after=None
[2025-04-05T15:19:20.532+0000] {logging_mixin.py:190} INFO - [2025-04-05T15:19:20.532+0000] {dag.py:4180} INFO - Setting next_dagrun for example_subdag_operator.section-2 to None, run_after=None
[2025-04-05T15:19:20.550+0000] {processor.py:208} INFO - Processing /home/airflow/.local/lib/python3.12/site-packages/airflow/example_dags/example_subdag_operator.py took 0.278 seconds
[2025-04-05T15:19:51.297+0000] {processor.py:186} INFO - Started process (PID=182) to work on /home/airflow/.local/lib/python3.12/site-packages/airflow/example_dags/example_subdag_operator.py
[2025-04-05T15:19:51.299+0000] {processor.py:914} INFO - Processing file /home/airflow/.local/lib/python3.12/site-packages/airflow/example_dags/example_subdag_operator.py for tasks to queue
[2025-04-05T15:19:51.301+0000] {logging_mixin.py:190} INFO - [2025-04-05T15:19:51.301+0000] {dagbag.py:588} INFO - Filling up the DagBag from /home/airflow/.local/lib/python3.12/site-packages/airflow/example_dags/example_subdag_operator.py
[2025-04-05T15:19:51.325+0000] {processor.py:925} INFO - DAG(s) 'example_subdag_operator.section-1', 'example_subdag_operator.section-2', 'example_subdag_operator' retrieved from /home/airflow/.local/lib/python3.12/site-packages/airflow/example_dags/example_subdag_operator.py
[2025-04-05T15:19:51.340+0000] {logging_mixin.py:190} INFO - [2025-04-05T15:19:51.340+0000] {dag.py:3239} INFO - Sync 3 DAGs
[2025-04-05T15:19:51.361+0000] {logging_mixin.py:190} INFO - [2025-04-05T15:19:51.361+0000] {dag.py:4180} INFO - Setting next_dagrun for example_subdag_operator to 2022-01-01 00:00:00+00:00, run_after=2022-01-01 00:00:00+00:00
[2025-04-05T15:19:51.365+0000] {logging_mixin.py:190} INFO - [2025-04-05T15:19:51.365+0000] {dag.py:4180} INFO - Setting next_dagrun for example_subdag_operator.section-1 to None, run_after=None
[2025-04-05T15:19:51.366+0000] {logging_mixin.py:190} INFO - [2025-04-05T15:19:51.366+0000] {dag.py:4180} INFO - Setting next_dagrun for example_subdag_operator.section-2 to None, run_after=None
[2025-04-05T15:19:51.373+0000] {logging_mixin.py:190} INFO - [2025-04-05T15:19:51.373+0000] {dag.py:3239} INFO - Sync 2 DAGs
[2025-04-05T15:19:51.378+0000] {logging_mixin.py:190} INFO - [2025-04-05T15:19:51.377+0000] {dag.py:4180} INFO - Setting next_dagrun for example_subdag_operator.section-1 to None, run_after=None
[2025-04-05T15:19:51.378+0000] {logging_mixin.py:190} INFO - [2025-04-05T15:19:51.378+0000] {dag.py:4180} INFO - Setting next_dagrun for example_subdag_operator.section-2 to None, run_after=None
[2025-04-05T15:19:51.390+0000] {processor.py:208} INFO - Processing /home/airflow/.local/lib/python3.12/site-packages/airflow/example_dags/example_subdag_operator.py took 0.097 seconds
[2025-04-05T15:20:21.502+0000] {processor.py:186} INFO - Started process (PID=243) to work on /home/airflow/.local/lib/python3.12/site-packages/airflow/example_dags/example_subdag_operator.py
[2025-04-05T15:20:21.503+0000] {processor.py:914} INFO - Processing file /home/airflow/.local/lib/python3.12/site-packages/airflow/example_dags/example_subdag_operator.py for tasks to queue
[2025-04-05T15:20:21.505+0000] {logging_mixin.py:190} INFO - [2025-04-05T15:20:21.505+0000] {dagbag.py:588} INFO - Filling up the DagBag from /home/airflow/.local/lib/python3.12/site-packages/airflow/example_dags/example_subdag_operator.py
[2025-04-05T15:20:21.526+0000] {processor.py:925} INFO - DAG(s) 'example_subdag_operator.section-1', 'example_subdag_operator.section-2', 'example_subdag_operator' retrieved from /home/airflow/.local/lib/python3.12/site-packages/airflow/example_dags/example_subdag_operator.py
[2025-04-05T15:20:21.538+0000] {logging_mixin.py:190} INFO - [2025-04-05T15:20:21.538+0000] {dag.py:3239} INFO - Sync 3 DAGs
[2025-04-05T15:20:21.556+0000] {logging_mixin.py:190} INFO - [2025-04-05T15:20:21.556+0000] {dag.py:4180} INFO - Setting next_dagrun for example_subdag_operator to 2022-01-01 00:00:00+00:00, run_after=2022-01-01 00:00:00+00:00
[2025-04-05T15:20:21.560+0000] {logging_mixin.py:190} INFO - [2025-04-05T15:20:21.560+0000] {dag.py:4180} INFO - Setting next_dagrun for example_subdag_operator.section-1 to None, run_after=None
[2025-04-05T15:20:21.561+0000] {logging_mixin.py:190} INFO - [2025-04-05T15:20:21.561+0000] {dag.py:4180} INFO - Setting next_dagrun for example_subdag_operator.section-2 to None, run_after=None
[2025-04-05T15:20:21.567+0000] {logging_mixin.py:190} INFO - [2025-04-05T15:20:21.566+0000] {dag.py:3239} INFO - Sync 2 DAGs
[2025-04-05T15:20:21.571+0000] {logging_mixin.py:190} INFO - [2025-04-05T15:20:21.571+0000] {dag.py:4180} INFO - Setting next_dagrun for example_subdag_operator.section-1 to None, run_after=None
[2025-04-05T15:20:21.571+0000] {logging_mixin.py:190} INFO - [2025-04-05T15:20:21.571+0000] {dag.py:4180} INFO - Setting next_dagrun for example_subdag_operator.section-2 to None, run_after=None
[2025-04-05T15:20:21.583+0000] {processor.py:208} INFO - Processing /home/airflow/.local/lib/python3.12/site-packages/airflow/example_dags/example_subdag_operator.py took 0.086 seconds
[2025-04-05T15:20:52.209+0000] {processor.py:186} INFO - Started process (PID=306) to work on /home/airflow/.local/lib/python3.12/site-packages/airflow/example_dags/example_subdag_operator.py
[2025-04-05T15:20:52.210+0000] {processor.py:914} INFO - Processing file /home/airflow/.local/lib/python3.12/site-packages/airflow/example_dags/example_subdag_operator.py for tasks to queue
[2025-04-05T15:20:52.212+0000] {logging_mixin.py:190} INFO - [2025-04-05T15:20:52.212+0000] {dagbag.py:588} INFO - Filling up the DagBag from /home/airflow/.local/lib/python3.12/site-packages/airflow/example_dags/example_subdag_operator.py
[2025-04-05T15:20:52.240+0000] {processor.py:925} INFO - DAG(s) 'example_subdag_operator.section-1', 'example_subdag_operator.section-2', 'example_subdag_operator' retrieved from /home/airflow/.local/lib/python3.12/site-packages/airflow/example_dags/example_subdag_operator.py
[2025-04-05T15:20:52.255+0000] {logging_mixin.py:190} INFO - [2025-04-05T15:20:52.255+0000] {dag.py:3239} INFO - Sync 3 DAGs
[2025-04-05T15:20:52.273+0000] {logging_mixin.py:190} INFO - [2025-04-05T15:20:52.273+0000] {dag.py:4180} INFO - Setting next_dagrun for example_subdag_operator to 2022-01-01 00:00:00+00:00, run_after=2022-01-01 00:00:00+00:00
[2025-04-05T15:20:52.276+0000] {logging_mixin.py:190} INFO - [2025-04-05T15:20:52.276+0000] {dag.py:4180} INFO - Setting next_dagrun for example_subdag_operator.section-1 to None, run_after=None
[2025-04-05T15:20:52.278+0000] {logging_mixin.py:190} INFO - [2025-04-05T15:20:52.278+0000] {dag.py:4180} INFO - Setting next_dagrun for example_subdag_operator.section-2 to None, run_after=None
[2025-04-05T15:20:52.284+0000] {logging_mixin.py:190} INFO - [2025-04-05T15:20:52.284+0000] {dag.py:3239} INFO - Sync 2 DAGs
[2025-04-05T15:20:52.289+0000] {logging_mixin.py:190} INFO - [2025-04-05T15:20:52.289+0000] {dag.py:4180} INFO - Setting next_dagrun for example_subdag_operator.section-1 to None, run_after=None
[2025-04-05T15:20:52.289+0000] {logging_mixin.py:190} INFO - [2025-04-05T15:20:52.289+0000] {dag.py:4180} INFO - Setting next_dagrun for example_subdag_operator.section-2 to None, run_after=None
[2025-04-05T15:20:52.301+0000] {processor.py:208} INFO - Processing /home/airflow/.local/lib/python3.12/site-packages/airflow/example_dags/example_subdag_operator.py took 0.097 seconds
[2025-04-05T15:21:22.674+0000] {processor.py:186} INFO - Started process (PID=369) to work on /home/airflow/.local/lib/python3.12/site-packages/airflow/example_dags/example_subdag_operator.py
[2025-04-05T15:21:22.676+0000] {processor.py:914} INFO - Processing file /home/airflow/.local/lib/python3.12/site-packages/airflow/example_dags/example_subdag_operator.py for tasks to queue
[2025-04-05T15:21:22.678+0000] {logging_mixin.py:190} INFO - [2025-04-05T15:21:22.678+0000] {dagbag.py:588} INFO - Filling up the DagBag from /home/airflow/.local/lib/python3.12/site-packages/airflow/example_dags/example_subdag_operator.py
[2025-04-05T15:21:22.699+0000] {processor.py:925} INFO - DAG(s) 'example_subdag_operator.section-1', 'example_subdag_operator.section-2', 'example_subdag_operator' retrieved from /home/airflow/.local/lib/python3.12/site-packages/airflow/example_dags/example_subdag_operator.py
[2025-04-05T15:21:22.710+0000] {logging_mixin.py:190} INFO - [2025-04-05T15:21:22.710+0000] {dag.py:3239} INFO - Sync 3 DAGs
[2025-04-05T15:21:22.727+0000] {logging_mixin.py:190} INFO - [2025-04-05T15:21:22.726+0000] {dag.py:4180} INFO - Setting next_dagrun for example_subdag_operator to 2022-01-01 00:00:00+00:00, run_after=2022-01-01 00:00:00+00:00
[2025-04-05T15:21:22.730+0000] {logging_mixin.py:190} INFO - [2025-04-05T15:21:22.729+0000] {dag.py:4180} INFO - Setting next_dagrun for example_subdag_operator.section-1 to None, run_after=None
[2025-04-05T15:21:22.731+0000] {logging_mixin.py:190} INFO - [2025-04-05T15:21:22.731+0000] {dag.py:4180} INFO - Setting next_dagrun for example_subdag_operator.section-2 to None, run_after=None
[2025-04-05T15:21:22.736+0000] {logging_mixin.py:190} INFO - [2025-04-05T15:21:22.736+0000] {dag.py:3239} INFO - Sync 2 DAGs
[2025-04-05T15:21:22.740+0000] {logging_mixin.py:190} INFO - [2025-04-05T15:21:22.740+0000] {dag.py:4180} INFO - Setting next_dagrun for example_subdag_operator.section-1 to None, run_after=None
[2025-04-05T15:21:22.740+0000] {logging_mixin.py:190} INFO - [2025-04-05T15:21:22.740+0000] {dag.py:4180} INFO - Setting next_dagrun for example_subdag_operator.section-2 to None, run_after=None
[2025-04-05T15:21:22.752+0000] {processor.py:208} INFO - Processing /home/airflow/.local/lib/python3.12/site-packages/airflow/example_dags/example_subdag_operator.py took 0.082 seconds
[2025-04-05T15:21:53.033+0000] {processor.py:186} INFO - Started process (PID=432) to work on /home/airflow/.local/lib/python3.12/site-packages/airflow/example_dags/example_subdag_operator.py
[2025-04-05T15:21:53.035+0000] {processor.py:914} INFO - Processing file /home/airflow/.local/lib/python3.12/site-packages/airflow/example_dags/example_subdag_operator.py for tasks to queue
[2025-04-05T15:21:53.037+0000] {logging_mixin.py:190} INFO - [2025-04-05T15:21:53.036+0000] {dagbag.py:588} INFO - Filling up the DagBag from /home/airflow/.local/lib/python3.12/site-packages/airflow/example_dags/example_subdag_operator.py
[2025-04-05T15:21:53.058+0000] {processor.py:925} INFO - DAG(s) 'example_subdag_operator.section-1', 'example_subdag_operator.section-2', 'example_subdag_operator' retrieved from /home/airflow/.local/lib/python3.12/site-packages/airflow/example_dags/example_subdag_operator.py
[2025-04-05T15:21:53.070+0000] {logging_mixin.py:190} INFO - [2025-04-05T15:21:53.070+0000] {dag.py:3239} INFO - Sync 3 DAGs
[2025-04-05T15:21:53.088+0000] {logging_mixin.py:190} INFO - [2025-04-05T15:21:53.088+0000] {dag.py:4180} INFO - Setting next_dagrun for example_subdag_operator to 2022-01-01 00:00:00+00:00, run_after=2022-01-01 00:00:00+00:00
[2025-04-05T15:21:53.091+0000] {logging_mixin.py:190} INFO - [2025-04-05T15:21:53.091+0000] {dag.py:4180} INFO - Setting next_dagrun for example_subdag_operator.section-1 to None, run_after=None
[2025-04-05T15:21:53.092+0000] {logging_mixin.py:190} INFO - [2025-04-05T15:21:53.092+0000] {dag.py:4180} INFO - Setting next_dagrun for example_subdag_operator.section-2 to None, run_after=None
[2025-04-05T15:21:53.097+0000] {logging_mixin.py:190} INFO - [2025-04-05T15:21:53.097+0000] {dag.py:3239} INFO - Sync 2 DAGs
[2025-04-05T15:21:53.102+0000] {logging_mixin.py:190} INFO - [2025-04-05T15:21:53.102+0000] {dag.py:4180} INFO - Setting next_dagrun for example_subdag_operator.section-1 to None, run_after=None
[2025-04-05T15:21:53.102+0000] {logging_mixin.py:190} INFO - [2025-04-05T15:21:53.102+0000] {dag.py:4180} INFO - Setting next_dagrun for example_subdag_operator.section-2 to None, run_after=None
[2025-04-05T15:21:53.115+0000] {processor.py:208} INFO - Processing /home/airflow/.local/lib/python3.12/site-packages/airflow/example_dags/example_subdag_operator.py took 0.087 seconds
[2025-04-05T15:22:23.383+0000] {processor.py:186} INFO - Started process (PID=495) to work on /home/airflow/.local/lib/python3.12/site-packages/airflow/example_dags/example_subdag_operator.py
[2025-04-05T15:22:23.384+0000] {processor.py:914} INFO - Processing file /home/airflow/.local/lib/python3.12/site-packages/airflow/example_dags/example_subdag_operator.py for tasks to queue
[2025-04-05T15:22:23.386+0000] {logging_mixin.py:190} INFO - [2025-04-05T15:22:23.386+0000] {dagbag.py:588} INFO - Filling up the DagBag from /home/airflow/.local/lib/python3.12/site-packages/airflow/example_dags/example_subdag_operator.py
[2025-04-05T15:22:23.408+0000] {processor.py:925} INFO - DAG(s) 'example_subdag_operator.section-1', 'example_subdag_operator.section-2', 'example_subdag_operator' retrieved from /home/airflow/.local/lib/python3.12/site-packages/airflow/example_dags/example_subdag_operator.py
[2025-04-05T15:22:23.420+0000] {logging_mixin.py:190} INFO - [2025-04-05T15:22:23.420+0000] {dag.py:3239} INFO - Sync 3 DAGs
[2025-04-05T15:22:23.437+0000] {logging_mixin.py:190} INFO - [2025-04-05T15:22:23.437+0000] {dag.py:4180} INFO - Setting next_dagrun for example_subdag_operator to 2022-01-01 00:00:00+00:00, run_after=2022-01-01 00:00:00+00:00
[2025-04-05T15:22:23.440+0000] {logging_mixin.py:190} INFO - [2025-04-05T15:22:23.440+0000] {dag.py:4180} INFO - Setting next_dagrun for example_subdag_operator.section-1 to None, run_after=None
[2025-04-05T15:22:23.441+0000] {logging_mixin.py:190} INFO - [2025-04-05T15:22:23.441+0000] {dag.py:4180} INFO - Setting next_dagrun for example_subdag_operator.section-2 to None, run_after=None
[2025-04-05T15:22:23.446+0000] {logging_mixin.py:190} INFO - [2025-04-05T15:22:23.446+0000] {dag.py:3239} INFO - Sync 2 DAGs
[2025-04-05T15:22:23.450+0000] {logging_mixin.py:190} INFO - [2025-04-05T15:22:23.450+0000] {dag.py:4180} INFO - Setting next_dagrun for example_subdag_operator.section-1 to None, run_after=None
[2025-04-05T15:22:23.450+0000] {logging_mixin.py:190} INFO - [2025-04-05T15:22:23.450+0000] {dag.py:4180} INFO - Setting next_dagrun for example_subdag_operator.section-2 to None, run_after=None
[2025-04-05T15:22:23.462+0000] {processor.py:208} INFO - Processing /home/airflow/.local/lib/python3.12/site-packages/airflow/example_dags/example_subdag_operator.py took 0.084 seconds
[2025-04-05T15:22:54.248+0000] {processor.py:186} INFO - Started process (PID=558) to work on /home/airflow/.local/lib/python3.12/site-packages/airflow/example_dags/example_subdag_operator.py
[2025-04-05T15:22:54.250+0000] {processor.py:914} INFO - Processing file /home/airflow/.local/lib/python3.12/site-packages/airflow/example_dags/example_subdag_operator.py for tasks to queue
[2025-04-05T15:22:54.251+0000] {logging_mixin.py:190} INFO - [2025-04-05T15:22:54.251+0000] {dagbag.py:588} INFO - Filling up the DagBag from /home/airflow/.local/lib/python3.12/site-packages/airflow/example_dags/example_subdag_operator.py
[2025-04-05T15:22:54.275+0000] {processor.py:925} INFO - DAG(s) 'example_subdag_operator.section-1', 'example_subdag_operator.section-2', 'example_subdag_operator' retrieved from /home/airflow/.local/lib/python3.12/site-packages/airflow/example_dags/example_subdag_operator.py
[2025-04-05T15:22:54.289+0000] {logging_mixin.py:190} INFO - [2025-04-05T15:22:54.288+0000] {dag.py:3239} INFO - Sync 3 DAGs
[2025-04-05T15:22:54.308+0000] {logging_mixin.py:190} INFO - [2025-04-05T15:22:54.308+0000] {dag.py:4180} INFO - Setting next_dagrun for example_subdag_operator to 2022-01-01 00:00:00+00:00, run_after=2022-01-01 00:00:00+00:00
[2025-04-05T15:22:54.312+0000] {logging_mixin.py:190} INFO - [2025-04-05T15:22:54.311+0000] {dag.py:4180} INFO - Setting next_dagrun for example_subdag_operator.section-1 to None, run_after=None
[2025-04-05T15:22:54.313+0000] {logging_mixin.py:190} INFO - [2025-04-05T15:22:54.313+0000] {dag.py:4180} INFO - Setting next_dagrun for example_subdag_operator.section-2 to None, run_after=None
[2025-04-05T15:22:54.318+0000] {logging_mixin.py:190} INFO - [2025-04-05T15:22:54.318+0000] {dag.py:3239} INFO - Sync 2 DAGs
[2025-04-05T15:22:54.323+0000] {logging_mixin.py:190} INFO - [2025-04-05T15:22:54.322+0000] {dag.py:4180} INFO - Setting next_dagrun for example_subdag_operator.section-1 to None, run_after=None
[2025-04-05T15:22:54.323+0000] {logging_mixin.py:190} INFO - [2025-04-05T15:22:54.323+0000] {dag.py:4180} INFO - Setting next_dagrun for example_subdag_operator.section-2 to None, run_after=None
[2025-04-05T15:22:54.338+0000] {processor.py:208} INFO - Processing /home/airflow/.local/lib/python3.12/site-packages/airflow/example_dags/example_subdag_operator.py took 0.095 seconds
[2025-04-05T15:23:24.454+0000] {processor.py:186} INFO - Started process (PID=621) to work on /home/airflow/.local/lib/python3.12/site-packages/airflow/example_dags/example_subdag_operator.py
[2025-04-05T15:23:24.455+0000] {processor.py:914} INFO - Processing file /home/airflow/.local/lib/python3.12/site-packages/airflow/example_dags/example_subdag_operator.py for tasks to queue
[2025-04-05T15:23:24.457+0000] {logging_mixin.py:190} INFO - [2025-04-05T15:23:24.457+0000] {dagbag.py:588} INFO - Filling up the DagBag from /home/airflow/.local/lib/python3.12/site-packages/airflow/example_dags/example_subdag_operator.py
[2025-04-05T15:23:24.479+0000] {processor.py:925} INFO - DAG(s) 'example_subdag_operator.section-1', 'example_subdag_operator.section-2', 'example_subdag_operator' retrieved from /home/airflow/.local/lib/python3.12/site-packages/airflow/example_dags/example_subdag_operator.py
[2025-04-05T15:23:24.491+0000] {logging_mixin.py:190} INFO - [2025-04-05T15:23:24.491+0000] {dag.py:3239} INFO - Sync 3 DAGs
[2025-04-05T15:23:24.509+0000] {logging_mixin.py:190} INFO - [2025-04-05T15:23:24.509+0000] {dag.py:4180} INFO - Setting next_dagrun for example_subdag_operator to 2022-01-01 00:00:00+00:00, run_after=2022-01-01 00:00:00+00:00
[2025-04-05T15:23:24.512+0000] {logging_mixin.py:190} INFO - [2025-04-05T15:23:24.512+0000] {dag.py:4180} INFO - Setting next_dagrun for example_subdag_operator.section-1 to None, run_after=None
[2025-04-05T15:23:24.514+0000] {logging_mixin.py:190} INFO - [2025-04-05T15:23:24.513+0000] {dag.py:4180} INFO - Setting next_dagrun for example_subdag_operator.section-2 to None, run_after=None
[2025-04-05T15:23:24.519+0000] {logging_mixin.py:190} INFO - [2025-04-05T15:23:24.519+0000] {dag.py:3239} INFO - Sync 2 DAGs
[2025-04-05T15:23:24.524+0000] {logging_mixin.py:190} INFO - [2025-04-05T15:23:24.523+0000] {dag.py:4180} INFO - Setting next_dagrun for example_subdag_operator.section-1 to None, run_after=None
[2025-04-05T15:23:24.524+0000] {logging_mixin.py:190} INFO - [2025-04-05T15:23:24.524+0000] {dag.py:4180} INFO - Setting next_dagrun for example_subdag_operator.section-2 to None, run_after=None
[2025-04-05T15:23:24.536+0000] {processor.py:208} INFO - Processing /home/airflow/.local/lib/python3.12/site-packages/airflow/example_dags/example_subdag_operator.py took 0.088 seconds
[2025-04-05T15:23:54.900+0000] {processor.py:186} INFO - Started process (PID=684) to work on /home/airflow/.local/lib/python3.12/site-packages/airflow/example_dags/example_subdag_operator.py
[2025-04-05T15:23:54.901+0000] {processor.py:914} INFO - Processing file /home/airflow/.local/lib/python3.12/site-packages/airflow/example_dags/example_subdag_operator.py for tasks to queue
[2025-04-05T15:23:54.903+0000] {logging_mixin.py:190} INFO - [2025-04-05T15:23:54.903+0000] {dagbag.py:588} INFO - Filling up the DagBag from /home/airflow/.local/lib/python3.12/site-packages/airflow/example_dags/example_subdag_operator.py
[2025-04-05T15:23:54.925+0000] {processor.py:925} INFO - DAG(s) 'example_subdag_operator.section-1', 'example_subdag_operator.section-2', 'example_subdag_operator' retrieved from /home/airflow/.local/lib/python3.12/site-packages/airflow/example_dags/example_subdag_operator.py
[2025-04-05T15:23:54.941+0000] {logging_mixin.py:190} INFO - [2025-04-05T15:23:54.940+0000] {dag.py:3239} INFO - Sync 3 DAGs
[2025-04-05T15:23:54.962+0000] {logging_mixin.py:190} INFO - [2025-04-05T15:23:54.962+0000] {dag.py:4180} INFO - Setting next_dagrun for example_subdag_operator to 2022-01-01 00:00:00+00:00, run_after=2022-01-01 00:00:00+00:00
[2025-04-05T15:23:54.965+0000] {logging_mixin.py:190} INFO - [2025-04-05T15:23:54.965+0000] {dag.py:4180} INFO - Setting next_dagrun for example_subdag_operator.section-1 to None, run_after=None
[2025-04-05T15:23:54.966+0000] {logging_mixin.py:190} INFO - [2025-04-05T15:23:54.966+0000] {dag.py:4180} INFO - Setting next_dagrun for example_subdag_operator.section-2 to None, run_after=None
[2025-04-05T15:23:54.971+0000] {logging_mixin.py:190} INFO - [2025-04-05T15:23:54.971+0000] {dag.py:3239} INFO - Sync 2 DAGs
[2025-04-05T15:23:54.986+0000] {logging_mixin.py:190} INFO - [2025-04-05T15:23:54.986+0000] {dag.py:4180} INFO - Setting next_dagrun for example_subdag_operator.section-1 to None, run_after=None
[2025-04-05T15:23:54.987+0000] {logging_mixin.py:190} INFO - [2025-04-05T15:23:54.987+0000] {dag.py:4180} INFO - Setting next_dagrun for example_subdag_operator.section-2 to None, run_after=None
[2025-04-05T15:23:55.003+0000] {processor.py:208} INFO - Processing /home/airflow/.local/lib/python3.12/site-packages/airflow/example_dags/example_subdag_operator.py took 0.108 seconds
[2025-04-05T15:24:25.099+0000] {processor.py:186} INFO - Started process (PID=747) to work on /home/airflow/.local/lib/python3.12/site-packages/airflow/example_dags/example_subdag_operator.py
[2025-04-05T15:24:25.100+0000] {processor.py:914} INFO - Processing file /home/airflow/.local/lib/python3.12/site-packages/airflow/example_dags/example_subdag_operator.py for tasks to queue
[2025-04-05T15:24:25.102+0000] {logging_mixin.py:190} INFO - [2025-04-05T15:24:25.102+0000] {dagbag.py:588} INFO - Filling up the DagBag from /home/airflow/.local/lib/python3.12/site-packages/airflow/example_dags/example_subdag_operator.py
[2025-04-05T15:24:25.126+0000] {processor.py:925} INFO - DAG(s) 'example_subdag_operator.section-1', 'example_subdag_operator.section-2', 'example_subdag_operator' retrieved from /home/airflow/.local/lib/python3.12/site-packages/airflow/example_dags/example_subdag_operator.py
[2025-04-05T15:24:25.140+0000] {logging_mixin.py:190} INFO - [2025-04-05T15:24:25.139+0000] {dag.py:3239} INFO - Sync 3 DAGs
[2025-04-05T15:24:25.159+0000] {logging_mixin.py:190} INFO - [2025-04-05T15:24:25.159+0000] {dag.py:4180} INFO - Setting next_dagrun for example_subdag_operator to 2022-01-01 00:00:00+00:00, run_after=2022-01-01 00:00:00+00:00
[2025-04-05T15:24:25.162+0000] {logging_mixin.py:190} INFO - [2025-04-05T15:24:25.162+0000] {dag.py:4180} INFO - Setting next_dagrun for example_subdag_operator.section-1 to None, run_after=None
[2025-04-05T15:24:25.164+0000] {logging_mixin.py:190} INFO - [2025-04-05T15:24:25.164+0000] {dag.py:4180} INFO - Setting next_dagrun for example_subdag_operator.section-2 to None, run_after=None
[2025-04-05T15:24:25.170+0000] {logging_mixin.py:190} INFO - [2025-04-05T15:24:25.170+0000] {dag.py:3239} INFO - Sync 2 DAGs
[2025-04-05T15:24:25.175+0000] {logging_mixin.py:190} INFO - [2025-04-05T15:24:25.175+0000] {dag.py:4180} INFO - Setting next_dagrun for example_subdag_operator.section-1 to None, run_after=None
[2025-04-05T15:24:25.175+0000] {logging_mixin.py:190} INFO - [2025-04-05T15:24:25.175+0000] {dag.py:4180} INFO - Setting next_dagrun for example_subdag_operator.section-2 to None, run_after=None
[2025-04-05T15:24:25.189+0000] {processor.py:208} INFO - Processing /home/airflow/.local/lib/python3.12/site-packages/airflow/example_dags/example_subdag_operator.py took 0.096 seconds
[2025-04-05T15:24:55.952+0000] {processor.py:186} INFO - Started process (PID=810) to work on /home/airflow/.local/lib/python3.12/site-packages/airflow/example_dags/example_subdag_operator.py
[2025-04-05T15:24:55.953+0000] {processor.py:914} INFO - Processing file /home/airflow/.local/lib/python3.12/site-packages/airflow/example_dags/example_subdag_operator.py for tasks to queue
[2025-04-05T15:24:55.955+0000] {logging_mixin.py:190} INFO - [2025-04-05T15:24:55.954+0000] {dagbag.py:588} INFO - Filling up the DagBag from /home/airflow/.local/lib/python3.12/site-packages/airflow/example_dags/example_subdag_operator.py
[2025-04-05T15:24:55.975+0000] {processor.py:925} INFO - DAG(s) 'example_subdag_operator.section-1', 'example_subdag_operator.section-2', 'example_subdag_operator' retrieved from /home/airflow/.local/lib/python3.12/site-packages/airflow/example_dags/example_subdag_operator.py
[2025-04-05T15:24:55.986+0000] {logging_mixin.py:190} INFO - [2025-04-05T15:24:55.986+0000] {dag.py:3239} INFO - Sync 3 DAGs
[2025-04-05T15:24:56.003+0000] {logging_mixin.py:190} INFO - [2025-04-05T15:24:56.003+0000] {dag.py:4180} INFO - Setting next_dagrun for example_subdag_operator to 2022-01-01 00:00:00+00:00, run_after=2022-01-01 00:00:00+00:00
[2025-04-05T15:24:56.007+0000] {logging_mixin.py:190} INFO - [2025-04-05T15:24:56.007+0000] {dag.py:4180} INFO - Setting next_dagrun for example_subdag_operator.section-1 to None, run_after=None
[2025-04-05T15:24:56.008+0000] {logging_mixin.py:190} INFO - [2025-04-05T15:24:56.008+0000] {dag.py:4180} INFO - Setting next_dagrun for example_subdag_operator.section-2 to None, run_after=None
[2025-04-05T15:24:56.013+0000] {logging_mixin.py:190} INFO - [2025-04-05T15:24:56.013+0000] {dag.py:3239} INFO - Sync 2 DAGs
[2025-04-05T15:24:56.017+0000] {logging_mixin.py:190} INFO - [2025-04-05T15:24:56.017+0000] {dag.py:4180} INFO - Setting next_dagrun for example_subdag_operator.section-1 to None, run_after=None
[2025-04-05T15:24:56.017+0000] {logging_mixin.py:190} INFO - [2025-04-05T15:24:56.017+0000] {dag.py:4180} INFO - Setting next_dagrun for example_subdag_operator.section-2 to None, run_after=None
[2025-04-05T15:24:56.030+0000] {processor.py:208} INFO - Processing /home/airflow/.local/lib/python3.12/site-packages/airflow/example_dags/example_subdag_operator.py took 0.083 seconds
[2025-04-05T15:25:26.111+0000] {processor.py:186} INFO - Started process (PID=872) to work on /home/airflow/.local/lib/python3.12/site-packages/airflow/example_dags/example_subdag_operator.py
[2025-04-05T15:25:26.113+0000] {processor.py:914} INFO - Processing file /home/airflow/.local/lib/python3.12/site-packages/airflow/example_dags/example_subdag_operator.py for tasks to queue
[2025-04-05T15:25:26.114+0000] {logging_mixin.py:190} INFO - [2025-04-05T15:25:26.114+0000] {dagbag.py:588} INFO - Filling up the DagBag from /home/airflow/.local/lib/python3.12/site-packages/airflow/example_dags/example_subdag_operator.py
[2025-04-05T15:25:26.135+0000] {processor.py:925} INFO - DAG(s) 'example_subdag_operator.section-1', 'example_subdag_operator.section-2', 'example_subdag_operator' retrieved from /home/airflow/.local/lib/python3.12/site-packages/airflow/example_dags/example_subdag_operator.py
[2025-04-05T15:25:26.148+0000] {logging_mixin.py:190} INFO - [2025-04-05T15:25:26.148+0000] {dag.py:3239} INFO - Sync 3 DAGs
[2025-04-05T15:25:26.168+0000] {logging_mixin.py:190} INFO - [2025-04-05T15:25:26.168+0000] {dag.py:4180} INFO - Setting next_dagrun for example_subdag_operator to 2022-01-01 00:00:00+00:00, run_after=2022-01-01 00:00:00+00:00
[2025-04-05T15:25:26.172+0000] {logging_mixin.py:190} INFO - [2025-04-05T15:25:26.172+0000] {dag.py:4180} INFO - Setting next_dagrun for example_subdag_operator.section-1 to None, run_after=None
[2025-04-05T15:25:26.173+0000] {logging_mixin.py:190} INFO - [2025-04-05T15:25:26.173+0000] {dag.py:4180} INFO - Setting next_dagrun for example_subdag_operator.section-2 to None, run_after=None
[2025-04-05T15:25:26.180+0000] {logging_mixin.py:190} INFO - [2025-04-05T15:25:26.180+0000] {dag.py:3239} INFO - Sync 2 DAGs
[2025-04-05T15:25:26.185+0000] {logging_mixin.py:190} INFO - [2025-04-05T15:25:26.184+0000] {dag.py:4180} INFO - Setting next_dagrun for example_subdag_operator.section-1 to None, run_after=None
[2025-04-05T15:25:26.185+0000] {logging_mixin.py:190} INFO - [2025-04-05T15:25:26.185+0000] {dag.py:4180} INFO - Setting next_dagrun for example_subdag_operator.section-2 to None, run_after=None
[2025-04-05T15:25:26.198+0000] {processor.py:208} INFO - Processing /home/airflow/.local/lib/python3.12/site-packages/airflow/example_dags/example_subdag_operator.py took 0.091 seconds
[2025-04-05T15:25:56.475+0000] {processor.py:186} INFO - Started process (PID=935) to work on /home/airflow/.local/lib/python3.12/site-packages/airflow/example_dags/example_subdag_operator.py
[2025-04-05T15:25:56.476+0000] {processor.py:914} INFO - Processing file /home/airflow/.local/lib/python3.12/site-packages/airflow/example_dags/example_subdag_operator.py for tasks to queue
[2025-04-05T15:25:56.478+0000] {logging_mixin.py:190} INFO - [2025-04-05T15:25:56.478+0000] {dagbag.py:588} INFO - Filling up the DagBag from /home/airflow/.local/lib/python3.12/site-packages/airflow/example_dags/example_subdag_operator.py
[2025-04-05T15:25:56.502+0000] {processor.py:925} INFO - DAG(s) 'example_subdag_operator.section-1', 'example_subdag_operator.section-2', 'example_subdag_operator' retrieved from /home/airflow/.local/lib/python3.12/site-packages/airflow/example_dags/example_subdag_operator.py
[2025-04-05T15:25:56.514+0000] {logging_mixin.py:190} INFO - [2025-04-05T15:25:56.514+0000] {dag.py:3239} INFO - Sync 3 DAGs
[2025-04-05T15:25:56.535+0000] {logging_mixin.py:190} INFO - [2025-04-05T15:25:56.534+0000] {dag.py:4180} INFO - Setting next_dagrun for example_subdag_operator to 2022-01-01 00:00:00+00:00, run_after=2022-01-01 00:00:00+00:00
[2025-04-05T15:25:56.538+0000] {logging_mixin.py:190} INFO - [2025-04-05T15:25:56.538+0000] {dag.py:4180} INFO - Setting next_dagrun for example_subdag_operator.section-1 to None, run_after=None
[2025-04-05T15:25:56.540+0000] {logging_mixin.py:190} INFO - [2025-04-05T15:25:56.539+0000] {dag.py:4180} INFO - Setting next_dagrun for example_subdag_operator.section-2 to None, run_after=None
[2025-04-05T15:25:56.546+0000] {logging_mixin.py:190} INFO - [2025-04-05T15:25:56.546+0000] {dag.py:3239} INFO - Sync 2 DAGs
[2025-04-05T15:25:56.552+0000] {logging_mixin.py:190} INFO - [2025-04-05T15:25:56.551+0000] {dag.py:4180} INFO - Setting next_dagrun for example_subdag_operator.section-1 to None, run_after=None
[2025-04-05T15:25:56.552+0000] {logging_mixin.py:190} INFO - [2025-04-05T15:25:56.552+0000] {dag.py:4180} INFO - Setting next_dagrun for example_subdag_operator.section-2 to None, run_after=None
[2025-04-05T15:25:56.566+0000] {processor.py:208} INFO - Processing /home/airflow/.local/lib/python3.12/site-packages/airflow/example_dags/example_subdag_operator.py took 0.097 seconds
[2025-04-05T15:26:27.076+0000] {processor.py:186} INFO - Started process (PID=998) to work on /home/airflow/.local/lib/python3.12/site-packages/airflow/example_dags/example_subdag_operator.py
[2025-04-05T15:26:27.077+0000] {processor.py:914} INFO - Processing file /home/airflow/.local/lib/python3.12/site-packages/airflow/example_dags/example_subdag_operator.py for tasks to queue
[2025-04-05T15:26:27.079+0000] {logging_mixin.py:190} INFO - [2025-04-05T15:26:27.079+0000] {dagbag.py:588} INFO - Filling up the DagBag from /home/airflow/.local/lib/python3.12/site-packages/airflow/example_dags/example_subdag_operator.py
[2025-04-05T15:26:27.099+0000] {processor.py:925} INFO - DAG(s) 'example_subdag_operator.section-1', 'example_subdag_operator.section-2', 'example_subdag_operator' retrieved from /home/airflow/.local/lib/python3.12/site-packages/airflow/example_dags/example_subdag_operator.py
[2025-04-05T15:26:27.111+0000] {logging_mixin.py:190} INFO - [2025-04-05T15:26:27.111+0000] {dag.py:3239} INFO - Sync 3 DAGs
[2025-04-05T15:26:27.131+0000] {logging_mixin.py:190} INFO - [2025-04-05T15:26:27.130+0000] {dag.py:4180} INFO - Setting next_dagrun for example_subdag_operator to 2022-01-01 00:00:00+00:00, run_after=2022-01-01 00:00:00+00:00
[2025-04-05T15:26:27.134+0000] {logging_mixin.py:190} INFO - [2025-04-05T15:26:27.133+0000] {dag.py:4180} INFO - Setting next_dagrun for example_subdag_operator.section-1 to None, run_after=None
[2025-04-05T15:26:27.135+0000] {logging_mixin.py:190} INFO - [2025-04-05T15:26:27.135+0000] {dag.py:4180} INFO - Setting next_dagrun for example_subdag_operator.section-2 to None, run_after=None
[2025-04-05T15:26:27.140+0000] {logging_mixin.py:190} INFO - [2025-04-05T15:26:27.140+0000] {dag.py:3239} INFO - Sync 2 DAGs
[2025-04-05T15:26:27.144+0000] {logging_mixin.py:190} INFO - [2025-04-05T15:26:27.144+0000] {dag.py:4180} INFO - Setting next_dagrun for example_subdag_operator.section-1 to None, run_after=None
[2025-04-05T15:26:27.145+0000] {logging_mixin.py:190} INFO - [2025-04-05T15:26:27.145+0000] {dag.py:4180} INFO - Setting next_dagrun for example_subdag_operator.section-2 to None, run_after=None
[2025-04-05T15:26:27.158+0000] {processor.py:208} INFO - Processing /home/airflow/.local/lib/python3.12/site-packages/airflow/example_dags/example_subdag_operator.py took 0.087 seconds
[2025-04-05T15:26:57.246+0000] {processor.py:186} INFO - Started process (PID=1061) to work on /home/airflow/.local/lib/python3.12/site-packages/airflow/example_dags/example_subdag_operator.py
[2025-04-05T15:26:57.248+0000] {processor.py:914} INFO - Processing file /home/airflow/.local/lib/python3.12/site-packages/airflow/example_dags/example_subdag_operator.py for tasks to queue
[2025-04-05T15:26:57.250+0000] {logging_mixin.py:190} INFO - [2025-04-05T15:26:57.249+0000] {dagbag.py:588} INFO - Filling up the DagBag from /home/airflow/.local/lib/python3.12/site-packages/airflow/example_dags/example_subdag_operator.py
[2025-04-05T15:26:57.272+0000] {processor.py:925} INFO - DAG(s) 'example_subdag_operator.section-1', 'example_subdag_operator.section-2', 'example_subdag_operator' retrieved from /home/airflow/.local/lib/python3.12/site-packages/airflow/example_dags/example_subdag_operator.py
[2025-04-05T15:26:57.284+0000] {logging_mixin.py:190} INFO - [2025-04-05T15:26:57.284+0000] {dag.py:3239} INFO - Sync 3 DAGs
[2025-04-05T15:26:57.302+0000] {logging_mixin.py:190} INFO - [2025-04-05T15:26:57.302+0000] {dag.py:4180} INFO - Setting next_dagrun for example_subdag_operator to 2022-01-01 00:00:00+00:00, run_after=2022-01-01 00:00:00+00:00
[2025-04-05T15:26:57.305+0000] {logging_mixin.py:190} INFO - [2025-04-05T15:26:57.305+0000] {dag.py:4180} INFO - Setting next_dagrun for example_subdag_operator.section-1 to None, run_after=None
[2025-04-05T15:26:57.306+0000] {logging_mixin.py:190} INFO - [2025-04-05T15:26:57.306+0000] {dag.py:4180} INFO - Setting next_dagrun for example_subdag_operator.section-2 to None, run_after=None
[2025-04-05T15:26:57.311+0000] {logging_mixin.py:190} INFO - [2025-04-05T15:26:57.311+0000] {dag.py:3239} INFO - Sync 2 DAGs
[2025-04-05T15:26:57.316+0000] {logging_mixin.py:190} INFO - [2025-04-05T15:26:57.316+0000] {dag.py:4180} INFO - Setting next_dagrun for example_subdag_operator.section-1 to None, run_after=None
[2025-04-05T15:26:57.316+0000] {logging_mixin.py:190} INFO - [2025-04-05T15:26:57.316+0000] {dag.py:4180} INFO - Setting next_dagrun for example_subdag_operator.section-2 to None, run_after=None
[2025-04-05T15:26:57.330+0000] {processor.py:208} INFO - Processing /home/airflow/.local/lib/python3.12/site-packages/airflow/example_dags/example_subdag_operator.py took 0.090 seconds
[2025-04-05T15:27:28.174+0000] {processor.py:186} INFO - Started process (PID=1124) to work on /home/airflow/.local/lib/python3.12/site-packages/airflow/example_dags/example_subdag_operator.py
[2025-04-05T15:27:28.175+0000] {processor.py:914} INFO - Processing file /home/airflow/.local/lib/python3.12/site-packages/airflow/example_dags/example_subdag_operator.py for tasks to queue
[2025-04-05T15:27:28.177+0000] {logging_mixin.py:190} INFO - [2025-04-05T15:27:28.176+0000] {dagbag.py:588} INFO - Filling up the DagBag from /home/airflow/.local/lib/python3.12/site-packages/airflow/example_dags/example_subdag_operator.py
[2025-04-05T15:27:28.199+0000] {processor.py:925} INFO - DAG(s) 'example_subdag_operator.section-1', 'example_subdag_operator.section-2', 'example_subdag_operator' retrieved from /home/airflow/.local/lib/python3.12/site-packages/airflow/example_dags/example_subdag_operator.py
[2025-04-05T15:27:28.212+0000] {logging_mixin.py:190} INFO - [2025-04-05T15:27:28.212+0000] {dag.py:3239} INFO - Sync 3 DAGs
[2025-04-05T15:27:28.232+0000] {logging_mixin.py:190} INFO - [2025-04-05T15:27:28.232+0000] {dag.py:4180} INFO - Setting next_dagrun for example_subdag_operator to 2022-01-01 00:00:00+00:00, run_after=2022-01-01 00:00:00+00:00
[2025-04-05T15:27:28.236+0000] {logging_mixin.py:190} INFO - [2025-04-05T15:27:28.236+0000] {dag.py:4180} INFO - Setting next_dagrun for example_subdag_operator.section-1 to None, run_after=None
[2025-04-05T15:27:28.238+0000] {logging_mixin.py:190} INFO - [2025-04-05T15:27:28.238+0000] {dag.py:4180} INFO - Setting next_dagrun for example_subdag_operator.section-2 to None, run_after=None
[2025-04-05T15:27:28.246+0000] {logging_mixin.py:190} INFO - [2025-04-05T15:27:28.246+0000] {dag.py:3239} INFO - Sync 2 DAGs
[2025-04-05T15:27:28.253+0000] {logging_mixin.py:190} INFO - [2025-04-05T15:27:28.252+0000] {dag.py:4180} INFO - Setting next_dagrun for example_subdag_operator.section-1 to None, run_after=None
[2025-04-05T15:27:28.253+0000] {logging_mixin.py:190} INFO - [2025-04-05T15:27:28.253+0000] {dag.py:4180} INFO - Setting next_dagrun for example_subdag_operator.section-2 to None, run_after=None
[2025-04-05T15:27:28.269+0000] {processor.py:208} INFO - Processing /home/airflow/.local/lib/python3.12/site-packages/airflow/example_dags/example_subdag_operator.py took 0.100 seconds
[2025-04-05T15:27:58.547+0000] {processor.py:186} INFO - Started process (PID=1186) to work on /home/airflow/.local/lib/python3.12/site-packages/airflow/example_dags/example_subdag_operator.py
[2025-04-05T15:27:58.549+0000] {processor.py:914} INFO - Processing file /home/airflow/.local/lib/python3.12/site-packages/airflow/example_dags/example_subdag_operator.py for tasks to queue
[2025-04-05T15:27:58.551+0000] {logging_mixin.py:190} INFO - [2025-04-05T15:27:58.550+0000] {dagbag.py:588} INFO - Filling up the DagBag from /home/airflow/.local/lib/python3.12/site-packages/airflow/example_dags/example_subdag_operator.py
[2025-04-05T15:27:58.573+0000] {processor.py:925} INFO - DAG(s) 'example_subdag_operator.section-1', 'example_subdag_operator.section-2', 'example_subdag_operator' retrieved from /home/airflow/.local/lib/python3.12/site-packages/airflow/example_dags/example_subdag_operator.py
[2025-04-05T15:27:58.585+0000] {logging_mixin.py:190} INFO - [2025-04-05T15:27:58.585+0000] {dag.py:3239} INFO - Sync 3 DAGs
[2025-04-05T15:27:58.604+0000] {logging_mixin.py:190} INFO - [2025-04-05T15:27:58.604+0000] {dag.py:4180} INFO - Setting next_dagrun for example_subdag_operator to 2022-01-01 00:00:00+00:00, run_after=2022-01-01 00:00:00+00:00
[2025-04-05T15:27:58.607+0000] {logging_mixin.py:190} INFO - [2025-04-05T15:27:58.607+0000] {dag.py:4180} INFO - Setting next_dagrun for example_subdag_operator.section-1 to None, run_after=None
[2025-04-05T15:27:58.608+0000] {logging_mixin.py:190} INFO - [2025-04-05T15:27:58.608+0000] {dag.py:4180} INFO - Setting next_dagrun for example_subdag_operator.section-2 to None, run_after=None
[2025-04-05T15:27:58.614+0000] {logging_mixin.py:190} INFO - [2025-04-05T15:27:58.613+0000] {dag.py:3239} INFO - Sync 2 DAGs
[2025-04-05T15:27:58.618+0000] {logging_mixin.py:190} INFO - [2025-04-05T15:27:58.618+0000] {dag.py:4180} INFO - Setting next_dagrun for example_subdag_operator.section-1 to None, run_after=None
[2025-04-05T15:27:58.618+0000] {logging_mixin.py:190} INFO - [2025-04-05T15:27:58.618+0000] {dag.py:4180} INFO - Setting next_dagrun for example_subdag_operator.section-2 to None, run_after=None
[2025-04-05T15:27:58.631+0000] {processor.py:208} INFO - Processing /home/airflow/.local/lib/python3.12/site-packages/airflow/example_dags/example_subdag_operator.py took 0.088 seconds
[2025-04-05T15:28:28.919+0000] {processor.py:186} INFO - Started process (PID=1249) to work on /home/airflow/.local/lib/python3.12/site-packages/airflow/example_dags/example_subdag_operator.py
[2025-04-05T15:28:28.920+0000] {processor.py:914} INFO - Processing file /home/airflow/.local/lib/python3.12/site-packages/airflow/example_dags/example_subdag_operator.py for tasks to queue
[2025-04-05T15:28:28.922+0000] {logging_mixin.py:190} INFO - [2025-04-05T15:28:28.922+0000] {dagbag.py:588} INFO - Filling up the DagBag from /home/airflow/.local/lib/python3.12/site-packages/airflow/example_dags/example_subdag_operator.py
[2025-04-05T15:28:28.948+0000] {processor.py:925} INFO - DAG(s) 'example_subdag_operator.section-1', 'example_subdag_operator.section-2', 'example_subdag_operator' retrieved from /home/airflow/.local/lib/python3.12/site-packages/airflow/example_dags/example_subdag_operator.py
[2025-04-05T15:28:28.964+0000] {logging_mixin.py:190} INFO - [2025-04-05T15:28:28.964+0000] {dag.py:3239} INFO - Sync 3 DAGs
[2025-04-05T15:28:28.991+0000] {logging_mixin.py:190} INFO - [2025-04-05T15:28:28.990+0000] {dag.py:4180} INFO - Setting next_dagrun for example_subdag_operator to 2022-01-01 00:00:00+00:00, run_after=2022-01-01 00:00:00+00:00
[2025-04-05T15:28:28.994+0000] {logging_mixin.py:190} INFO - [2025-04-05T15:28:28.994+0000] {dag.py:4180} INFO - Setting next_dagrun for example_subdag_operator.section-1 to None, run_after=None
[2025-04-05T15:28:28.995+0000] {logging_mixin.py:190} INFO - [2025-04-05T15:28:28.995+0000] {dag.py:4180} INFO - Setting next_dagrun for example_subdag_operator.section-2 to None, run_after=None
[2025-04-05T15:28:29.001+0000] {logging_mixin.py:190} INFO - [2025-04-05T15:28:29.001+0000] {dag.py:3239} INFO - Sync 2 DAGs
[2025-04-05T15:28:29.005+0000] {logging_mixin.py:190} INFO - [2025-04-05T15:28:29.005+0000] {dag.py:4180} INFO - Setting next_dagrun for example_subdag_operator.section-1 to None, run_after=None
[2025-04-05T15:28:29.005+0000] {logging_mixin.py:190} INFO - [2025-04-05T15:28:29.005+0000] {dag.py:4180} INFO - Setting next_dagrun for example_subdag_operator.section-2 to None, run_after=None
[2025-04-05T15:28:29.020+0000] {processor.py:208} INFO - Processing /home/airflow/.local/lib/python3.12/site-packages/airflow/example_dags/example_subdag_operator.py took 0.107 seconds
[2025-04-05T15:28:59.678+0000] {processor.py:186} INFO - Started process (PID=1312) to work on /home/airflow/.local/lib/python3.12/site-packages/airflow/example_dags/example_subdag_operator.py
[2025-04-05T15:28:59.679+0000] {processor.py:914} INFO - Processing file /home/airflow/.local/lib/python3.12/site-packages/airflow/example_dags/example_subdag_operator.py for tasks to queue
[2025-04-05T15:28:59.681+0000] {logging_mixin.py:190} INFO - [2025-04-05T15:28:59.681+0000] {dagbag.py:588} INFO - Filling up the DagBag from /home/airflow/.local/lib/python3.12/site-packages/airflow/example_dags/example_subdag_operator.py
[2025-04-05T15:28:59.704+0000] {processor.py:925} INFO - DAG(s) 'example_subdag_operator.section-1', 'example_subdag_operator.section-2', 'example_subdag_operator' retrieved from /home/airflow/.local/lib/python3.12/site-packages/airflow/example_dags/example_subdag_operator.py
[2025-04-05T15:28:59.721+0000] {logging_mixin.py:190} INFO - [2025-04-05T15:28:59.721+0000] {dag.py:3239} INFO - Sync 3 DAGs
[2025-04-05T15:28:59.741+0000] {logging_mixin.py:190} INFO - [2025-04-05T15:28:59.741+0000] {dag.py:4180} INFO - Setting next_dagrun for example_subdag_operator to 2022-01-01 00:00:00+00:00, run_after=2022-01-01 00:00:00+00:00
[2025-04-05T15:28:59.744+0000] {logging_mixin.py:190} INFO - [2025-04-05T15:28:59.744+0000] {dag.py:4180} INFO - Setting next_dagrun for example_subdag_operator.section-1 to None, run_after=None
[2025-04-05T15:28:59.746+0000] {logging_mixin.py:190} INFO - [2025-04-05T15:28:59.745+0000] {dag.py:4180} INFO - Setting next_dagrun for example_subdag_operator.section-2 to None, run_after=None
[2025-04-05T15:28:59.751+0000] {logging_mixin.py:190} INFO - [2025-04-05T15:28:59.751+0000] {dag.py:3239} INFO - Sync 2 DAGs
[2025-04-05T15:28:59.756+0000] {logging_mixin.py:190} INFO - [2025-04-05T15:28:59.756+0000] {dag.py:4180} INFO - Setting next_dagrun for example_subdag_operator.section-1 to None, run_after=None
[2025-04-05T15:28:59.756+0000] {logging_mixin.py:190} INFO - [2025-04-05T15:28:59.756+0000] {dag.py:4180} INFO - Setting next_dagrun for example_subdag_operator.section-2 to None, run_after=None
[2025-04-05T15:28:59.769+0000] {processor.py:208} INFO - Processing /home/airflow/.local/lib/python3.12/site-packages/airflow/example_dags/example_subdag_operator.py took 0.096 seconds
[2025-04-05T15:29:30.652+0000] {processor.py:186} INFO - Started process (PID=1375) to work on /home/airflow/.local/lib/python3.12/site-packages/airflow/example_dags/example_subdag_operator.py
[2025-04-05T15:29:30.653+0000] {processor.py:914} INFO - Processing file /home/airflow/.local/lib/python3.12/site-packages/airflow/example_dags/example_subdag_operator.py for tasks to queue
[2025-04-05T15:29:30.655+0000] {logging_mixin.py:190} INFO - [2025-04-05T15:29:30.655+0000] {dagbag.py:588} INFO - Filling up the DagBag from /home/airflow/.local/lib/python3.12/site-packages/airflow/example_dags/example_subdag_operator.py
[2025-04-05T15:29:30.681+0000] {processor.py:925} INFO - DAG(s) 'example_subdag_operator.section-1', 'example_subdag_operator.section-2', 'example_subdag_operator' retrieved from /home/airflow/.local/lib/python3.12/site-packages/airflow/example_dags/example_subdag_operator.py
[2025-04-05T15:29:30.696+0000] {logging_mixin.py:190} INFO - [2025-04-05T15:29:30.695+0000] {dag.py:3239} INFO - Sync 3 DAGs
[2025-04-05T15:29:30.717+0000] {logging_mixin.py:190} INFO - [2025-04-05T15:29:30.716+0000] {dag.py:4180} INFO - Setting next_dagrun for example_subdag_operator to 2022-01-01 00:00:00+00:00, run_after=2022-01-01 00:00:00+00:00
[2025-04-05T15:29:30.722+0000] {logging_mixin.py:190} INFO - [2025-04-05T15:29:30.721+0000] {dag.py:4180} INFO - Setting next_dagrun for example_subdag_operator.section-1 to None, run_after=None
[2025-04-05T15:29:30.724+0000] {logging_mixin.py:190} INFO - [2025-04-05T15:29:30.724+0000] {dag.py:4180} INFO - Setting next_dagrun for example_subdag_operator.section-2 to None, run_after=None
[2025-04-05T15:29:30.731+0000] {logging_mixin.py:190} INFO - [2025-04-05T15:29:30.731+0000] {dag.py:3239} INFO - Sync 2 DAGs
[2025-04-05T15:29:30.736+0000] {logging_mixin.py:190} INFO - [2025-04-05T15:29:30.736+0000] {dag.py:4180} INFO - Setting next_dagrun for example_subdag_operator.section-1 to None, run_after=None
[2025-04-05T15:29:30.736+0000] {logging_mixin.py:190} INFO - [2025-04-05T15:29:30.736+0000] {dag.py:4180} INFO - Setting next_dagrun for example_subdag_operator.section-2 to None, run_after=None
[2025-04-05T15:29:30.752+0000] {processor.py:208} INFO - Processing /home/airflow/.local/lib/python3.12/site-packages/airflow/example_dags/example_subdag_operator.py took 0.106 seconds
[2025-04-05T15:30:01.380+0000] {processor.py:186} INFO - Started process (PID=1438) to work on /home/airflow/.local/lib/python3.12/site-packages/airflow/example_dags/example_subdag_operator.py
[2025-04-05T15:30:01.381+0000] {processor.py:914} INFO - Processing file /home/airflow/.local/lib/python3.12/site-packages/airflow/example_dags/example_subdag_operator.py for tasks to queue
[2025-04-05T15:30:01.384+0000] {logging_mixin.py:190} INFO - [2025-04-05T15:30:01.383+0000] {dagbag.py:588} INFO - Filling up the DagBag from /home/airflow/.local/lib/python3.12/site-packages/airflow/example_dags/example_subdag_operator.py
[2025-04-05T15:30:01.406+0000] {processor.py:925} INFO - DAG(s) 'example_subdag_operator.section-1', 'example_subdag_operator.section-2', 'example_subdag_operator' retrieved from /home/airflow/.local/lib/python3.12/site-packages/airflow/example_dags/example_subdag_operator.py
[2025-04-05T15:30:01.421+0000] {logging_mixin.py:190} INFO - [2025-04-05T15:30:01.421+0000] {dag.py:3239} INFO - Sync 3 DAGs
[2025-04-05T15:30:01.445+0000] {logging_mixin.py:190} INFO - [2025-04-05T15:30:01.445+0000] {dag.py:4180} INFO - Setting next_dagrun for example_subdag_operator to 2022-01-01 00:00:00+00:00, run_after=2022-01-01 00:00:00+00:00
[2025-04-05T15:30:01.449+0000] {logging_mixin.py:190} INFO - [2025-04-05T15:30:01.449+0000] {dag.py:4180} INFO - Setting next_dagrun for example_subdag_operator.section-1 to None, run_after=None
[2025-04-05T15:30:01.450+0000] {logging_mixin.py:190} INFO - [2025-04-05T15:30:01.450+0000] {dag.py:4180} INFO - Setting next_dagrun for example_subdag_operator.section-2 to None, run_after=None
[2025-04-05T15:30:01.460+0000] {logging_mixin.py:190} INFO - [2025-04-05T15:30:01.459+0000] {dag.py:3239} INFO - Sync 2 DAGs
[2025-04-05T15:30:01.467+0000] {logging_mixin.py:190} INFO - [2025-04-05T15:30:01.466+0000] {dag.py:4180} INFO - Setting next_dagrun for example_subdag_operator.section-1 to None, run_after=None
[2025-04-05T15:30:01.467+0000] {logging_mixin.py:190} INFO - [2025-04-05T15:30:01.467+0000] {dag.py:4180} INFO - Setting next_dagrun for example_subdag_operator.section-2 to None, run_after=None
[2025-04-05T15:30:01.481+0000] {processor.py:208} INFO - Processing /home/airflow/.local/lib/python3.12/site-packages/airflow/example_dags/example_subdag_operator.py took 0.106 seconds
[2025-04-05T15:30:32.256+0000] {processor.py:186} INFO - Started process (PID=1502) to work on /home/airflow/.local/lib/python3.12/site-packages/airflow/example_dags/example_subdag_operator.py
[2025-04-05T15:30:32.258+0000] {processor.py:914} INFO - Processing file /home/airflow/.local/lib/python3.12/site-packages/airflow/example_dags/example_subdag_operator.py for tasks to queue
[2025-04-05T15:30:32.260+0000] {logging_mixin.py:190} INFO - [2025-04-05T15:30:32.260+0000] {dagbag.py:588} INFO - Filling up the DagBag from /home/airflow/.local/lib/python3.12/site-packages/airflow/example_dags/example_subdag_operator.py
[2025-04-05T15:30:32.284+0000] {processor.py:925} INFO - DAG(s) 'example_subdag_operator.section-1', 'example_subdag_operator.section-2', 'example_subdag_operator' retrieved from /home/airflow/.local/lib/python3.12/site-packages/airflow/example_dags/example_subdag_operator.py
[2025-04-05T15:30:32.298+0000] {logging_mixin.py:190} INFO - [2025-04-05T15:30:32.298+0000] {dag.py:3239} INFO - Sync 3 DAGs
[2025-04-05T15:30:32.318+0000] {logging_mixin.py:190} INFO - [2025-04-05T15:30:32.317+0000] {dag.py:4180} INFO - Setting next_dagrun for example_subdag_operator to 2022-01-01 00:00:00+00:00, run_after=2022-01-01 00:00:00+00:00
[2025-04-05T15:30:32.320+0000] {logging_mixin.py:190} INFO - [2025-04-05T15:30:32.320+0000] {dag.py:4180} INFO - Setting next_dagrun for example_subdag_operator.section-1 to None, run_after=None
[2025-04-05T15:30:32.321+0000] {logging_mixin.py:190} INFO - [2025-04-05T15:30:32.321+0000] {dag.py:4180} INFO - Setting next_dagrun for example_subdag_operator.section-2 to None, run_after=None
[2025-04-05T15:30:32.329+0000] {logging_mixin.py:190} INFO - [2025-04-05T15:30:32.328+0000] {dag.py:3239} INFO - Sync 2 DAGs
[2025-04-05T15:30:32.335+0000] {logging_mixin.py:190} INFO - [2025-04-05T15:30:32.335+0000] {dag.py:4180} INFO - Setting next_dagrun for example_subdag_operator.section-1 to None, run_after=None
[2025-04-05T15:30:32.335+0000] {logging_mixin.py:190} INFO - [2025-04-05T15:30:32.335+0000] {dag.py:4180} INFO - Setting next_dagrun for example_subdag_operator.section-2 to None, run_after=None
[2025-04-05T15:30:32.358+0000] {processor.py:208} INFO - Processing /home/airflow/.local/lib/python3.12/site-packages/airflow/example_dags/example_subdag_operator.py took 0.107 seconds
[2025-04-05T15:31:03.193+0000] {processor.py:186} INFO - Started process (PID=1565) to work on /home/airflow/.local/lib/python3.12/site-packages/airflow/example_dags/example_subdag_operator.py
[2025-04-05T15:31:03.194+0000] {processor.py:914} INFO - Processing file /home/airflow/.local/lib/python3.12/site-packages/airflow/example_dags/example_subdag_operator.py for tasks to queue
[2025-04-05T15:31:03.198+0000] {logging_mixin.py:190} INFO - [2025-04-05T15:31:03.198+0000] {dagbag.py:588} INFO - Filling up the DagBag from /home/airflow/.local/lib/python3.12/site-packages/airflow/example_dags/example_subdag_operator.py
[2025-04-05T15:31:03.240+0000] {processor.py:925} INFO - DAG(s) 'example_subdag_operator.section-1', 'example_subdag_operator.section-2', 'example_subdag_operator' retrieved from /home/airflow/.local/lib/python3.12/site-packages/airflow/example_dags/example_subdag_operator.py
[2025-04-05T15:31:03.262+0000] {logging_mixin.py:190} INFO - [2025-04-05T15:31:03.262+0000] {dag.py:3239} INFO - Sync 3 DAGs
[2025-04-05T15:31:03.285+0000] {logging_mixin.py:190} INFO - [2025-04-05T15:31:03.285+0000] {dag.py:4180} INFO - Setting next_dagrun for example_subdag_operator to 2022-01-01 00:00:00+00:00, run_after=2022-01-01 00:00:00+00:00
[2025-04-05T15:31:03.289+0000] {logging_mixin.py:190} INFO - [2025-04-05T15:31:03.289+0000] {dag.py:4180} INFO - Setting next_dagrun for example_subdag_operator.section-1 to None, run_after=None
[2025-04-05T15:31:03.291+0000] {logging_mixin.py:190} INFO - [2025-04-05T15:31:03.291+0000] {dag.py:4180} INFO - Setting next_dagrun for example_subdag_operator.section-2 to None, run_after=None
[2025-04-05T15:31:03.296+0000] {logging_mixin.py:190} INFO - [2025-04-05T15:31:03.296+0000] {dag.py:3239} INFO - Sync 2 DAGs
[2025-04-05T15:31:03.301+0000] {logging_mixin.py:190} INFO - [2025-04-05T15:31:03.301+0000] {dag.py:4180} INFO - Setting next_dagrun for example_subdag_operator.section-1 to None, run_after=None
[2025-04-05T15:31:03.301+0000] {logging_mixin.py:190} INFO - [2025-04-05T15:31:03.301+0000] {dag.py:4180} INFO - Setting next_dagrun for example_subdag_operator.section-2 to None, run_after=None
[2025-04-05T15:31:03.315+0000] {processor.py:208} INFO - Processing /home/airflow/.local/lib/python3.12/site-packages/airflow/example_dags/example_subdag_operator.py took 0.129 seconds
[2025-04-05T15:31:33.970+0000] {processor.py:186} INFO - Started process (PID=1628) to work on /home/airflow/.local/lib/python3.12/site-packages/airflow/example_dags/example_subdag_operator.py
[2025-04-05T15:31:33.972+0000] {processor.py:914} INFO - Processing file /home/airflow/.local/lib/python3.12/site-packages/airflow/example_dags/example_subdag_operator.py for tasks to queue
[2025-04-05T15:31:33.975+0000] {logging_mixin.py:190} INFO - [2025-04-05T15:31:33.975+0000] {dagbag.py:588} INFO - Filling up the DagBag from /home/airflow/.local/lib/python3.12/site-packages/airflow/example_dags/example_subdag_operator.py
[2025-04-05T15:31:34.002+0000] {processor.py:925} INFO - DAG(s) 'example_subdag_operator.section-1', 'example_subdag_operator.section-2', 'example_subdag_operator' retrieved from /home/airflow/.local/lib/python3.12/site-packages/airflow/example_dags/example_subdag_operator.py
[2025-04-05T15:31:34.016+0000] {logging_mixin.py:190} INFO - [2025-04-05T15:31:34.016+0000] {dag.py:3239} INFO - Sync 3 DAGs
[2025-04-05T15:31:34.037+0000] {logging_mixin.py:190} INFO - [2025-04-05T15:31:34.036+0000] {dag.py:4180} INFO - Setting next_dagrun for example_subdag_operator to 2022-01-01 00:00:00+00:00, run_after=2022-01-01 00:00:00+00:00
[2025-04-05T15:31:34.040+0000] {logging_mixin.py:190} INFO - [2025-04-05T15:31:34.040+0000] {dag.py:4180} INFO - Setting next_dagrun for example_subdag_operator.section-1 to None, run_after=None
[2025-04-05T15:31:34.041+0000] {logging_mixin.py:190} INFO - [2025-04-05T15:31:34.041+0000] {dag.py:4180} INFO - Setting next_dagrun for example_subdag_operator.section-2 to None, run_after=None
[2025-04-05T15:31:34.048+0000] {logging_mixin.py:190} INFO - [2025-04-05T15:31:34.048+0000] {dag.py:3239} INFO - Sync 2 DAGs
[2025-04-05T15:31:34.053+0000] {logging_mixin.py:190} INFO - [2025-04-05T15:31:34.053+0000] {dag.py:4180} INFO - Setting next_dagrun for example_subdag_operator.section-1 to None, run_after=None
[2025-04-05T15:31:34.054+0000] {logging_mixin.py:190} INFO - [2025-04-05T15:31:34.053+0000] {dag.py:4180} INFO - Setting next_dagrun for example_subdag_operator.section-2 to None, run_after=None
[2025-04-05T15:31:34.068+0000] {processor.py:208} INFO - Processing /home/airflow/.local/lib/python3.12/site-packages/airflow/example_dags/example_subdag_operator.py took 0.102 seconds
[2025-04-05T15:32:04.250+0000] {processor.py:186} INFO - Started process (PID=1691) to work on /home/airflow/.local/lib/python3.12/site-packages/airflow/example_dags/example_subdag_operator.py
[2025-04-05T15:32:04.251+0000] {processor.py:914} INFO - Processing file /home/airflow/.local/lib/python3.12/site-packages/airflow/example_dags/example_subdag_operator.py for tasks to queue
[2025-04-05T15:32:04.253+0000] {logging_mixin.py:190} INFO - [2025-04-05T15:32:04.253+0000] {dagbag.py:588} INFO - Filling up the DagBag from /home/airflow/.local/lib/python3.12/site-packages/airflow/example_dags/example_subdag_operator.py
[2025-04-05T15:32:04.279+0000] {processor.py:925} INFO - DAG(s) 'example_subdag_operator.section-1', 'example_subdag_operator.section-2', 'example_subdag_operator' retrieved from /home/airflow/.local/lib/python3.12/site-packages/airflow/example_dags/example_subdag_operator.py
[2025-04-05T15:32:04.293+0000] {logging_mixin.py:190} INFO - [2025-04-05T15:32:04.293+0000] {dag.py:3239} INFO - Sync 3 DAGs
[2025-04-05T15:32:04.314+0000] {logging_mixin.py:190} INFO - [2025-04-05T15:32:04.314+0000] {dag.py:4180} INFO - Setting next_dagrun for example_subdag_operator to 2022-01-01 00:00:00+00:00, run_after=2022-01-01 00:00:00+00:00
[2025-04-05T15:32:04.317+0000] {logging_mixin.py:190} INFO - [2025-04-05T15:32:04.317+0000] {dag.py:4180} INFO - Setting next_dagrun for example_subdag_operator.section-1 to None, run_after=None
[2025-04-05T15:32:04.319+0000] {logging_mixin.py:190} INFO - [2025-04-05T15:32:04.319+0000] {dag.py:4180} INFO - Setting next_dagrun for example_subdag_operator.section-2 to None, run_after=None
[2025-04-05T15:32:04.328+0000] {logging_mixin.py:190} INFO - [2025-04-05T15:32:04.328+0000] {dag.py:3239} INFO - Sync 2 DAGs
[2025-04-05T15:32:04.332+0000] {logging_mixin.py:190} INFO - [2025-04-05T15:32:04.332+0000] {dag.py:4180} INFO - Setting next_dagrun for example_subdag_operator.section-1 to None, run_after=None
[2025-04-05T15:32:04.332+0000] {logging_mixin.py:190} INFO - [2025-04-05T15:32:04.332+0000] {dag.py:4180} INFO - Setting next_dagrun for example_subdag_operator.section-2 to None, run_after=None
[2025-04-05T15:32:04.350+0000] {processor.py:208} INFO - Processing /home/airflow/.local/lib/python3.12/site-packages/airflow/example_dags/example_subdag_operator.py took 0.105 seconds
[2025-04-05T15:32:35.316+0000] {processor.py:186} INFO - Started process (PID=1754) to work on /home/airflow/.local/lib/python3.12/site-packages/airflow/example_dags/example_subdag_operator.py
[2025-04-05T15:32:35.321+0000] {processor.py:914} INFO - Processing file /home/airflow/.local/lib/python3.12/site-packages/airflow/example_dags/example_subdag_operator.py for tasks to queue
[2025-04-05T15:32:35.323+0000] {logging_mixin.py:190} INFO - [2025-04-05T15:32:35.323+0000] {dagbag.py:588} INFO - Filling up the DagBag from /home/airflow/.local/lib/python3.12/site-packages/airflow/example_dags/example_subdag_operator.py
[2025-04-05T15:32:35.353+0000] {processor.py:925} INFO - DAG(s) 'example_subdag_operator.section-1', 'example_subdag_operator.section-2', 'example_subdag_operator' retrieved from /home/airflow/.local/lib/python3.12/site-packages/airflow/example_dags/example_subdag_operator.py
[2025-04-05T15:32:35.369+0000] {logging_mixin.py:190} INFO - [2025-04-05T15:32:35.369+0000] {dag.py:3239} INFO - Sync 3 DAGs
[2025-04-05T15:32:35.394+0000] {logging_mixin.py:190} INFO - [2025-04-05T15:32:35.394+0000] {dag.py:4180} INFO - Setting next_dagrun for example_subdag_operator to 2022-01-01 00:00:00+00:00, run_after=2022-01-01 00:00:00+00:00
[2025-04-05T15:32:35.397+0000] {logging_mixin.py:190} INFO - [2025-04-05T15:32:35.397+0000] {dag.py:4180} INFO - Setting next_dagrun for example_subdag_operator.section-1 to None, run_after=None
[2025-04-05T15:32:35.398+0000] {logging_mixin.py:190} INFO - [2025-04-05T15:32:35.398+0000] {dag.py:4180} INFO - Setting next_dagrun for example_subdag_operator.section-2 to None, run_after=None
[2025-04-05T15:32:35.404+0000] {logging_mixin.py:190} INFO - [2025-04-05T15:32:35.403+0000] {dag.py:3239} INFO - Sync 2 DAGs
[2025-04-05T15:32:35.409+0000] {logging_mixin.py:190} INFO - [2025-04-05T15:32:35.409+0000] {dag.py:4180} INFO - Setting next_dagrun for example_subdag_operator.section-1 to None, run_after=None
[2025-04-05T15:32:35.410+0000] {logging_mixin.py:190} INFO - [2025-04-05T15:32:35.409+0000] {dag.py:4180} INFO - Setting next_dagrun for example_subdag_operator.section-2 to None, run_after=None
[2025-04-05T15:32:35.422+0000] {processor.py:208} INFO - Processing /home/airflow/.local/lib/python3.12/site-packages/airflow/example_dags/example_subdag_operator.py took 0.113 seconds
[2025-04-05T15:33:06.644+0000] {processor.py:186} INFO - Started process (PID=1817) to work on /home/airflow/.local/lib/python3.12/site-packages/airflow/example_dags/example_subdag_operator.py
[2025-04-05T15:33:06.646+0000] {processor.py:914} INFO - Processing file /home/airflow/.local/lib/python3.12/site-packages/airflow/example_dags/example_subdag_operator.py for tasks to queue
[2025-04-05T15:33:06.649+0000] {logging_mixin.py:190} INFO - [2025-04-05T15:33:06.649+0000] {dagbag.py:588} INFO - Filling up the DagBag from /home/airflow/.local/lib/python3.12/site-packages/airflow/example_dags/example_subdag_operator.py
[2025-04-05T15:33:06.747+0000] {processor.py:925} INFO - DAG(s) 'example_subdag_operator.section-1', 'example_subdag_operator.section-2', 'example_subdag_operator' retrieved from /home/airflow/.local/lib/python3.12/site-packages/airflow/example_dags/example_subdag_operator.py
[2025-04-05T15:33:06.794+0000] {logging_mixin.py:190} INFO - [2025-04-05T15:33:06.793+0000] {dag.py:3239} INFO - Sync 3 DAGs
[2025-04-05T15:33:06.865+0000] {logging_mixin.py:190} INFO - [2025-04-05T15:33:06.864+0000] {dag.py:4180} INFO - Setting next_dagrun for example_subdag_operator to 2022-01-01 00:00:00+00:00, run_after=2022-01-01 00:00:00+00:00
[2025-04-05T15:33:06.881+0000] {logging_mixin.py:190} INFO - [2025-04-05T15:33:06.880+0000] {dag.py:4180} INFO - Setting next_dagrun for example_subdag_operator.section-1 to None, run_after=None
[2025-04-05T15:33:06.896+0000] {logging_mixin.py:190} INFO - [2025-04-05T15:33:06.895+0000] {dag.py:4180} INFO - Setting next_dagrun for example_subdag_operator.section-2 to None, run_after=None
[2025-04-05T15:33:06.906+0000] {logging_mixin.py:190} INFO - [2025-04-05T15:33:06.905+0000] {dag.py:3239} INFO - Sync 2 DAGs
[2025-04-05T15:33:06.932+0000] {logging_mixin.py:190} INFO - [2025-04-05T15:33:06.932+0000] {dag.py:4180} INFO - Setting next_dagrun for example_subdag_operator.section-1 to None, run_after=None
[2025-04-05T15:33:06.933+0000] {logging_mixin.py:190} INFO - [2025-04-05T15:33:06.932+0000] {dag.py:4180} INFO - Setting next_dagrun for example_subdag_operator.section-2 to None, run_after=None
[2025-04-05T15:33:07.002+0000] {processor.py:208} INFO - Processing /home/airflow/.local/lib/python3.12/site-packages/airflow/example_dags/example_subdag_operator.py took 0.370 seconds
