[2025-04-05T15:19:14.501+0000] {processor.py:186} INFO - Started process (PID=95) to work on /home/airflow/.local/lib/python3.12/site-packages/airflow/example_dags/example_setup_teardown.py
[2025-04-05T15:19:14.501+0000] {processor.py:914} INFO - Processing file /home/airflow/.local/lib/python3.12/site-packages/airflow/example_dags/example_setup_teardown.py for tasks to queue
[2025-04-05T15:19:14.504+0000] {logging_mixin.py:190} INFO - [2025-04-05T15:19:14.503+0000] {dagbag.py:588} INFO - Filling up the DagBag from /home/airflow/.local/lib/python3.12/site-packages/airflow/example_dags/example_setup_teardown.py
[2025-04-05T15:19:14.514+0000] {processor.py:925} INFO - DAG(s) 'example_setup_teardown' retrieved from /home/airflow/.local/lib/python3.12/site-packages/airflow/example_dags/example_setup_teardown.py
[2025-04-05T15:19:14.661+0000] {logging_mixin.py:190} INFO - [2025-04-05T15:19:14.660+0000] {override.py:1912} INFO - Created Permission View: can read on DAG:example_setup_teardown
[2025-04-05T15:19:14.679+0000] {logging_mixin.py:190} INFO - [2025-04-05T15:19:14.679+0000] {override.py:1912} INFO - Created Permission View: can delete on DAG:example_setup_teardown
[2025-04-05T15:19:14.691+0000] {logging_mixin.py:190} INFO - [2025-04-05T15:19:14.690+0000] {override.py:1912} INFO - Created Permission View: can edit on DAG:example_setup_teardown
[2025-04-05T15:19:14.706+0000] {logging_mixin.py:190} INFO - [2025-04-05T15:19:14.705+0000] {override.py:1912} INFO - Created Permission View: can read on DAG Run:example_setup_teardown
[2025-04-05T15:19:14.716+0000] {logging_mixin.py:190} INFO - [2025-04-05T15:19:14.715+0000] {override.py:1912} INFO - Created Permission View: can create on DAG Run:example_setup_teardown
[2025-04-05T15:19:14.727+0000] {logging_mixin.py:190} INFO - [2025-04-05T15:19:14.727+0000] {override.py:1912} INFO - Created Permission View: can delete on DAG Run:example_setup_teardown
[2025-04-05T15:19:14.739+0000] {logging_mixin.py:190} INFO - [2025-04-05T15:19:14.738+0000] {override.py:1912} INFO - Created Permission View: menu access on DAG Run:example_setup_teardown
[2025-04-05T15:19:14.739+0000] {logging_mixin.py:190} INFO - [2025-04-05T15:19:14.739+0000] {dag.py:3239} INFO - Sync 1 DAGs
[2025-04-05T15:19:14.754+0000] {logging_mixin.py:190} INFO - [2025-04-05T15:19:14.754+0000] {dag.py:3262} INFO - Creating ORM DAG for example_setup_teardown
[2025-04-05T15:19:14.755+0000] {logging_mixin.py:190} INFO - [2025-04-05T15:19:14.755+0000] {dag.py:4180} INFO - Setting next_dagrun for example_setup_teardown to None, run_after=None
[2025-04-05T15:19:14.777+0000] {processor.py:208} INFO - Processing /home/airflow/.local/lib/python3.12/site-packages/airflow/example_dags/example_setup_teardown.py took 0.282 seconds
[2025-04-05T15:19:45.627+0000] {processor.py:186} INFO - Started process (PID=158) to work on /home/airflow/.local/lib/python3.12/site-packages/airflow/example_dags/example_setup_teardown.py
[2025-04-05T15:19:45.642+0000] {processor.py:914} INFO - Processing file /home/airflow/.local/lib/python3.12/site-packages/airflow/example_dags/example_setup_teardown.py for tasks to queue
[2025-04-05T15:19:45.643+0000] {logging_mixin.py:190} INFO - [2025-04-05T15:19:45.643+0000] {dagbag.py:588} INFO - Filling up the DagBag from /home/airflow/.local/lib/python3.12/site-packages/airflow/example_dags/example_setup_teardown.py
[2025-04-05T15:19:45.650+0000] {processor.py:925} INFO - DAG(s) 'example_setup_teardown' retrieved from /home/airflow/.local/lib/python3.12/site-packages/airflow/example_dags/example_setup_teardown.py
[2025-04-05T15:19:45.667+0000] {logging_mixin.py:190} INFO - [2025-04-05T15:19:45.667+0000] {dag.py:3239} INFO - Sync 1 DAGs
[2025-04-05T15:19:45.679+0000] {logging_mixin.py:190} INFO - [2025-04-05T15:19:45.679+0000] {dag.py:4180} INFO - Setting next_dagrun for example_setup_teardown to None, run_after=None
[2025-04-05T15:19:45.698+0000] {processor.py:208} INFO - Processing /home/airflow/.local/lib/python3.12/site-packages/airflow/example_dags/example_setup_teardown.py took 0.074 seconds
[2025-04-05T15:20:15.812+0000] {processor.py:186} INFO - Started process (PID=220) to work on /home/airflow/.local/lib/python3.12/site-packages/airflow/example_dags/example_setup_teardown.py
[2025-04-05T15:20:15.813+0000] {processor.py:914} INFO - Processing file /home/airflow/.local/lib/python3.12/site-packages/airflow/example_dags/example_setup_teardown.py for tasks to queue
[2025-04-05T15:20:15.815+0000] {logging_mixin.py:190} INFO - [2025-04-05T15:20:15.815+0000] {dagbag.py:588} INFO - Filling up the DagBag from /home/airflow/.local/lib/python3.12/site-packages/airflow/example_dags/example_setup_teardown.py
[2025-04-05T15:20:15.822+0000] {processor.py:925} INFO - DAG(s) 'example_setup_teardown' retrieved from /home/airflow/.local/lib/python3.12/site-packages/airflow/example_dags/example_setup_teardown.py
[2025-04-05T15:20:15.845+0000] {logging_mixin.py:190} INFO - [2025-04-05T15:20:15.845+0000] {dag.py:3239} INFO - Sync 1 DAGs
[2025-04-05T15:20:15.860+0000] {logging_mixin.py:190} INFO - [2025-04-05T15:20:15.859+0000] {dag.py:4180} INFO - Setting next_dagrun for example_setup_teardown to None, run_after=None
[2025-04-05T15:20:15.879+0000] {processor.py:208} INFO - Processing /home/airflow/.local/lib/python3.12/site-packages/airflow/example_dags/example_setup_teardown.py took 0.073 seconds
[2025-04-05T15:20:45.908+0000] {processor.py:186} INFO - Started process (PID=283) to work on /home/airflow/.local/lib/python3.12/site-packages/airflow/example_dags/example_setup_teardown.py
[2025-04-05T15:20:45.909+0000] {processor.py:914} INFO - Processing file /home/airflow/.local/lib/python3.12/site-packages/airflow/example_dags/example_setup_teardown.py for tasks to queue
[2025-04-05T15:20:45.911+0000] {logging_mixin.py:190} INFO - [2025-04-05T15:20:45.911+0000] {dagbag.py:588} INFO - Filling up the DagBag from /home/airflow/.local/lib/python3.12/site-packages/airflow/example_dags/example_setup_teardown.py
[2025-04-05T15:20:45.917+0000] {processor.py:925} INFO - DAG(s) 'example_setup_teardown' retrieved from /home/airflow/.local/lib/python3.12/site-packages/airflow/example_dags/example_setup_teardown.py
[2025-04-05T15:20:45.934+0000] {logging_mixin.py:190} INFO - [2025-04-05T15:20:45.934+0000] {dag.py:3239} INFO - Sync 1 DAGs
[2025-04-05T15:20:45.945+0000] {logging_mixin.py:190} INFO - [2025-04-05T15:20:45.944+0000] {dag.py:4180} INFO - Setting next_dagrun for example_setup_teardown to None, run_after=None
[2025-04-05T15:20:45.963+0000] {processor.py:208} INFO - Processing /home/airflow/.local/lib/python3.12/site-packages/airflow/example_dags/example_setup_teardown.py took 0.060 seconds
[2025-04-05T15:21:16.345+0000] {processor.py:186} INFO - Started process (PID=345) to work on /home/airflow/.local/lib/python3.12/site-packages/airflow/example_dags/example_setup_teardown.py
[2025-04-05T15:21:16.347+0000] {processor.py:914} INFO - Processing file /home/airflow/.local/lib/python3.12/site-packages/airflow/example_dags/example_setup_teardown.py for tasks to queue
[2025-04-05T15:21:16.349+0000] {logging_mixin.py:190} INFO - [2025-04-05T15:21:16.348+0000] {dagbag.py:588} INFO - Filling up the DagBag from /home/airflow/.local/lib/python3.12/site-packages/airflow/example_dags/example_setup_teardown.py
[2025-04-05T15:21:16.354+0000] {processor.py:925} INFO - DAG(s) 'example_setup_teardown' retrieved from /home/airflow/.local/lib/python3.12/site-packages/airflow/example_dags/example_setup_teardown.py
[2025-04-05T15:21:16.370+0000] {logging_mixin.py:190} INFO - [2025-04-05T15:21:16.370+0000] {dag.py:3239} INFO - Sync 1 DAGs
[2025-04-05T15:21:16.380+0000] {logging_mixin.py:190} INFO - [2025-04-05T15:21:16.380+0000] {dag.py:4180} INFO - Setting next_dagrun for example_setup_teardown to None, run_after=None
[2025-04-05T15:21:16.398+0000] {processor.py:208} INFO - Processing /home/airflow/.local/lib/python3.12/site-packages/airflow/example_dags/example_setup_teardown.py took 0.058 seconds
[2025-04-05T15:21:47.079+0000] {processor.py:186} INFO - Started process (PID=409) to work on /home/airflow/.local/lib/python3.12/site-packages/airflow/example_dags/example_setup_teardown.py
[2025-04-05T15:21:47.080+0000] {processor.py:914} INFO - Processing file /home/airflow/.local/lib/python3.12/site-packages/airflow/example_dags/example_setup_teardown.py for tasks to queue
[2025-04-05T15:21:47.082+0000] {logging_mixin.py:190} INFO - [2025-04-05T15:21:47.082+0000] {dagbag.py:588} INFO - Filling up the DagBag from /home/airflow/.local/lib/python3.12/site-packages/airflow/example_dags/example_setup_teardown.py
[2025-04-05T15:21:47.088+0000] {processor.py:925} INFO - DAG(s) 'example_setup_teardown' retrieved from /home/airflow/.local/lib/python3.12/site-packages/airflow/example_dags/example_setup_teardown.py
[2025-04-05T15:21:47.106+0000] {logging_mixin.py:190} INFO - [2025-04-05T15:21:47.106+0000] {dag.py:3239} INFO - Sync 1 DAGs
[2025-04-05T15:21:47.116+0000] {logging_mixin.py:190} INFO - [2025-04-05T15:21:47.116+0000] {dag.py:4180} INFO - Setting next_dagrun for example_setup_teardown to None, run_after=None
[2025-04-05T15:21:47.134+0000] {processor.py:208} INFO - Processing /home/airflow/.local/lib/python3.12/site-packages/airflow/example_dags/example_setup_teardown.py took 0.060 seconds
[2025-04-05T15:22:17.648+0000] {processor.py:186} INFO - Started process (PID=472) to work on /home/airflow/.local/lib/python3.12/site-packages/airflow/example_dags/example_setup_teardown.py
[2025-04-05T15:22:17.649+0000] {processor.py:914} INFO - Processing file /home/airflow/.local/lib/python3.12/site-packages/airflow/example_dags/example_setup_teardown.py for tasks to queue
[2025-04-05T15:22:17.651+0000] {logging_mixin.py:190} INFO - [2025-04-05T15:22:17.650+0000] {dagbag.py:588} INFO - Filling up the DagBag from /home/airflow/.local/lib/python3.12/site-packages/airflow/example_dags/example_setup_teardown.py
[2025-04-05T15:22:17.657+0000] {processor.py:925} INFO - DAG(s) 'example_setup_teardown' retrieved from /home/airflow/.local/lib/python3.12/site-packages/airflow/example_dags/example_setup_teardown.py
[2025-04-05T15:22:17.674+0000] {logging_mixin.py:190} INFO - [2025-04-05T15:22:17.674+0000] {dag.py:3239} INFO - Sync 1 DAGs
[2025-04-05T15:22:17.686+0000] {logging_mixin.py:190} INFO - [2025-04-05T15:22:17.685+0000] {dag.py:4180} INFO - Setting next_dagrun for example_setup_teardown to None, run_after=None
[2025-04-05T15:22:17.706+0000] {processor.py:208} INFO - Processing /home/airflow/.local/lib/python3.12/site-packages/airflow/example_dags/example_setup_teardown.py took 0.063 seconds
[2025-04-05T15:22:47.758+0000] {processor.py:186} INFO - Started process (PID=534) to work on /home/airflow/.local/lib/python3.12/site-packages/airflow/example_dags/example_setup_teardown.py
[2025-04-05T15:22:47.772+0000] {processor.py:914} INFO - Processing file /home/airflow/.local/lib/python3.12/site-packages/airflow/example_dags/example_setup_teardown.py for tasks to queue
[2025-04-05T15:22:47.773+0000] {logging_mixin.py:190} INFO - [2025-04-05T15:22:47.773+0000] {dagbag.py:588} INFO - Filling up the DagBag from /home/airflow/.local/lib/python3.12/site-packages/airflow/example_dags/example_setup_teardown.py
[2025-04-05T15:22:47.779+0000] {processor.py:925} INFO - DAG(s) 'example_setup_teardown' retrieved from /home/airflow/.local/lib/python3.12/site-packages/airflow/example_dags/example_setup_teardown.py
[2025-04-05T15:22:47.794+0000] {logging_mixin.py:190} INFO - [2025-04-05T15:22:47.794+0000] {dag.py:3239} INFO - Sync 1 DAGs
[2025-04-05T15:22:47.804+0000] {logging_mixin.py:190} INFO - [2025-04-05T15:22:47.804+0000] {dag.py:4180} INFO - Setting next_dagrun for example_setup_teardown to None, run_after=None
[2025-04-05T15:22:47.821+0000] {processor.py:208} INFO - Processing /home/airflow/.local/lib/python3.12/site-packages/airflow/example_dags/example_setup_teardown.py took 0.067 seconds
[2025-04-05T15:23:18.713+0000] {processor.py:186} INFO - Started process (PID=597) to work on /home/airflow/.local/lib/python3.12/site-packages/airflow/example_dags/example_setup_teardown.py
[2025-04-05T15:23:18.714+0000] {processor.py:914} INFO - Processing file /home/airflow/.local/lib/python3.12/site-packages/airflow/example_dags/example_setup_teardown.py for tasks to queue
[2025-04-05T15:23:18.716+0000] {logging_mixin.py:190} INFO - [2025-04-05T15:23:18.716+0000] {dagbag.py:588} INFO - Filling up the DagBag from /home/airflow/.local/lib/python3.12/site-packages/airflow/example_dags/example_setup_teardown.py
[2025-04-05T15:23:18.722+0000] {processor.py:925} INFO - DAG(s) 'example_setup_teardown' retrieved from /home/airflow/.local/lib/python3.12/site-packages/airflow/example_dags/example_setup_teardown.py
[2025-04-05T15:23:18.739+0000] {logging_mixin.py:190} INFO - [2025-04-05T15:23:18.739+0000] {dag.py:3239} INFO - Sync 1 DAGs
[2025-04-05T15:23:18.749+0000] {logging_mixin.py:190} INFO - [2025-04-05T15:23:18.749+0000] {dag.py:4180} INFO - Setting next_dagrun for example_setup_teardown to None, run_after=None
[2025-04-05T15:23:18.768+0000] {processor.py:208} INFO - Processing /home/airflow/.local/lib/python3.12/site-packages/airflow/example_dags/example_setup_teardown.py took 0.060 seconds
[2025-04-05T15:23:49.133+0000] {processor.py:186} INFO - Started process (PID=660) to work on /home/airflow/.local/lib/python3.12/site-packages/airflow/example_dags/example_setup_teardown.py
[2025-04-05T15:23:49.135+0000] {processor.py:914} INFO - Processing file /home/airflow/.local/lib/python3.12/site-packages/airflow/example_dags/example_setup_teardown.py for tasks to queue
[2025-04-05T15:23:49.137+0000] {logging_mixin.py:190} INFO - [2025-04-05T15:23:49.137+0000] {dagbag.py:588} INFO - Filling up the DagBag from /home/airflow/.local/lib/python3.12/site-packages/airflow/example_dags/example_setup_teardown.py
[2025-04-05T15:23:49.143+0000] {processor.py:925} INFO - DAG(s) 'example_setup_teardown' retrieved from /home/airflow/.local/lib/python3.12/site-packages/airflow/example_dags/example_setup_teardown.py
[2025-04-05T15:23:49.160+0000] {logging_mixin.py:190} INFO - [2025-04-05T15:23:49.160+0000] {dag.py:3239} INFO - Sync 1 DAGs
[2025-04-05T15:23:49.170+0000] {logging_mixin.py:190} INFO - [2025-04-05T15:23:49.170+0000] {dag.py:4180} INFO - Setting next_dagrun for example_setup_teardown to None, run_after=None
[2025-04-05T15:23:49.188+0000] {processor.py:208} INFO - Processing /home/airflow/.local/lib/python3.12/site-packages/airflow/example_dags/example_setup_teardown.py took 0.059 seconds
[2025-04-05T15:24:19.286+0000] {processor.py:186} INFO - Started process (PID=723) to work on /home/airflow/.local/lib/python3.12/site-packages/airflow/example_dags/example_setup_teardown.py
[2025-04-05T15:24:19.287+0000] {processor.py:914} INFO - Processing file /home/airflow/.local/lib/python3.12/site-packages/airflow/example_dags/example_setup_teardown.py for tasks to queue
[2025-04-05T15:24:19.289+0000] {logging_mixin.py:190} INFO - [2025-04-05T15:24:19.289+0000] {dagbag.py:588} INFO - Filling up the DagBag from /home/airflow/.local/lib/python3.12/site-packages/airflow/example_dags/example_setup_teardown.py
[2025-04-05T15:24:19.295+0000] {processor.py:925} INFO - DAG(s) 'example_setup_teardown' retrieved from /home/airflow/.local/lib/python3.12/site-packages/airflow/example_dags/example_setup_teardown.py
[2025-04-05T15:24:19.312+0000] {logging_mixin.py:190} INFO - [2025-04-05T15:24:19.312+0000] {dag.py:3239} INFO - Sync 1 DAGs
[2025-04-05T15:24:19.322+0000] {logging_mixin.py:190} INFO - [2025-04-05T15:24:19.322+0000] {dag.py:4180} INFO - Setting next_dagrun for example_setup_teardown to None, run_after=None
[2025-04-05T15:24:19.341+0000] {processor.py:208} INFO - Processing /home/airflow/.local/lib/python3.12/site-packages/airflow/example_dags/example_setup_teardown.py took 0.059 seconds
[2025-04-05T15:24:49.654+0000] {processor.py:186} INFO - Started process (PID=786) to work on /home/airflow/.local/lib/python3.12/site-packages/airflow/example_dags/example_setup_teardown.py
[2025-04-05T15:24:49.655+0000] {processor.py:914} INFO - Processing file /home/airflow/.local/lib/python3.12/site-packages/airflow/example_dags/example_setup_teardown.py for tasks to queue
[2025-04-05T15:24:49.657+0000] {logging_mixin.py:190} INFO - [2025-04-05T15:24:49.657+0000] {dagbag.py:588} INFO - Filling up the DagBag from /home/airflow/.local/lib/python3.12/site-packages/airflow/example_dags/example_setup_teardown.py
[2025-04-05T15:24:49.663+0000] {processor.py:925} INFO - DAG(s) 'example_setup_teardown' retrieved from /home/airflow/.local/lib/python3.12/site-packages/airflow/example_dags/example_setup_teardown.py
[2025-04-05T15:24:49.681+0000] {logging_mixin.py:190} INFO - [2025-04-05T15:24:49.681+0000] {dag.py:3239} INFO - Sync 1 DAGs
[2025-04-05T15:24:49.691+0000] {logging_mixin.py:190} INFO - [2025-04-05T15:24:49.691+0000] {dag.py:4180} INFO - Setting next_dagrun for example_setup_teardown to None, run_after=None
[2025-04-05T15:24:49.709+0000] {processor.py:208} INFO - Processing /home/airflow/.local/lib/python3.12/site-packages/airflow/example_dags/example_setup_teardown.py took 0.060 seconds
[2025-04-05T15:25:19.980+0000] {processor.py:186} INFO - Started process (PID=849) to work on /home/airflow/.local/lib/python3.12/site-packages/airflow/example_dags/example_setup_teardown.py
[2025-04-05T15:25:19.982+0000] {processor.py:914} INFO - Processing file /home/airflow/.local/lib/python3.12/site-packages/airflow/example_dags/example_setup_teardown.py for tasks to queue
[2025-04-05T15:25:19.984+0000] {logging_mixin.py:190} INFO - [2025-04-05T15:25:19.984+0000] {dagbag.py:588} INFO - Filling up the DagBag from /home/airflow/.local/lib/python3.12/site-packages/airflow/example_dags/example_setup_teardown.py
[2025-04-05T15:25:19.991+0000] {processor.py:925} INFO - DAG(s) 'example_setup_teardown' retrieved from /home/airflow/.local/lib/python3.12/site-packages/airflow/example_dags/example_setup_teardown.py
[2025-04-05T15:25:20.008+0000] {logging_mixin.py:190} INFO - [2025-04-05T15:25:20.008+0000] {dag.py:3239} INFO - Sync 1 DAGs
[2025-04-05T15:25:20.018+0000] {logging_mixin.py:190} INFO - [2025-04-05T15:25:20.018+0000] {dag.py:4180} INFO - Setting next_dagrun for example_setup_teardown to None, run_after=None
[2025-04-05T15:25:20.036+0000] {processor.py:208} INFO - Processing /home/airflow/.local/lib/python3.12/site-packages/airflow/example_dags/example_setup_teardown.py took 0.060 seconds
[2025-04-05T15:25:50.400+0000] {processor.py:186} INFO - Started process (PID=912) to work on /home/airflow/.local/lib/python3.12/site-packages/airflow/example_dags/example_setup_teardown.py
[2025-04-05T15:25:50.402+0000] {processor.py:914} INFO - Processing file /home/airflow/.local/lib/python3.12/site-packages/airflow/example_dags/example_setup_teardown.py for tasks to queue
[2025-04-05T15:25:50.405+0000] {logging_mixin.py:190} INFO - [2025-04-05T15:25:50.404+0000] {dagbag.py:588} INFO - Filling up the DagBag from /home/airflow/.local/lib/python3.12/site-packages/airflow/example_dags/example_setup_teardown.py
[2025-04-05T15:25:50.414+0000] {processor.py:925} INFO - DAG(s) 'example_setup_teardown' retrieved from /home/airflow/.local/lib/python3.12/site-packages/airflow/example_dags/example_setup_teardown.py
[2025-04-05T15:25:50.439+0000] {logging_mixin.py:190} INFO - [2025-04-05T15:25:50.439+0000] {dag.py:3239} INFO - Sync 1 DAGs
[2025-04-05T15:25:50.453+0000] {logging_mixin.py:190} INFO - [2025-04-05T15:25:50.453+0000] {dag.py:4180} INFO - Setting next_dagrun for example_setup_teardown to None, run_after=None
[2025-04-05T15:25:50.475+0000] {processor.py:208} INFO - Processing /home/airflow/.local/lib/python3.12/site-packages/airflow/example_dags/example_setup_teardown.py took 0.089 seconds
[2025-04-05T15:26:21.229+0000] {processor.py:186} INFO - Started process (PID=975) to work on /home/airflow/.local/lib/python3.12/site-packages/airflow/example_dags/example_setup_teardown.py
[2025-04-05T15:26:21.245+0000] {processor.py:914} INFO - Processing file /home/airflow/.local/lib/python3.12/site-packages/airflow/example_dags/example_setup_teardown.py for tasks to queue
[2025-04-05T15:26:21.247+0000] {logging_mixin.py:190} INFO - [2025-04-05T15:26:21.247+0000] {dagbag.py:588} INFO - Filling up the DagBag from /home/airflow/.local/lib/python3.12/site-packages/airflow/example_dags/example_setup_teardown.py
[2025-04-05T15:26:21.254+0000] {processor.py:925} INFO - DAG(s) 'example_setup_teardown' retrieved from /home/airflow/.local/lib/python3.12/site-packages/airflow/example_dags/example_setup_teardown.py
[2025-04-05T15:26:21.277+0000] {logging_mixin.py:190} INFO - [2025-04-05T15:26:21.277+0000] {dag.py:3239} INFO - Sync 1 DAGs
[2025-04-05T15:26:21.288+0000] {logging_mixin.py:190} INFO - [2025-04-05T15:26:21.288+0000] {dag.py:4180} INFO - Setting next_dagrun for example_setup_teardown to None, run_after=None
[2025-04-05T15:26:21.319+0000] {processor.py:208} INFO - Processing /home/airflow/.local/lib/python3.12/site-packages/airflow/example_dags/example_setup_teardown.py took 0.095 seconds
[2025-04-05T15:26:51.425+0000] {processor.py:186} INFO - Started process (PID=1038) to work on /home/airflow/.local/lib/python3.12/site-packages/airflow/example_dags/example_setup_teardown.py
[2025-04-05T15:26:51.430+0000] {processor.py:914} INFO - Processing file /home/airflow/.local/lib/python3.12/site-packages/airflow/example_dags/example_setup_teardown.py for tasks to queue
[2025-04-05T15:26:51.433+0000] {logging_mixin.py:190} INFO - [2025-04-05T15:26:51.432+0000] {dagbag.py:588} INFO - Filling up the DagBag from /home/airflow/.local/lib/python3.12/site-packages/airflow/example_dags/example_setup_teardown.py
[2025-04-05T15:26:51.440+0000] {processor.py:925} INFO - DAG(s) 'example_setup_teardown' retrieved from /home/airflow/.local/lib/python3.12/site-packages/airflow/example_dags/example_setup_teardown.py
[2025-04-05T15:26:51.465+0000] {logging_mixin.py:190} INFO - [2025-04-05T15:26:51.464+0000] {dag.py:3239} INFO - Sync 1 DAGs
[2025-04-05T15:26:51.480+0000] {logging_mixin.py:190} INFO - [2025-04-05T15:26:51.479+0000] {dag.py:4180} INFO - Setting next_dagrun for example_setup_teardown to None, run_after=None
[2025-04-05T15:26:51.505+0000] {processor.py:208} INFO - Processing /home/airflow/.local/lib/python3.12/site-packages/airflow/example_dags/example_setup_teardown.py took 0.089 seconds
[2025-04-05T15:27:21.946+0000] {processor.py:186} INFO - Started process (PID=1101) to work on /home/airflow/.local/lib/python3.12/site-packages/airflow/example_dags/example_setup_teardown.py
[2025-04-05T15:27:21.947+0000] {processor.py:914} INFO - Processing file /home/airflow/.local/lib/python3.12/site-packages/airflow/example_dags/example_setup_teardown.py for tasks to queue
[2025-04-05T15:27:21.949+0000] {logging_mixin.py:190} INFO - [2025-04-05T15:27:21.949+0000] {dagbag.py:588} INFO - Filling up the DagBag from /home/airflow/.local/lib/python3.12/site-packages/airflow/example_dags/example_setup_teardown.py
[2025-04-05T15:27:21.956+0000] {processor.py:925} INFO - DAG(s) 'example_setup_teardown' retrieved from /home/airflow/.local/lib/python3.12/site-packages/airflow/example_dags/example_setup_teardown.py
[2025-04-05T15:27:21.975+0000] {logging_mixin.py:190} INFO - [2025-04-05T15:27:21.975+0000] {dag.py:3239} INFO - Sync 1 DAGs
[2025-04-05T15:27:21.988+0000] {logging_mixin.py:190} INFO - [2025-04-05T15:27:21.988+0000] {dag.py:4180} INFO - Setting next_dagrun for example_setup_teardown to None, run_after=None
[2025-04-05T15:27:22.009+0000] {processor.py:208} INFO - Processing /home/airflow/.local/lib/python3.12/site-packages/airflow/example_dags/example_setup_teardown.py took 0.068 seconds
[2025-04-05T15:27:52.379+0000] {processor.py:186} INFO - Started process (PID=1164) to work on /home/airflow/.local/lib/python3.12/site-packages/airflow/example_dags/example_setup_teardown.py
[2025-04-05T15:27:52.380+0000] {processor.py:914} INFO - Processing file /home/airflow/.local/lib/python3.12/site-packages/airflow/example_dags/example_setup_teardown.py for tasks to queue
[2025-04-05T15:27:52.383+0000] {logging_mixin.py:190} INFO - [2025-04-05T15:27:52.382+0000] {dagbag.py:588} INFO - Filling up the DagBag from /home/airflow/.local/lib/python3.12/site-packages/airflow/example_dags/example_setup_teardown.py
[2025-04-05T15:27:52.391+0000] {processor.py:925} INFO - DAG(s) 'example_setup_teardown' retrieved from /home/airflow/.local/lib/python3.12/site-packages/airflow/example_dags/example_setup_teardown.py
[2025-04-05T15:27:52.409+0000] {logging_mixin.py:190} INFO - [2025-04-05T15:27:52.409+0000] {dag.py:3239} INFO - Sync 1 DAGs
[2025-04-05T15:27:52.425+0000] {logging_mixin.py:190} INFO - [2025-04-05T15:27:52.424+0000] {dag.py:4180} INFO - Setting next_dagrun for example_setup_teardown to None, run_after=None
[2025-04-05T15:27:52.443+0000] {processor.py:208} INFO - Processing /home/airflow/.local/lib/python3.12/site-packages/airflow/example_dags/example_setup_teardown.py took 0.069 seconds
[2025-04-05T15:28:22.621+0000] {processor.py:186} INFO - Started process (PID=1227) to work on /home/airflow/.local/lib/python3.12/site-packages/airflow/example_dags/example_setup_teardown.py
[2025-04-05T15:28:22.624+0000] {processor.py:914} INFO - Processing file /home/airflow/.local/lib/python3.12/site-packages/airflow/example_dags/example_setup_teardown.py for tasks to queue
[2025-04-05T15:28:22.626+0000] {logging_mixin.py:190} INFO - [2025-04-05T15:28:22.626+0000] {dagbag.py:588} INFO - Filling up the DagBag from /home/airflow/.local/lib/python3.12/site-packages/airflow/example_dags/example_setup_teardown.py
[2025-04-05T15:28:22.635+0000] {processor.py:925} INFO - DAG(s) 'example_setup_teardown' retrieved from /home/airflow/.local/lib/python3.12/site-packages/airflow/example_dags/example_setup_teardown.py
[2025-04-05T15:28:22.655+0000] {logging_mixin.py:190} INFO - [2025-04-05T15:28:22.654+0000] {dag.py:3239} INFO - Sync 1 DAGs
[2025-04-05T15:28:22.668+0000] {logging_mixin.py:190} INFO - [2025-04-05T15:28:22.667+0000] {dag.py:4180} INFO - Setting next_dagrun for example_setup_teardown to None, run_after=None
[2025-04-05T15:28:22.690+0000] {processor.py:208} INFO - Processing /home/airflow/.local/lib/python3.12/site-packages/airflow/example_dags/example_setup_teardown.py took 0.076 seconds
[2025-04-05T15:28:53.478+0000] {processor.py:186} INFO - Started process (PID=1290) to work on /home/airflow/.local/lib/python3.12/site-packages/airflow/example_dags/example_setup_teardown.py
[2025-04-05T15:28:53.479+0000] {processor.py:914} INFO - Processing file /home/airflow/.local/lib/python3.12/site-packages/airflow/example_dags/example_setup_teardown.py for tasks to queue
[2025-04-05T15:28:53.481+0000] {logging_mixin.py:190} INFO - [2025-04-05T15:28:53.481+0000] {dagbag.py:588} INFO - Filling up the DagBag from /home/airflow/.local/lib/python3.12/site-packages/airflow/example_dags/example_setup_teardown.py
[2025-04-05T15:28:53.490+0000] {processor.py:925} INFO - DAG(s) 'example_setup_teardown' retrieved from /home/airflow/.local/lib/python3.12/site-packages/airflow/example_dags/example_setup_teardown.py
[2025-04-05T15:28:53.507+0000] {logging_mixin.py:190} INFO - [2025-04-05T15:28:53.507+0000] {dag.py:3239} INFO - Sync 1 DAGs
[2025-04-05T15:28:53.522+0000] {logging_mixin.py:190} INFO - [2025-04-05T15:28:53.522+0000] {dag.py:4180} INFO - Setting next_dagrun for example_setup_teardown to None, run_after=None
[2025-04-05T15:28:53.543+0000] {processor.py:208} INFO - Processing /home/airflow/.local/lib/python3.12/site-packages/airflow/example_dags/example_setup_teardown.py took 0.072 seconds
[2025-04-05T15:29:24.507+0000] {processor.py:186} INFO - Started process (PID=1353) to work on /home/airflow/.local/lib/python3.12/site-packages/airflow/example_dags/example_setup_teardown.py
[2025-04-05T15:29:24.509+0000] {processor.py:914} INFO - Processing file /home/airflow/.local/lib/python3.12/site-packages/airflow/example_dags/example_setup_teardown.py for tasks to queue
[2025-04-05T15:29:24.511+0000] {logging_mixin.py:190} INFO - [2025-04-05T15:29:24.511+0000] {dagbag.py:588} INFO - Filling up the DagBag from /home/airflow/.local/lib/python3.12/site-packages/airflow/example_dags/example_setup_teardown.py
[2025-04-05T15:29:24.520+0000] {processor.py:925} INFO - DAG(s) 'example_setup_teardown' retrieved from /home/airflow/.local/lib/python3.12/site-packages/airflow/example_dags/example_setup_teardown.py
[2025-04-05T15:29:24.542+0000] {logging_mixin.py:190} INFO - [2025-04-05T15:29:24.542+0000] {dag.py:3239} INFO - Sync 1 DAGs
[2025-04-05T15:29:24.554+0000] {logging_mixin.py:190} INFO - [2025-04-05T15:29:24.554+0000] {dag.py:4180} INFO - Setting next_dagrun for example_setup_teardown to None, run_after=None
[2025-04-05T15:29:24.575+0000] {processor.py:208} INFO - Processing /home/airflow/.local/lib/python3.12/site-packages/airflow/example_dags/example_setup_teardown.py took 0.073 seconds
[2025-04-05T15:29:55.179+0000] {processor.py:186} INFO - Started process (PID=1416) to work on /home/airflow/.local/lib/python3.12/site-packages/airflow/example_dags/example_setup_teardown.py
[2025-04-05T15:29:55.180+0000] {processor.py:914} INFO - Processing file /home/airflow/.local/lib/python3.12/site-packages/airflow/example_dags/example_setup_teardown.py for tasks to queue
[2025-04-05T15:29:55.182+0000] {logging_mixin.py:190} INFO - [2025-04-05T15:29:55.182+0000] {dagbag.py:588} INFO - Filling up the DagBag from /home/airflow/.local/lib/python3.12/site-packages/airflow/example_dags/example_setup_teardown.py
[2025-04-05T15:29:55.191+0000] {processor.py:925} INFO - DAG(s) 'example_setup_teardown' retrieved from /home/airflow/.local/lib/python3.12/site-packages/airflow/example_dags/example_setup_teardown.py
[2025-04-05T15:29:55.224+0000] {logging_mixin.py:190} INFO - [2025-04-05T15:29:55.224+0000] {dag.py:3239} INFO - Sync 1 DAGs
[2025-04-05T15:29:55.237+0000] {logging_mixin.py:190} INFO - [2025-04-05T15:29:55.237+0000] {dag.py:4180} INFO - Setting next_dagrun for example_setup_teardown to None, run_after=None
[2025-04-05T15:29:55.260+0000] {processor.py:208} INFO - Processing /home/airflow/.local/lib/python3.12/site-packages/airflow/example_dags/example_setup_teardown.py took 0.087 seconds
[2025-04-05T15:30:26.040+0000] {processor.py:186} INFO - Started process (PID=1480) to work on /home/airflow/.local/lib/python3.12/site-packages/airflow/example_dags/example_setup_teardown.py
[2025-04-05T15:30:26.042+0000] {processor.py:914} INFO - Processing file /home/airflow/.local/lib/python3.12/site-packages/airflow/example_dags/example_setup_teardown.py for tasks to queue
[2025-04-05T15:30:26.044+0000] {logging_mixin.py:190} INFO - [2025-04-05T15:30:26.043+0000] {dagbag.py:588} INFO - Filling up the DagBag from /home/airflow/.local/lib/python3.12/site-packages/airflow/example_dags/example_setup_teardown.py
[2025-04-05T15:30:26.051+0000] {processor.py:925} INFO - DAG(s) 'example_setup_teardown' retrieved from /home/airflow/.local/lib/python3.12/site-packages/airflow/example_dags/example_setup_teardown.py
[2025-04-05T15:30:26.069+0000] {logging_mixin.py:190} INFO - [2025-04-05T15:30:26.069+0000] {dag.py:3239} INFO - Sync 1 DAGs
[2025-04-05T15:30:26.081+0000] {logging_mixin.py:190} INFO - [2025-04-05T15:30:26.081+0000] {dag.py:4180} INFO - Setting next_dagrun for example_setup_teardown to None, run_after=None
[2025-04-05T15:30:26.101+0000] {processor.py:208} INFO - Processing /home/airflow/.local/lib/python3.12/site-packages/airflow/example_dags/example_setup_teardown.py took 0.065 seconds
[2025-04-05T15:30:57.027+0000] {processor.py:186} INFO - Started process (PID=1543) to work on /home/airflow/.local/lib/python3.12/site-packages/airflow/example_dags/example_setup_teardown.py
[2025-04-05T15:30:57.028+0000] {processor.py:914} INFO - Processing file /home/airflow/.local/lib/python3.12/site-packages/airflow/example_dags/example_setup_teardown.py for tasks to queue
[2025-04-05T15:30:57.031+0000] {logging_mixin.py:190} INFO - [2025-04-05T15:30:57.031+0000] {dagbag.py:588} INFO - Filling up the DagBag from /home/airflow/.local/lib/python3.12/site-packages/airflow/example_dags/example_setup_teardown.py
[2025-04-05T15:30:57.038+0000] {processor.py:925} INFO - DAG(s) 'example_setup_teardown' retrieved from /home/airflow/.local/lib/python3.12/site-packages/airflow/example_dags/example_setup_teardown.py
[2025-04-05T15:30:57.063+0000] {logging_mixin.py:190} INFO - [2025-04-05T15:30:57.062+0000] {dag.py:3239} INFO - Sync 1 DAGs
[2025-04-05T15:30:57.076+0000] {logging_mixin.py:190} INFO - [2025-04-05T15:30:57.076+0000] {dag.py:4180} INFO - Setting next_dagrun for example_setup_teardown to None, run_after=None
[2025-04-05T15:30:57.097+0000] {processor.py:208} INFO - Processing /home/airflow/.local/lib/python3.12/site-packages/airflow/example_dags/example_setup_teardown.py took 0.076 seconds
[2025-04-05T15:31:27.768+0000] {processor.py:186} INFO - Started process (PID=1606) to work on /home/airflow/.local/lib/python3.12/site-packages/airflow/example_dags/example_setup_teardown.py
[2025-04-05T15:31:27.771+0000] {processor.py:914} INFO - Processing file /home/airflow/.local/lib/python3.12/site-packages/airflow/example_dags/example_setup_teardown.py for tasks to queue
[2025-04-05T15:31:27.773+0000] {logging_mixin.py:190} INFO - [2025-04-05T15:31:27.773+0000] {dagbag.py:588} INFO - Filling up the DagBag from /home/airflow/.local/lib/python3.12/site-packages/airflow/example_dags/example_setup_teardown.py
[2025-04-05T15:31:27.781+0000] {processor.py:925} INFO - DAG(s) 'example_setup_teardown' retrieved from /home/airflow/.local/lib/python3.12/site-packages/airflow/example_dags/example_setup_teardown.py
[2025-04-05T15:31:27.800+0000] {logging_mixin.py:190} INFO - [2025-04-05T15:31:27.799+0000] {dag.py:3239} INFO - Sync 1 DAGs
[2025-04-05T15:31:27.812+0000] {logging_mixin.py:190} INFO - [2025-04-05T15:31:27.812+0000] {dag.py:4180} INFO - Setting next_dagrun for example_setup_teardown to None, run_after=None
[2025-04-05T15:31:27.831+0000] {processor.py:208} INFO - Processing /home/airflow/.local/lib/python3.12/site-packages/airflow/example_dags/example_setup_teardown.py took 0.068 seconds
[2025-04-05T15:31:58.020+0000] {processor.py:186} INFO - Started process (PID=1669) to work on /home/airflow/.local/lib/python3.12/site-packages/airflow/example_dags/example_setup_teardown.py
[2025-04-05T15:31:58.022+0000] {processor.py:914} INFO - Processing file /home/airflow/.local/lib/python3.12/site-packages/airflow/example_dags/example_setup_teardown.py for tasks to queue
[2025-04-05T15:31:58.026+0000] {logging_mixin.py:190} INFO - [2025-04-05T15:31:58.025+0000] {dagbag.py:588} INFO - Filling up the DagBag from /home/airflow/.local/lib/python3.12/site-packages/airflow/example_dags/example_setup_teardown.py
[2025-04-05T15:31:58.034+0000] {processor.py:925} INFO - DAG(s) 'example_setup_teardown' retrieved from /home/airflow/.local/lib/python3.12/site-packages/airflow/example_dags/example_setup_teardown.py
[2025-04-05T15:31:58.052+0000] {logging_mixin.py:190} INFO - [2025-04-05T15:31:58.052+0000] {dag.py:3239} INFO - Sync 1 DAGs
[2025-04-05T15:31:58.067+0000] {logging_mixin.py:190} INFO - [2025-04-05T15:31:58.067+0000] {dag.py:4180} INFO - Setting next_dagrun for example_setup_teardown to None, run_after=None
[2025-04-05T15:31:58.086+0000] {processor.py:208} INFO - Processing /home/airflow/.local/lib/python3.12/site-packages/airflow/example_dags/example_setup_teardown.py took 0.071 seconds
[2025-04-05T15:32:29.083+0000] {processor.py:186} INFO - Started process (PID=1732) to work on /home/airflow/.local/lib/python3.12/site-packages/airflow/example_dags/example_setup_teardown.py
[2025-04-05T15:32:29.084+0000] {processor.py:914} INFO - Processing file /home/airflow/.local/lib/python3.12/site-packages/airflow/example_dags/example_setup_teardown.py for tasks to queue
[2025-04-05T15:32:29.086+0000] {logging_mixin.py:190} INFO - [2025-04-05T15:32:29.086+0000] {dagbag.py:588} INFO - Filling up the DagBag from /home/airflow/.local/lib/python3.12/site-packages/airflow/example_dags/example_setup_teardown.py
[2025-04-05T15:32:29.094+0000] {processor.py:925} INFO - DAG(s) 'example_setup_teardown' retrieved from /home/airflow/.local/lib/python3.12/site-packages/airflow/example_dags/example_setup_teardown.py
[2025-04-05T15:32:29.116+0000] {logging_mixin.py:190} INFO - [2025-04-05T15:32:29.116+0000] {dag.py:3239} INFO - Sync 1 DAGs
[2025-04-05T15:32:29.129+0000] {logging_mixin.py:190} INFO - [2025-04-05T15:32:29.128+0000] {dag.py:4180} INFO - Setting next_dagrun for example_setup_teardown to None, run_after=None
[2025-04-05T15:32:29.150+0000] {processor.py:208} INFO - Processing /home/airflow/.local/lib/python3.12/site-packages/airflow/example_dags/example_setup_teardown.py took 0.072 seconds
[2025-04-05T15:33:00.606+0000] {processor.py:186} INFO - Started process (PID=1795) to work on /home/airflow/.local/lib/python3.12/site-packages/airflow/example_dags/example_setup_teardown.py
[2025-04-05T15:33:00.611+0000] {processor.py:914} INFO - Processing file /home/airflow/.local/lib/python3.12/site-packages/airflow/example_dags/example_setup_teardown.py for tasks to queue
[2025-04-05T15:33:00.619+0000] {logging_mixin.py:190} INFO - [2025-04-05T15:33:00.619+0000] {dagbag.py:588} INFO - Filling up the DagBag from /home/airflow/.local/lib/python3.12/site-packages/airflow/example_dags/example_setup_teardown.py
[2025-04-05T15:33:00.638+0000] {processor.py:925} INFO - DAG(s) 'example_setup_teardown' retrieved from /home/airflow/.local/lib/python3.12/site-packages/airflow/example_dags/example_setup_teardown.py
[2025-04-05T15:33:00.691+0000] {logging_mixin.py:190} INFO - [2025-04-05T15:33:00.690+0000] {dag.py:3239} INFO - Sync 1 DAGs
[2025-04-05T15:33:00.724+0000] {logging_mixin.py:190} INFO - [2025-04-05T15:33:00.724+0000] {dag.py:4180} INFO - Setting next_dagrun for example_setup_teardown to None, run_after=None
[2025-04-05T15:33:00.755+0000] {processor.py:208} INFO - Processing /home/airflow/.local/lib/python3.12/site-packages/airflow/example_dags/example_setup_teardown.py took 0.156 seconds
