[2025-04-05T15:19:20.753+0000] {processor.py:186} INFO - Started process (PID=122) to work on /home/airflow/.local/lib/python3.12/site-packages/airflow/example_dags/example_branch_python_dop_operator_3.py
[2025-04-05T15:19:20.754+0000] {processor.py:914} INFO - Processing file /home/airflow/.local/lib/python3.12/site-packages/airflow/example_dags/example_branch_python_dop_operator_3.py for tasks to queue
[2025-04-05T15:19:20.756+0000] {logging_mixin.py:190} INFO - [2025-04-05T15:19:20.756+0000] {dagbag.py:588} INFO - Filling up the DagBag from /home/airflow/.local/lib/python3.12/site-packages/airflow/example_dags/example_branch_python_dop_operator_3.py
[2025-04-05T15:19:20.768+0000] {processor.py:925} INFO - DAG(s) 'example_branch_dop_operator_v3' retrieved from /home/airflow/.local/lib/python3.12/site-packages/airflow/example_dags/example_branch_python_dop_operator_3.py
[2025-04-05T15:19:20.867+0000] {logging_mixin.py:190} INFO - [2025-04-05T15:19:20.867+0000] {override.py:1912} INFO - Created Permission View: can read on DAG:example_branch_dop_operator_v3
[2025-04-05T15:19:20.879+0000] {logging_mixin.py:190} INFO - [2025-04-05T15:19:20.878+0000] {override.py:1912} INFO - Created Permission View: can delete on DAG:example_branch_dop_operator_v3
[2025-04-05T15:19:20.888+0000] {logging_mixin.py:190} INFO - [2025-04-05T15:19:20.888+0000] {override.py:1912} INFO - Created Permission View: can edit on DAG:example_branch_dop_operator_v3
[2025-04-05T15:19:20.903+0000] {logging_mixin.py:190} INFO - [2025-04-05T15:19:20.903+0000] {override.py:1912} INFO - Created Permission View: can read on DAG Run:example_branch_dop_operator_v3
[2025-04-05T15:19:20.913+0000] {logging_mixin.py:190} INFO - [2025-04-05T15:19:20.913+0000] {override.py:1912} INFO - Created Permission View: can create on DAG Run:example_branch_dop_operator_v3
[2025-04-05T15:19:20.923+0000] {logging_mixin.py:190} INFO - [2025-04-05T15:19:20.923+0000] {override.py:1912} INFO - Created Permission View: can delete on DAG Run:example_branch_dop_operator_v3
[2025-04-05T15:19:20.933+0000] {logging_mixin.py:190} INFO - [2025-04-05T15:19:20.933+0000] {override.py:1912} INFO - Created Permission View: menu access on DAG Run:example_branch_dop_operator_v3
[2025-04-05T15:19:20.934+0000] {logging_mixin.py:190} INFO - [2025-04-05T15:19:20.934+0000] {dag.py:3239} INFO - Sync 1 DAGs
[2025-04-05T15:19:20.951+0000] {logging_mixin.py:190} INFO - [2025-04-05T15:19:20.951+0000] {dag.py:3262} INFO - Creating ORM DAG for example_branch_dop_operator_v3
[2025-04-05T15:19:20.964+0000] {logging_mixin.py:190} INFO - [2025-04-05T15:19:20.964+0000] {dag.py:4180} INFO - Setting next_dagrun for example_branch_dop_operator_v3 to 2025-04-05 15:18:00+00:00, run_after=2025-04-05 15:19:00+00:00
[2025-04-05T15:19:20.983+0000] {processor.py:208} INFO - Processing /home/airflow/.local/lib/python3.12/site-packages/airflow/example_dags/example_branch_python_dop_operator_3.py took 0.235 seconds
[2025-04-05T15:19:51.592+0000] {processor.py:186} INFO - Started process (PID=185) to work on /home/airflow/.local/lib/python3.12/site-packages/airflow/example_dags/example_branch_python_dop_operator_3.py
[2025-04-05T15:19:51.593+0000] {processor.py:914} INFO - Processing file /home/airflow/.local/lib/python3.12/site-packages/airflow/example_dags/example_branch_python_dop_operator_3.py for tasks to queue
[2025-04-05T15:19:51.595+0000] {logging_mixin.py:190} INFO - [2025-04-05T15:19:51.595+0000] {dagbag.py:588} INFO - Filling up the DagBag from /home/airflow/.local/lib/python3.12/site-packages/airflow/example_dags/example_branch_python_dop_operator_3.py
[2025-04-05T15:19:51.603+0000] {processor.py:925} INFO - DAG(s) 'example_branch_dop_operator_v3' retrieved from /home/airflow/.local/lib/python3.12/site-packages/airflow/example_dags/example_branch_python_dop_operator_3.py
[2025-04-05T15:19:51.619+0000] {logging_mixin.py:190} INFO - [2025-04-05T15:19:51.619+0000] {dag.py:3239} INFO - Sync 1 DAGs
[2025-04-05T15:19:51.638+0000] {logging_mixin.py:190} INFO - [2025-04-05T15:19:51.638+0000] {dag.py:4180} INFO - Setting next_dagrun for example_branch_dop_operator_v3 to 2025-04-05 15:18:00+00:00, run_after=2025-04-05 15:19:00+00:00
[2025-04-05T15:19:51.656+0000] {processor.py:208} INFO - Processing /home/airflow/.local/lib/python3.12/site-packages/airflow/example_dags/example_branch_python_dop_operator_3.py took 0.068 seconds
[2025-04-05T15:20:21.713+0000] {processor.py:186} INFO - Started process (PID=247) to work on /home/airflow/.local/lib/python3.12/site-packages/airflow/example_dags/example_branch_python_dop_operator_3.py
[2025-04-05T15:20:21.715+0000] {processor.py:914} INFO - Processing file /home/airflow/.local/lib/python3.12/site-packages/airflow/example_dags/example_branch_python_dop_operator_3.py for tasks to queue
[2025-04-05T15:20:21.717+0000] {logging_mixin.py:190} INFO - [2025-04-05T15:20:21.716+0000] {dagbag.py:588} INFO - Filling up the DagBag from /home/airflow/.local/lib/python3.12/site-packages/airflow/example_dags/example_branch_python_dop_operator_3.py
[2025-04-05T15:20:21.725+0000] {processor.py:925} INFO - DAG(s) 'example_branch_dop_operator_v3' retrieved from /home/airflow/.local/lib/python3.12/site-packages/airflow/example_dags/example_branch_python_dop_operator_3.py
[2025-04-05T15:20:21.744+0000] {logging_mixin.py:190} INFO - [2025-04-05T15:20:21.744+0000] {dag.py:3239} INFO - Sync 1 DAGs
[2025-04-05T15:20:21.765+0000] {logging_mixin.py:190} INFO - [2025-04-05T15:20:21.765+0000] {dag.py:4180} INFO - Setting next_dagrun for example_branch_dop_operator_v3 to 2025-04-05 15:19:00+00:00, run_after=2025-04-05 15:20:00+00:00
[2025-04-05T15:20:21.784+0000] {processor.py:208} INFO - Processing /home/airflow/.local/lib/python3.12/site-packages/airflow/example_dags/example_branch_python_dop_operator_3.py took 0.075 seconds
[2025-04-05T15:20:52.332+0000] {processor.py:186} INFO - Started process (PID=309) to work on /home/airflow/.local/lib/python3.12/site-packages/airflow/example_dags/example_branch_python_dop_operator_3.py
[2025-04-05T15:20:52.334+0000] {processor.py:914} INFO - Processing file /home/airflow/.local/lib/python3.12/site-packages/airflow/example_dags/example_branch_python_dop_operator_3.py for tasks to queue
[2025-04-05T15:20:52.335+0000] {logging_mixin.py:190} INFO - [2025-04-05T15:20:52.335+0000] {dagbag.py:588} INFO - Filling up the DagBag from /home/airflow/.local/lib/python3.12/site-packages/airflow/example_dags/example_branch_python_dop_operator_3.py
[2025-04-05T15:20:52.344+0000] {processor.py:925} INFO - DAG(s) 'example_branch_dop_operator_v3' retrieved from /home/airflow/.local/lib/python3.12/site-packages/airflow/example_dags/example_branch_python_dop_operator_3.py
[2025-04-05T15:20:52.361+0000] {logging_mixin.py:190} INFO - [2025-04-05T15:20:52.361+0000] {dag.py:3239} INFO - Sync 1 DAGs
[2025-04-05T15:20:52.387+0000] {logging_mixin.py:190} INFO - [2025-04-05T15:20:52.387+0000] {dag.py:4180} INFO - Setting next_dagrun for example_branch_dop_operator_v3 to 2025-04-05 15:19:00+00:00, run_after=2025-04-05 15:20:00+00:00
[2025-04-05T15:20:52.410+0000] {processor.py:208} INFO - Processing /home/airflow/.local/lib/python3.12/site-packages/airflow/example_dags/example_branch_python_dop_operator_3.py took 0.082 seconds
[2025-04-05T15:21:22.785+0000] {processor.py:186} INFO - Started process (PID=372) to work on /home/airflow/.local/lib/python3.12/site-packages/airflow/example_dags/example_branch_python_dop_operator_3.py
[2025-04-05T15:21:22.786+0000] {processor.py:914} INFO - Processing file /home/airflow/.local/lib/python3.12/site-packages/airflow/example_dags/example_branch_python_dop_operator_3.py for tasks to queue
[2025-04-05T15:21:22.788+0000] {logging_mixin.py:190} INFO - [2025-04-05T15:21:22.787+0000] {dagbag.py:588} INFO - Filling up the DagBag from /home/airflow/.local/lib/python3.12/site-packages/airflow/example_dags/example_branch_python_dop_operator_3.py
[2025-04-05T15:21:22.795+0000] {processor.py:925} INFO - DAG(s) 'example_branch_dop_operator_v3' retrieved from /home/airflow/.local/lib/python3.12/site-packages/airflow/example_dags/example_branch_python_dop_operator_3.py
[2025-04-05T15:21:22.810+0000] {logging_mixin.py:190} INFO - [2025-04-05T15:21:22.810+0000] {dag.py:3239} INFO - Sync 1 DAGs
[2025-04-05T15:21:22.830+0000] {logging_mixin.py:190} INFO - [2025-04-05T15:21:22.830+0000] {dag.py:4180} INFO - Setting next_dagrun for example_branch_dop_operator_v3 to 2025-04-05 15:20:00+00:00, run_after=2025-04-05 15:21:00+00:00
[2025-04-05T15:21:22.850+0000] {processor.py:208} INFO - Processing /home/airflow/.local/lib/python3.12/site-packages/airflow/example_dags/example_branch_python_dop_operator_3.py took 0.069 seconds
[2025-04-05T15:21:53.152+0000] {processor.py:186} INFO - Started process (PID=435) to work on /home/airflow/.local/lib/python3.12/site-packages/airflow/example_dags/example_branch_python_dop_operator_3.py
[2025-04-05T15:21:53.153+0000] {processor.py:914} INFO - Processing file /home/airflow/.local/lib/python3.12/site-packages/airflow/example_dags/example_branch_python_dop_operator_3.py for tasks to queue
[2025-04-05T15:21:53.155+0000] {logging_mixin.py:190} INFO - [2025-04-05T15:21:53.155+0000] {dagbag.py:588} INFO - Filling up the DagBag from /home/airflow/.local/lib/python3.12/site-packages/airflow/example_dags/example_branch_python_dop_operator_3.py
[2025-04-05T15:21:53.163+0000] {processor.py:925} INFO - DAG(s) 'example_branch_dop_operator_v3' retrieved from /home/airflow/.local/lib/python3.12/site-packages/airflow/example_dags/example_branch_python_dop_operator_3.py
[2025-04-05T15:21:53.179+0000] {logging_mixin.py:190} INFO - [2025-04-05T15:21:53.179+0000] {dag.py:3239} INFO - Sync 1 DAGs
[2025-04-05T15:21:53.198+0000] {logging_mixin.py:190} INFO - [2025-04-05T15:21:53.198+0000] {dag.py:4180} INFO - Setting next_dagrun for example_branch_dop_operator_v3 to 2025-04-05 15:20:00+00:00, run_after=2025-04-05 15:21:00+00:00
[2025-04-05T15:21:53.217+0000] {processor.py:208} INFO - Processing /home/airflow/.local/lib/python3.12/site-packages/airflow/example_dags/example_branch_python_dop_operator_3.py took 0.069 seconds
[2025-04-05T15:22:23.573+0000] {processor.py:186} INFO - Started process (PID=498) to work on /home/airflow/.local/lib/python3.12/site-packages/airflow/example_dags/example_branch_python_dop_operator_3.py
[2025-04-05T15:22:23.574+0000] {processor.py:914} INFO - Processing file /home/airflow/.local/lib/python3.12/site-packages/airflow/example_dags/example_branch_python_dop_operator_3.py for tasks to queue
[2025-04-05T15:22:23.576+0000] {logging_mixin.py:190} INFO - [2025-04-05T15:22:23.575+0000] {dagbag.py:588} INFO - Filling up the DagBag from /home/airflow/.local/lib/python3.12/site-packages/airflow/example_dags/example_branch_python_dop_operator_3.py
[2025-04-05T15:22:23.583+0000] {processor.py:925} INFO - DAG(s) 'example_branch_dop_operator_v3' retrieved from /home/airflow/.local/lib/python3.12/site-packages/airflow/example_dags/example_branch_python_dop_operator_3.py
[2025-04-05T15:22:23.599+0000] {logging_mixin.py:190} INFO - [2025-04-05T15:22:23.598+0000] {dag.py:3239} INFO - Sync 1 DAGs
[2025-04-05T15:22:23.616+0000] {logging_mixin.py:190} INFO - [2025-04-05T15:22:23.616+0000] {dag.py:4180} INFO - Setting next_dagrun for example_branch_dop_operator_v3 to 2025-04-05 15:21:00+00:00, run_after=2025-04-05 15:22:00+00:00
[2025-04-05T15:22:23.633+0000] {processor.py:208} INFO - Processing /home/airflow/.local/lib/python3.12/site-packages/airflow/example_dags/example_branch_python_dop_operator_3.py took 0.064 seconds
[2025-04-05T15:22:54.457+0000] {processor.py:186} INFO - Started process (PID=561) to work on /home/airflow/.local/lib/python3.12/site-packages/airflow/example_dags/example_branch_python_dop_operator_3.py
[2025-04-05T15:22:54.458+0000] {processor.py:914} INFO - Processing file /home/airflow/.local/lib/python3.12/site-packages/airflow/example_dags/example_branch_python_dop_operator_3.py for tasks to queue
[2025-04-05T15:22:54.460+0000] {logging_mixin.py:190} INFO - [2025-04-05T15:22:54.459+0000] {dagbag.py:588} INFO - Filling up the DagBag from /home/airflow/.local/lib/python3.12/site-packages/airflow/example_dags/example_branch_python_dop_operator_3.py
[2025-04-05T15:22:54.468+0000] {processor.py:925} INFO - DAG(s) 'example_branch_dop_operator_v3' retrieved from /home/airflow/.local/lib/python3.12/site-packages/airflow/example_dags/example_branch_python_dop_operator_3.py
[2025-04-05T15:22:54.485+0000] {logging_mixin.py:190} INFO - [2025-04-05T15:22:54.485+0000] {dag.py:3239} INFO - Sync 1 DAGs
[2025-04-05T15:22:54.507+0000] {logging_mixin.py:190} INFO - [2025-04-05T15:22:54.507+0000] {dag.py:4180} INFO - Setting next_dagrun for example_branch_dop_operator_v3 to 2025-04-05 15:21:00+00:00, run_after=2025-04-05 15:22:00+00:00
[2025-04-05T15:22:54.527+0000] {processor.py:208} INFO - Processing /home/airflow/.local/lib/python3.12/site-packages/airflow/example_dags/example_branch_python_dop_operator_3.py took 0.075 seconds
[2025-04-05T15:23:24.660+0000] {processor.py:186} INFO - Started process (PID=624) to work on /home/airflow/.local/lib/python3.12/site-packages/airflow/example_dags/example_branch_python_dop_operator_3.py
[2025-04-05T15:23:24.661+0000] {processor.py:914} INFO - Processing file /home/airflow/.local/lib/python3.12/site-packages/airflow/example_dags/example_branch_python_dop_operator_3.py for tasks to queue
[2025-04-05T15:23:24.663+0000] {logging_mixin.py:190} INFO - [2025-04-05T15:23:24.663+0000] {dagbag.py:588} INFO - Filling up the DagBag from /home/airflow/.local/lib/python3.12/site-packages/airflow/example_dags/example_branch_python_dop_operator_3.py
[2025-04-05T15:23:24.675+0000] {processor.py:925} INFO - DAG(s) 'example_branch_dop_operator_v3' retrieved from /home/airflow/.local/lib/python3.12/site-packages/airflow/example_dags/example_branch_python_dop_operator_3.py
[2025-04-05T15:23:24.693+0000] {logging_mixin.py:190} INFO - [2025-04-05T15:23:24.692+0000] {dag.py:3239} INFO - Sync 1 DAGs
[2025-04-05T15:23:24.729+0000] {logging_mixin.py:190} INFO - [2025-04-05T15:23:24.729+0000] {dag.py:4180} INFO - Setting next_dagrun for example_branch_dop_operator_v3 to 2025-04-05 15:22:00+00:00, run_after=2025-04-05 15:23:00+00:00
[2025-04-05T15:23:24.764+0000] {processor.py:208} INFO - Processing /home/airflow/.local/lib/python3.12/site-packages/airflow/example_dags/example_branch_python_dop_operator_3.py took 0.111 seconds
[2025-04-05T15:23:55.115+0000] {processor.py:186} INFO - Started process (PID=687) to work on /home/airflow/.local/lib/python3.12/site-packages/airflow/example_dags/example_branch_python_dop_operator_3.py
[2025-04-05T15:23:55.117+0000] {processor.py:914} INFO - Processing file /home/airflow/.local/lib/python3.12/site-packages/airflow/example_dags/example_branch_python_dop_operator_3.py for tasks to queue
[2025-04-05T15:23:55.119+0000] {logging_mixin.py:190} INFO - [2025-04-05T15:23:55.118+0000] {dagbag.py:588} INFO - Filling up the DagBag from /home/airflow/.local/lib/python3.12/site-packages/airflow/example_dags/example_branch_python_dop_operator_3.py
[2025-04-05T15:23:55.126+0000] {processor.py:925} INFO - DAG(s) 'example_branch_dop_operator_v3' retrieved from /home/airflow/.local/lib/python3.12/site-packages/airflow/example_dags/example_branch_python_dop_operator_3.py
[2025-04-05T15:23:55.143+0000] {logging_mixin.py:190} INFO - [2025-04-05T15:23:55.143+0000] {dag.py:3239} INFO - Sync 1 DAGs
[2025-04-05T15:23:55.163+0000] {logging_mixin.py:190} INFO - [2025-04-05T15:23:55.162+0000] {dag.py:4180} INFO - Setting next_dagrun for example_branch_dop_operator_v3 to 2025-04-05 15:22:00+00:00, run_after=2025-04-05 15:23:00+00:00
[2025-04-05T15:23:55.181+0000] {processor.py:208} INFO - Processing /home/airflow/.local/lib/python3.12/site-packages/airflow/example_dags/example_branch_python_dop_operator_3.py took 0.070 seconds
[2025-04-05T15:24:25.236+0000] {processor.py:186} INFO - Started process (PID=750) to work on /home/airflow/.local/lib/python3.12/site-packages/airflow/example_dags/example_branch_python_dop_operator_3.py
[2025-04-05T15:24:25.237+0000] {processor.py:914} INFO - Processing file /home/airflow/.local/lib/python3.12/site-packages/airflow/example_dags/example_branch_python_dop_operator_3.py for tasks to queue
[2025-04-05T15:24:25.240+0000] {logging_mixin.py:190} INFO - [2025-04-05T15:24:25.239+0000] {dagbag.py:588} INFO - Filling up the DagBag from /home/airflow/.local/lib/python3.12/site-packages/airflow/example_dags/example_branch_python_dop_operator_3.py
[2025-04-05T15:24:25.250+0000] {processor.py:925} INFO - DAG(s) 'example_branch_dop_operator_v3' retrieved from /home/airflow/.local/lib/python3.12/site-packages/airflow/example_dags/example_branch_python_dop_operator_3.py
[2025-04-05T15:24:25.270+0000] {logging_mixin.py:190} INFO - [2025-04-05T15:24:25.269+0000] {dag.py:3239} INFO - Sync 1 DAGs
[2025-04-05T15:24:25.292+0000] {logging_mixin.py:190} INFO - [2025-04-05T15:24:25.292+0000] {dag.py:4180} INFO - Setting next_dagrun for example_branch_dop_operator_v3 to 2025-04-05 15:23:00+00:00, run_after=2025-04-05 15:24:00+00:00
[2025-04-05T15:24:25.315+0000] {processor.py:208} INFO - Processing /home/airflow/.local/lib/python3.12/site-packages/airflow/example_dags/example_branch_python_dop_operator_3.py took 0.085 seconds
[2025-04-05T15:24:56.229+0000] {processor.py:186} INFO - Started process (PID=813) to work on /home/airflow/.local/lib/python3.12/site-packages/airflow/example_dags/example_branch_python_dop_operator_3.py
[2025-04-05T15:24:56.230+0000] {processor.py:914} INFO - Processing file /home/airflow/.local/lib/python3.12/site-packages/airflow/example_dags/example_branch_python_dop_operator_3.py for tasks to queue
[2025-04-05T15:24:56.232+0000] {logging_mixin.py:190} INFO - [2025-04-05T15:24:56.231+0000] {dagbag.py:588} INFO - Filling up the DagBag from /home/airflow/.local/lib/python3.12/site-packages/airflow/example_dags/example_branch_python_dop_operator_3.py
[2025-04-05T15:24:56.240+0000] {processor.py:925} INFO - DAG(s) 'example_branch_dop_operator_v3' retrieved from /home/airflow/.local/lib/python3.12/site-packages/airflow/example_dags/example_branch_python_dop_operator_3.py
[2025-04-05T15:24:56.257+0000] {logging_mixin.py:190} INFO - [2025-04-05T15:24:56.257+0000] {dag.py:3239} INFO - Sync 1 DAGs
[2025-04-05T15:24:56.279+0000] {logging_mixin.py:190} INFO - [2025-04-05T15:24:56.279+0000] {dag.py:4180} INFO - Setting next_dagrun for example_branch_dop_operator_v3 to 2025-04-05 15:23:00+00:00, run_after=2025-04-05 15:24:00+00:00
[2025-04-05T15:24:56.297+0000] {processor.py:208} INFO - Processing /home/airflow/.local/lib/python3.12/site-packages/airflow/example_dags/example_branch_python_dop_operator_3.py took 0.073 seconds
[2025-04-05T15:25:26.442+0000] {processor.py:186} INFO - Started process (PID=876) to work on /home/airflow/.local/lib/python3.12/site-packages/airflow/example_dags/example_branch_python_dop_operator_3.py
[2025-04-05T15:25:26.443+0000] {processor.py:914} INFO - Processing file /home/airflow/.local/lib/python3.12/site-packages/airflow/example_dags/example_branch_python_dop_operator_3.py for tasks to queue
[2025-04-05T15:25:26.446+0000] {logging_mixin.py:190} INFO - [2025-04-05T15:25:26.445+0000] {dagbag.py:588} INFO - Filling up the DagBag from /home/airflow/.local/lib/python3.12/site-packages/airflow/example_dags/example_branch_python_dop_operator_3.py
[2025-04-05T15:25:26.456+0000] {processor.py:925} INFO - DAG(s) 'example_branch_dop_operator_v3' retrieved from /home/airflow/.local/lib/python3.12/site-packages/airflow/example_dags/example_branch_python_dop_operator_3.py
[2025-04-05T15:25:26.477+0000] {logging_mixin.py:190} INFO - [2025-04-05T15:25:26.477+0000] {dag.py:3239} INFO - Sync 1 DAGs
[2025-04-05T15:25:26.501+0000] {logging_mixin.py:190} INFO - [2025-04-05T15:25:26.501+0000] {dag.py:4180} INFO - Setting next_dagrun for example_branch_dop_operator_v3 to 2025-04-05 15:24:00+00:00, run_after=2025-04-05 15:25:00+00:00
[2025-04-05T15:25:26.521+0000] {processor.py:208} INFO - Processing /home/airflow/.local/lib/python3.12/site-packages/airflow/example_dags/example_branch_python_dop_operator_3.py took 0.085 seconds
[2025-04-05T15:25:56.720+0000] {processor.py:186} INFO - Started process (PID=938) to work on /home/airflow/.local/lib/python3.12/site-packages/airflow/example_dags/example_branch_python_dop_operator_3.py
[2025-04-05T15:25:56.722+0000] {processor.py:914} INFO - Processing file /home/airflow/.local/lib/python3.12/site-packages/airflow/example_dags/example_branch_python_dop_operator_3.py for tasks to queue
[2025-04-05T15:25:56.724+0000] {logging_mixin.py:190} INFO - [2025-04-05T15:25:56.723+0000] {dagbag.py:588} INFO - Filling up the DagBag from /home/airflow/.local/lib/python3.12/site-packages/airflow/example_dags/example_branch_python_dop_operator_3.py
[2025-04-05T15:25:56.732+0000] {processor.py:925} INFO - DAG(s) 'example_branch_dop_operator_v3' retrieved from /home/airflow/.local/lib/python3.12/site-packages/airflow/example_dags/example_branch_python_dop_operator_3.py
[2025-04-05T15:25:56.751+0000] {logging_mixin.py:190} INFO - [2025-04-05T15:25:56.751+0000] {dag.py:3239} INFO - Sync 1 DAGs
[2025-04-05T15:25:56.774+0000] {logging_mixin.py:190} INFO - [2025-04-05T15:25:56.773+0000] {dag.py:4180} INFO - Setting next_dagrun for example_branch_dop_operator_v3 to 2025-04-05 15:24:00+00:00, run_after=2025-04-05 15:25:00+00:00
[2025-04-05T15:25:56.795+0000] {processor.py:208} INFO - Processing /home/airflow/.local/lib/python3.12/site-packages/airflow/example_dags/example_branch_python_dop_operator_3.py took 0.079 seconds
[2025-04-05T15:26:27.296+0000] {processor.py:186} INFO - Started process (PID=1001) to work on /home/airflow/.local/lib/python3.12/site-packages/airflow/example_dags/example_branch_python_dop_operator_3.py
[2025-04-05T15:26:27.297+0000] {processor.py:914} INFO - Processing file /home/airflow/.local/lib/python3.12/site-packages/airflow/example_dags/example_branch_python_dop_operator_3.py for tasks to queue
[2025-04-05T15:26:27.300+0000] {logging_mixin.py:190} INFO - [2025-04-05T15:26:27.299+0000] {dagbag.py:588} INFO - Filling up the DagBag from /home/airflow/.local/lib/python3.12/site-packages/airflow/example_dags/example_branch_python_dop_operator_3.py
[2025-04-05T15:26:27.309+0000] {processor.py:925} INFO - DAG(s) 'example_branch_dop_operator_v3' retrieved from /home/airflow/.local/lib/python3.12/site-packages/airflow/example_dags/example_branch_python_dop_operator_3.py
[2025-04-05T15:26:27.330+0000] {logging_mixin.py:190} INFO - [2025-04-05T15:26:27.329+0000] {dag.py:3239} INFO - Sync 1 DAGs
[2025-04-05T15:26:27.356+0000] {logging_mixin.py:190} INFO - [2025-04-05T15:26:27.356+0000] {dag.py:4180} INFO - Setting next_dagrun for example_branch_dop_operator_v3 to 2025-04-05 15:25:00+00:00, run_after=2025-04-05 15:26:00+00:00
[2025-04-05T15:26:27.409+0000] {processor.py:208} INFO - Processing /home/airflow/.local/lib/python3.12/site-packages/airflow/example_dags/example_branch_python_dop_operator_3.py took 0.118 seconds
[2025-04-05T15:26:57.454+0000] {processor.py:186} INFO - Started process (PID=1064) to work on /home/airflow/.local/lib/python3.12/site-packages/airflow/example_dags/example_branch_python_dop_operator_3.py
[2025-04-05T15:26:57.455+0000] {processor.py:914} INFO - Processing file /home/airflow/.local/lib/python3.12/site-packages/airflow/example_dags/example_branch_python_dop_operator_3.py for tasks to queue
[2025-04-05T15:26:57.457+0000] {logging_mixin.py:190} INFO - [2025-04-05T15:26:57.457+0000] {dagbag.py:588} INFO - Filling up the DagBag from /home/airflow/.local/lib/python3.12/site-packages/airflow/example_dags/example_branch_python_dop_operator_3.py
[2025-04-05T15:26:57.469+0000] {processor.py:925} INFO - DAG(s) 'example_branch_dop_operator_v3' retrieved from /home/airflow/.local/lib/python3.12/site-packages/airflow/example_dags/example_branch_python_dop_operator_3.py
[2025-04-05T15:26:57.488+0000] {logging_mixin.py:190} INFO - [2025-04-05T15:26:57.488+0000] {dag.py:3239} INFO - Sync 1 DAGs
[2025-04-05T15:26:57.537+0000] {logging_mixin.py:190} INFO - [2025-04-05T15:26:57.537+0000] {dag.py:4180} INFO - Setting next_dagrun for example_branch_dop_operator_v3 to 2025-04-05 15:25:00+00:00, run_after=2025-04-05 15:26:00+00:00
[2025-04-05T15:26:57.560+0000] {processor.py:208} INFO - Processing /home/airflow/.local/lib/python3.12/site-packages/airflow/example_dags/example_branch_python_dop_operator_3.py took 0.111 seconds
[2025-04-05T15:27:28.513+0000] {processor.py:186} INFO - Started process (PID=1127) to work on /home/airflow/.local/lib/python3.12/site-packages/airflow/example_dags/example_branch_python_dop_operator_3.py
[2025-04-05T15:27:28.515+0000] {processor.py:914} INFO - Processing file /home/airflow/.local/lib/python3.12/site-packages/airflow/example_dags/example_branch_python_dop_operator_3.py for tasks to queue
[2025-04-05T15:27:28.517+0000] {logging_mixin.py:190} INFO - [2025-04-05T15:27:28.516+0000] {dagbag.py:588} INFO - Filling up the DagBag from /home/airflow/.local/lib/python3.12/site-packages/airflow/example_dags/example_branch_python_dop_operator_3.py
[2025-04-05T15:27:28.527+0000] {processor.py:925} INFO - DAG(s) 'example_branch_dop_operator_v3' retrieved from /home/airflow/.local/lib/python3.12/site-packages/airflow/example_dags/example_branch_python_dop_operator_3.py
[2025-04-05T15:27:28.546+0000] {logging_mixin.py:190} INFO - [2025-04-05T15:27:28.545+0000] {dag.py:3239} INFO - Sync 1 DAGs
[2025-04-05T15:27:28.567+0000] {logging_mixin.py:190} INFO - [2025-04-05T15:27:28.567+0000] {dag.py:4180} INFO - Setting next_dagrun for example_branch_dop_operator_v3 to 2025-04-05 15:26:00+00:00, run_after=2025-04-05 15:27:00+00:00
[2025-04-05T15:27:28.587+0000] {processor.py:208} INFO - Processing /home/airflow/.local/lib/python3.12/site-packages/airflow/example_dags/example_branch_python_dop_operator_3.py took 0.079 seconds
[2025-04-05T15:27:59.162+0000] {processor.py:186} INFO - Started process (PID=1190) to work on /home/airflow/.local/lib/python3.12/site-packages/airflow/example_dags/example_branch_python_dop_operator_3.py
[2025-04-05T15:27:59.164+0000] {processor.py:914} INFO - Processing file /home/airflow/.local/lib/python3.12/site-packages/airflow/example_dags/example_branch_python_dop_operator_3.py for tasks to queue
[2025-04-05T15:27:59.166+0000] {logging_mixin.py:190} INFO - [2025-04-05T15:27:59.166+0000] {dagbag.py:588} INFO - Filling up the DagBag from /home/airflow/.local/lib/python3.12/site-packages/airflow/example_dags/example_branch_python_dop_operator_3.py
[2025-04-05T15:27:59.176+0000] {processor.py:925} INFO - DAG(s) 'example_branch_dop_operator_v3' retrieved from /home/airflow/.local/lib/python3.12/site-packages/airflow/example_dags/example_branch_python_dop_operator_3.py
[2025-04-05T15:27:59.195+0000] {logging_mixin.py:190} INFO - [2025-04-05T15:27:59.195+0000] {dag.py:3239} INFO - Sync 1 DAGs
[2025-04-05T15:27:59.217+0000] {logging_mixin.py:190} INFO - [2025-04-05T15:27:59.217+0000] {dag.py:4180} INFO - Setting next_dagrun for example_branch_dop_operator_v3 to 2025-04-05 15:26:00+00:00, run_after=2025-04-05 15:27:00+00:00
[2025-04-05T15:27:59.238+0000] {processor.py:208} INFO - Processing /home/airflow/.local/lib/python3.12/site-packages/airflow/example_dags/example_branch_python_dop_operator_3.py took 0.080 seconds
[2025-04-05T15:28:30.129+0000] {processor.py:186} INFO - Started process (PID=1253) to work on /home/airflow/.local/lib/python3.12/site-packages/airflow/example_dags/example_branch_python_dop_operator_3.py
[2025-04-05T15:28:30.130+0000] {processor.py:914} INFO - Processing file /home/airflow/.local/lib/python3.12/site-packages/airflow/example_dags/example_branch_python_dop_operator_3.py for tasks to queue
[2025-04-05T15:28:30.132+0000] {logging_mixin.py:190} INFO - [2025-04-05T15:28:30.132+0000] {dagbag.py:588} INFO - Filling up the DagBag from /home/airflow/.local/lib/python3.12/site-packages/airflow/example_dags/example_branch_python_dop_operator_3.py
[2025-04-05T15:28:30.141+0000] {processor.py:925} INFO - DAG(s) 'example_branch_dop_operator_v3' retrieved from /home/airflow/.local/lib/python3.12/site-packages/airflow/example_dags/example_branch_python_dop_operator_3.py
[2025-04-05T15:28:30.161+0000] {logging_mixin.py:190} INFO - [2025-04-05T15:28:30.161+0000] {dag.py:3239} INFO - Sync 1 DAGs
[2025-04-05T15:28:30.189+0000] {logging_mixin.py:190} INFO - [2025-04-05T15:28:30.189+0000] {dag.py:4180} INFO - Setting next_dagrun for example_branch_dop_operator_v3 to 2025-04-05 15:27:00+00:00, run_after=2025-04-05 15:28:00+00:00
[2025-04-05T15:28:30.217+0000] {processor.py:208} INFO - Processing /home/airflow/.local/lib/python3.12/site-packages/airflow/example_dags/example_branch_python_dop_operator_3.py took 0.093 seconds
[2025-04-05T15:29:00.937+0000] {processor.py:186} INFO - Started process (PID=1316) to work on /home/airflow/.local/lib/python3.12/site-packages/airflow/example_dags/example_branch_python_dop_operator_3.py
[2025-04-05T15:29:00.941+0000] {processor.py:914} INFO - Processing file /home/airflow/.local/lib/python3.12/site-packages/airflow/example_dags/example_branch_python_dop_operator_3.py for tasks to queue
[2025-04-05T15:29:00.943+0000] {logging_mixin.py:190} INFO - [2025-04-05T15:29:00.942+0000] {dagbag.py:588} INFO - Filling up the DagBag from /home/airflow/.local/lib/python3.12/site-packages/airflow/example_dags/example_branch_python_dop_operator_3.py
[2025-04-05T15:29:00.954+0000] {processor.py:925} INFO - DAG(s) 'example_branch_dop_operator_v3' retrieved from /home/airflow/.local/lib/python3.12/site-packages/airflow/example_dags/example_branch_python_dop_operator_3.py
[2025-04-05T15:29:00.973+0000] {logging_mixin.py:190} INFO - [2025-04-05T15:29:00.972+0000] {dag.py:3239} INFO - Sync 1 DAGs
[2025-04-05T15:29:01.002+0000] {logging_mixin.py:190} INFO - [2025-04-05T15:29:01.002+0000] {dag.py:4180} INFO - Setting next_dagrun for example_branch_dop_operator_v3 to 2025-04-05 15:28:00+00:00, run_after=2025-04-05 15:29:00+00:00
[2025-04-05T15:29:01.022+0000] {processor.py:208} INFO - Processing /home/airflow/.local/lib/python3.12/site-packages/airflow/example_dags/example_branch_python_dop_operator_3.py took 0.092 seconds
[2025-04-05T15:29:31.833+0000] {processor.py:186} INFO - Started process (PID=1379) to work on /home/airflow/.local/lib/python3.12/site-packages/airflow/example_dags/example_branch_python_dop_operator_3.py
[2025-04-05T15:29:31.834+0000] {processor.py:914} INFO - Processing file /home/airflow/.local/lib/python3.12/site-packages/airflow/example_dags/example_branch_python_dop_operator_3.py for tasks to queue
[2025-04-05T15:29:31.837+0000] {logging_mixin.py:190} INFO - [2025-04-05T15:29:31.837+0000] {dagbag.py:588} INFO - Filling up the DagBag from /home/airflow/.local/lib/python3.12/site-packages/airflow/example_dags/example_branch_python_dop_operator_3.py
[2025-04-05T15:29:31.850+0000] {processor.py:925} INFO - DAG(s) 'example_branch_dop_operator_v3' retrieved from /home/airflow/.local/lib/python3.12/site-packages/airflow/example_dags/example_branch_python_dop_operator_3.py
[2025-04-05T15:29:31.867+0000] {logging_mixin.py:190} INFO - [2025-04-05T15:29:31.867+0000] {dag.py:3239} INFO - Sync 1 DAGs
[2025-04-05T15:29:31.888+0000] {logging_mixin.py:190} INFO - [2025-04-05T15:29:31.888+0000] {dag.py:4180} INFO - Setting next_dagrun for example_branch_dop_operator_v3 to 2025-04-05 15:28:00+00:00, run_after=2025-04-05 15:29:00+00:00
[2025-04-05T15:29:31.908+0000] {processor.py:208} INFO - Processing /home/airflow/.local/lib/python3.12/site-packages/airflow/example_dags/example_branch_python_dop_operator_3.py took 0.086 seconds
[2025-04-05T15:30:02.620+0000] {processor.py:186} INFO - Started process (PID=1442) to work on /home/airflow/.local/lib/python3.12/site-packages/airflow/example_dags/example_branch_python_dop_operator_3.py
[2025-04-05T15:30:02.621+0000] {processor.py:914} INFO - Processing file /home/airflow/.local/lib/python3.12/site-packages/airflow/example_dags/example_branch_python_dop_operator_3.py for tasks to queue
[2025-04-05T15:30:02.623+0000] {logging_mixin.py:190} INFO - [2025-04-05T15:30:02.622+0000] {dagbag.py:588} INFO - Filling up the DagBag from /home/airflow/.local/lib/python3.12/site-packages/airflow/example_dags/example_branch_python_dop_operator_3.py
[2025-04-05T15:30:02.630+0000] {processor.py:925} INFO - DAG(s) 'example_branch_dop_operator_v3' retrieved from /home/airflow/.local/lib/python3.12/site-packages/airflow/example_dags/example_branch_python_dop_operator_3.py
[2025-04-05T15:30:02.646+0000] {logging_mixin.py:190} INFO - [2025-04-05T15:30:02.646+0000] {dag.py:3239} INFO - Sync 1 DAGs
[2025-04-05T15:30:02.668+0000] {logging_mixin.py:190} INFO - [2025-04-05T15:30:02.667+0000] {dag.py:4180} INFO - Setting next_dagrun for example_branch_dop_operator_v3 to 2025-04-05 15:29:00+00:00, run_after=2025-04-05 15:30:00+00:00
[2025-04-05T15:30:02.687+0000] {processor.py:208} INFO - Processing /home/airflow/.local/lib/python3.12/site-packages/airflow/example_dags/example_branch_python_dop_operator_3.py took 0.072 seconds
[2025-04-05T15:30:33.546+0000] {processor.py:186} INFO - Started process (PID=1506) to work on /home/airflow/.local/lib/python3.12/site-packages/airflow/example_dags/example_branch_python_dop_operator_3.py
[2025-04-05T15:30:33.547+0000] {processor.py:914} INFO - Processing file /home/airflow/.local/lib/python3.12/site-packages/airflow/example_dags/example_branch_python_dop_operator_3.py for tasks to queue
[2025-04-05T15:30:33.549+0000] {logging_mixin.py:190} INFO - [2025-04-05T15:30:33.549+0000] {dagbag.py:588} INFO - Filling up the DagBag from /home/airflow/.local/lib/python3.12/site-packages/airflow/example_dags/example_branch_python_dop_operator_3.py
[2025-04-05T15:30:33.558+0000] {processor.py:925} INFO - DAG(s) 'example_branch_dop_operator_v3' retrieved from /home/airflow/.local/lib/python3.12/site-packages/airflow/example_dags/example_branch_python_dop_operator_3.py
[2025-04-05T15:30:33.577+0000] {logging_mixin.py:190} INFO - [2025-04-05T15:30:33.577+0000] {dag.py:3239} INFO - Sync 1 DAGs
[2025-04-05T15:30:33.605+0000] {logging_mixin.py:190} INFO - [2025-04-05T15:30:33.605+0000] {dag.py:4180} INFO - Setting next_dagrun for example_branch_dop_operator_v3 to 2025-04-05 15:29:00+00:00, run_after=2025-04-05 15:30:00+00:00
[2025-04-05T15:30:33.624+0000] {processor.py:208} INFO - Processing /home/airflow/.local/lib/python3.12/site-packages/airflow/example_dags/example_branch_python_dop_operator_3.py took 0.085 seconds
[2025-04-05T15:31:04.374+0000] {processor.py:186} INFO - Started process (PID=1569) to work on /home/airflow/.local/lib/python3.12/site-packages/airflow/example_dags/example_branch_python_dop_operator_3.py
[2025-04-05T15:31:04.376+0000] {processor.py:914} INFO - Processing file /home/airflow/.local/lib/python3.12/site-packages/airflow/example_dags/example_branch_python_dop_operator_3.py for tasks to queue
[2025-04-05T15:31:04.378+0000] {logging_mixin.py:190} INFO - [2025-04-05T15:31:04.378+0000] {dagbag.py:588} INFO - Filling up the DagBag from /home/airflow/.local/lib/python3.12/site-packages/airflow/example_dags/example_branch_python_dop_operator_3.py
[2025-04-05T15:31:04.391+0000] {processor.py:925} INFO - DAG(s) 'example_branch_dop_operator_v3' retrieved from /home/airflow/.local/lib/python3.12/site-packages/airflow/example_dags/example_branch_python_dop_operator_3.py
[2025-04-05T15:31:04.410+0000] {logging_mixin.py:190} INFO - [2025-04-05T15:31:04.410+0000] {dag.py:3239} INFO - Sync 1 DAGs
[2025-04-05T15:31:04.437+0000] {logging_mixin.py:190} INFO - [2025-04-05T15:31:04.437+0000] {dag.py:4180} INFO - Setting next_dagrun for example_branch_dop_operator_v3 to 2025-04-05 15:30:00+00:00, run_after=2025-04-05 15:31:00+00:00
[2025-04-05T15:31:04.461+0000] {processor.py:208} INFO - Processing /home/airflow/.local/lib/python3.12/site-packages/airflow/example_dags/example_branch_python_dop_operator_3.py took 0.092 seconds
[2025-04-05T15:31:35.148+0000] {processor.py:186} INFO - Started process (PID=1632) to work on /home/airflow/.local/lib/python3.12/site-packages/airflow/example_dags/example_branch_python_dop_operator_3.py
[2025-04-05T15:31:35.150+0000] {processor.py:914} INFO - Processing file /home/airflow/.local/lib/python3.12/site-packages/airflow/example_dags/example_branch_python_dop_operator_3.py for tasks to queue
[2025-04-05T15:31:35.152+0000] {logging_mixin.py:190} INFO - [2025-04-05T15:31:35.152+0000] {dagbag.py:588} INFO - Filling up the DagBag from /home/airflow/.local/lib/python3.12/site-packages/airflow/example_dags/example_branch_python_dop_operator_3.py
[2025-04-05T15:31:35.163+0000] {processor.py:925} INFO - DAG(s) 'example_branch_dop_operator_v3' retrieved from /home/airflow/.local/lib/python3.12/site-packages/airflow/example_dags/example_branch_python_dop_operator_3.py
[2025-04-05T15:31:35.184+0000] {logging_mixin.py:190} INFO - [2025-04-05T15:31:35.183+0000] {dag.py:3239} INFO - Sync 1 DAGs
[2025-04-05T15:31:35.235+0000] {logging_mixin.py:190} INFO - [2025-04-05T15:31:35.235+0000] {dag.py:4180} INFO - Setting next_dagrun for example_branch_dop_operator_v3 to 2025-04-05 15:30:00+00:00, run_after=2025-04-05 15:31:00+00:00
[2025-04-05T15:31:35.257+0000] {processor.py:208} INFO - Processing /home/airflow/.local/lib/python3.12/site-packages/airflow/example_dags/example_branch_python_dop_operator_3.py took 0.114 seconds
[2025-04-05T15:32:05.393+0000] {processor.py:186} INFO - Started process (PID=1694) to work on /home/airflow/.local/lib/python3.12/site-packages/airflow/example_dags/example_branch_python_dop_operator_3.py
[2025-04-05T15:32:05.394+0000] {processor.py:914} INFO - Processing file /home/airflow/.local/lib/python3.12/site-packages/airflow/example_dags/example_branch_python_dop_operator_3.py for tasks to queue
[2025-04-05T15:32:05.396+0000] {logging_mixin.py:190} INFO - [2025-04-05T15:32:05.396+0000] {dagbag.py:588} INFO - Filling up the DagBag from /home/airflow/.local/lib/python3.12/site-packages/airflow/example_dags/example_branch_python_dop_operator_3.py
[2025-04-05T15:32:05.406+0000] {processor.py:925} INFO - DAG(s) 'example_branch_dop_operator_v3' retrieved from /home/airflow/.local/lib/python3.12/site-packages/airflow/example_dags/example_branch_python_dop_operator_3.py
[2025-04-05T15:32:05.423+0000] {logging_mixin.py:190} INFO - [2025-04-05T15:32:05.423+0000] {dag.py:3239} INFO - Sync 1 DAGs
[2025-04-05T15:32:05.445+0000] {logging_mixin.py:190} INFO - [2025-04-05T15:32:05.445+0000] {dag.py:4180} INFO - Setting next_dagrun for example_branch_dop_operator_v3 to 2025-04-05 15:31:00+00:00, run_after=2025-04-05 15:32:00+00:00
[2025-04-05T15:32:05.469+0000] {processor.py:208} INFO - Processing /home/airflow/.local/lib/python3.12/site-packages/airflow/example_dags/example_branch_python_dop_operator_3.py took 0.081 seconds
[2025-04-05T15:32:36.487+0000] {processor.py:186} INFO - Started process (PID=1758) to work on /home/airflow/.local/lib/python3.12/site-packages/airflow/example_dags/example_branch_python_dop_operator_3.py
[2025-04-05T15:32:36.488+0000] {processor.py:914} INFO - Processing file /home/airflow/.local/lib/python3.12/site-packages/airflow/example_dags/example_branch_python_dop_operator_3.py for tasks to queue
[2025-04-05T15:32:36.490+0000] {logging_mixin.py:190} INFO - [2025-04-05T15:32:36.490+0000] {dagbag.py:588} INFO - Filling up the DagBag from /home/airflow/.local/lib/python3.12/site-packages/airflow/example_dags/example_branch_python_dop_operator_3.py
[2025-04-05T15:32:36.501+0000] {processor.py:925} INFO - DAG(s) 'example_branch_dop_operator_v3' retrieved from /home/airflow/.local/lib/python3.12/site-packages/airflow/example_dags/example_branch_python_dop_operator_3.py
[2025-04-05T15:32:36.521+0000] {logging_mixin.py:190} INFO - [2025-04-05T15:32:36.520+0000] {dag.py:3239} INFO - Sync 1 DAGs
[2025-04-05T15:32:36.544+0000] {logging_mixin.py:190} INFO - [2025-04-05T15:32:36.543+0000] {dag.py:4180} INFO - Setting next_dagrun for example_branch_dop_operator_v3 to 2025-04-05 15:31:00+00:00, run_after=2025-04-05 15:32:00+00:00
[2025-04-05T15:32:36.565+0000] {processor.py:208} INFO - Processing /home/airflow/.local/lib/python3.12/site-packages/airflow/example_dags/example_branch_python_dop_operator_3.py took 0.084 seconds
[2025-04-05T15:33:07.523+0000] {processor.py:186} INFO - Started process (PID=1827) to work on /home/airflow/.local/lib/python3.12/site-packages/airflow/example_dags/example_branch_python_dop_operator_3.py
[2025-04-05T15:33:07.527+0000] {processor.py:914} INFO - Processing file /home/airflow/.local/lib/python3.12/site-packages/airflow/example_dags/example_branch_python_dop_operator_3.py for tasks to queue
[2025-04-05T15:33:07.530+0000] {logging_mixin.py:190} INFO - [2025-04-05T15:33:07.530+0000] {dagbag.py:588} INFO - Filling up the DagBag from /home/airflow/.local/lib/python3.12/site-packages/airflow/example_dags/example_branch_python_dop_operator_3.py
[2025-04-05T15:33:07.586+0000] {processor.py:925} INFO - DAG(s) 'example_branch_dop_operator_v3' retrieved from /home/airflow/.local/lib/python3.12/site-packages/airflow/example_dags/example_branch_python_dop_operator_3.py
[2025-04-05T15:33:07.633+0000] {logging_mixin.py:190} INFO - [2025-04-05T15:33:07.633+0000] {dag.py:3239} INFO - Sync 1 DAGs
[2025-04-05T15:33:07.704+0000] {logging_mixin.py:190} INFO - [2025-04-05T15:33:07.704+0000] {dag.py:4180} INFO - Setting next_dagrun for example_branch_dop_operator_v3 to 2025-04-05 15:32:00+00:00, run_after=2025-04-05 15:33:00+00:00
[2025-04-05T15:33:07.763+0000] {processor.py:208} INFO - Processing /home/airflow/.local/lib/python3.12/site-packages/airflow/example_dags/example_branch_python_dop_operator_3.py took 0.256 seconds
