[2025-04-05T15:19:23.091+0000] {processor.py:186} INFO - Started process (PID=130) to work on /home/airflow/.local/lib/python3.12/site-packages/airflow/example_dags/example_display_name.py
[2025-04-05T15:19:23.092+0000] {processor.py:914} INFO - Processing file /home/airflow/.local/lib/python3.12/site-packages/airflow/example_dags/example_display_name.py for tasks to queue
[2025-04-05T15:19:23.094+0000] {logging_mixin.py:190} INFO - [2025-04-05T15:19:23.094+0000] {dagbag.py:588} INFO - Filling up the DagBag from /home/airflow/.local/lib/python3.12/site-packages/airflow/example_dags/example_display_name.py
[2025-04-05T15:19:23.104+0000] {processor.py:925} INFO - DAG(s) 'example_display_name' retrieved from /home/airflow/.local/lib/python3.12/site-packages/airflow/example_dags/example_display_name.py
[2025-04-05T15:19:23.219+0000] {logging_mixin.py:190} INFO - [2025-04-05T15:19:23.218+0000] {override.py:1912} INFO - Created Permission View: can read on DAG:example_display_name
[2025-04-05T15:19:23.232+0000] {logging_mixin.py:190} INFO - [2025-04-05T15:19:23.232+0000] {override.py:1912} INFO - Created Permission View: can delete on DAG:example_display_name
[2025-04-05T15:19:23.243+0000] {logging_mixin.py:190} INFO - [2025-04-05T15:19:23.242+0000] {override.py:1912} INFO - Created Permission View: can edit on DAG:example_display_name
[2025-04-05T15:19:23.256+0000] {logging_mixin.py:190} INFO - [2025-04-05T15:19:23.256+0000] {override.py:1912} INFO - Created Permission View: can read on DAG Run:example_display_name
[2025-04-05T15:19:23.265+0000] {logging_mixin.py:190} INFO - [2025-04-05T15:19:23.264+0000] {override.py:1912} INFO - Created Permission View: can create on DAG Run:example_display_name
[2025-04-05T15:19:23.272+0000] {logging_mixin.py:190} INFO - [2025-04-05T15:19:23.272+0000] {override.py:1912} INFO - Created Permission View: can delete on DAG Run:example_display_name
[2025-04-05T15:19:23.280+0000] {logging_mixin.py:190} INFO - [2025-04-05T15:19:23.279+0000] {override.py:1912} INFO - Created Permission View: menu access on DAG Run:example_display_name
[2025-04-05T15:19:23.280+0000] {logging_mixin.py:190} INFO - [2025-04-05T15:19:23.280+0000] {dag.py:3239} INFO - Sync 1 DAGs
[2025-04-05T15:19:23.294+0000] {logging_mixin.py:190} INFO - [2025-04-05T15:19:23.294+0000] {dag.py:3262} INFO - Creating ORM DAG for example_display_name
[2025-04-05T15:19:23.295+0000] {logging_mixin.py:190} INFO - [2025-04-05T15:19:23.295+0000] {dag.py:4180} INFO - Setting next_dagrun for example_display_name to None, run_after=None
[2025-04-05T15:19:23.314+0000] {processor.py:208} INFO - Processing /home/airflow/.local/lib/python3.12/site-packages/airflow/example_dags/example_display_name.py took 0.230 seconds
[2025-04-05T15:19:53.508+0000] {processor.py:186} INFO - Started process (PID=193) to work on /home/airflow/.local/lib/python3.12/site-packages/airflow/example_dags/example_display_name.py
[2025-04-05T15:19:53.509+0000] {processor.py:914} INFO - Processing file /home/airflow/.local/lib/python3.12/site-packages/airflow/example_dags/example_display_name.py for tasks to queue
[2025-04-05T15:19:53.511+0000] {logging_mixin.py:190} INFO - [2025-04-05T15:19:53.511+0000] {dagbag.py:588} INFO - Filling up the DagBag from /home/airflow/.local/lib/python3.12/site-packages/airflow/example_dags/example_display_name.py
[2025-04-05T15:19:53.516+0000] {processor.py:925} INFO - DAG(s) 'example_display_name' retrieved from /home/airflow/.local/lib/python3.12/site-packages/airflow/example_dags/example_display_name.py
[2025-04-05T15:19:53.532+0000] {logging_mixin.py:190} INFO - [2025-04-05T15:19:53.532+0000] {dag.py:3239} INFO - Sync 1 DAGs
[2025-04-05T15:19:53.542+0000] {logging_mixin.py:190} INFO - [2025-04-05T15:19:53.542+0000] {dag.py:4180} INFO - Setting next_dagrun for example_display_name to None, run_after=None
[2025-04-05T15:19:53.558+0000] {processor.py:208} INFO - Processing /home/airflow/.local/lib/python3.12/site-packages/airflow/example_dags/example_display_name.py took 0.054 seconds
[2025-04-05T15:20:23.649+0000] {processor.py:186} INFO - Started process (PID=254) to work on /home/airflow/.local/lib/python3.12/site-packages/airflow/example_dags/example_display_name.py
[2025-04-05T15:20:23.650+0000] {processor.py:914} INFO - Processing file /home/airflow/.local/lib/python3.12/site-packages/airflow/example_dags/example_display_name.py for tasks to queue
[2025-04-05T15:20:23.652+0000] {logging_mixin.py:190} INFO - [2025-04-05T15:20:23.651+0000] {dagbag.py:588} INFO - Filling up the DagBag from /home/airflow/.local/lib/python3.12/site-packages/airflow/example_dags/example_display_name.py
[2025-04-05T15:20:23.657+0000] {processor.py:925} INFO - DAG(s) 'example_display_name' retrieved from /home/airflow/.local/lib/python3.12/site-packages/airflow/example_dags/example_display_name.py
[2025-04-05T15:20:23.674+0000] {logging_mixin.py:190} INFO - [2025-04-05T15:20:23.674+0000] {dag.py:3239} INFO - Sync 1 DAGs
[2025-04-05T15:20:23.686+0000] {logging_mixin.py:190} INFO - [2025-04-05T15:20:23.686+0000] {dag.py:4180} INFO - Setting next_dagrun for example_display_name to None, run_after=None
[2025-04-05T15:20:23.706+0000] {processor.py:208} INFO - Processing /home/airflow/.local/lib/python3.12/site-packages/airflow/example_dags/example_display_name.py took 0.063 seconds
[2025-04-05T15:20:53.743+0000] {processor.py:186} INFO - Started process (PID=316) to work on /home/airflow/.local/lib/python3.12/site-packages/airflow/example_dags/example_display_name.py
[2025-04-05T15:20:53.744+0000] {processor.py:914} INFO - Processing file /home/airflow/.local/lib/python3.12/site-packages/airflow/example_dags/example_display_name.py for tasks to queue
[2025-04-05T15:20:53.746+0000] {logging_mixin.py:190} INFO - [2025-04-05T15:20:53.745+0000] {dagbag.py:588} INFO - Filling up the DagBag from /home/airflow/.local/lib/python3.12/site-packages/airflow/example_dags/example_display_name.py
[2025-04-05T15:20:53.751+0000] {processor.py:925} INFO - DAG(s) 'example_display_name' retrieved from /home/airflow/.local/lib/python3.12/site-packages/airflow/example_dags/example_display_name.py
[2025-04-05T15:20:53.766+0000] {logging_mixin.py:190} INFO - [2025-04-05T15:20:53.765+0000] {dag.py:3239} INFO - Sync 1 DAGs
[2025-04-05T15:20:53.776+0000] {logging_mixin.py:190} INFO - [2025-04-05T15:20:53.776+0000] {dag.py:4180} INFO - Setting next_dagrun for example_display_name to None, run_after=None
[2025-04-05T15:20:53.795+0000] {processor.py:208} INFO - Processing /home/airflow/.local/lib/python3.12/site-packages/airflow/example_dags/example_display_name.py took 0.056 seconds
[2025-04-05T15:21:24.208+0000] {processor.py:186} INFO - Started process (PID=379) to work on /home/airflow/.local/lib/python3.12/site-packages/airflow/example_dags/example_display_name.py
[2025-04-05T15:21:24.209+0000] {processor.py:914} INFO - Processing file /home/airflow/.local/lib/python3.12/site-packages/airflow/example_dags/example_display_name.py for tasks to queue
[2025-04-05T15:21:24.211+0000] {logging_mixin.py:190} INFO - [2025-04-05T15:21:24.211+0000] {dagbag.py:588} INFO - Filling up the DagBag from /home/airflow/.local/lib/python3.12/site-packages/airflow/example_dags/example_display_name.py
[2025-04-05T15:21:24.216+0000] {processor.py:925} INFO - DAG(s) 'example_display_name' retrieved from /home/airflow/.local/lib/python3.12/site-packages/airflow/example_dags/example_display_name.py
[2025-04-05T15:21:24.232+0000] {logging_mixin.py:190} INFO - [2025-04-05T15:21:24.232+0000] {dag.py:3239} INFO - Sync 1 DAGs
[2025-04-05T15:21:24.243+0000] {logging_mixin.py:190} INFO - [2025-04-05T15:21:24.242+0000] {dag.py:4180} INFO - Setting next_dagrun for example_display_name to None, run_after=None
[2025-04-05T15:21:24.262+0000] {processor.py:208} INFO - Processing /home/airflow/.local/lib/python3.12/site-packages/airflow/example_dags/example_display_name.py took 0.058 seconds
[2025-04-05T15:21:54.503+0000] {processor.py:186} INFO - Started process (PID=441) to work on /home/airflow/.local/lib/python3.12/site-packages/airflow/example_dags/example_display_name.py
[2025-04-05T15:21:54.504+0000] {processor.py:914} INFO - Processing file /home/airflow/.local/lib/python3.12/site-packages/airflow/example_dags/example_display_name.py for tasks to queue
[2025-04-05T15:21:54.506+0000] {logging_mixin.py:190} INFO - [2025-04-05T15:21:54.506+0000] {dagbag.py:588} INFO - Filling up the DagBag from /home/airflow/.local/lib/python3.12/site-packages/airflow/example_dags/example_display_name.py
[2025-04-05T15:21:54.512+0000] {processor.py:925} INFO - DAG(s) 'example_display_name' retrieved from /home/airflow/.local/lib/python3.12/site-packages/airflow/example_dags/example_display_name.py
[2025-04-05T15:21:54.533+0000] {logging_mixin.py:190} INFO - [2025-04-05T15:21:54.533+0000] {dag.py:3239} INFO - Sync 1 DAGs
[2025-04-05T15:21:54.548+0000] {logging_mixin.py:190} INFO - [2025-04-05T15:21:54.548+0000] {dag.py:4180} INFO - Setting next_dagrun for example_display_name to None, run_after=None
[2025-04-05T15:21:54.568+0000] {processor.py:208} INFO - Processing /home/airflow/.local/lib/python3.12/site-packages/airflow/example_dags/example_display_name.py took 0.070 seconds
[2025-04-05T15:22:24.845+0000] {processor.py:186} INFO - Started process (PID=504) to work on /home/airflow/.local/lib/python3.12/site-packages/airflow/example_dags/example_display_name.py
[2025-04-05T15:22:24.846+0000] {processor.py:914} INFO - Processing file /home/airflow/.local/lib/python3.12/site-packages/airflow/example_dags/example_display_name.py for tasks to queue
[2025-04-05T15:22:24.848+0000] {logging_mixin.py:190} INFO - [2025-04-05T15:22:24.848+0000] {dagbag.py:588} INFO - Filling up the DagBag from /home/airflow/.local/lib/python3.12/site-packages/airflow/example_dags/example_display_name.py
[2025-04-05T15:22:24.855+0000] {processor.py:925} INFO - DAG(s) 'example_display_name' retrieved from /home/airflow/.local/lib/python3.12/site-packages/airflow/example_dags/example_display_name.py
[2025-04-05T15:22:24.873+0000] {logging_mixin.py:190} INFO - [2025-04-05T15:22:24.873+0000] {dag.py:3239} INFO - Sync 1 DAGs
[2025-04-05T15:22:24.888+0000] {logging_mixin.py:190} INFO - [2025-04-05T15:22:24.888+0000] {dag.py:4180} INFO - Setting next_dagrun for example_display_name to None, run_after=None
[2025-04-05T15:22:24.909+0000] {processor.py:208} INFO - Processing /home/airflow/.local/lib/python3.12/site-packages/airflow/example_dags/example_display_name.py took 0.069 seconds
[2025-04-05T15:22:55.735+0000] {processor.py:186} INFO - Started process (PID=567) to work on /home/airflow/.local/lib/python3.12/site-packages/airflow/example_dags/example_display_name.py
[2025-04-05T15:22:55.736+0000] {processor.py:914} INFO - Processing file /home/airflow/.local/lib/python3.12/site-packages/airflow/example_dags/example_display_name.py for tasks to queue
[2025-04-05T15:22:55.738+0000] {logging_mixin.py:190} INFO - [2025-04-05T15:22:55.738+0000] {dagbag.py:588} INFO - Filling up the DagBag from /home/airflow/.local/lib/python3.12/site-packages/airflow/example_dags/example_display_name.py
[2025-04-05T15:22:55.744+0000] {processor.py:925} INFO - DAG(s) 'example_display_name' retrieved from /home/airflow/.local/lib/python3.12/site-packages/airflow/example_dags/example_display_name.py
[2025-04-05T15:22:55.760+0000] {logging_mixin.py:190} INFO - [2025-04-05T15:22:55.760+0000] {dag.py:3239} INFO - Sync 1 DAGs
[2025-04-05T15:22:55.770+0000] {logging_mixin.py:190} INFO - [2025-04-05T15:22:55.770+0000] {dag.py:4180} INFO - Setting next_dagrun for example_display_name to None, run_after=None
[2025-04-05T15:22:55.787+0000] {processor.py:208} INFO - Processing /home/airflow/.local/lib/python3.12/site-packages/airflow/example_dags/example_display_name.py took 0.058 seconds
[2025-04-05T15:23:25.972+0000] {processor.py:186} INFO - Started process (PID=630) to work on /home/airflow/.local/lib/python3.12/site-packages/airflow/example_dags/example_display_name.py
[2025-04-05T15:23:25.973+0000] {processor.py:914} INFO - Processing file /home/airflow/.local/lib/python3.12/site-packages/airflow/example_dags/example_display_name.py for tasks to queue
[2025-04-05T15:23:25.975+0000] {logging_mixin.py:190} INFO - [2025-04-05T15:23:25.975+0000] {dagbag.py:588} INFO - Filling up the DagBag from /home/airflow/.local/lib/python3.12/site-packages/airflow/example_dags/example_display_name.py
[2025-04-05T15:23:25.981+0000] {processor.py:925} INFO - DAG(s) 'example_display_name' retrieved from /home/airflow/.local/lib/python3.12/site-packages/airflow/example_dags/example_display_name.py
[2025-04-05T15:23:25.998+0000] {logging_mixin.py:190} INFO - [2025-04-05T15:23:25.998+0000] {dag.py:3239} INFO - Sync 1 DAGs
[2025-04-05T15:23:26.011+0000] {logging_mixin.py:190} INFO - [2025-04-05T15:23:26.010+0000] {dag.py:4180} INFO - Setting next_dagrun for example_display_name to None, run_after=None
[2025-04-05T15:23:26.029+0000] {processor.py:208} INFO - Processing /home/airflow/.local/lib/python3.12/site-packages/airflow/example_dags/example_display_name.py took 0.062 seconds
[2025-04-05T15:23:56.378+0000] {processor.py:186} INFO - Started process (PID=693) to work on /home/airflow/.local/lib/python3.12/site-packages/airflow/example_dags/example_display_name.py
[2025-04-05T15:23:56.379+0000] {processor.py:914} INFO - Processing file /home/airflow/.local/lib/python3.12/site-packages/airflow/example_dags/example_display_name.py for tasks to queue
[2025-04-05T15:23:56.381+0000] {logging_mixin.py:190} INFO - [2025-04-05T15:23:56.380+0000] {dagbag.py:588} INFO - Filling up the DagBag from /home/airflow/.local/lib/python3.12/site-packages/airflow/example_dags/example_display_name.py
[2025-04-05T15:23:56.386+0000] {processor.py:925} INFO - DAG(s) 'example_display_name' retrieved from /home/airflow/.local/lib/python3.12/site-packages/airflow/example_dags/example_display_name.py
[2025-04-05T15:23:56.402+0000] {logging_mixin.py:190} INFO - [2025-04-05T15:23:56.402+0000] {dag.py:3239} INFO - Sync 1 DAGs
[2025-04-05T15:23:56.412+0000] {logging_mixin.py:190} INFO - [2025-04-05T15:23:56.412+0000] {dag.py:4180} INFO - Setting next_dagrun for example_display_name to None, run_after=None
[2025-04-05T15:23:56.429+0000] {processor.py:208} INFO - Processing /home/airflow/.local/lib/python3.12/site-packages/airflow/example_dags/example_display_name.py took 0.056 seconds
[2025-04-05T15:24:26.604+0000] {processor.py:186} INFO - Started process (PID=756) to work on /home/airflow/.local/lib/python3.12/site-packages/airflow/example_dags/example_display_name.py
[2025-04-05T15:24:26.605+0000] {processor.py:914} INFO - Processing file /home/airflow/.local/lib/python3.12/site-packages/airflow/example_dags/example_display_name.py for tasks to queue
[2025-04-05T15:24:26.607+0000] {logging_mixin.py:190} INFO - [2025-04-05T15:24:26.607+0000] {dagbag.py:588} INFO - Filling up the DagBag from /home/airflow/.local/lib/python3.12/site-packages/airflow/example_dags/example_display_name.py
[2025-04-05T15:24:26.613+0000] {processor.py:925} INFO - DAG(s) 'example_display_name' retrieved from /home/airflow/.local/lib/python3.12/site-packages/airflow/example_dags/example_display_name.py
[2025-04-05T15:24:26.630+0000] {logging_mixin.py:190} INFO - [2025-04-05T15:24:26.630+0000] {dag.py:3239} INFO - Sync 1 DAGs
[2025-04-05T15:24:26.640+0000] {logging_mixin.py:190} INFO - [2025-04-05T15:24:26.640+0000] {dag.py:4180} INFO - Setting next_dagrun for example_display_name to None, run_after=None
[2025-04-05T15:24:26.657+0000] {processor.py:208} INFO - Processing /home/airflow/.local/lib/python3.12/site-packages/airflow/example_dags/example_display_name.py took 0.057 seconds
[2025-04-05T15:24:57.520+0000] {processor.py:186} INFO - Started process (PID=819) to work on /home/airflow/.local/lib/python3.12/site-packages/airflow/example_dags/example_display_name.py
[2025-04-05T15:24:57.521+0000] {processor.py:914} INFO - Processing file /home/airflow/.local/lib/python3.12/site-packages/airflow/example_dags/example_display_name.py for tasks to queue
[2025-04-05T15:24:57.523+0000] {logging_mixin.py:190} INFO - [2025-04-05T15:24:57.523+0000] {dagbag.py:588} INFO - Filling up the DagBag from /home/airflow/.local/lib/python3.12/site-packages/airflow/example_dags/example_display_name.py
[2025-04-05T15:24:57.528+0000] {processor.py:925} INFO - DAG(s) 'example_display_name' retrieved from /home/airflow/.local/lib/python3.12/site-packages/airflow/example_dags/example_display_name.py
[2025-04-05T15:24:57.544+0000] {logging_mixin.py:190} INFO - [2025-04-05T15:24:57.544+0000] {dag.py:3239} INFO - Sync 1 DAGs
[2025-04-05T15:24:57.556+0000] {logging_mixin.py:190} INFO - [2025-04-05T15:24:57.556+0000] {dag.py:4180} INFO - Setting next_dagrun for example_display_name to None, run_after=None
[2025-04-05T15:24:57.576+0000] {processor.py:208} INFO - Processing /home/airflow/.local/lib/python3.12/site-packages/airflow/example_dags/example_display_name.py took 0.060 seconds
[2025-04-05T15:25:27.839+0000] {processor.py:186} INFO - Started process (PID=882) to work on /home/airflow/.local/lib/python3.12/site-packages/airflow/example_dags/example_display_name.py
[2025-04-05T15:25:27.841+0000] {processor.py:914} INFO - Processing file /home/airflow/.local/lib/python3.12/site-packages/airflow/example_dags/example_display_name.py for tasks to queue
[2025-04-05T15:25:27.844+0000] {logging_mixin.py:190} INFO - [2025-04-05T15:25:27.843+0000] {dagbag.py:588} INFO - Filling up the DagBag from /home/airflow/.local/lib/python3.12/site-packages/airflow/example_dags/example_display_name.py
[2025-04-05T15:25:27.851+0000] {processor.py:925} INFO - DAG(s) 'example_display_name' retrieved from /home/airflow/.local/lib/python3.12/site-packages/airflow/example_dags/example_display_name.py
[2025-04-05T15:25:27.873+0000] {logging_mixin.py:190} INFO - [2025-04-05T15:25:27.872+0000] {dag.py:3239} INFO - Sync 1 DAGs
[2025-04-05T15:25:27.888+0000] {logging_mixin.py:190} INFO - [2025-04-05T15:25:27.887+0000] {dag.py:4180} INFO - Setting next_dagrun for example_display_name to None, run_after=None
[2025-04-05T15:25:27.908+0000] {processor.py:208} INFO - Processing /home/airflow/.local/lib/python3.12/site-packages/airflow/example_dags/example_display_name.py took 0.075 seconds
[2025-04-05T15:25:58.114+0000] {processor.py:186} INFO - Started process (PID=945) to work on /home/airflow/.local/lib/python3.12/site-packages/airflow/example_dags/example_display_name.py
[2025-04-05T15:25:58.115+0000] {processor.py:914} INFO - Processing file /home/airflow/.local/lib/python3.12/site-packages/airflow/example_dags/example_display_name.py for tasks to queue
[2025-04-05T15:25:58.117+0000] {logging_mixin.py:190} INFO - [2025-04-05T15:25:58.117+0000] {dagbag.py:588} INFO - Filling up the DagBag from /home/airflow/.local/lib/python3.12/site-packages/airflow/example_dags/example_display_name.py
[2025-04-05T15:25:58.125+0000] {processor.py:925} INFO - DAG(s) 'example_display_name' retrieved from /home/airflow/.local/lib/python3.12/site-packages/airflow/example_dags/example_display_name.py
[2025-04-05T15:25:58.142+0000] {logging_mixin.py:190} INFO - [2025-04-05T15:25:58.142+0000] {dag.py:3239} INFO - Sync 1 DAGs
[2025-04-05T15:25:58.154+0000] {logging_mixin.py:190} INFO - [2025-04-05T15:25:58.153+0000] {dag.py:4180} INFO - Setting next_dagrun for example_display_name to None, run_after=None
[2025-04-05T15:25:58.173+0000] {processor.py:208} INFO - Processing /home/airflow/.local/lib/python3.12/site-packages/airflow/example_dags/example_display_name.py took 0.064 seconds
[2025-04-05T15:26:28.766+0000] {processor.py:186} INFO - Started process (PID=1008) to work on /home/airflow/.local/lib/python3.12/site-packages/airflow/example_dags/example_display_name.py
[2025-04-05T15:26:28.767+0000] {processor.py:914} INFO - Processing file /home/airflow/.local/lib/python3.12/site-packages/airflow/example_dags/example_display_name.py for tasks to queue
[2025-04-05T15:26:28.769+0000] {logging_mixin.py:190} INFO - [2025-04-05T15:26:28.769+0000] {dagbag.py:588} INFO - Filling up the DagBag from /home/airflow/.local/lib/python3.12/site-packages/airflow/example_dags/example_display_name.py
[2025-04-05T15:26:28.776+0000] {processor.py:925} INFO - DAG(s) 'example_display_name' retrieved from /home/airflow/.local/lib/python3.12/site-packages/airflow/example_dags/example_display_name.py
[2025-04-05T15:26:28.794+0000] {logging_mixin.py:190} INFO - [2025-04-05T15:26:28.794+0000] {dag.py:3239} INFO - Sync 1 DAGs
[2025-04-05T15:26:28.810+0000] {logging_mixin.py:190} INFO - [2025-04-05T15:26:28.810+0000] {dag.py:4180} INFO - Setting next_dagrun for example_display_name to None, run_after=None
[2025-04-05T15:26:28.833+0000] {processor.py:208} INFO - Processing /home/airflow/.local/lib/python3.12/site-packages/airflow/example_dags/example_display_name.py took 0.073 seconds
[2025-04-05T15:26:58.889+0000] {processor.py:186} INFO - Started process (PID=1070) to work on /home/airflow/.local/lib/python3.12/site-packages/airflow/example_dags/example_display_name.py
[2025-04-05T15:26:58.890+0000] {processor.py:914} INFO - Processing file /home/airflow/.local/lib/python3.12/site-packages/airflow/example_dags/example_display_name.py for tasks to queue
[2025-04-05T15:26:58.892+0000] {logging_mixin.py:190} INFO - [2025-04-05T15:26:58.892+0000] {dagbag.py:588} INFO - Filling up the DagBag from /home/airflow/.local/lib/python3.12/site-packages/airflow/example_dags/example_display_name.py
[2025-04-05T15:26:58.897+0000] {processor.py:925} INFO - DAG(s) 'example_display_name' retrieved from /home/airflow/.local/lib/python3.12/site-packages/airflow/example_dags/example_display_name.py
[2025-04-05T15:26:58.913+0000] {logging_mixin.py:190} INFO - [2025-04-05T15:26:58.913+0000] {dag.py:3239} INFO - Sync 1 DAGs
[2025-04-05T15:26:58.925+0000] {logging_mixin.py:190} INFO - [2025-04-05T15:26:58.925+0000] {dag.py:4180} INFO - Setting next_dagrun for example_display_name to None, run_after=None
[2025-04-05T15:26:58.952+0000] {processor.py:208} INFO - Processing /home/airflow/.local/lib/python3.12/site-packages/airflow/example_dags/example_display_name.py took 0.067 seconds
[2025-04-05T15:27:29.017+0000] {processor.py:186} INFO - Started process (PID=1133) to work on /home/airflow/.local/lib/python3.12/site-packages/airflow/example_dags/example_display_name.py
[2025-04-05T15:27:29.019+0000] {processor.py:914} INFO - Processing file /home/airflow/.local/lib/python3.12/site-packages/airflow/example_dags/example_display_name.py for tasks to queue
[2025-04-05T15:27:29.021+0000] {logging_mixin.py:190} INFO - [2025-04-05T15:27:29.021+0000] {dagbag.py:588} INFO - Filling up the DagBag from /home/airflow/.local/lib/python3.12/site-packages/airflow/example_dags/example_display_name.py
[2025-04-05T15:27:29.027+0000] {processor.py:925} INFO - DAG(s) 'example_display_name' retrieved from /home/airflow/.local/lib/python3.12/site-packages/airflow/example_dags/example_display_name.py
[2025-04-05T15:27:29.049+0000] {logging_mixin.py:190} INFO - [2025-04-05T15:27:29.048+0000] {dag.py:3239} INFO - Sync 1 DAGs
[2025-04-05T15:27:29.060+0000] {logging_mixin.py:190} INFO - [2025-04-05T15:27:29.060+0000] {dag.py:4180} INFO - Setting next_dagrun for example_display_name to None, run_after=None
[2025-04-05T15:27:29.079+0000] {processor.py:208} INFO - Processing /home/airflow/.local/lib/python3.12/site-packages/airflow/example_dags/example_display_name.py took 0.067 seconds
[2025-04-05T15:27:59.562+0000] {processor.py:186} INFO - Started process (PID=1196) to work on /home/airflow/.local/lib/python3.12/site-packages/airflow/example_dags/example_display_name.py
[2025-04-05T15:27:59.563+0000] {processor.py:914} INFO - Processing file /home/airflow/.local/lib/python3.12/site-packages/airflow/example_dags/example_display_name.py for tasks to queue
[2025-04-05T15:27:59.566+0000] {logging_mixin.py:190} INFO - [2025-04-05T15:27:59.566+0000] {dagbag.py:588} INFO - Filling up the DagBag from /home/airflow/.local/lib/python3.12/site-packages/airflow/example_dags/example_display_name.py
[2025-04-05T15:27:59.576+0000] {processor.py:925} INFO - DAG(s) 'example_display_name' retrieved from /home/airflow/.local/lib/python3.12/site-packages/airflow/example_dags/example_display_name.py
[2025-04-05T15:27:59.593+0000] {logging_mixin.py:190} INFO - [2025-04-05T15:27:59.593+0000] {dag.py:3239} INFO - Sync 1 DAGs
[2025-04-05T15:27:59.607+0000] {logging_mixin.py:190} INFO - [2025-04-05T15:27:59.607+0000] {dag.py:4180} INFO - Setting next_dagrun for example_display_name to None, run_after=None
[2025-04-05T15:27:59.627+0000] {processor.py:208} INFO - Processing /home/airflow/.local/lib/python3.12/site-packages/airflow/example_dags/example_display_name.py took 0.071 seconds
[2025-04-05T15:28:30.628+0000] {processor.py:186} INFO - Started process (PID=1259) to work on /home/airflow/.local/lib/python3.12/site-packages/airflow/example_dags/example_display_name.py
[2025-04-05T15:28:30.629+0000] {processor.py:914} INFO - Processing file /home/airflow/.local/lib/python3.12/site-packages/airflow/example_dags/example_display_name.py for tasks to queue
[2025-04-05T15:28:30.631+0000] {logging_mixin.py:190} INFO - [2025-04-05T15:28:30.631+0000] {dagbag.py:588} INFO - Filling up the DagBag from /home/airflow/.local/lib/python3.12/site-packages/airflow/example_dags/example_display_name.py
[2025-04-05T15:28:30.642+0000] {processor.py:925} INFO - DAG(s) 'example_display_name' retrieved from /home/airflow/.local/lib/python3.12/site-packages/airflow/example_dags/example_display_name.py
[2025-04-05T15:28:30.664+0000] {logging_mixin.py:190} INFO - [2025-04-05T15:28:30.664+0000] {dag.py:3239} INFO - Sync 1 DAGs
[2025-04-05T15:28:30.678+0000] {logging_mixin.py:190} INFO - [2025-04-05T15:28:30.678+0000] {dag.py:4180} INFO - Setting next_dagrun for example_display_name to None, run_after=None
[2025-04-05T15:28:30.704+0000] {processor.py:208} INFO - Processing /home/airflow/.local/lib/python3.12/site-packages/airflow/example_dags/example_display_name.py took 0.081 seconds
[2025-04-05T15:29:01.428+0000] {processor.py:186} INFO - Started process (PID=1322) to work on /home/airflow/.local/lib/python3.12/site-packages/airflow/example_dags/example_display_name.py
[2025-04-05T15:29:01.429+0000] {processor.py:914} INFO - Processing file /home/airflow/.local/lib/python3.12/site-packages/airflow/example_dags/example_display_name.py for tasks to queue
[2025-04-05T15:29:01.432+0000] {logging_mixin.py:190} INFO - [2025-04-05T15:29:01.431+0000] {dagbag.py:588} INFO - Filling up the DagBag from /home/airflow/.local/lib/python3.12/site-packages/airflow/example_dags/example_display_name.py
[2025-04-05T15:29:01.440+0000] {processor.py:925} INFO - DAG(s) 'example_display_name' retrieved from /home/airflow/.local/lib/python3.12/site-packages/airflow/example_dags/example_display_name.py
[2025-04-05T15:29:01.459+0000] {logging_mixin.py:190} INFO - [2025-04-05T15:29:01.459+0000] {dag.py:3239} INFO - Sync 1 DAGs
[2025-04-05T15:29:01.474+0000] {logging_mixin.py:190} INFO - [2025-04-05T15:29:01.473+0000] {dag.py:4180} INFO - Setting next_dagrun for example_display_name to None, run_after=None
[2025-04-05T15:29:01.498+0000] {processor.py:208} INFO - Processing /home/airflow/.local/lib/python3.12/site-packages/airflow/example_dags/example_display_name.py took 0.076 seconds
[2025-04-05T15:29:32.486+0000] {processor.py:186} INFO - Started process (PID=1385) to work on /home/airflow/.local/lib/python3.12/site-packages/airflow/example_dags/example_display_name.py
[2025-04-05T15:29:32.488+0000] {processor.py:914} INFO - Processing file /home/airflow/.local/lib/python3.12/site-packages/airflow/example_dags/example_display_name.py for tasks to queue
[2025-04-05T15:29:32.490+0000] {logging_mixin.py:190} INFO - [2025-04-05T15:29:32.489+0000] {dagbag.py:588} INFO - Filling up the DagBag from /home/airflow/.local/lib/python3.12/site-packages/airflow/example_dags/example_display_name.py
[2025-04-05T15:29:32.496+0000] {processor.py:925} INFO - DAG(s) 'example_display_name' retrieved from /home/airflow/.local/lib/python3.12/site-packages/airflow/example_dags/example_display_name.py
[2025-04-05T15:29:32.514+0000] {logging_mixin.py:190} INFO - [2025-04-05T15:29:32.513+0000] {dag.py:3239} INFO - Sync 1 DAGs
[2025-04-05T15:29:32.528+0000] {logging_mixin.py:190} INFO - [2025-04-05T15:29:32.528+0000] {dag.py:4180} INFO - Setting next_dagrun for example_display_name to None, run_after=None
[2025-04-05T15:29:32.547+0000] {processor.py:208} INFO - Processing /home/airflow/.local/lib/python3.12/site-packages/airflow/example_dags/example_display_name.py took 0.068 seconds
[2025-04-05T15:30:03.189+0000] {processor.py:186} INFO - Started process (PID=1448) to work on /home/airflow/.local/lib/python3.12/site-packages/airflow/example_dags/example_display_name.py
[2025-04-05T15:30:03.190+0000] {processor.py:914} INFO - Processing file /home/airflow/.local/lib/python3.12/site-packages/airflow/example_dags/example_display_name.py for tasks to queue
[2025-04-05T15:30:03.192+0000] {logging_mixin.py:190} INFO - [2025-04-05T15:30:03.191+0000] {dagbag.py:588} INFO - Filling up the DagBag from /home/airflow/.local/lib/python3.12/site-packages/airflow/example_dags/example_display_name.py
[2025-04-05T15:30:03.198+0000] {processor.py:925} INFO - DAG(s) 'example_display_name' retrieved from /home/airflow/.local/lib/python3.12/site-packages/airflow/example_dags/example_display_name.py
[2025-04-05T15:30:03.218+0000] {logging_mixin.py:190} INFO - [2025-04-05T15:30:03.218+0000] {dag.py:3239} INFO - Sync 1 DAGs
[2025-04-05T15:30:03.230+0000] {logging_mixin.py:190} INFO - [2025-04-05T15:30:03.229+0000] {dag.py:4180} INFO - Setting next_dagrun for example_display_name to None, run_after=None
[2025-04-05T15:30:03.251+0000] {processor.py:208} INFO - Processing /home/airflow/.local/lib/python3.12/site-packages/airflow/example_dags/example_display_name.py took 0.068 seconds
[2025-04-05T15:30:34.184+0000] {processor.py:186} INFO - Started process (PID=1512) to work on /home/airflow/.local/lib/python3.12/site-packages/airflow/example_dags/example_display_name.py
[2025-04-05T15:30:34.186+0000] {processor.py:914} INFO - Processing file /home/airflow/.local/lib/python3.12/site-packages/airflow/example_dags/example_display_name.py for tasks to queue
[2025-04-05T15:30:34.192+0000] {logging_mixin.py:190} INFO - [2025-04-05T15:30:34.189+0000] {dagbag.py:588} INFO - Filling up the DagBag from /home/airflow/.local/lib/python3.12/site-packages/airflow/example_dags/example_display_name.py
[2025-04-05T15:30:34.202+0000] {processor.py:925} INFO - DAG(s) 'example_display_name' retrieved from /home/airflow/.local/lib/python3.12/site-packages/airflow/example_dags/example_display_name.py
[2025-04-05T15:30:34.220+0000] {logging_mixin.py:190} INFO - [2025-04-05T15:30:34.220+0000] {dag.py:3239} INFO - Sync 1 DAGs
[2025-04-05T15:30:34.232+0000] {logging_mixin.py:190} INFO - [2025-04-05T15:30:34.232+0000] {dag.py:4180} INFO - Setting next_dagrun for example_display_name to None, run_after=None
[2025-04-05T15:30:34.249+0000] {processor.py:208} INFO - Processing /home/airflow/.local/lib/python3.12/site-packages/airflow/example_dags/example_display_name.py took 0.072 seconds
[2025-04-05T15:31:04.923+0000] {processor.py:186} INFO - Started process (PID=1575) to work on /home/airflow/.local/lib/python3.12/site-packages/airflow/example_dags/example_display_name.py
[2025-04-05T15:31:04.925+0000] {processor.py:914} INFO - Processing file /home/airflow/.local/lib/python3.12/site-packages/airflow/example_dags/example_display_name.py for tasks to queue
[2025-04-05T15:31:04.927+0000] {logging_mixin.py:190} INFO - [2025-04-05T15:31:04.927+0000] {dagbag.py:588} INFO - Filling up the DagBag from /home/airflow/.local/lib/python3.12/site-packages/airflow/example_dags/example_display_name.py
[2025-04-05T15:31:04.934+0000] {processor.py:925} INFO - DAG(s) 'example_display_name' retrieved from /home/airflow/.local/lib/python3.12/site-packages/airflow/example_dags/example_display_name.py
[2025-04-05T15:31:04.956+0000] {logging_mixin.py:190} INFO - [2025-04-05T15:31:04.955+0000] {dag.py:3239} INFO - Sync 1 DAGs
[2025-04-05T15:31:04.974+0000] {logging_mixin.py:190} INFO - [2025-04-05T15:31:04.974+0000] {dag.py:4180} INFO - Setting next_dagrun for example_display_name to None, run_after=None
[2025-04-05T15:31:05.000+0000] {processor.py:208} INFO - Processing /home/airflow/.local/lib/python3.12/site-packages/airflow/example_dags/example_display_name.py took 0.083 seconds
[2025-04-05T15:31:35.667+0000] {processor.py:186} INFO - Started process (PID=1638) to work on /home/airflow/.local/lib/python3.12/site-packages/airflow/example_dags/example_display_name.py
[2025-04-05T15:31:35.668+0000] {processor.py:914} INFO - Processing file /home/airflow/.local/lib/python3.12/site-packages/airflow/example_dags/example_display_name.py for tasks to queue
[2025-04-05T15:31:35.670+0000] {logging_mixin.py:190} INFO - [2025-04-05T15:31:35.670+0000] {dagbag.py:588} INFO - Filling up the DagBag from /home/airflow/.local/lib/python3.12/site-packages/airflow/example_dags/example_display_name.py
[2025-04-05T15:31:35.678+0000] {processor.py:925} INFO - DAG(s) 'example_display_name' retrieved from /home/airflow/.local/lib/python3.12/site-packages/airflow/example_dags/example_display_name.py
[2025-04-05T15:31:35.696+0000] {logging_mixin.py:190} INFO - [2025-04-05T15:31:35.696+0000] {dag.py:3239} INFO - Sync 1 DAGs
[2025-04-05T15:31:35.713+0000] {logging_mixin.py:190} INFO - [2025-04-05T15:31:35.712+0000] {dag.py:4180} INFO - Setting next_dagrun for example_display_name to None, run_after=None
[2025-04-05T15:31:35.731+0000] {processor.py:208} INFO - Processing /home/airflow/.local/lib/python3.12/site-packages/airflow/example_dags/example_display_name.py took 0.070 seconds
[2025-04-05T15:32:05.906+0000] {processor.py:186} INFO - Started process (PID=1701) to work on /home/airflow/.local/lib/python3.12/site-packages/airflow/example_dags/example_display_name.py
[2025-04-05T15:32:05.907+0000] {processor.py:914} INFO - Processing file /home/airflow/.local/lib/python3.12/site-packages/airflow/example_dags/example_display_name.py for tasks to queue
[2025-04-05T15:32:05.909+0000] {logging_mixin.py:190} INFO - [2025-04-05T15:32:05.909+0000] {dagbag.py:588} INFO - Filling up the DagBag from /home/airflow/.local/lib/python3.12/site-packages/airflow/example_dags/example_display_name.py
[2025-04-05T15:32:05.919+0000] {processor.py:925} INFO - DAG(s) 'example_display_name' retrieved from /home/airflow/.local/lib/python3.12/site-packages/airflow/example_dags/example_display_name.py
[2025-04-05T15:32:05.941+0000] {logging_mixin.py:190} INFO - [2025-04-05T15:32:05.941+0000] {dag.py:3239} INFO - Sync 1 DAGs
[2025-04-05T15:32:05.957+0000] {logging_mixin.py:190} INFO - [2025-04-05T15:32:05.957+0000] {dag.py:4180} INFO - Setting next_dagrun for example_display_name to None, run_after=None
[2025-04-05T15:32:05.984+0000] {processor.py:208} INFO - Processing /home/airflow/.local/lib/python3.12/site-packages/airflow/example_dags/example_display_name.py took 0.086 seconds
[2025-04-05T15:32:36.986+0000] {processor.py:186} INFO - Started process (PID=1770) to work on /home/airflow/.local/lib/python3.12/site-packages/airflow/example_dags/example_display_name.py
[2025-04-05T15:32:36.987+0000] {processor.py:914} INFO - Processing file /home/airflow/.local/lib/python3.12/site-packages/airflow/example_dags/example_display_name.py for tasks to queue
[2025-04-05T15:32:36.988+0000] {logging_mixin.py:190} INFO - [2025-04-05T15:32:36.988+0000] {dagbag.py:588} INFO - Filling up the DagBag from /home/airflow/.local/lib/python3.12/site-packages/airflow/example_dags/example_display_name.py
[2025-04-05T15:32:36.994+0000] {processor.py:925} INFO - DAG(s) 'example_display_name' retrieved from /home/airflow/.local/lib/python3.12/site-packages/airflow/example_dags/example_display_name.py
[2025-04-05T15:32:37.010+0000] {logging_mixin.py:190} INFO - [2025-04-05T15:32:37.009+0000] {dag.py:3239} INFO - Sync 1 DAGs
[2025-04-05T15:32:37.021+0000] {logging_mixin.py:190} INFO - [2025-04-05T15:32:37.021+0000] {dag.py:4180} INFO - Setting next_dagrun for example_display_name to None, run_after=None
[2025-04-05T15:32:37.039+0000] {processor.py:208} INFO - Processing /home/airflow/.local/lib/python3.12/site-packages/airflow/example_dags/example_display_name.py took 0.058 seconds
[2025-04-05T15:33:08.839+0000] {processor.py:186} INFO - Started process (PID=1833) to work on /home/airflow/.local/lib/python3.12/site-packages/airflow/example_dags/example_display_name.py
[2025-04-05T15:33:08.842+0000] {processor.py:914} INFO - Processing file /home/airflow/.local/lib/python3.12/site-packages/airflow/example_dags/example_display_name.py for tasks to queue
[2025-04-05T15:33:08.844+0000] {logging_mixin.py:190} INFO - [2025-04-05T15:33:08.844+0000] {dagbag.py:588} INFO - Filling up the DagBag from /home/airflow/.local/lib/python3.12/site-packages/airflow/example_dags/example_display_name.py
[2025-04-05T15:33:08.863+0000] {processor.py:925} INFO - DAG(s) 'example_display_name' retrieved from /home/airflow/.local/lib/python3.12/site-packages/airflow/example_dags/example_display_name.py
[2025-04-05T15:33:08.900+0000] {logging_mixin.py:190} INFO - [2025-04-05T15:33:08.899+0000] {dag.py:3239} INFO - Sync 1 DAGs
[2025-04-05T15:33:08.935+0000] {logging_mixin.py:190} INFO - [2025-04-05T15:33:08.934+0000] {dag.py:4180} INFO - Setting next_dagrun for example_display_name to None, run_after=None
[2025-04-05T15:33:08.990+0000] {processor.py:208} INFO - Processing /home/airflow/.local/lib/python3.12/site-packages/airflow/example_dags/example_display_name.py took 0.166 seconds
