[2025-04-05T15:19:19.576+0000] {processor.py:186} INFO - Started process (PID=116) to work on /home/airflow/.local/lib/python3.12/site-packages/airflow/example_dags/example_external_task_marker_dag.py
[2025-04-05T15:19:19.578+0000] {processor.py:914} INFO - Processing file /home/airflow/.local/lib/python3.12/site-packages/airflow/example_dags/example_external_task_marker_dag.py for tasks to queue
[2025-04-05T15:19:19.582+0000] {logging_mixin.py:190} INFO - [2025-04-05T15:19:19.581+0000] {dagbag.py:588} INFO - Filling up the DagBag from /home/airflow/.local/lib/python3.12/site-packages/airflow/example_dags/example_external_task_marker_dag.py
[2025-04-05T15:19:19.592+0000] {processor.py:925} INFO - DAG(s) 'example_external_task_marker_child', 'example_external_task_marker_parent' retrieved from /home/airflow/.local/lib/python3.12/site-packages/airflow/example_dags/example_external_task_marker_dag.py
[2025-04-05T15:19:19.717+0000] {logging_mixin.py:190} INFO - [2025-04-05T15:19:19.716+0000] {override.py:1912} INFO - Created Permission View: can read on DAG:example_external_task_marker_child
[2025-04-05T15:19:19.734+0000] {logging_mixin.py:190} INFO - [2025-04-05T15:19:19.734+0000] {override.py:1912} INFO - Created Permission View: can delete on DAG:example_external_task_marker_child
[2025-04-05T15:19:19.743+0000] {logging_mixin.py:190} INFO - [2025-04-05T15:19:19.743+0000] {override.py:1912} INFO - Created Permission View: can edit on DAG:example_external_task_marker_child
[2025-04-05T15:19:19.756+0000] {logging_mixin.py:190} INFO - [2025-04-05T15:19:19.756+0000] {override.py:1912} INFO - Created Permission View: can read on DAG Run:example_external_task_marker_child
[2025-04-05T15:19:19.764+0000] {logging_mixin.py:190} INFO - [2025-04-05T15:19:19.763+0000] {override.py:1912} INFO - Created Permission View: can create on DAG Run:example_external_task_marker_child
[2025-04-05T15:19:19.771+0000] {logging_mixin.py:190} INFO - [2025-04-05T15:19:19.771+0000] {override.py:1912} INFO - Created Permission View: can delete on DAG Run:example_external_task_marker_child
[2025-04-05T15:19:19.784+0000] {logging_mixin.py:190} INFO - [2025-04-05T15:19:19.783+0000] {override.py:1912} INFO - Created Permission View: menu access on DAG Run:example_external_task_marker_child
[2025-04-05T15:19:19.800+0000] {logging_mixin.py:190} INFO - [2025-04-05T15:19:19.800+0000] {override.py:1912} INFO - Created Permission View: can read on DAG:example_external_task_marker_parent
[2025-04-05T15:19:19.810+0000] {logging_mixin.py:190} INFO - [2025-04-05T15:19:19.810+0000] {override.py:1912} INFO - Created Permission View: can delete on DAG:example_external_task_marker_parent
[2025-04-05T15:19:19.818+0000] {logging_mixin.py:190} INFO - [2025-04-05T15:19:19.817+0000] {override.py:1912} INFO - Created Permission View: can edit on DAG:example_external_task_marker_parent
[2025-04-05T15:19:19.831+0000] {logging_mixin.py:190} INFO - [2025-04-05T15:19:19.830+0000] {override.py:1912} INFO - Created Permission View: can read on DAG Run:example_external_task_marker_parent
[2025-04-05T15:19:19.926+0000] {logging_mixin.py:190} INFO - [2025-04-05T15:19:19.926+0000] {override.py:1912} INFO - Created Permission View: can create on DAG Run:example_external_task_marker_parent
[2025-04-05T15:19:19.937+0000] {logging_mixin.py:190} INFO - [2025-04-05T15:19:19.936+0000] {override.py:1912} INFO - Created Permission View: can delete on DAG Run:example_external_task_marker_parent
[2025-04-05T15:19:19.947+0000] {logging_mixin.py:190} INFO - [2025-04-05T15:19:19.947+0000] {override.py:1912} INFO - Created Permission View: menu access on DAG Run:example_external_task_marker_parent
[2025-04-05T15:19:19.948+0000] {logging_mixin.py:190} INFO - [2025-04-05T15:19:19.948+0000] {dag.py:3239} INFO - Sync 2 DAGs
[2025-04-05T15:19:19.961+0000] {logging_mixin.py:190} INFO - [2025-04-05T15:19:19.960+0000] {dag.py:3262} INFO - Creating ORM DAG for example_external_task_marker_child
[2025-04-05T15:19:19.962+0000] {logging_mixin.py:190} INFO - [2025-04-05T15:19:19.962+0000] {dag.py:3262} INFO - Creating ORM DAG for example_external_task_marker_parent
[2025-04-05T15:19:19.962+0000] {logging_mixin.py:190} INFO - [2025-04-05T15:19:19.962+0000] {dag.py:4180} INFO - Setting next_dagrun for example_external_task_marker_child to None, run_after=None
[2025-04-05T15:19:19.963+0000] {logging_mixin.py:190} INFO - [2025-04-05T15:19:19.963+0000] {dag.py:4180} INFO - Setting next_dagrun for example_external_task_marker_parent to None, run_after=None
[2025-04-05T15:19:19.984+0000] {processor.py:208} INFO - Processing /home/airflow/.local/lib/python3.12/site-packages/airflow/example_dags/example_external_task_marker_dag.py took 0.418 seconds
[2025-04-05T15:19:50.069+0000] {processor.py:186} INFO - Started process (PID=178) to work on /home/airflow/.local/lib/python3.12/site-packages/airflow/example_dags/example_external_task_marker_dag.py
[2025-04-05T15:19:50.070+0000] {processor.py:914} INFO - Processing file /home/airflow/.local/lib/python3.12/site-packages/airflow/example_dags/example_external_task_marker_dag.py for tasks to queue
[2025-04-05T15:19:50.072+0000] {logging_mixin.py:190} INFO - [2025-04-05T15:19:50.072+0000] {dagbag.py:588} INFO - Filling up the DagBag from /home/airflow/.local/lib/python3.12/site-packages/airflow/example_dags/example_external_task_marker_dag.py
[2025-04-05T15:19:50.078+0000] {processor.py:925} INFO - DAG(s) 'example_external_task_marker_parent', 'example_external_task_marker_child' retrieved from /home/airflow/.local/lib/python3.12/site-packages/airflow/example_dags/example_external_task_marker_dag.py
[2025-04-05T15:19:50.099+0000] {logging_mixin.py:190} INFO - [2025-04-05T15:19:50.098+0000] {dag.py:3239} INFO - Sync 2 DAGs
[2025-04-05T15:19:50.111+0000] {logging_mixin.py:190} INFO - [2025-04-05T15:19:50.111+0000] {dag.py:4180} INFO - Setting next_dagrun for example_external_task_marker_child to None, run_after=None
[2025-04-05T15:19:50.114+0000] {logging_mixin.py:190} INFO - [2025-04-05T15:19:50.114+0000] {dag.py:4180} INFO - Setting next_dagrun for example_external_task_marker_parent to None, run_after=None
[2025-04-05T15:19:50.129+0000] {processor.py:208} INFO - Processing /home/airflow/.local/lib/python3.12/site-packages/airflow/example_dags/example_external_task_marker_dag.py took 0.064 seconds
[2025-04-05T15:20:20.401+0000] {processor.py:186} INFO - Started process (PID=240) to work on /home/airflow/.local/lib/python3.12/site-packages/airflow/example_dags/example_external_task_marker_dag.py
[2025-04-05T15:20:20.403+0000] {processor.py:914} INFO - Processing file /home/airflow/.local/lib/python3.12/site-packages/airflow/example_dags/example_external_task_marker_dag.py for tasks to queue
[2025-04-05T15:20:20.405+0000] {logging_mixin.py:190} INFO - [2025-04-05T15:20:20.405+0000] {dagbag.py:588} INFO - Filling up the DagBag from /home/airflow/.local/lib/python3.12/site-packages/airflow/example_dags/example_external_task_marker_dag.py
[2025-04-05T15:20:20.411+0000] {processor.py:925} INFO - DAG(s) 'example_external_task_marker_parent', 'example_external_task_marker_child' retrieved from /home/airflow/.local/lib/python3.12/site-packages/airflow/example_dags/example_external_task_marker_dag.py
[2025-04-05T15:20:20.429+0000] {logging_mixin.py:190} INFO - [2025-04-05T15:20:20.429+0000] {dag.py:3239} INFO - Sync 2 DAGs
[2025-04-05T15:20:20.440+0000] {logging_mixin.py:190} INFO - [2025-04-05T15:20:20.439+0000] {dag.py:4180} INFO - Setting next_dagrun for example_external_task_marker_child to None, run_after=None
[2025-04-05T15:20:20.442+0000] {logging_mixin.py:190} INFO - [2025-04-05T15:20:20.442+0000] {dag.py:4180} INFO - Setting next_dagrun for example_external_task_marker_parent to None, run_after=None
[2025-04-05T15:20:20.458+0000] {processor.py:208} INFO - Processing /home/airflow/.local/lib/python3.12/site-packages/airflow/example_dags/example_external_task_marker_dag.py took 0.062 seconds
[2025-04-05T15:20:51.100+0000] {processor.py:186} INFO - Started process (PID=303) to work on /home/airflow/.local/lib/python3.12/site-packages/airflow/example_dags/example_external_task_marker_dag.py
[2025-04-05T15:20:51.102+0000] {processor.py:914} INFO - Processing file /home/airflow/.local/lib/python3.12/site-packages/airflow/example_dags/example_external_task_marker_dag.py for tasks to queue
[2025-04-05T15:20:51.103+0000] {logging_mixin.py:190} INFO - [2025-04-05T15:20:51.103+0000] {dagbag.py:588} INFO - Filling up the DagBag from /home/airflow/.local/lib/python3.12/site-packages/airflow/example_dags/example_external_task_marker_dag.py
[2025-04-05T15:20:51.109+0000] {processor.py:925} INFO - DAG(s) 'example_external_task_marker_child', 'example_external_task_marker_parent' retrieved from /home/airflow/.local/lib/python3.12/site-packages/airflow/example_dags/example_external_task_marker_dag.py
[2025-04-05T15:20:51.127+0000] {logging_mixin.py:190} INFO - [2025-04-05T15:20:51.127+0000] {dag.py:3239} INFO - Sync 2 DAGs
[2025-04-05T15:20:51.138+0000] {logging_mixin.py:190} INFO - [2025-04-05T15:20:51.137+0000] {dag.py:4180} INFO - Setting next_dagrun for example_external_task_marker_child to None, run_after=None
[2025-04-05T15:20:51.140+0000] {logging_mixin.py:190} INFO - [2025-04-05T15:20:51.140+0000] {dag.py:4180} INFO - Setting next_dagrun for example_external_task_marker_parent to None, run_after=None
[2025-04-05T15:20:51.156+0000] {processor.py:208} INFO - Processing /home/airflow/.local/lib/python3.12/site-packages/airflow/example_dags/example_external_task_marker_dag.py took 0.060 seconds
[2025-04-05T15:21:21.572+0000] {processor.py:186} INFO - Started process (PID=366) to work on /home/airflow/.local/lib/python3.12/site-packages/airflow/example_dags/example_external_task_marker_dag.py
[2025-04-05T15:21:21.574+0000] {processor.py:914} INFO - Processing file /home/airflow/.local/lib/python3.12/site-packages/airflow/example_dags/example_external_task_marker_dag.py for tasks to queue
[2025-04-05T15:21:21.575+0000] {logging_mixin.py:190} INFO - [2025-04-05T15:21:21.575+0000] {dagbag.py:588} INFO - Filling up the DagBag from /home/airflow/.local/lib/python3.12/site-packages/airflow/example_dags/example_external_task_marker_dag.py
[2025-04-05T15:21:21.581+0000] {processor.py:925} INFO - DAG(s) 'example_external_task_marker_child', 'example_external_task_marker_parent' retrieved from /home/airflow/.local/lib/python3.12/site-packages/airflow/example_dags/example_external_task_marker_dag.py
[2025-04-05T15:21:21.599+0000] {logging_mixin.py:190} INFO - [2025-04-05T15:21:21.599+0000] {dag.py:3239} INFO - Sync 2 DAGs
[2025-04-05T15:21:21.611+0000] {logging_mixin.py:190} INFO - [2025-04-05T15:21:21.611+0000] {dag.py:4180} INFO - Setting next_dagrun for example_external_task_marker_child to None, run_after=None
[2025-04-05T15:21:21.614+0000] {logging_mixin.py:190} INFO - [2025-04-05T15:21:21.613+0000] {dag.py:4180} INFO - Setting next_dagrun for example_external_task_marker_parent to None, run_after=None
[2025-04-05T15:21:21.629+0000] {processor.py:208} INFO - Processing /home/airflow/.local/lib/python3.12/site-packages/airflow/example_dags/example_external_task_marker_dag.py took 0.063 seconds
[2025-04-05T15:21:51.913+0000] {processor.py:186} INFO - Started process (PID=429) to work on /home/airflow/.local/lib/python3.12/site-packages/airflow/example_dags/example_external_task_marker_dag.py
[2025-04-05T15:21:51.914+0000] {processor.py:914} INFO - Processing file /home/airflow/.local/lib/python3.12/site-packages/airflow/example_dags/example_external_task_marker_dag.py for tasks to queue
[2025-04-05T15:21:51.917+0000] {logging_mixin.py:190} INFO - [2025-04-05T15:21:51.916+0000] {dagbag.py:588} INFO - Filling up the DagBag from /home/airflow/.local/lib/python3.12/site-packages/airflow/example_dags/example_external_task_marker_dag.py
[2025-04-05T15:21:51.926+0000] {processor.py:925} INFO - DAG(s) 'example_external_task_marker_child', 'example_external_task_marker_parent' retrieved from /home/airflow/.local/lib/python3.12/site-packages/airflow/example_dags/example_external_task_marker_dag.py
[2025-04-05T15:21:51.953+0000] {logging_mixin.py:190} INFO - [2025-04-05T15:21:51.952+0000] {dag.py:3239} INFO - Sync 2 DAGs
[2025-04-05T15:21:51.971+0000] {logging_mixin.py:190} INFO - [2025-04-05T15:21:51.970+0000] {dag.py:4180} INFO - Setting next_dagrun for example_external_task_marker_child to None, run_after=None
[2025-04-05T15:21:51.975+0000] {logging_mixin.py:190} INFO - [2025-04-05T15:21:51.975+0000] {dag.py:4180} INFO - Setting next_dagrun for example_external_task_marker_parent to None, run_after=None
[2025-04-05T15:21:52.015+0000] {processor.py:208} INFO - Processing /home/airflow/.local/lib/python3.12/site-packages/airflow/example_dags/example_external_task_marker_dag.py took 0.108 seconds
[2025-04-05T15:22:22.275+0000] {processor.py:186} INFO - Started process (PID=492) to work on /home/airflow/.local/lib/python3.12/site-packages/airflow/example_dags/example_external_task_marker_dag.py
[2025-04-05T15:22:22.277+0000] {processor.py:914} INFO - Processing file /home/airflow/.local/lib/python3.12/site-packages/airflow/example_dags/example_external_task_marker_dag.py for tasks to queue
[2025-04-05T15:22:22.279+0000] {logging_mixin.py:190} INFO - [2025-04-05T15:22:22.279+0000] {dagbag.py:588} INFO - Filling up the DagBag from /home/airflow/.local/lib/python3.12/site-packages/airflow/example_dags/example_external_task_marker_dag.py
[2025-04-05T15:22:22.286+0000] {processor.py:925} INFO - DAG(s) 'example_external_task_marker_parent', 'example_external_task_marker_child' retrieved from /home/airflow/.local/lib/python3.12/site-packages/airflow/example_dags/example_external_task_marker_dag.py
[2025-04-05T15:22:22.307+0000] {logging_mixin.py:190} INFO - [2025-04-05T15:22:22.307+0000] {dag.py:3239} INFO - Sync 2 DAGs
[2025-04-05T15:22:22.321+0000] {logging_mixin.py:190} INFO - [2025-04-05T15:22:22.321+0000] {dag.py:4180} INFO - Setting next_dagrun for example_external_task_marker_child to None, run_after=None
[2025-04-05T15:22:22.324+0000] {logging_mixin.py:190} INFO - [2025-04-05T15:22:22.324+0000] {dag.py:4180} INFO - Setting next_dagrun for example_external_task_marker_parent to None, run_after=None
[2025-04-05T15:22:22.342+0000] {processor.py:208} INFO - Processing /home/airflow/.local/lib/python3.12/site-packages/airflow/example_dags/example_external_task_marker_dag.py took 0.071 seconds
[2025-04-05T15:22:53.134+0000] {processor.py:186} INFO - Started process (PID=555) to work on /home/airflow/.local/lib/python3.12/site-packages/airflow/example_dags/example_external_task_marker_dag.py
[2025-04-05T15:22:53.136+0000] {processor.py:914} INFO - Processing file /home/airflow/.local/lib/python3.12/site-packages/airflow/example_dags/example_external_task_marker_dag.py for tasks to queue
[2025-04-05T15:22:53.137+0000] {logging_mixin.py:190} INFO - [2025-04-05T15:22:53.137+0000] {dagbag.py:588} INFO - Filling up the DagBag from /home/airflow/.local/lib/python3.12/site-packages/airflow/example_dags/example_external_task_marker_dag.py
[2025-04-05T15:22:53.144+0000] {processor.py:925} INFO - DAG(s) 'example_external_task_marker_parent', 'example_external_task_marker_child' retrieved from /home/airflow/.local/lib/python3.12/site-packages/airflow/example_dags/example_external_task_marker_dag.py
[2025-04-05T15:22:53.162+0000] {logging_mixin.py:190} INFO - [2025-04-05T15:22:53.162+0000] {dag.py:3239} INFO - Sync 2 DAGs
[2025-04-05T15:22:53.172+0000] {logging_mixin.py:190} INFO - [2025-04-05T15:22:53.172+0000] {dag.py:4180} INFO - Setting next_dagrun for example_external_task_marker_child to None, run_after=None
[2025-04-05T15:22:53.175+0000] {logging_mixin.py:190} INFO - [2025-04-05T15:22:53.174+0000] {dag.py:4180} INFO - Setting next_dagrun for example_external_task_marker_parent to None, run_after=None
[2025-04-05T15:22:53.190+0000] {processor.py:208} INFO - Processing /home/airflow/.local/lib/python3.12/site-packages/airflow/example_dags/example_external_task_marker_dag.py took 0.060 seconds
[2025-04-05T15:23:23.338+0000] {processor.py:186} INFO - Started process (PID=618) to work on /home/airflow/.local/lib/python3.12/site-packages/airflow/example_dags/example_external_task_marker_dag.py
[2025-04-05T15:23:23.339+0000] {processor.py:914} INFO - Processing file /home/airflow/.local/lib/python3.12/site-packages/airflow/example_dags/example_external_task_marker_dag.py for tasks to queue
[2025-04-05T15:23:23.341+0000] {logging_mixin.py:190} INFO - [2025-04-05T15:23:23.341+0000] {dagbag.py:588} INFO - Filling up the DagBag from /home/airflow/.local/lib/python3.12/site-packages/airflow/example_dags/example_external_task_marker_dag.py
[2025-04-05T15:23:23.351+0000] {processor.py:925} INFO - DAG(s) 'example_external_task_marker_child', 'example_external_task_marker_parent' retrieved from /home/airflow/.local/lib/python3.12/site-packages/airflow/example_dags/example_external_task_marker_dag.py
[2025-04-05T15:23:23.373+0000] {logging_mixin.py:190} INFO - [2025-04-05T15:23:23.373+0000] {dag.py:3239} INFO - Sync 2 DAGs
[2025-04-05T15:23:23.386+0000] {logging_mixin.py:190} INFO - [2025-04-05T15:23:23.385+0000] {dag.py:4180} INFO - Setting next_dagrun for example_external_task_marker_child to None, run_after=None
[2025-04-05T15:23:23.389+0000] {logging_mixin.py:190} INFO - [2025-04-05T15:23:23.388+0000] {dag.py:4180} INFO - Setting next_dagrun for example_external_task_marker_parent to None, run_after=None
[2025-04-05T15:23:23.404+0000] {processor.py:208} INFO - Processing /home/airflow/.local/lib/python3.12/site-packages/airflow/example_dags/example_external_task_marker_dag.py took 0.072 seconds
[2025-04-05T15:23:53.789+0000] {processor.py:186} INFO - Started process (PID=681) to work on /home/airflow/.local/lib/python3.12/site-packages/airflow/example_dags/example_external_task_marker_dag.py
[2025-04-05T15:23:53.791+0000] {processor.py:914} INFO - Processing file /home/airflow/.local/lib/python3.12/site-packages/airflow/example_dags/example_external_task_marker_dag.py for tasks to queue
[2025-04-05T15:23:53.792+0000] {logging_mixin.py:190} INFO - [2025-04-05T15:23:53.792+0000] {dagbag.py:588} INFO - Filling up the DagBag from /home/airflow/.local/lib/python3.12/site-packages/airflow/example_dags/example_external_task_marker_dag.py
[2025-04-05T15:23:53.798+0000] {processor.py:925} INFO - DAG(s) 'example_external_task_marker_child', 'example_external_task_marker_parent' retrieved from /home/airflow/.local/lib/python3.12/site-packages/airflow/example_dags/example_external_task_marker_dag.py
[2025-04-05T15:23:53.815+0000] {logging_mixin.py:190} INFO - [2025-04-05T15:23:53.815+0000] {dag.py:3239} INFO - Sync 2 DAGs
[2025-04-05T15:23:53.825+0000] {logging_mixin.py:190} INFO - [2025-04-05T15:23:53.825+0000] {dag.py:4180} INFO - Setting next_dagrun for example_external_task_marker_child to None, run_after=None
[2025-04-05T15:23:53.828+0000] {logging_mixin.py:190} INFO - [2025-04-05T15:23:53.828+0000] {dag.py:4180} INFO - Setting next_dagrun for example_external_task_marker_parent to None, run_after=None
[2025-04-05T15:23:53.844+0000] {processor.py:208} INFO - Processing /home/airflow/.local/lib/python3.12/site-packages/airflow/example_dags/example_external_task_marker_dag.py took 0.059 seconds
[2025-04-05T15:24:24.540+0000] {processor.py:186} INFO - Started process (PID=744) to work on /home/airflow/.local/lib/python3.12/site-packages/airflow/example_dags/example_external_task_marker_dag.py
[2025-04-05T15:24:24.541+0000] {processor.py:914} INFO - Processing file /home/airflow/.local/lib/python3.12/site-packages/airflow/example_dags/example_external_task_marker_dag.py for tasks to queue
[2025-04-05T15:24:24.543+0000] {logging_mixin.py:190} INFO - [2025-04-05T15:24:24.543+0000] {dagbag.py:588} INFO - Filling up the DagBag from /home/airflow/.local/lib/python3.12/site-packages/airflow/example_dags/example_external_task_marker_dag.py
[2025-04-05T15:24:24.550+0000] {processor.py:925} INFO - DAG(s) 'example_external_task_marker_parent', 'example_external_task_marker_child' retrieved from /home/airflow/.local/lib/python3.12/site-packages/airflow/example_dags/example_external_task_marker_dag.py
[2025-04-05T15:24:24.571+0000] {logging_mixin.py:190} INFO - [2025-04-05T15:24:24.570+0000] {dag.py:3239} INFO - Sync 2 DAGs
[2025-04-05T15:24:24.584+0000] {logging_mixin.py:190} INFO - [2025-04-05T15:24:24.584+0000] {dag.py:4180} INFO - Setting next_dagrun for example_external_task_marker_child to None, run_after=None
[2025-04-05T15:24:24.587+0000] {logging_mixin.py:190} INFO - [2025-04-05T15:24:24.587+0000] {dag.py:4180} INFO - Setting next_dagrun for example_external_task_marker_parent to None, run_after=None
[2025-04-05T15:24:24.605+0000] {processor.py:208} INFO - Processing /home/airflow/.local/lib/python3.12/site-packages/airflow/example_dags/example_external_task_marker_dag.py took 0.070 seconds
[2025-04-05T15:24:54.747+0000] {processor.py:186} INFO - Started process (PID=806) to work on /home/airflow/.local/lib/python3.12/site-packages/airflow/example_dags/example_external_task_marker_dag.py
[2025-04-05T15:24:54.748+0000] {processor.py:914} INFO - Processing file /home/airflow/.local/lib/python3.12/site-packages/airflow/example_dags/example_external_task_marker_dag.py for tasks to queue
[2025-04-05T15:24:54.750+0000] {logging_mixin.py:190} INFO - [2025-04-05T15:24:54.750+0000] {dagbag.py:588} INFO - Filling up the DagBag from /home/airflow/.local/lib/python3.12/site-packages/airflow/example_dags/example_external_task_marker_dag.py
[2025-04-05T15:24:54.757+0000] {processor.py:925} INFO - DAG(s) 'example_external_task_marker_parent', 'example_external_task_marker_child' retrieved from /home/airflow/.local/lib/python3.12/site-packages/airflow/example_dags/example_external_task_marker_dag.py
[2025-04-05T15:24:54.776+0000] {logging_mixin.py:190} INFO - [2025-04-05T15:24:54.775+0000] {dag.py:3239} INFO - Sync 2 DAGs
[2025-04-05T15:24:54.787+0000] {logging_mixin.py:190} INFO - [2025-04-05T15:24:54.786+0000] {dag.py:4180} INFO - Setting next_dagrun for example_external_task_marker_child to None, run_after=None
[2025-04-05T15:24:54.790+0000] {logging_mixin.py:190} INFO - [2025-04-05T15:24:54.790+0000] {dag.py:4180} INFO - Setting next_dagrun for example_external_task_marker_parent to None, run_after=None
[2025-04-05T15:24:54.806+0000] {processor.py:208} INFO - Processing /home/airflow/.local/lib/python3.12/site-packages/airflow/example_dags/example_external_task_marker_dag.py took 0.064 seconds
[2025-04-05T15:25:24.928+0000] {processor.py:186} INFO - Started process (PID=869) to work on /home/airflow/.local/lib/python3.12/site-packages/airflow/example_dags/example_external_task_marker_dag.py
[2025-04-05T15:25:24.931+0000] {processor.py:914} INFO - Processing file /home/airflow/.local/lib/python3.12/site-packages/airflow/example_dags/example_external_task_marker_dag.py for tasks to queue
[2025-04-05T15:25:24.933+0000] {logging_mixin.py:190} INFO - [2025-04-05T15:25:24.933+0000] {dagbag.py:588} INFO - Filling up the DagBag from /home/airflow/.local/lib/python3.12/site-packages/airflow/example_dags/example_external_task_marker_dag.py
[2025-04-05T15:25:24.949+0000] {processor.py:925} INFO - DAG(s) 'example_external_task_marker_parent', 'example_external_task_marker_child' retrieved from /home/airflow/.local/lib/python3.12/site-packages/airflow/example_dags/example_external_task_marker_dag.py
[2025-04-05T15:25:24.975+0000] {logging_mixin.py:190} INFO - [2025-04-05T15:25:24.975+0000] {dag.py:3239} INFO - Sync 2 DAGs
[2025-04-05T15:25:24.986+0000] {logging_mixin.py:190} INFO - [2025-04-05T15:25:24.986+0000] {dag.py:4180} INFO - Setting next_dagrun for example_external_task_marker_child to None, run_after=None
[2025-04-05T15:25:24.989+0000] {logging_mixin.py:190} INFO - [2025-04-05T15:25:24.989+0000] {dag.py:4180} INFO - Setting next_dagrun for example_external_task_marker_parent to None, run_after=None
[2025-04-05T15:25:25.006+0000] {processor.py:208} INFO - Processing /home/airflow/.local/lib/python3.12/site-packages/airflow/example_dags/example_external_task_marker_dag.py took 0.085 seconds
[2025-04-05T15:25:55.357+0000] {processor.py:186} INFO - Started process (PID=932) to work on /home/airflow/.local/lib/python3.12/site-packages/airflow/example_dags/example_external_task_marker_dag.py
[2025-04-05T15:25:55.359+0000] {processor.py:914} INFO - Processing file /home/airflow/.local/lib/python3.12/site-packages/airflow/example_dags/example_external_task_marker_dag.py for tasks to queue
[2025-04-05T15:25:55.361+0000] {logging_mixin.py:190} INFO - [2025-04-05T15:25:55.360+0000] {dagbag.py:588} INFO - Filling up the DagBag from /home/airflow/.local/lib/python3.12/site-packages/airflow/example_dags/example_external_task_marker_dag.py
[2025-04-05T15:25:55.368+0000] {processor.py:925} INFO - DAG(s) 'example_external_task_marker_parent', 'example_external_task_marker_child' retrieved from /home/airflow/.local/lib/python3.12/site-packages/airflow/example_dags/example_external_task_marker_dag.py
[2025-04-05T15:25:55.390+0000] {logging_mixin.py:190} INFO - [2025-04-05T15:25:55.390+0000] {dag.py:3239} INFO - Sync 2 DAGs
[2025-04-05T15:25:55.403+0000] {logging_mixin.py:190} INFO - [2025-04-05T15:25:55.403+0000] {dag.py:4180} INFO - Setting next_dagrun for example_external_task_marker_child to None, run_after=None
[2025-04-05T15:25:55.408+0000] {logging_mixin.py:190} INFO - [2025-04-05T15:25:55.407+0000] {dag.py:4180} INFO - Setting next_dagrun for example_external_task_marker_parent to None, run_after=None
[2025-04-05T15:25:55.427+0000] {processor.py:208} INFO - Processing /home/airflow/.local/lib/python3.12/site-packages/airflow/example_dags/example_external_task_marker_dag.py took 0.075 seconds
[2025-04-05T15:26:25.931+0000] {processor.py:186} INFO - Started process (PID=995) to work on /home/airflow/.local/lib/python3.12/site-packages/airflow/example_dags/example_external_task_marker_dag.py
[2025-04-05T15:26:25.932+0000] {processor.py:914} INFO - Processing file /home/airflow/.local/lib/python3.12/site-packages/airflow/example_dags/example_external_task_marker_dag.py for tasks to queue
[2025-04-05T15:26:25.934+0000] {logging_mixin.py:190} INFO - [2025-04-05T15:26:25.934+0000] {dagbag.py:588} INFO - Filling up the DagBag from /home/airflow/.local/lib/python3.12/site-packages/airflow/example_dags/example_external_task_marker_dag.py
[2025-04-05T15:26:25.941+0000] {processor.py:925} INFO - DAG(s) 'example_external_task_marker_parent', 'example_external_task_marker_child' retrieved from /home/airflow/.local/lib/python3.12/site-packages/airflow/example_dags/example_external_task_marker_dag.py
[2025-04-05T15:26:25.963+0000] {logging_mixin.py:190} INFO - [2025-04-05T15:26:25.962+0000] {dag.py:3239} INFO - Sync 2 DAGs
[2025-04-05T15:26:25.975+0000] {logging_mixin.py:190} INFO - [2025-04-05T15:26:25.975+0000] {dag.py:4180} INFO - Setting next_dagrun for example_external_task_marker_child to None, run_after=None
[2025-04-05T15:26:25.979+0000] {logging_mixin.py:190} INFO - [2025-04-05T15:26:25.979+0000] {dag.py:4180} INFO - Setting next_dagrun for example_external_task_marker_parent to None, run_after=None
[2025-04-05T15:26:25.996+0000] {processor.py:208} INFO - Processing /home/airflow/.local/lib/python3.12/site-packages/airflow/example_dags/example_external_task_marker_dag.py took 0.070 seconds
[2025-04-05T15:26:56.755+0000] {processor.py:186} INFO - Started process (PID=1058) to work on /home/airflow/.local/lib/python3.12/site-packages/airflow/example_dags/example_external_task_marker_dag.py
[2025-04-05T15:26:56.756+0000] {processor.py:914} INFO - Processing file /home/airflow/.local/lib/python3.12/site-packages/airflow/example_dags/example_external_task_marker_dag.py for tasks to queue
[2025-04-05T15:26:56.758+0000] {logging_mixin.py:190} INFO - [2025-04-05T15:26:56.758+0000] {dagbag.py:588} INFO - Filling up the DagBag from /home/airflow/.local/lib/python3.12/site-packages/airflow/example_dags/example_external_task_marker_dag.py
[2025-04-05T15:26:56.766+0000] {processor.py:925} INFO - DAG(s) 'example_external_task_marker_child', 'example_external_task_marker_parent' retrieved from /home/airflow/.local/lib/python3.12/site-packages/airflow/example_dags/example_external_task_marker_dag.py
[2025-04-05T15:26:56.789+0000] {logging_mixin.py:190} INFO - [2025-04-05T15:26:56.789+0000] {dag.py:3239} INFO - Sync 2 DAGs
[2025-04-05T15:26:56.806+0000] {logging_mixin.py:190} INFO - [2025-04-05T15:26:56.805+0000] {dag.py:4180} INFO - Setting next_dagrun for example_external_task_marker_child to None, run_after=None
[2025-04-05T15:26:56.809+0000] {logging_mixin.py:190} INFO - [2025-04-05T15:26:56.809+0000] {dag.py:4180} INFO - Setting next_dagrun for example_external_task_marker_parent to None, run_after=None
[2025-04-05T15:26:56.831+0000] {processor.py:208} INFO - Processing /home/airflow/.local/lib/python3.12/site-packages/airflow/example_dags/example_external_task_marker_dag.py took 0.082 seconds
[2025-04-05T15:27:26.927+0000] {processor.py:186} INFO - Started process (PID=1120) to work on /home/airflow/.local/lib/python3.12/site-packages/airflow/example_dags/example_external_task_marker_dag.py
[2025-04-05T15:27:26.928+0000] {processor.py:914} INFO - Processing file /home/airflow/.local/lib/python3.12/site-packages/airflow/example_dags/example_external_task_marker_dag.py for tasks to queue
[2025-04-05T15:27:26.931+0000] {logging_mixin.py:190} INFO - [2025-04-05T15:27:26.931+0000] {dagbag.py:588} INFO - Filling up the DagBag from /home/airflow/.local/lib/python3.12/site-packages/airflow/example_dags/example_external_task_marker_dag.py
[2025-04-05T15:27:26.939+0000] {processor.py:925} INFO - DAG(s) 'example_external_task_marker_parent', 'example_external_task_marker_child' retrieved from /home/airflow/.local/lib/python3.12/site-packages/airflow/example_dags/example_external_task_marker_dag.py
[2025-04-05T15:27:26.966+0000] {logging_mixin.py:190} INFO - [2025-04-05T15:27:26.966+0000] {dag.py:3239} INFO - Sync 2 DAGs
[2025-04-05T15:27:26.982+0000] {logging_mixin.py:190} INFO - [2025-04-05T15:27:26.982+0000] {dag.py:4180} INFO - Setting next_dagrun for example_external_task_marker_child to None, run_after=None
[2025-04-05T15:27:26.986+0000] {logging_mixin.py:190} INFO - [2025-04-05T15:27:26.985+0000] {dag.py:4180} INFO - Setting next_dagrun for example_external_task_marker_parent to None, run_after=None
[2025-04-05T15:27:27.005+0000] {processor.py:208} INFO - Processing /home/airflow/.local/lib/python3.12/site-packages/airflow/example_dags/example_external_task_marker_dag.py took 0.083 seconds
[2025-04-05T15:27:57.440+0000] {processor.py:186} INFO - Started process (PID=1183) to work on /home/airflow/.local/lib/python3.12/site-packages/airflow/example_dags/example_external_task_marker_dag.py
[2025-04-05T15:27:57.442+0000] {processor.py:914} INFO - Processing file /home/airflow/.local/lib/python3.12/site-packages/airflow/example_dags/example_external_task_marker_dag.py for tasks to queue
[2025-04-05T15:27:57.445+0000] {logging_mixin.py:190} INFO - [2025-04-05T15:27:57.445+0000] {dagbag.py:588} INFO - Filling up the DagBag from /home/airflow/.local/lib/python3.12/site-packages/airflow/example_dags/example_external_task_marker_dag.py
[2025-04-05T15:27:57.458+0000] {processor.py:925} INFO - DAG(s) 'example_external_task_marker_parent', 'example_external_task_marker_child' retrieved from /home/airflow/.local/lib/python3.12/site-packages/airflow/example_dags/example_external_task_marker_dag.py
[2025-04-05T15:27:57.484+0000] {logging_mixin.py:190} INFO - [2025-04-05T15:27:57.484+0000] {dag.py:3239} INFO - Sync 2 DAGs
[2025-04-05T15:27:57.500+0000] {logging_mixin.py:190} INFO - [2025-04-05T15:27:57.500+0000] {dag.py:4180} INFO - Setting next_dagrun for example_external_task_marker_child to None, run_after=None
[2025-04-05T15:27:57.505+0000] {logging_mixin.py:190} INFO - [2025-04-05T15:27:57.504+0000] {dag.py:4180} INFO - Setting next_dagrun for example_external_task_marker_parent to None, run_after=None
[2025-04-05T15:27:57.530+0000] {processor.py:208} INFO - Processing /home/airflow/.local/lib/python3.12/site-packages/airflow/example_dags/example_external_task_marker_dag.py took 0.095 seconds
[2025-04-05T15:28:27.755+0000] {processor.py:186} INFO - Started process (PID=1246) to work on /home/airflow/.local/lib/python3.12/site-packages/airflow/example_dags/example_external_task_marker_dag.py
[2025-04-05T15:28:27.756+0000] {processor.py:914} INFO - Processing file /home/airflow/.local/lib/python3.12/site-packages/airflow/example_dags/example_external_task_marker_dag.py for tasks to queue
[2025-04-05T15:28:27.758+0000] {logging_mixin.py:190} INFO - [2025-04-05T15:28:27.757+0000] {dagbag.py:588} INFO - Filling up the DagBag from /home/airflow/.local/lib/python3.12/site-packages/airflow/example_dags/example_external_task_marker_dag.py
[2025-04-05T15:28:27.764+0000] {processor.py:925} INFO - DAG(s) 'example_external_task_marker_parent', 'example_external_task_marker_child' retrieved from /home/airflow/.local/lib/python3.12/site-packages/airflow/example_dags/example_external_task_marker_dag.py
[2025-04-05T15:28:27.788+0000] {logging_mixin.py:190} INFO - [2025-04-05T15:28:27.788+0000] {dag.py:3239} INFO - Sync 2 DAGs
[2025-04-05T15:28:27.802+0000] {logging_mixin.py:190} INFO - [2025-04-05T15:28:27.802+0000] {dag.py:4180} INFO - Setting next_dagrun for example_external_task_marker_child to None, run_after=None
[2025-04-05T15:28:27.807+0000] {logging_mixin.py:190} INFO - [2025-04-05T15:28:27.806+0000] {dag.py:4180} INFO - Setting next_dagrun for example_external_task_marker_parent to None, run_after=None
[2025-04-05T15:28:27.826+0000] {processor.py:208} INFO - Processing /home/airflow/.local/lib/python3.12/site-packages/airflow/example_dags/example_external_task_marker_dag.py took 0.076 seconds
[2025-04-05T15:28:58.513+0000] {processor.py:186} INFO - Started process (PID=1309) to work on /home/airflow/.local/lib/python3.12/site-packages/airflow/example_dags/example_external_task_marker_dag.py
[2025-04-05T15:28:58.515+0000] {processor.py:914} INFO - Processing file /home/airflow/.local/lib/python3.12/site-packages/airflow/example_dags/example_external_task_marker_dag.py for tasks to queue
[2025-04-05T15:28:58.517+0000] {logging_mixin.py:190} INFO - [2025-04-05T15:28:58.517+0000] {dagbag.py:588} INFO - Filling up the DagBag from /home/airflow/.local/lib/python3.12/site-packages/airflow/example_dags/example_external_task_marker_dag.py
[2025-04-05T15:28:58.524+0000] {processor.py:925} INFO - DAG(s) 'example_external_task_marker_parent', 'example_external_task_marker_child' retrieved from /home/airflow/.local/lib/python3.12/site-packages/airflow/example_dags/example_external_task_marker_dag.py
[2025-04-05T15:28:58.546+0000] {logging_mixin.py:190} INFO - [2025-04-05T15:28:58.546+0000] {dag.py:3239} INFO - Sync 2 DAGs
[2025-04-05T15:28:58.558+0000] {logging_mixin.py:190} INFO - [2025-04-05T15:28:58.557+0000] {dag.py:4180} INFO - Setting next_dagrun for example_external_task_marker_child to None, run_after=None
[2025-04-05T15:28:58.562+0000] {logging_mixin.py:190} INFO - [2025-04-05T15:28:58.562+0000] {dag.py:4180} INFO - Setting next_dagrun for example_external_task_marker_parent to None, run_after=None
[2025-04-05T15:28:58.580+0000] {processor.py:208} INFO - Processing /home/airflow/.local/lib/python3.12/site-packages/airflow/example_dags/example_external_task_marker_dag.py took 0.073 seconds
[2025-04-05T15:29:29.479+0000] {processor.py:186} INFO - Started process (PID=1372) to work on /home/airflow/.local/lib/python3.12/site-packages/airflow/example_dags/example_external_task_marker_dag.py
[2025-04-05T15:29:29.480+0000] {processor.py:914} INFO - Processing file /home/airflow/.local/lib/python3.12/site-packages/airflow/example_dags/example_external_task_marker_dag.py for tasks to queue
[2025-04-05T15:29:29.483+0000] {logging_mixin.py:190} INFO - [2025-04-05T15:29:29.483+0000] {dagbag.py:588} INFO - Filling up the DagBag from /home/airflow/.local/lib/python3.12/site-packages/airflow/example_dags/example_external_task_marker_dag.py
[2025-04-05T15:29:29.489+0000] {processor.py:925} INFO - DAG(s) 'example_external_task_marker_parent', 'example_external_task_marker_child' retrieved from /home/airflow/.local/lib/python3.12/site-packages/airflow/example_dags/example_external_task_marker_dag.py
[2025-04-05T15:29:29.511+0000] {logging_mixin.py:190} INFO - [2025-04-05T15:29:29.510+0000] {dag.py:3239} INFO - Sync 2 DAGs
[2025-04-05T15:29:29.522+0000] {logging_mixin.py:190} INFO - [2025-04-05T15:29:29.521+0000] {dag.py:4180} INFO - Setting next_dagrun for example_external_task_marker_child to None, run_after=None
[2025-04-05T15:29:29.525+0000] {logging_mixin.py:190} INFO - [2025-04-05T15:29:29.525+0000] {dag.py:4180} INFO - Setting next_dagrun for example_external_task_marker_parent to None, run_after=None
[2025-04-05T15:29:29.543+0000] {processor.py:208} INFO - Processing /home/airflow/.local/lib/python3.12/site-packages/airflow/example_dags/example_external_task_marker_dag.py took 0.070 seconds
[2025-04-05T15:30:00.244+0000] {processor.py:186} INFO - Started process (PID=1435) to work on /home/airflow/.local/lib/python3.12/site-packages/airflow/example_dags/example_external_task_marker_dag.py
[2025-04-05T15:30:00.245+0000] {processor.py:914} INFO - Processing file /home/airflow/.local/lib/python3.12/site-packages/airflow/example_dags/example_external_task_marker_dag.py for tasks to queue
[2025-04-05T15:30:00.247+0000] {logging_mixin.py:190} INFO - [2025-04-05T15:30:00.247+0000] {dagbag.py:588} INFO - Filling up the DagBag from /home/airflow/.local/lib/python3.12/site-packages/airflow/example_dags/example_external_task_marker_dag.py
[2025-04-05T15:30:00.253+0000] {processor.py:925} INFO - DAG(s) 'example_external_task_marker_parent', 'example_external_task_marker_child' retrieved from /home/airflow/.local/lib/python3.12/site-packages/airflow/example_dags/example_external_task_marker_dag.py
[2025-04-05T15:30:00.274+0000] {logging_mixin.py:190} INFO - [2025-04-05T15:30:00.273+0000] {dag.py:3239} INFO - Sync 2 DAGs
[2025-04-05T15:30:00.294+0000] {logging_mixin.py:190} INFO - [2025-04-05T15:30:00.294+0000] {dag.py:4180} INFO - Setting next_dagrun for example_external_task_marker_child to None, run_after=None
[2025-04-05T15:30:00.297+0000] {logging_mixin.py:190} INFO - [2025-04-05T15:30:00.297+0000] {dag.py:4180} INFO - Setting next_dagrun for example_external_task_marker_parent to None, run_after=None
[2025-04-05T15:30:00.316+0000] {processor.py:208} INFO - Processing /home/airflow/.local/lib/python3.12/site-packages/airflow/example_dags/example_external_task_marker_dag.py took 0.078 seconds
[2025-04-05T15:30:31.136+0000] {processor.py:186} INFO - Started process (PID=1499) to work on /home/airflow/.local/lib/python3.12/site-packages/airflow/example_dags/example_external_task_marker_dag.py
[2025-04-05T15:30:31.138+0000] {processor.py:914} INFO - Processing file /home/airflow/.local/lib/python3.12/site-packages/airflow/example_dags/example_external_task_marker_dag.py for tasks to queue
[2025-04-05T15:30:31.140+0000] {logging_mixin.py:190} INFO - [2025-04-05T15:30:31.140+0000] {dagbag.py:588} INFO - Filling up the DagBag from /home/airflow/.local/lib/python3.12/site-packages/airflow/example_dags/example_external_task_marker_dag.py
[2025-04-05T15:30:31.147+0000] {processor.py:925} INFO - DAG(s) 'example_external_task_marker_parent', 'example_external_task_marker_child' retrieved from /home/airflow/.local/lib/python3.12/site-packages/airflow/example_dags/example_external_task_marker_dag.py
[2025-04-05T15:30:31.168+0000] {logging_mixin.py:190} INFO - [2025-04-05T15:30:31.168+0000] {dag.py:3239} INFO - Sync 2 DAGs
[2025-04-05T15:30:31.190+0000] {logging_mixin.py:190} INFO - [2025-04-05T15:30:31.189+0000] {dag.py:4180} INFO - Setting next_dagrun for example_external_task_marker_child to None, run_after=None
[2025-04-05T15:30:31.194+0000] {logging_mixin.py:190} INFO - [2025-04-05T15:30:31.194+0000] {dag.py:4180} INFO - Setting next_dagrun for example_external_task_marker_parent to None, run_after=None
[2025-04-05T15:30:31.211+0000] {processor.py:208} INFO - Processing /home/airflow/.local/lib/python3.12/site-packages/airflow/example_dags/example_external_task_marker_dag.py took 0.081 seconds
[2025-04-05T15:31:02.041+0000] {processor.py:186} INFO - Started process (PID=1562) to work on /home/airflow/.local/lib/python3.12/site-packages/airflow/example_dags/example_external_task_marker_dag.py
[2025-04-05T15:31:02.042+0000] {processor.py:914} INFO - Processing file /home/airflow/.local/lib/python3.12/site-packages/airflow/example_dags/example_external_task_marker_dag.py for tasks to queue
[2025-04-05T15:31:02.046+0000] {logging_mixin.py:190} INFO - [2025-04-05T15:31:02.046+0000] {dagbag.py:588} INFO - Filling up the DagBag from /home/airflow/.local/lib/python3.12/site-packages/airflow/example_dags/example_external_task_marker_dag.py
[2025-04-05T15:31:02.053+0000] {processor.py:925} INFO - DAG(s) 'example_external_task_marker_child', 'example_external_task_marker_parent' retrieved from /home/airflow/.local/lib/python3.12/site-packages/airflow/example_dags/example_external_task_marker_dag.py
[2025-04-05T15:31:02.079+0000] {logging_mixin.py:190} INFO - [2025-04-05T15:31:02.078+0000] {dag.py:3239} INFO - Sync 2 DAGs
[2025-04-05T15:31:02.096+0000] {logging_mixin.py:190} INFO - [2025-04-05T15:31:02.096+0000] {dag.py:4180} INFO - Setting next_dagrun for example_external_task_marker_child to None, run_after=None
[2025-04-05T15:31:02.099+0000] {logging_mixin.py:190} INFO - [2025-04-05T15:31:02.099+0000] {dag.py:4180} INFO - Setting next_dagrun for example_external_task_marker_parent to None, run_after=None
[2025-04-05T15:31:02.121+0000] {processor.py:208} INFO - Processing /home/airflow/.local/lib/python3.12/site-packages/airflow/example_dags/example_external_task_marker_dag.py took 0.087 seconds
[2025-04-05T15:31:32.837+0000] {processor.py:186} INFO - Started process (PID=1625) to work on /home/airflow/.local/lib/python3.12/site-packages/airflow/example_dags/example_external_task_marker_dag.py
[2025-04-05T15:31:32.839+0000] {processor.py:914} INFO - Processing file /home/airflow/.local/lib/python3.12/site-packages/airflow/example_dags/example_external_task_marker_dag.py for tasks to queue
[2025-04-05T15:31:32.841+0000] {logging_mixin.py:190} INFO - [2025-04-05T15:31:32.841+0000] {dagbag.py:588} INFO - Filling up the DagBag from /home/airflow/.local/lib/python3.12/site-packages/airflow/example_dags/example_external_task_marker_dag.py
[2025-04-05T15:31:32.847+0000] {processor.py:925} INFO - DAG(s) 'example_external_task_marker_parent', 'example_external_task_marker_child' retrieved from /home/airflow/.local/lib/python3.12/site-packages/airflow/example_dags/example_external_task_marker_dag.py
[2025-04-05T15:31:32.873+0000] {logging_mixin.py:190} INFO - [2025-04-05T15:31:32.873+0000] {dag.py:3239} INFO - Sync 2 DAGs
[2025-04-05T15:31:32.887+0000] {logging_mixin.py:190} INFO - [2025-04-05T15:31:32.887+0000] {dag.py:4180} INFO - Setting next_dagrun for example_external_task_marker_child to None, run_after=None
[2025-04-05T15:31:32.892+0000] {logging_mixin.py:190} INFO - [2025-04-05T15:31:32.892+0000] {dag.py:4180} INFO - Setting next_dagrun for example_external_task_marker_parent to None, run_after=None
[2025-04-05T15:31:32.912+0000] {processor.py:208} INFO - Processing /home/airflow/.local/lib/python3.12/site-packages/airflow/example_dags/example_external_task_marker_dag.py took 0.080 seconds
[2025-04-05T15:32:03.119+0000] {processor.py:186} INFO - Started process (PID=1688) to work on /home/airflow/.local/lib/python3.12/site-packages/airflow/example_dags/example_external_task_marker_dag.py
[2025-04-05T15:32:03.120+0000] {processor.py:914} INFO - Processing file /home/airflow/.local/lib/python3.12/site-packages/airflow/example_dags/example_external_task_marker_dag.py for tasks to queue
[2025-04-05T15:32:03.122+0000] {logging_mixin.py:190} INFO - [2025-04-05T15:32:03.122+0000] {dagbag.py:588} INFO - Filling up the DagBag from /home/airflow/.local/lib/python3.12/site-packages/airflow/example_dags/example_external_task_marker_dag.py
[2025-04-05T15:32:03.131+0000] {processor.py:925} INFO - DAG(s) 'example_external_task_marker_child', 'example_external_task_marker_parent' retrieved from /home/airflow/.local/lib/python3.12/site-packages/airflow/example_dags/example_external_task_marker_dag.py
[2025-04-05T15:32:03.164+0000] {logging_mixin.py:190} INFO - [2025-04-05T15:32:03.163+0000] {dag.py:3239} INFO - Sync 2 DAGs
[2025-04-05T15:32:03.180+0000] {logging_mixin.py:190} INFO - [2025-04-05T15:32:03.180+0000] {dag.py:4180} INFO - Setting next_dagrun for example_external_task_marker_child to None, run_after=None
[2025-04-05T15:32:03.185+0000] {logging_mixin.py:190} INFO - [2025-04-05T15:32:03.184+0000] {dag.py:4180} INFO - Setting next_dagrun for example_external_task_marker_parent to None, run_after=None
[2025-04-05T15:32:03.207+0000] {processor.py:208} INFO - Processing /home/airflow/.local/lib/python3.12/site-packages/airflow/example_dags/example_external_task_marker_dag.py took 0.094 seconds
[2025-04-05T15:32:34.139+0000] {processor.py:186} INFO - Started process (PID=1751) to work on /home/airflow/.local/lib/python3.12/site-packages/airflow/example_dags/example_external_task_marker_dag.py
[2025-04-05T15:32:34.141+0000] {processor.py:914} INFO - Processing file /home/airflow/.local/lib/python3.12/site-packages/airflow/example_dags/example_external_task_marker_dag.py for tasks to queue
[2025-04-05T15:32:34.143+0000] {logging_mixin.py:190} INFO - [2025-04-05T15:32:34.143+0000] {dagbag.py:588} INFO - Filling up the DagBag from /home/airflow/.local/lib/python3.12/site-packages/airflow/example_dags/example_external_task_marker_dag.py
[2025-04-05T15:32:34.152+0000] {processor.py:925} INFO - DAG(s) 'example_external_task_marker_child', 'example_external_task_marker_parent' retrieved from /home/airflow/.local/lib/python3.12/site-packages/airflow/example_dags/example_external_task_marker_dag.py
[2025-04-05T15:32:34.174+0000] {logging_mixin.py:190} INFO - [2025-04-05T15:32:34.174+0000] {dag.py:3239} INFO - Sync 2 DAGs
[2025-04-05T15:32:34.188+0000] {logging_mixin.py:190} INFO - [2025-04-05T15:32:34.187+0000] {dag.py:4180} INFO - Setting next_dagrun for example_external_task_marker_child to None, run_after=None
[2025-04-05T15:32:34.190+0000] {logging_mixin.py:190} INFO - [2025-04-05T15:32:34.190+0000] {dag.py:4180} INFO - Setting next_dagrun for example_external_task_marker_parent to None, run_after=None
[2025-04-05T15:32:34.213+0000] {processor.py:208} INFO - Processing /home/airflow/.local/lib/python3.12/site-packages/airflow/example_dags/example_external_task_marker_dag.py took 0.081 seconds
[2025-04-05T15:33:04.812+0000] {processor.py:186} INFO - Started process (PID=1814) to work on /home/airflow/.local/lib/python3.12/site-packages/airflow/example_dags/example_external_task_marker_dag.py
[2025-04-05T15:33:04.813+0000] {processor.py:914} INFO - Processing file /home/airflow/.local/lib/python3.12/site-packages/airflow/example_dags/example_external_task_marker_dag.py for tasks to queue
[2025-04-05T15:33:04.815+0000] {logging_mixin.py:190} INFO - [2025-04-05T15:33:04.815+0000] {dagbag.py:588} INFO - Filling up the DagBag from /home/airflow/.local/lib/python3.12/site-packages/airflow/example_dags/example_external_task_marker_dag.py
[2025-04-05T15:33:04.823+0000] {processor.py:925} INFO - DAG(s) 'example_external_task_marker_parent', 'example_external_task_marker_child' retrieved from /home/airflow/.local/lib/python3.12/site-packages/airflow/example_dags/example_external_task_marker_dag.py
[2025-04-05T15:33:04.844+0000] {logging_mixin.py:190} INFO - [2025-04-05T15:33:04.844+0000] {dag.py:3239} INFO - Sync 2 DAGs
[2025-04-05T15:33:04.870+0000] {logging_mixin.py:190} INFO - [2025-04-05T15:33:04.870+0000] {dag.py:4180} INFO - Setting next_dagrun for example_external_task_marker_child to None, run_after=None
[2025-04-05T15:33:04.875+0000] {logging_mixin.py:190} INFO - [2025-04-05T15:33:04.875+0000] {dag.py:4180} INFO - Setting next_dagrun for example_external_task_marker_parent to None, run_after=None
[2025-04-05T15:33:04.909+0000] {processor.py:208} INFO - Processing /home/airflow/.local/lib/python3.12/site-packages/airflow/example_dags/example_external_task_marker_dag.py took 0.103 seconds
