[2025-04-05T15:19:15.609+0000] {processor.py:186} INFO - Started process (PID=99) to work on /home/airflow/.local/lib/python3.12/site-packages/airflow/example_dags/example_skip_dag.py
[2025-04-05T15:19:15.609+0000] {processor.py:914} INFO - Processing file /home/airflow/.local/lib/python3.12/site-packages/airflow/example_dags/example_skip_dag.py for tasks to queue
[2025-04-05T15:19:15.612+0000] {logging_mixin.py:190} INFO - [2025-04-05T15:19:15.611+0000] {dagbag.py:588} INFO - Filling up the DagBag from /home/airflow/.local/lib/python3.12/site-packages/airflow/example_dags/example_skip_dag.py
[2025-04-05T15:19:15.619+0000] {processor.py:925} INFO - DAG(s) 'example_skip_dag' retrieved from /home/airflow/.local/lib/python3.12/site-packages/airflow/example_dags/example_skip_dag.py
[2025-04-05T15:19:15.740+0000] {logging_mixin.py:190} INFO - [2025-04-05T15:19:15.740+0000] {override.py:1912} INFO - Created Permission View: can read on DAG:example_skip_dag
[2025-04-05T15:19:15.753+0000] {logging_mixin.py:190} INFO - [2025-04-05T15:19:15.753+0000] {override.py:1912} INFO - Created Permission View: can delete on DAG:example_skip_dag
[2025-04-05T15:19:15.862+0000] {logging_mixin.py:190} INFO - [2025-04-05T15:19:15.862+0000] {override.py:1912} INFO - Created Permission View: can edit on DAG:example_skip_dag
[2025-04-05T15:19:15.876+0000] {logging_mixin.py:190} INFO - [2025-04-05T15:19:15.876+0000] {override.py:1912} INFO - Created Permission View: can read on DAG Run:example_skip_dag
[2025-04-05T15:19:15.885+0000] {logging_mixin.py:190} INFO - [2025-04-05T15:19:15.884+0000] {override.py:1912} INFO - Created Permission View: can create on DAG Run:example_skip_dag
[2025-04-05T15:19:15.896+0000] {logging_mixin.py:190} INFO - [2025-04-05T15:19:15.895+0000] {override.py:1912} INFO - Created Permission View: can delete on DAG Run:example_skip_dag
[2025-04-05T15:19:15.906+0000] {logging_mixin.py:190} INFO - [2025-04-05T15:19:15.906+0000] {override.py:1912} INFO - Created Permission View: menu access on DAG Run:example_skip_dag
[2025-04-05T15:19:15.907+0000] {logging_mixin.py:190} INFO - [2025-04-05T15:19:15.907+0000] {dag.py:3239} INFO - Sync 1 DAGs
[2025-04-05T15:19:15.920+0000] {logging_mixin.py:190} INFO - [2025-04-05T15:19:15.919+0000] {dag.py:3262} INFO - Creating ORM DAG for example_skip_dag
[2025-04-05T15:19:15.929+0000] {logging_mixin.py:190} INFO - [2025-04-05T15:19:15.929+0000] {dag.py:4180} INFO - Setting next_dagrun for example_skip_dag to 2025-04-04 00:00:00+00:00, run_after=2025-04-05 00:00:00+00:00
[2025-04-05T15:19:15.950+0000] {processor.py:208} INFO - Processing /home/airflow/.local/lib/python3.12/site-packages/airflow/example_dags/example_skip_dag.py took 0.347 seconds
[2025-04-05T15:19:46.243+0000] {processor.py:186} INFO - Started process (PID=162) to work on /home/airflow/.local/lib/python3.12/site-packages/airflow/example_dags/example_skip_dag.py
[2025-04-05T15:19:46.244+0000] {processor.py:914} INFO - Processing file /home/airflow/.local/lib/python3.12/site-packages/airflow/example_dags/example_skip_dag.py for tasks to queue
[2025-04-05T15:19:46.245+0000] {logging_mixin.py:190} INFO - [2025-04-05T15:19:46.245+0000] {dagbag.py:588} INFO - Filling up the DagBag from /home/airflow/.local/lib/python3.12/site-packages/airflow/example_dags/example_skip_dag.py
[2025-04-05T15:19:46.251+0000] {processor.py:925} INFO - DAG(s) 'example_skip_dag' retrieved from /home/airflow/.local/lib/python3.12/site-packages/airflow/example_dags/example_skip_dag.py
[2025-04-05T15:19:46.268+0000] {logging_mixin.py:190} INFO - [2025-04-05T15:19:46.268+0000] {dag.py:3239} INFO - Sync 1 DAGs
[2025-04-05T15:19:46.285+0000] {logging_mixin.py:190} INFO - [2025-04-05T15:19:46.285+0000] {dag.py:4180} INFO - Setting next_dagrun for example_skip_dag to 2025-04-04 00:00:00+00:00, run_after=2025-04-05 00:00:00+00:00
[2025-04-05T15:19:46.302+0000] {processor.py:208} INFO - Processing /home/airflow/.local/lib/python3.12/site-packages/airflow/example_dags/example_skip_dag.py took 0.063 seconds
[2025-04-05T15:20:17.304+0000] {processor.py:186} INFO - Started process (PID=224) to work on /home/airflow/.local/lib/python3.12/site-packages/airflow/example_dags/example_skip_dag.py
[2025-04-05T15:20:17.306+0000] {processor.py:914} INFO - Processing file /home/airflow/.local/lib/python3.12/site-packages/airflow/example_dags/example_skip_dag.py for tasks to queue
[2025-04-05T15:20:17.309+0000] {logging_mixin.py:190} INFO - [2025-04-05T15:20:17.308+0000] {dagbag.py:588} INFO - Filling up the DagBag from /home/airflow/.local/lib/python3.12/site-packages/airflow/example_dags/example_skip_dag.py
[2025-04-05T15:20:17.324+0000] {processor.py:925} INFO - DAG(s) 'example_skip_dag' retrieved from /home/airflow/.local/lib/python3.12/site-packages/airflow/example_dags/example_skip_dag.py
[2025-04-05T15:20:17.365+0000] {logging_mixin.py:190} INFO - [2025-04-05T15:20:17.365+0000] {dag.py:3239} INFO - Sync 1 DAGs
[2025-04-05T15:20:17.413+0000] {logging_mixin.py:190} INFO - [2025-04-05T15:20:17.413+0000] {dag.py:4180} INFO - Setting next_dagrun for example_skip_dag to 2025-04-04 00:00:00+00:00, run_after=2025-04-05 00:00:00+00:00
[2025-04-05T15:20:17.443+0000] {processor.py:208} INFO - Processing /home/airflow/.local/lib/python3.12/site-packages/airflow/example_dags/example_skip_dag.py took 0.146 seconds
[2025-04-05T15:20:48.191+0000] {processor.py:186} INFO - Started process (PID=287) to work on /home/airflow/.local/lib/python3.12/site-packages/airflow/example_dags/example_skip_dag.py
[2025-04-05T15:20:48.193+0000] {processor.py:914} INFO - Processing file /home/airflow/.local/lib/python3.12/site-packages/airflow/example_dags/example_skip_dag.py for tasks to queue
[2025-04-05T15:20:48.195+0000] {logging_mixin.py:190} INFO - [2025-04-05T15:20:48.195+0000] {dagbag.py:588} INFO - Filling up the DagBag from /home/airflow/.local/lib/python3.12/site-packages/airflow/example_dags/example_skip_dag.py
[2025-04-05T15:20:48.202+0000] {processor.py:925} INFO - DAG(s) 'example_skip_dag' retrieved from /home/airflow/.local/lib/python3.12/site-packages/airflow/example_dags/example_skip_dag.py
[2025-04-05T15:20:48.223+0000] {logging_mixin.py:190} INFO - [2025-04-05T15:20:48.223+0000] {dag.py:3239} INFO - Sync 1 DAGs
[2025-04-05T15:20:48.248+0000] {logging_mixin.py:190} INFO - [2025-04-05T15:20:48.247+0000] {dag.py:4180} INFO - Setting next_dagrun for example_skip_dag to 2025-04-04 00:00:00+00:00, run_after=2025-04-05 00:00:00+00:00
[2025-04-05T15:20:48.269+0000] {processor.py:208} INFO - Processing /home/airflow/.local/lib/python3.12/site-packages/airflow/example_dags/example_skip_dag.py took 0.084 seconds
[2025-04-05T15:21:18.439+0000] {processor.py:186} INFO - Started process (PID=349) to work on /home/airflow/.local/lib/python3.12/site-packages/airflow/example_dags/example_skip_dag.py
[2025-04-05T15:21:18.440+0000] {processor.py:914} INFO - Processing file /home/airflow/.local/lib/python3.12/site-packages/airflow/example_dags/example_skip_dag.py for tasks to queue
[2025-04-05T15:21:18.442+0000] {logging_mixin.py:190} INFO - [2025-04-05T15:21:18.442+0000] {dagbag.py:588} INFO - Filling up the DagBag from /home/airflow/.local/lib/python3.12/site-packages/airflow/example_dags/example_skip_dag.py
[2025-04-05T15:21:18.449+0000] {processor.py:925} INFO - DAG(s) 'example_skip_dag' retrieved from /home/airflow/.local/lib/python3.12/site-packages/airflow/example_dags/example_skip_dag.py
[2025-04-05T15:21:18.469+0000] {logging_mixin.py:190} INFO - [2025-04-05T15:21:18.469+0000] {dag.py:3239} INFO - Sync 1 DAGs
[2025-04-05T15:21:18.490+0000] {logging_mixin.py:190} INFO - [2025-04-05T15:21:18.489+0000] {dag.py:4180} INFO - Setting next_dagrun for example_skip_dag to 2025-04-04 00:00:00+00:00, run_after=2025-04-05 00:00:00+00:00
[2025-04-05T15:21:18.509+0000] {processor.py:208} INFO - Processing /home/airflow/.local/lib/python3.12/site-packages/airflow/example_dags/example_skip_dag.py took 0.075 seconds
[2025-04-05T15:21:48.587+0000] {processor.py:186} INFO - Started process (PID=411) to work on /home/airflow/.local/lib/python3.12/site-packages/airflow/example_dags/example_skip_dag.py
[2025-04-05T15:21:48.600+0000] {processor.py:914} INFO - Processing file /home/airflow/.local/lib/python3.12/site-packages/airflow/example_dags/example_skip_dag.py for tasks to queue
[2025-04-05T15:21:48.601+0000] {logging_mixin.py:190} INFO - [2025-04-05T15:21:48.601+0000] {dagbag.py:588} INFO - Filling up the DagBag from /home/airflow/.local/lib/python3.12/site-packages/airflow/example_dags/example_skip_dag.py
[2025-04-05T15:21:48.607+0000] {processor.py:925} INFO - DAG(s) 'example_skip_dag' retrieved from /home/airflow/.local/lib/python3.12/site-packages/airflow/example_dags/example_skip_dag.py
[2025-04-05T15:21:48.625+0000] {logging_mixin.py:190} INFO - [2025-04-05T15:21:48.625+0000] {dag.py:3239} INFO - Sync 1 DAGs
[2025-04-05T15:21:48.649+0000] {logging_mixin.py:190} INFO - [2025-04-05T15:21:48.649+0000] {dag.py:4180} INFO - Setting next_dagrun for example_skip_dag to 2025-04-04 00:00:00+00:00, run_after=2025-04-05 00:00:00+00:00
[2025-04-05T15:21:48.675+0000] {processor.py:208} INFO - Processing /home/airflow/.local/lib/python3.12/site-packages/airflow/example_dags/example_skip_dag.py took 0.093 seconds
[2025-04-05T15:22:18.811+0000] {processor.py:186} INFO - Started process (PID=474) to work on /home/airflow/.local/lib/python3.12/site-packages/airflow/example_dags/example_skip_dag.py
[2025-04-05T15:22:18.813+0000] {processor.py:914} INFO - Processing file /home/airflow/.local/lib/python3.12/site-packages/airflow/example_dags/example_skip_dag.py for tasks to queue
[2025-04-05T15:22:18.815+0000] {logging_mixin.py:190} INFO - [2025-04-05T15:22:18.814+0000] {dagbag.py:588} INFO - Filling up the DagBag from /home/airflow/.local/lib/python3.12/site-packages/airflow/example_dags/example_skip_dag.py
[2025-04-05T15:22:18.820+0000] {processor.py:925} INFO - DAG(s) 'example_skip_dag' retrieved from /home/airflow/.local/lib/python3.12/site-packages/airflow/example_dags/example_skip_dag.py
[2025-04-05T15:22:18.838+0000] {logging_mixin.py:190} INFO - [2025-04-05T15:22:18.838+0000] {dag.py:3239} INFO - Sync 1 DAGs
[2025-04-05T15:22:18.856+0000] {logging_mixin.py:190} INFO - [2025-04-05T15:22:18.856+0000] {dag.py:4180} INFO - Setting next_dagrun for example_skip_dag to 2025-04-04 00:00:00+00:00, run_after=2025-04-05 00:00:00+00:00
[2025-04-05T15:22:18.878+0000] {processor.py:208} INFO - Processing /home/airflow/.local/lib/python3.12/site-packages/airflow/example_dags/example_skip_dag.py took 0.072 seconds
[2025-04-05T15:22:48.918+0000] {processor.py:186} INFO - Started process (PID=537) to work on /home/airflow/.local/lib/python3.12/site-packages/airflow/example_dags/example_skip_dag.py
[2025-04-05T15:22:48.919+0000] {processor.py:914} INFO - Processing file /home/airflow/.local/lib/python3.12/site-packages/airflow/example_dags/example_skip_dag.py for tasks to queue
[2025-04-05T15:22:48.921+0000] {logging_mixin.py:190} INFO - [2025-04-05T15:22:48.921+0000] {dagbag.py:588} INFO - Filling up the DagBag from /home/airflow/.local/lib/python3.12/site-packages/airflow/example_dags/example_skip_dag.py
[2025-04-05T15:22:48.926+0000] {processor.py:925} INFO - DAG(s) 'example_skip_dag' retrieved from /home/airflow/.local/lib/python3.12/site-packages/airflow/example_dags/example_skip_dag.py
[2025-04-05T15:22:48.945+0000] {logging_mixin.py:190} INFO - [2025-04-05T15:22:48.945+0000] {dag.py:3239} INFO - Sync 1 DAGs
[2025-04-05T15:22:48.961+0000] {logging_mixin.py:190} INFO - [2025-04-05T15:22:48.961+0000] {dag.py:4180} INFO - Setting next_dagrun for example_skip_dag to 2025-04-04 00:00:00+00:00, run_after=2025-04-05 00:00:00+00:00
[2025-04-05T15:22:48.978+0000] {processor.py:208} INFO - Processing /home/airflow/.local/lib/python3.12/site-packages/airflow/example_dags/example_skip_dag.py took 0.065 seconds
[2025-04-05T15:23:19.799+0000] {processor.py:186} INFO - Started process (PID=600) to work on /home/airflow/.local/lib/python3.12/site-packages/airflow/example_dags/example_skip_dag.py
[2025-04-05T15:23:19.800+0000] {processor.py:914} INFO - Processing file /home/airflow/.local/lib/python3.12/site-packages/airflow/example_dags/example_skip_dag.py for tasks to queue
[2025-04-05T15:23:19.801+0000] {logging_mixin.py:190} INFO - [2025-04-05T15:23:19.801+0000] {dagbag.py:588} INFO - Filling up the DagBag from /home/airflow/.local/lib/python3.12/site-packages/airflow/example_dags/example_skip_dag.py
[2025-04-05T15:23:19.807+0000] {processor.py:925} INFO - DAG(s) 'example_skip_dag' retrieved from /home/airflow/.local/lib/python3.12/site-packages/airflow/example_dags/example_skip_dag.py
[2025-04-05T15:23:19.828+0000] {logging_mixin.py:190} INFO - [2025-04-05T15:23:19.828+0000] {dag.py:3239} INFO - Sync 1 DAGs
[2025-04-05T15:23:19.852+0000] {logging_mixin.py:190} INFO - [2025-04-05T15:23:19.852+0000] {dag.py:4180} INFO - Setting next_dagrun for example_skip_dag to 2025-04-04 00:00:00+00:00, run_after=2025-04-05 00:00:00+00:00
[2025-04-05T15:23:19.873+0000] {processor.py:208} INFO - Processing /home/airflow/.local/lib/python3.12/site-packages/airflow/example_dags/example_skip_dag.py took 0.079 seconds
[2025-04-05T15:23:50.162+0000] {processor.py:186} INFO - Started process (PID=662) to work on /home/airflow/.local/lib/python3.12/site-packages/airflow/example_dags/example_skip_dag.py
[2025-04-05T15:23:50.163+0000] {processor.py:914} INFO - Processing file /home/airflow/.local/lib/python3.12/site-packages/airflow/example_dags/example_skip_dag.py for tasks to queue
[2025-04-05T15:23:50.165+0000] {logging_mixin.py:190} INFO - [2025-04-05T15:23:50.164+0000] {dagbag.py:588} INFO - Filling up the DagBag from /home/airflow/.local/lib/python3.12/site-packages/airflow/example_dags/example_skip_dag.py
[2025-04-05T15:23:50.171+0000] {processor.py:925} INFO - DAG(s) 'example_skip_dag' retrieved from /home/airflow/.local/lib/python3.12/site-packages/airflow/example_dags/example_skip_dag.py
[2025-04-05T15:23:50.188+0000] {logging_mixin.py:190} INFO - [2025-04-05T15:23:50.188+0000] {dag.py:3239} INFO - Sync 1 DAGs
[2025-04-05T15:23:50.206+0000] {logging_mixin.py:190} INFO - [2025-04-05T15:23:50.206+0000] {dag.py:4180} INFO - Setting next_dagrun for example_skip_dag to 2025-04-04 00:00:00+00:00, run_after=2025-04-05 00:00:00+00:00
[2025-04-05T15:23:50.224+0000] {processor.py:208} INFO - Processing /home/airflow/.local/lib/python3.12/site-packages/airflow/example_dags/example_skip_dag.py took 0.066 seconds
[2025-04-05T15:24:20.367+0000] {processor.py:186} INFO - Started process (PID=725) to work on /home/airflow/.local/lib/python3.12/site-packages/airflow/example_dags/example_skip_dag.py
[2025-04-05T15:24:20.369+0000] {processor.py:914} INFO - Processing file /home/airflow/.local/lib/python3.12/site-packages/airflow/example_dags/example_skip_dag.py for tasks to queue
[2025-04-05T15:24:20.371+0000] {logging_mixin.py:190} INFO - [2025-04-05T15:24:20.370+0000] {dagbag.py:588} INFO - Filling up the DagBag from /home/airflow/.local/lib/python3.12/site-packages/airflow/example_dags/example_skip_dag.py
[2025-04-05T15:24:20.377+0000] {processor.py:925} INFO - DAG(s) 'example_skip_dag' retrieved from /home/airflow/.local/lib/python3.12/site-packages/airflow/example_dags/example_skip_dag.py
[2025-04-05T15:24:20.395+0000] {logging_mixin.py:190} INFO - [2025-04-05T15:24:20.394+0000] {dag.py:3239} INFO - Sync 1 DAGs
[2025-04-05T15:24:20.412+0000] {logging_mixin.py:190} INFO - [2025-04-05T15:24:20.412+0000] {dag.py:4180} INFO - Setting next_dagrun for example_skip_dag to 2025-04-04 00:00:00+00:00, run_after=2025-04-05 00:00:00+00:00
[2025-04-05T15:24:20.430+0000] {processor.py:208} INFO - Processing /home/airflow/.local/lib/python3.12/site-packages/airflow/example_dags/example_skip_dag.py took 0.068 seconds
[2025-04-05T15:24:50.731+0000] {processor.py:186} INFO - Started process (PID=788) to work on /home/airflow/.local/lib/python3.12/site-packages/airflow/example_dags/example_skip_dag.py
[2025-04-05T15:24:50.733+0000] {processor.py:914} INFO - Processing file /home/airflow/.local/lib/python3.12/site-packages/airflow/example_dags/example_skip_dag.py for tasks to queue
[2025-04-05T15:24:50.735+0000] {logging_mixin.py:190} INFO - [2025-04-05T15:24:50.734+0000] {dagbag.py:588} INFO - Filling up the DagBag from /home/airflow/.local/lib/python3.12/site-packages/airflow/example_dags/example_skip_dag.py
[2025-04-05T15:24:50.741+0000] {processor.py:925} INFO - DAG(s) 'example_skip_dag' retrieved from /home/airflow/.local/lib/python3.12/site-packages/airflow/example_dags/example_skip_dag.py
[2025-04-05T15:24:50.758+0000] {logging_mixin.py:190} INFO - [2025-04-05T15:24:50.758+0000] {dag.py:3239} INFO - Sync 1 DAGs
[2025-04-05T15:24:50.775+0000] {logging_mixin.py:190} INFO - [2025-04-05T15:24:50.774+0000] {dag.py:4180} INFO - Setting next_dagrun for example_skip_dag to 2025-04-04 00:00:00+00:00, run_after=2025-04-05 00:00:00+00:00
[2025-04-05T15:24:50.792+0000] {processor.py:208} INFO - Processing /home/airflow/.local/lib/python3.12/site-packages/airflow/example_dags/example_skip_dag.py took 0.066 seconds
[2025-04-05T15:25:21.015+0000] {processor.py:186} INFO - Started process (PID=851) to work on /home/airflow/.local/lib/python3.12/site-packages/airflow/example_dags/example_skip_dag.py
[2025-04-05T15:25:21.017+0000] {processor.py:914} INFO - Processing file /home/airflow/.local/lib/python3.12/site-packages/airflow/example_dags/example_skip_dag.py for tasks to queue
[2025-04-05T15:25:21.019+0000] {logging_mixin.py:190} INFO - [2025-04-05T15:25:21.018+0000] {dagbag.py:588} INFO - Filling up the DagBag from /home/airflow/.local/lib/python3.12/site-packages/airflow/example_dags/example_skip_dag.py
[2025-04-05T15:25:21.025+0000] {processor.py:925} INFO - DAG(s) 'example_skip_dag' retrieved from /home/airflow/.local/lib/python3.12/site-packages/airflow/example_dags/example_skip_dag.py
[2025-04-05T15:25:21.042+0000] {logging_mixin.py:190} INFO - [2025-04-05T15:25:21.042+0000] {dag.py:3239} INFO - Sync 1 DAGs
[2025-04-05T15:25:21.060+0000] {logging_mixin.py:190} INFO - [2025-04-05T15:25:21.059+0000] {dag.py:4180} INFO - Setting next_dagrun for example_skip_dag to 2025-04-04 00:00:00+00:00, run_after=2025-04-05 00:00:00+00:00
[2025-04-05T15:25:21.079+0000] {processor.py:208} INFO - Processing /home/airflow/.local/lib/python3.12/site-packages/airflow/example_dags/example_skip_dag.py took 0.068 seconds
[2025-04-05T15:25:51.435+0000] {processor.py:186} INFO - Started process (PID=914) to work on /home/airflow/.local/lib/python3.12/site-packages/airflow/example_dags/example_skip_dag.py
[2025-04-05T15:25:51.437+0000] {processor.py:914} INFO - Processing file /home/airflow/.local/lib/python3.12/site-packages/airflow/example_dags/example_skip_dag.py for tasks to queue
[2025-04-05T15:25:51.439+0000] {logging_mixin.py:190} INFO - [2025-04-05T15:25:51.439+0000] {dagbag.py:588} INFO - Filling up the DagBag from /home/airflow/.local/lib/python3.12/site-packages/airflow/example_dags/example_skip_dag.py
[2025-04-05T15:25:51.449+0000] {processor.py:925} INFO - DAG(s) 'example_skip_dag' retrieved from /home/airflow/.local/lib/python3.12/site-packages/airflow/example_dags/example_skip_dag.py
[2025-04-05T15:25:51.473+0000] {logging_mixin.py:190} INFO - [2025-04-05T15:25:51.473+0000] {dag.py:3239} INFO - Sync 1 DAGs
[2025-04-05T15:25:51.501+0000] {logging_mixin.py:190} INFO - [2025-04-05T15:25:51.501+0000] {dag.py:4180} INFO - Setting next_dagrun for example_skip_dag to 2025-04-04 00:00:00+00:00, run_after=2025-04-05 00:00:00+00:00
[2025-04-05T15:25:51.524+0000] {processor.py:208} INFO - Processing /home/airflow/.local/lib/python3.12/site-packages/airflow/example_dags/example_skip_dag.py took 0.095 seconds
[2025-04-05T15:26:22.349+0000] {processor.py:186} INFO - Started process (PID=977) to work on /home/airflow/.local/lib/python3.12/site-packages/airflow/example_dags/example_skip_dag.py
[2025-04-05T15:26:22.365+0000] {processor.py:914} INFO - Processing file /home/airflow/.local/lib/python3.12/site-packages/airflow/example_dags/example_skip_dag.py for tasks to queue
[2025-04-05T15:26:22.367+0000] {logging_mixin.py:190} INFO - [2025-04-05T15:26:22.367+0000] {dagbag.py:588} INFO - Filling up the DagBag from /home/airflow/.local/lib/python3.12/site-packages/airflow/example_dags/example_skip_dag.py
[2025-04-05T15:26:22.377+0000] {processor.py:925} INFO - DAG(s) 'example_skip_dag' retrieved from /home/airflow/.local/lib/python3.12/site-packages/airflow/example_dags/example_skip_dag.py
[2025-04-05T15:26:22.401+0000] {logging_mixin.py:190} INFO - [2025-04-05T15:26:22.401+0000] {dag.py:3239} INFO - Sync 1 DAGs
[2025-04-05T15:26:22.427+0000] {logging_mixin.py:190} INFO - [2025-04-05T15:26:22.427+0000] {dag.py:4180} INFO - Setting next_dagrun for example_skip_dag to 2025-04-04 00:00:00+00:00, run_after=2025-04-05 00:00:00+00:00
[2025-04-05T15:26:22.449+0000] {processor.py:208} INFO - Processing /home/airflow/.local/lib/python3.12/site-packages/airflow/example_dags/example_skip_dag.py took 0.108 seconds
[2025-04-05T15:26:52.546+0000] {processor.py:186} INFO - Started process (PID=1040) to work on /home/airflow/.local/lib/python3.12/site-packages/airflow/example_dags/example_skip_dag.py
[2025-04-05T15:26:52.559+0000] {processor.py:914} INFO - Processing file /home/airflow/.local/lib/python3.12/site-packages/airflow/example_dags/example_skip_dag.py for tasks to queue
[2025-04-05T15:26:52.561+0000] {logging_mixin.py:190} INFO - [2025-04-05T15:26:52.561+0000] {dagbag.py:588} INFO - Filling up the DagBag from /home/airflow/.local/lib/python3.12/site-packages/airflow/example_dags/example_skip_dag.py
[2025-04-05T15:26:52.568+0000] {processor.py:925} INFO - DAG(s) 'example_skip_dag' retrieved from /home/airflow/.local/lib/python3.12/site-packages/airflow/example_dags/example_skip_dag.py
[2025-04-05T15:26:52.587+0000] {logging_mixin.py:190} INFO - [2025-04-05T15:26:52.587+0000] {dag.py:3239} INFO - Sync 1 DAGs
[2025-04-05T15:26:52.606+0000] {logging_mixin.py:190} INFO - [2025-04-05T15:26:52.606+0000] {dag.py:4180} INFO - Setting next_dagrun for example_skip_dag to 2025-04-04 00:00:00+00:00, run_after=2025-04-05 00:00:00+00:00
[2025-04-05T15:26:52.628+0000] {processor.py:208} INFO - Processing /home/airflow/.local/lib/python3.12/site-packages/airflow/example_dags/example_skip_dag.py took 0.088 seconds
[2025-04-05T15:27:23.051+0000] {processor.py:186} INFO - Started process (PID=1103) to work on /home/airflow/.local/lib/python3.12/site-packages/airflow/example_dags/example_skip_dag.py
[2025-04-05T15:27:23.052+0000] {processor.py:914} INFO - Processing file /home/airflow/.local/lib/python3.12/site-packages/airflow/example_dags/example_skip_dag.py for tasks to queue
[2025-04-05T15:27:23.055+0000] {logging_mixin.py:190} INFO - [2025-04-05T15:27:23.055+0000] {dagbag.py:588} INFO - Filling up the DagBag from /home/airflow/.local/lib/python3.12/site-packages/airflow/example_dags/example_skip_dag.py
[2025-04-05T15:27:23.062+0000] {processor.py:925} INFO - DAG(s) 'example_skip_dag' retrieved from /home/airflow/.local/lib/python3.12/site-packages/airflow/example_dags/example_skip_dag.py
[2025-04-05T15:27:23.083+0000] {logging_mixin.py:190} INFO - [2025-04-05T15:27:23.082+0000] {dag.py:3239} INFO - Sync 1 DAGs
[2025-04-05T15:27:23.106+0000] {logging_mixin.py:190} INFO - [2025-04-05T15:27:23.105+0000] {dag.py:4180} INFO - Setting next_dagrun for example_skip_dag to 2025-04-04 00:00:00+00:00, run_after=2025-04-05 00:00:00+00:00
[2025-04-05T15:27:23.136+0000] {processor.py:208} INFO - Processing /home/airflow/.local/lib/python3.12/site-packages/airflow/example_dags/example_skip_dag.py took 0.092 seconds
[2025-04-05T15:27:53.480+0000] {processor.py:186} INFO - Started process (PID=1166) to work on /home/airflow/.local/lib/python3.12/site-packages/airflow/example_dags/example_skip_dag.py
[2025-04-05T15:27:53.494+0000] {processor.py:914} INFO - Processing file /home/airflow/.local/lib/python3.12/site-packages/airflow/example_dags/example_skip_dag.py for tasks to queue
[2025-04-05T15:27:53.497+0000] {logging_mixin.py:190} INFO - [2025-04-05T15:27:53.497+0000] {dagbag.py:588} INFO - Filling up the DagBag from /home/airflow/.local/lib/python3.12/site-packages/airflow/example_dags/example_skip_dag.py
[2025-04-05T15:27:53.503+0000] {processor.py:925} INFO - DAG(s) 'example_skip_dag' retrieved from /home/airflow/.local/lib/python3.12/site-packages/airflow/example_dags/example_skip_dag.py
[2025-04-05T15:27:53.524+0000] {logging_mixin.py:190} INFO - [2025-04-05T15:27:53.524+0000] {dag.py:3239} INFO - Sync 1 DAGs
[2025-04-05T15:27:53.549+0000] {logging_mixin.py:190} INFO - [2025-04-05T15:27:53.548+0000] {dag.py:4180} INFO - Setting next_dagrun for example_skip_dag to 2025-04-04 00:00:00+00:00, run_after=2025-04-05 00:00:00+00:00
[2025-04-05T15:27:53.575+0000] {processor.py:208} INFO - Processing /home/airflow/.local/lib/python3.12/site-packages/airflow/example_dags/example_skip_dag.py took 0.100 seconds
[2025-04-05T15:28:23.731+0000] {processor.py:186} INFO - Started process (PID=1229) to work on /home/airflow/.local/lib/python3.12/site-packages/airflow/example_dags/example_skip_dag.py
[2025-04-05T15:28:23.733+0000] {processor.py:914} INFO - Processing file /home/airflow/.local/lib/python3.12/site-packages/airflow/example_dags/example_skip_dag.py for tasks to queue
[2025-04-05T15:28:23.735+0000] {logging_mixin.py:190} INFO - [2025-04-05T15:28:23.735+0000] {dagbag.py:588} INFO - Filling up the DagBag from /home/airflow/.local/lib/python3.12/site-packages/airflow/example_dags/example_skip_dag.py
[2025-04-05T15:28:23.743+0000] {processor.py:925} INFO - DAG(s) 'example_skip_dag' retrieved from /home/airflow/.local/lib/python3.12/site-packages/airflow/example_dags/example_skip_dag.py
[2025-04-05T15:28:23.767+0000] {logging_mixin.py:190} INFO - [2025-04-05T15:28:23.767+0000] {dag.py:3239} INFO - Sync 1 DAGs
[2025-04-05T15:28:23.788+0000] {logging_mixin.py:190} INFO - [2025-04-05T15:28:23.787+0000] {dag.py:4180} INFO - Setting next_dagrun for example_skip_dag to 2025-04-04 00:00:00+00:00, run_after=2025-04-05 00:00:00+00:00
[2025-04-05T15:28:23.808+0000] {processor.py:208} INFO - Processing /home/airflow/.local/lib/python3.12/site-packages/airflow/example_dags/example_skip_dag.py took 0.082 seconds
[2025-04-05T15:28:54.577+0000] {processor.py:186} INFO - Started process (PID=1292) to work on /home/airflow/.local/lib/python3.12/site-packages/airflow/example_dags/example_skip_dag.py
[2025-04-05T15:28:54.579+0000] {processor.py:914} INFO - Processing file /home/airflow/.local/lib/python3.12/site-packages/airflow/example_dags/example_skip_dag.py for tasks to queue
[2025-04-05T15:28:54.582+0000] {logging_mixin.py:190} INFO - [2025-04-05T15:28:54.581+0000] {dagbag.py:588} INFO - Filling up the DagBag from /home/airflow/.local/lib/python3.12/site-packages/airflow/example_dags/example_skip_dag.py
[2025-04-05T15:28:54.591+0000] {processor.py:925} INFO - DAG(s) 'example_skip_dag' retrieved from /home/airflow/.local/lib/python3.12/site-packages/airflow/example_dags/example_skip_dag.py
[2025-04-05T15:28:54.620+0000] {logging_mixin.py:190} INFO - [2025-04-05T15:28:54.620+0000] {dag.py:3239} INFO - Sync 1 DAGs
[2025-04-05T15:28:54.643+0000] {logging_mixin.py:190} INFO - [2025-04-05T15:28:54.643+0000] {dag.py:4180} INFO - Setting next_dagrun for example_skip_dag to 2025-04-04 00:00:00+00:00, run_after=2025-04-05 00:00:00+00:00
[2025-04-05T15:28:54.682+0000] {processor.py:208} INFO - Processing /home/airflow/.local/lib/python3.12/site-packages/airflow/example_dags/example_skip_dag.py took 0.111 seconds
[2025-04-05T15:29:25.607+0000] {processor.py:186} INFO - Started process (PID=1355) to work on /home/airflow/.local/lib/python3.12/site-packages/airflow/example_dags/example_skip_dag.py
[2025-04-05T15:29:25.609+0000] {processor.py:914} INFO - Processing file /home/airflow/.local/lib/python3.12/site-packages/airflow/example_dags/example_skip_dag.py for tasks to queue
[2025-04-05T15:29:25.611+0000] {logging_mixin.py:190} INFO - [2025-04-05T15:29:25.611+0000] {dagbag.py:588} INFO - Filling up the DagBag from /home/airflow/.local/lib/python3.12/site-packages/airflow/example_dags/example_skip_dag.py
[2025-04-05T15:29:25.620+0000] {processor.py:925} INFO - DAG(s) 'example_skip_dag' retrieved from /home/airflow/.local/lib/python3.12/site-packages/airflow/example_dags/example_skip_dag.py
[2025-04-05T15:29:25.645+0000] {logging_mixin.py:190} INFO - [2025-04-05T15:29:25.644+0000] {dag.py:3239} INFO - Sync 1 DAGs
[2025-04-05T15:29:25.664+0000] {logging_mixin.py:190} INFO - [2025-04-05T15:29:25.664+0000] {dag.py:4180} INFO - Setting next_dagrun for example_skip_dag to 2025-04-04 00:00:00+00:00, run_after=2025-04-05 00:00:00+00:00
[2025-04-05T15:29:25.684+0000] {processor.py:208} INFO - Processing /home/airflow/.local/lib/python3.12/site-packages/airflow/example_dags/example_skip_dag.py took 0.081 seconds
[2025-04-05T15:29:56.295+0000] {processor.py:186} INFO - Started process (PID=1418) to work on /home/airflow/.local/lib/python3.12/site-packages/airflow/example_dags/example_skip_dag.py
[2025-04-05T15:29:56.302+0000] {processor.py:914} INFO - Processing file /home/airflow/.local/lib/python3.12/site-packages/airflow/example_dags/example_skip_dag.py for tasks to queue
[2025-04-05T15:29:56.304+0000] {logging_mixin.py:190} INFO - [2025-04-05T15:29:56.304+0000] {dagbag.py:588} INFO - Filling up the DagBag from /home/airflow/.local/lib/python3.12/site-packages/airflow/example_dags/example_skip_dag.py
[2025-04-05T15:29:56.313+0000] {processor.py:925} INFO - DAG(s) 'example_skip_dag' retrieved from /home/airflow/.local/lib/python3.12/site-packages/airflow/example_dags/example_skip_dag.py
[2025-04-05T15:29:56.338+0000] {logging_mixin.py:190} INFO - [2025-04-05T15:29:56.337+0000] {dag.py:3239} INFO - Sync 1 DAGs
[2025-04-05T15:29:56.362+0000] {logging_mixin.py:190} INFO - [2025-04-05T15:29:56.361+0000] {dag.py:4180} INFO - Setting next_dagrun for example_skip_dag to 2025-04-04 00:00:00+00:00, run_after=2025-04-05 00:00:00+00:00
[2025-04-05T15:29:56.387+0000] {processor.py:208} INFO - Processing /home/airflow/.local/lib/python3.12/site-packages/airflow/example_dags/example_skip_dag.py took 0.098 seconds
[2025-04-05T15:30:27.132+0000] {processor.py:186} INFO - Started process (PID=1482) to work on /home/airflow/.local/lib/python3.12/site-packages/airflow/example_dags/example_skip_dag.py
[2025-04-05T15:30:27.145+0000] {processor.py:914} INFO - Processing file /home/airflow/.local/lib/python3.12/site-packages/airflow/example_dags/example_skip_dag.py for tasks to queue
[2025-04-05T15:30:27.148+0000] {logging_mixin.py:190} INFO - [2025-04-05T15:30:27.147+0000] {dagbag.py:588} INFO - Filling up the DagBag from /home/airflow/.local/lib/python3.12/site-packages/airflow/example_dags/example_skip_dag.py
[2025-04-05T15:30:27.155+0000] {processor.py:925} INFO - DAG(s) 'example_skip_dag' retrieved from /home/airflow/.local/lib/python3.12/site-packages/airflow/example_dags/example_skip_dag.py
[2025-04-05T15:30:27.180+0000] {logging_mixin.py:190} INFO - [2025-04-05T15:30:27.180+0000] {dag.py:3239} INFO - Sync 1 DAGs
[2025-04-05T15:30:27.216+0000] {logging_mixin.py:190} INFO - [2025-04-05T15:30:27.216+0000] {dag.py:4180} INFO - Setting next_dagrun for example_skip_dag to 2025-04-04 00:00:00+00:00, run_after=2025-04-05 00:00:00+00:00
[2025-04-05T15:30:27.248+0000] {processor.py:208} INFO - Processing /home/airflow/.local/lib/python3.12/site-packages/airflow/example_dags/example_skip_dag.py took 0.122 seconds
[2025-04-05T15:30:58.132+0000] {processor.py:186} INFO - Started process (PID=1545) to work on /home/airflow/.local/lib/python3.12/site-packages/airflow/example_dags/example_skip_dag.py
[2025-04-05T15:30:58.134+0000] {processor.py:914} INFO - Processing file /home/airflow/.local/lib/python3.12/site-packages/airflow/example_dags/example_skip_dag.py for tasks to queue
[2025-04-05T15:30:58.137+0000] {logging_mixin.py:190} INFO - [2025-04-05T15:30:58.136+0000] {dagbag.py:588} INFO - Filling up the DagBag from /home/airflow/.local/lib/python3.12/site-packages/airflow/example_dags/example_skip_dag.py
[2025-04-05T15:30:58.148+0000] {processor.py:925} INFO - DAG(s) 'example_skip_dag' retrieved from /home/airflow/.local/lib/python3.12/site-packages/airflow/example_dags/example_skip_dag.py
[2025-04-05T15:30:58.173+0000] {logging_mixin.py:190} INFO - [2025-04-05T15:30:58.173+0000] {dag.py:3239} INFO - Sync 1 DAGs
[2025-04-05T15:30:58.195+0000] {logging_mixin.py:190} INFO - [2025-04-05T15:30:58.195+0000] {dag.py:4180} INFO - Setting next_dagrun for example_skip_dag to 2025-04-04 00:00:00+00:00, run_after=2025-04-05 00:00:00+00:00
[2025-04-05T15:30:58.220+0000] {processor.py:208} INFO - Processing /home/airflow/.local/lib/python3.12/site-packages/airflow/example_dags/example_skip_dag.py took 0.096 seconds
[2025-04-05T15:31:28.870+0000] {processor.py:186} INFO - Started process (PID=1608) to work on /home/airflow/.local/lib/python3.12/site-packages/airflow/example_dags/example_skip_dag.py
[2025-04-05T15:31:28.884+0000] {processor.py:914} INFO - Processing file /home/airflow/.local/lib/python3.12/site-packages/airflow/example_dags/example_skip_dag.py for tasks to queue
[2025-04-05T15:31:28.886+0000] {logging_mixin.py:190} INFO - [2025-04-05T15:31:28.886+0000] {dagbag.py:588} INFO - Filling up the DagBag from /home/airflow/.local/lib/python3.12/site-packages/airflow/example_dags/example_skip_dag.py
[2025-04-05T15:31:28.893+0000] {processor.py:925} INFO - DAG(s) 'example_skip_dag' retrieved from /home/airflow/.local/lib/python3.12/site-packages/airflow/example_dags/example_skip_dag.py
[2025-04-05T15:31:28.918+0000] {logging_mixin.py:190} INFO - [2025-04-05T15:31:28.918+0000] {dag.py:3239} INFO - Sync 1 DAGs
[2025-04-05T15:31:28.939+0000] {logging_mixin.py:190} INFO - [2025-04-05T15:31:28.938+0000] {dag.py:4180} INFO - Setting next_dagrun for example_skip_dag to 2025-04-04 00:00:00+00:00, run_after=2025-04-05 00:00:00+00:00
[2025-04-05T15:31:28.960+0000] {processor.py:208} INFO - Processing /home/airflow/.local/lib/python3.12/site-packages/airflow/example_dags/example_skip_dag.py took 0.095 seconds
[2025-04-05T15:31:59.118+0000] {processor.py:186} INFO - Started process (PID=1671) to work on /home/airflow/.local/lib/python3.12/site-packages/airflow/example_dags/example_skip_dag.py
[2025-04-05T15:31:59.131+0000] {processor.py:914} INFO - Processing file /home/airflow/.local/lib/python3.12/site-packages/airflow/example_dags/example_skip_dag.py for tasks to queue
[2025-04-05T15:31:59.133+0000] {logging_mixin.py:190} INFO - [2025-04-05T15:31:59.133+0000] {dagbag.py:588} INFO - Filling up the DagBag from /home/airflow/.local/lib/python3.12/site-packages/airflow/example_dags/example_skip_dag.py
[2025-04-05T15:31:59.142+0000] {processor.py:925} INFO - DAG(s) 'example_skip_dag' retrieved from /home/airflow/.local/lib/python3.12/site-packages/airflow/example_dags/example_skip_dag.py
[2025-04-05T15:31:59.166+0000] {logging_mixin.py:190} INFO - [2025-04-05T15:31:59.166+0000] {dag.py:3239} INFO - Sync 1 DAGs
[2025-04-05T15:31:59.193+0000] {logging_mixin.py:190} INFO - [2025-04-05T15:31:59.193+0000] {dag.py:4180} INFO - Setting next_dagrun for example_skip_dag to 2025-04-04 00:00:00+00:00, run_after=2025-04-05 00:00:00+00:00
[2025-04-05T15:31:59.214+0000] {processor.py:208} INFO - Processing /home/airflow/.local/lib/python3.12/site-packages/airflow/example_dags/example_skip_dag.py took 0.101 seconds
[2025-04-05T15:32:30.103+0000] {processor.py:186} INFO - Started process (PID=1734) to work on /home/airflow/.local/lib/python3.12/site-packages/airflow/example_dags/example_skip_dag.py
[2025-04-05T15:32:30.121+0000] {processor.py:914} INFO - Processing file /home/airflow/.local/lib/python3.12/site-packages/airflow/example_dags/example_skip_dag.py for tasks to queue
[2025-04-05T15:32:30.123+0000] {logging_mixin.py:190} INFO - [2025-04-05T15:32:30.123+0000] {dagbag.py:588} INFO - Filling up the DagBag from /home/airflow/.local/lib/python3.12/site-packages/airflow/example_dags/example_skip_dag.py
[2025-04-05T15:32:30.129+0000] {processor.py:925} INFO - DAG(s) 'example_skip_dag' retrieved from /home/airflow/.local/lib/python3.12/site-packages/airflow/example_dags/example_skip_dag.py
[2025-04-05T15:32:30.153+0000] {logging_mixin.py:190} INFO - [2025-04-05T15:32:30.153+0000] {dag.py:3239} INFO - Sync 1 DAGs
[2025-04-05T15:32:30.175+0000] {logging_mixin.py:190} INFO - [2025-04-05T15:32:30.175+0000] {dag.py:4180} INFO - Setting next_dagrun for example_skip_dag to 2025-04-04 00:00:00+00:00, run_after=2025-04-05 00:00:00+00:00
[2025-04-05T15:32:30.202+0000] {processor.py:208} INFO - Processing /home/airflow/.local/lib/python3.12/site-packages/airflow/example_dags/example_skip_dag.py took 0.104 seconds
[2025-04-05T15:33:00.818+0000] {processor.py:186} INFO - Started process (PID=1797) to work on /home/airflow/.local/lib/python3.12/site-packages/airflow/example_dags/example_skip_dag.py
[2025-04-05T15:33:00.820+0000] {processor.py:914} INFO - Processing file /home/airflow/.local/lib/python3.12/site-packages/airflow/example_dags/example_skip_dag.py for tasks to queue
[2025-04-05T15:33:00.827+0000] {logging_mixin.py:190} INFO - [2025-04-05T15:33:00.827+0000] {dagbag.py:588} INFO - Filling up the DagBag from /home/airflow/.local/lib/python3.12/site-packages/airflow/example_dags/example_skip_dag.py
[2025-04-05T15:33:00.846+0000] {processor.py:925} INFO - DAG(s) 'example_skip_dag' retrieved from /home/airflow/.local/lib/python3.12/site-packages/airflow/example_dags/example_skip_dag.py
[2025-04-05T15:33:00.870+0000] {logging_mixin.py:190} INFO - [2025-04-05T15:33:00.869+0000] {dag.py:3239} INFO - Sync 1 DAGs
[2025-04-05T15:33:00.906+0000] {logging_mixin.py:190} INFO - [2025-04-05T15:33:00.906+0000] {dag.py:4180} INFO - Setting next_dagrun for example_skip_dag to 2025-04-04 00:00:00+00:00, run_after=2025-04-05 00:00:00+00:00
[2025-04-05T15:33:00.934+0000] {processor.py:208} INFO - Processing /home/airflow/.local/lib/python3.12/site-packages/airflow/example_dags/example_skip_dag.py took 0.123 seconds
