[2025-04-05T15:19:13.952+0000] {processor.py:186} INFO - Started process (PID=92) to work on /home/airflow/.local/lib/python3.12/site-packages/airflow/example_dags/example_sla_dag.py
[2025-04-05T15:19:13.953+0000] {processor.py:914} INFO - Processing file /home/airflow/.local/lib/python3.12/site-packages/airflow/example_dags/example_sla_dag.py for tasks to queue
[2025-04-05T15:19:13.955+0000] {logging_mixin.py:190} INFO - [2025-04-05T15:19:13.954+0000] {dagbag.py:588} INFO - Filling up the DagBag from /home/airflow/.local/lib/python3.12/site-packages/airflow/example_dags/example_sla_dag.py
[2025-04-05T15:19:13.968+0000] {processor.py:925} INFO - DAG(s) 'example_sla_dag' retrieved from /home/airflow/.local/lib/python3.12/site-packages/airflow/example_dags/example_sla_dag.py
[2025-04-05T15:19:14.107+0000] {logging_mixin.py:190} INFO - [2025-04-05T15:19:14.106+0000] {override.py:1912} INFO - Created Permission View: can read on DAG:example_sla_dag
[2025-04-05T15:19:14.121+0000] {logging_mixin.py:190} INFO - [2025-04-05T15:19:14.121+0000] {override.py:1912} INFO - Created Permission View: can delete on DAG:example_sla_dag
[2025-04-05T15:19:14.135+0000] {logging_mixin.py:190} INFO - [2025-04-05T15:19:14.134+0000] {override.py:1912} INFO - Created Permission View: can edit on DAG:example_sla_dag
[2025-04-05T15:19:14.153+0000] {logging_mixin.py:190} INFO - [2025-04-05T15:19:14.153+0000] {override.py:1912} INFO - Created Permission View: can read on DAG Run:example_sla_dag
[2025-04-05T15:19:14.165+0000] {logging_mixin.py:190} INFO - [2025-04-05T15:19:14.164+0000] {override.py:1912} INFO - Created Permission View: can create on DAG Run:example_sla_dag
[2025-04-05T15:19:14.174+0000] {logging_mixin.py:190} INFO - [2025-04-05T15:19:14.174+0000] {override.py:1912} INFO - Created Permission View: can delete on DAG Run:example_sla_dag
[2025-04-05T15:19:14.184+0000] {logging_mixin.py:190} INFO - [2025-04-05T15:19:14.183+0000] {override.py:1912} INFO - Created Permission View: menu access on DAG Run:example_sla_dag
[2025-04-05T15:19:14.184+0000] {logging_mixin.py:190} INFO - [2025-04-05T15:19:14.184+0000] {dag.py:3239} INFO - Sync 1 DAGs
[2025-04-05T15:19:14.200+0000] {logging_mixin.py:190} INFO - [2025-04-05T15:19:14.200+0000] {dag.py:3262} INFO - Creating ORM DAG for example_sla_dag
[2025-04-05T15:19:14.216+0000] {logging_mixin.py:190} INFO - [2025-04-05T15:19:14.215+0000] {dag.py:4180} INFO - Setting next_dagrun for example_sla_dag to 2025-04-05 15:16:00+00:00, run_after=2025-04-05 15:18:00+00:00
[2025-04-05T15:19:14.239+0000] {processor.py:208} INFO - Processing /home/airflow/.local/lib/python3.12/site-packages/airflow/example_dags/example_sla_dag.py took 0.295 seconds
[2025-04-05T15:19:44.388+0000] {processor.py:186} INFO - Started process (PID=155) to work on /home/airflow/.local/lib/python3.12/site-packages/airflow/example_dags/example_sla_dag.py
[2025-04-05T15:19:44.389+0000] {processor.py:914} INFO - Processing file /home/airflow/.local/lib/python3.12/site-packages/airflow/example_dags/example_sla_dag.py for tasks to queue
[2025-04-05T15:19:44.391+0000] {logging_mixin.py:190} INFO - [2025-04-05T15:19:44.391+0000] {dagbag.py:588} INFO - Filling up the DagBag from /home/airflow/.local/lib/python3.12/site-packages/airflow/example_dags/example_sla_dag.py
[2025-04-05T15:19:44.399+0000] {processor.py:925} INFO - DAG(s) 'example_sla_dag' retrieved from /home/airflow/.local/lib/python3.12/site-packages/airflow/example_dags/example_sla_dag.py
[2025-04-05T15:19:44.418+0000] {logging_mixin.py:190} INFO - [2025-04-05T15:19:44.418+0000] {dag.py:3239} INFO - Sync 1 DAGs
[2025-04-05T15:19:44.456+0000] {logging_mixin.py:190} INFO - [2025-04-05T15:19:44.456+0000] {dag.py:4180} INFO - Setting next_dagrun for example_sla_dag to 2025-04-05 15:16:00+00:00, run_after=2025-04-05 15:18:00+00:00
[2025-04-05T15:19:44.482+0000] {processor.py:208} INFO - Processing /home/airflow/.local/lib/python3.12/site-packages/airflow/example_dags/example_sla_dag.py took 0.099 seconds
[2025-04-05T15:20:14.530+0000] {processor.py:186} INFO - Started process (PID=216) to work on /home/airflow/.local/lib/python3.12/site-packages/airflow/example_dags/example_sla_dag.py
[2025-04-05T15:20:14.532+0000] {processor.py:914} INFO - Processing file /home/airflow/.local/lib/python3.12/site-packages/airflow/example_dags/example_sla_dag.py for tasks to queue
[2025-04-05T15:20:14.534+0000] {logging_mixin.py:190} INFO - [2025-04-05T15:20:14.534+0000] {dagbag.py:588} INFO - Filling up the DagBag from /home/airflow/.local/lib/python3.12/site-packages/airflow/example_dags/example_sla_dag.py
[2025-04-05T15:20:14.543+0000] {processor.py:925} INFO - DAG(s) 'example_sla_dag' retrieved from /home/airflow/.local/lib/python3.12/site-packages/airflow/example_dags/example_sla_dag.py
[2025-04-05T15:20:14.562+0000] {logging_mixin.py:190} INFO - [2025-04-05T15:20:14.561+0000] {dag.py:3239} INFO - Sync 1 DAGs
[2025-04-05T15:20:14.584+0000] {logging_mixin.py:190} INFO - [2025-04-05T15:20:14.584+0000] {dag.py:4180} INFO - Setting next_dagrun for example_sla_dag to 2025-04-05 15:18:00+00:00, run_after=2025-04-05 15:20:00+00:00
[2025-04-05T15:20:14.603+0000] {processor.py:208} INFO - Processing /home/airflow/.local/lib/python3.12/site-packages/airflow/example_dags/example_sla_dag.py took 0.077 seconds
[2025-04-05T15:20:44.731+0000] {processor.py:186} INFO - Started process (PID=279) to work on /home/airflow/.local/lib/python3.12/site-packages/airflow/example_dags/example_sla_dag.py
[2025-04-05T15:20:44.732+0000] {processor.py:914} INFO - Processing file /home/airflow/.local/lib/python3.12/site-packages/airflow/example_dags/example_sla_dag.py for tasks to queue
[2025-04-05T15:20:44.734+0000] {logging_mixin.py:190} INFO - [2025-04-05T15:20:44.733+0000] {dagbag.py:588} INFO - Filling up the DagBag from /home/airflow/.local/lib/python3.12/site-packages/airflow/example_dags/example_sla_dag.py
[2025-04-05T15:20:44.742+0000] {processor.py:925} INFO - DAG(s) 'example_sla_dag' retrieved from /home/airflow/.local/lib/python3.12/site-packages/airflow/example_dags/example_sla_dag.py
[2025-04-05T15:20:44.757+0000] {logging_mixin.py:190} INFO - [2025-04-05T15:20:44.757+0000] {dag.py:3239} INFO - Sync 1 DAGs
[2025-04-05T15:20:44.777+0000] {logging_mixin.py:190} INFO - [2025-04-05T15:20:44.777+0000] {dag.py:4180} INFO - Setting next_dagrun for example_sla_dag to 2025-04-05 15:18:00+00:00, run_after=2025-04-05 15:20:00+00:00
[2025-04-05T15:20:44.796+0000] {processor.py:208} INFO - Processing /home/airflow/.local/lib/python3.12/site-packages/airflow/example_dags/example_sla_dag.py took 0.070 seconds
[2025-04-05T15:21:15.195+0000] {processor.py:186} INFO - Started process (PID=342) to work on /home/airflow/.local/lib/python3.12/site-packages/airflow/example_dags/example_sla_dag.py
[2025-04-05T15:21:15.196+0000] {processor.py:914} INFO - Processing file /home/airflow/.local/lib/python3.12/site-packages/airflow/example_dags/example_sla_dag.py for tasks to queue
[2025-04-05T15:21:15.199+0000] {logging_mixin.py:190} INFO - [2025-04-05T15:21:15.198+0000] {dagbag.py:588} INFO - Filling up the DagBag from /home/airflow/.local/lib/python3.12/site-packages/airflow/example_dags/example_sla_dag.py
[2025-04-05T15:21:15.208+0000] {processor.py:925} INFO - DAG(s) 'example_sla_dag' retrieved from /home/airflow/.local/lib/python3.12/site-packages/airflow/example_dags/example_sla_dag.py
[2025-04-05T15:21:15.226+0000] {logging_mixin.py:190} INFO - [2025-04-05T15:21:15.226+0000] {dag.py:3239} INFO - Sync 1 DAGs
[2025-04-05T15:21:15.249+0000] {logging_mixin.py:190} INFO - [2025-04-05T15:21:15.249+0000] {dag.py:4180} INFO - Setting next_dagrun for example_sla_dag to 2025-04-05 15:18:00+00:00, run_after=2025-04-05 15:20:00+00:00
[2025-04-05T15:21:15.270+0000] {processor.py:208} INFO - Processing /home/airflow/.local/lib/python3.12/site-packages/airflow/example_dags/example_sla_dag.py took 0.081 seconds
[2025-04-05T15:21:45.871+0000] {processor.py:186} INFO - Started process (PID=405) to work on /home/airflow/.local/lib/python3.12/site-packages/airflow/example_dags/example_sla_dag.py
[2025-04-05T15:21:45.872+0000] {processor.py:914} INFO - Processing file /home/airflow/.local/lib/python3.12/site-packages/airflow/example_dags/example_sla_dag.py for tasks to queue
[2025-04-05T15:21:45.874+0000] {logging_mixin.py:190} INFO - [2025-04-05T15:21:45.874+0000] {dagbag.py:588} INFO - Filling up the DagBag from /home/airflow/.local/lib/python3.12/site-packages/airflow/example_dags/example_sla_dag.py
[2025-04-05T15:21:45.881+0000] {processor.py:925} INFO - DAG(s) 'example_sla_dag' retrieved from /home/airflow/.local/lib/python3.12/site-packages/airflow/example_dags/example_sla_dag.py
[2025-04-05T15:21:45.896+0000] {logging_mixin.py:190} INFO - [2025-04-05T15:21:45.896+0000] {dag.py:3239} INFO - Sync 1 DAGs
[2025-04-05T15:21:45.914+0000] {logging_mixin.py:190} INFO - [2025-04-05T15:21:45.914+0000] {dag.py:4180} INFO - Setting next_dagrun for example_sla_dag to 2025-04-05 15:18:00+00:00, run_after=2025-04-05 15:20:00+00:00
[2025-04-05T15:21:45.931+0000] {processor.py:208} INFO - Processing /home/airflow/.local/lib/python3.12/site-packages/airflow/example_dags/example_sla_dag.py took 0.064 seconds
[2025-04-05T15:22:16.459+0000] {processor.py:186} INFO - Started process (PID=468) to work on /home/airflow/.local/lib/python3.12/site-packages/airflow/example_dags/example_sla_dag.py
[2025-04-05T15:22:16.460+0000] {processor.py:914} INFO - Processing file /home/airflow/.local/lib/python3.12/site-packages/airflow/example_dags/example_sla_dag.py for tasks to queue
[2025-04-05T15:22:16.461+0000] {logging_mixin.py:190} INFO - [2025-04-05T15:22:16.461+0000] {dagbag.py:588} INFO - Filling up the DagBag from /home/airflow/.local/lib/python3.12/site-packages/airflow/example_dags/example_sla_dag.py
[2025-04-05T15:22:16.469+0000] {processor.py:925} INFO - DAG(s) 'example_sla_dag' retrieved from /home/airflow/.local/lib/python3.12/site-packages/airflow/example_dags/example_sla_dag.py
[2025-04-05T15:22:16.487+0000] {logging_mixin.py:190} INFO - [2025-04-05T15:22:16.486+0000] {dag.py:3239} INFO - Sync 1 DAGs
[2025-04-05T15:22:16.507+0000] {logging_mixin.py:190} INFO - [2025-04-05T15:22:16.507+0000] {dag.py:4180} INFO - Setting next_dagrun for example_sla_dag to 2025-04-05 15:20:00+00:00, run_after=2025-04-05 15:22:00+00:00
[2025-04-05T15:22:16.526+0000] {processor.py:208} INFO - Processing /home/airflow/.local/lib/python3.12/site-packages/airflow/example_dags/example_sla_dag.py took 0.071 seconds
[2025-04-05T15:22:46.583+0000] {processor.py:186} INFO - Started process (PID=531) to work on /home/airflow/.local/lib/python3.12/site-packages/airflow/example_dags/example_sla_dag.py
[2025-04-05T15:22:46.584+0000] {processor.py:914} INFO - Processing file /home/airflow/.local/lib/python3.12/site-packages/airflow/example_dags/example_sla_dag.py for tasks to queue
[2025-04-05T15:22:46.585+0000] {logging_mixin.py:190} INFO - [2025-04-05T15:22:46.585+0000] {dagbag.py:588} INFO - Filling up the DagBag from /home/airflow/.local/lib/python3.12/site-packages/airflow/example_dags/example_sla_dag.py
[2025-04-05T15:22:46.592+0000] {processor.py:925} INFO - DAG(s) 'example_sla_dag' retrieved from /home/airflow/.local/lib/python3.12/site-packages/airflow/example_dags/example_sla_dag.py
[2025-04-05T15:22:46.608+0000] {logging_mixin.py:190} INFO - [2025-04-05T15:22:46.608+0000] {dag.py:3239} INFO - Sync 1 DAGs
[2025-04-05T15:22:46.627+0000] {logging_mixin.py:190} INFO - [2025-04-05T15:22:46.627+0000] {dag.py:4180} INFO - Setting next_dagrun for example_sla_dag to 2025-04-05 15:20:00+00:00, run_after=2025-04-05 15:22:00+00:00
[2025-04-05T15:22:46.645+0000] {processor.py:208} INFO - Processing /home/airflow/.local/lib/python3.12/site-packages/airflow/example_dags/example_sla_dag.py took 0.066 seconds
[2025-04-05T15:23:17.617+0000] {processor.py:186} INFO - Started process (PID=594) to work on /home/airflow/.local/lib/python3.12/site-packages/airflow/example_dags/example_sla_dag.py
[2025-04-05T15:23:17.618+0000] {processor.py:914} INFO - Processing file /home/airflow/.local/lib/python3.12/site-packages/airflow/example_dags/example_sla_dag.py for tasks to queue
[2025-04-05T15:23:17.620+0000] {logging_mixin.py:190} INFO - [2025-04-05T15:23:17.619+0000] {dagbag.py:588} INFO - Filling up the DagBag from /home/airflow/.local/lib/python3.12/site-packages/airflow/example_dags/example_sla_dag.py
[2025-04-05T15:23:17.628+0000] {processor.py:925} INFO - DAG(s) 'example_sla_dag' retrieved from /home/airflow/.local/lib/python3.12/site-packages/airflow/example_dags/example_sla_dag.py
[2025-04-05T15:23:17.643+0000] {logging_mixin.py:190} INFO - [2025-04-05T15:23:17.642+0000] {dag.py:3239} INFO - Sync 1 DAGs
[2025-04-05T15:23:17.661+0000] {logging_mixin.py:190} INFO - [2025-04-05T15:23:17.661+0000] {dag.py:4180} INFO - Setting next_dagrun for example_sla_dag to 2025-04-05 15:20:00+00:00, run_after=2025-04-05 15:22:00+00:00
[2025-04-05T15:23:17.678+0000] {processor.py:208} INFO - Processing /home/airflow/.local/lib/python3.12/site-packages/airflow/example_dags/example_sla_dag.py took 0.065 seconds
[2025-04-05T15:23:47.969+0000] {processor.py:186} INFO - Started process (PID=657) to work on /home/airflow/.local/lib/python3.12/site-packages/airflow/example_dags/example_sla_dag.py
[2025-04-05T15:23:47.970+0000] {processor.py:914} INFO - Processing file /home/airflow/.local/lib/python3.12/site-packages/airflow/example_dags/example_sla_dag.py for tasks to queue
[2025-04-05T15:23:47.971+0000] {logging_mixin.py:190} INFO - [2025-04-05T15:23:47.971+0000] {dagbag.py:588} INFO - Filling up the DagBag from /home/airflow/.local/lib/python3.12/site-packages/airflow/example_dags/example_sla_dag.py
[2025-04-05T15:23:47.978+0000] {processor.py:925} INFO - DAG(s) 'example_sla_dag' retrieved from /home/airflow/.local/lib/python3.12/site-packages/airflow/example_dags/example_sla_dag.py
[2025-04-05T15:23:47.993+0000] {logging_mixin.py:190} INFO - [2025-04-05T15:23:47.993+0000] {dag.py:3239} INFO - Sync 1 DAGs
[2025-04-05T15:23:48.011+0000] {logging_mixin.py:190} INFO - [2025-04-05T15:23:48.011+0000] {dag.py:4180} INFO - Setting next_dagrun for example_sla_dag to 2025-04-05 15:20:00+00:00, run_after=2025-04-05 15:22:00+00:00
[2025-04-05T15:23:48.027+0000] {processor.py:208} INFO - Processing /home/airflow/.local/lib/python3.12/site-packages/airflow/example_dags/example_sla_dag.py took 0.062 seconds
[2025-04-05T15:24:18.137+0000] {processor.py:186} INFO - Started process (PID=720) to work on /home/airflow/.local/lib/python3.12/site-packages/airflow/example_dags/example_sla_dag.py
[2025-04-05T15:24:18.138+0000] {processor.py:914} INFO - Processing file /home/airflow/.local/lib/python3.12/site-packages/airflow/example_dags/example_sla_dag.py for tasks to queue
[2025-04-05T15:24:18.140+0000] {logging_mixin.py:190} INFO - [2025-04-05T15:24:18.140+0000] {dagbag.py:588} INFO - Filling up the DagBag from /home/airflow/.local/lib/python3.12/site-packages/airflow/example_dags/example_sla_dag.py
[2025-04-05T15:24:18.148+0000] {processor.py:925} INFO - DAG(s) 'example_sla_dag' retrieved from /home/airflow/.local/lib/python3.12/site-packages/airflow/example_dags/example_sla_dag.py
[2025-04-05T15:24:18.164+0000] {logging_mixin.py:190} INFO - [2025-04-05T15:24:18.164+0000] {dag.py:3239} INFO - Sync 1 DAGs
[2025-04-05T15:24:18.182+0000] {logging_mixin.py:190} INFO - [2025-04-05T15:24:18.182+0000] {dag.py:4180} INFO - Setting next_dagrun for example_sla_dag to 2025-04-05 15:22:00+00:00, run_after=2025-04-05 15:24:00+00:00
[2025-04-05T15:24:18.201+0000] {processor.py:208} INFO - Processing /home/airflow/.local/lib/python3.12/site-packages/airflow/example_dags/example_sla_dag.py took 0.068 seconds
[2025-04-05T15:24:48.558+0000] {processor.py:186} INFO - Started process (PID=783) to work on /home/airflow/.local/lib/python3.12/site-packages/airflow/example_dags/example_sla_dag.py
[2025-04-05T15:24:48.559+0000] {processor.py:914} INFO - Processing file /home/airflow/.local/lib/python3.12/site-packages/airflow/example_dags/example_sla_dag.py for tasks to queue
[2025-04-05T15:24:48.561+0000] {logging_mixin.py:190} INFO - [2025-04-05T15:24:48.561+0000] {dagbag.py:588} INFO - Filling up the DagBag from /home/airflow/.local/lib/python3.12/site-packages/airflow/example_dags/example_sla_dag.py
[2025-04-05T15:24:48.568+0000] {processor.py:925} INFO - DAG(s) 'example_sla_dag' retrieved from /home/airflow/.local/lib/python3.12/site-packages/airflow/example_dags/example_sla_dag.py
[2025-04-05T15:24:48.584+0000] {logging_mixin.py:190} INFO - [2025-04-05T15:24:48.584+0000] {dag.py:3239} INFO - Sync 1 DAGs
[2025-04-05T15:24:48.602+0000] {logging_mixin.py:190} INFO - [2025-04-05T15:24:48.602+0000] {dag.py:4180} INFO - Setting next_dagrun for example_sla_dag to 2025-04-05 15:22:00+00:00, run_after=2025-04-05 15:24:00+00:00
[2025-04-05T15:24:48.619+0000] {processor.py:208} INFO - Processing /home/airflow/.local/lib/python3.12/site-packages/airflow/example_dags/example_sla_dag.py took 0.065 seconds
[2025-04-05T15:25:18.833+0000] {processor.py:186} INFO - Started process (PID=846) to work on /home/airflow/.local/lib/python3.12/site-packages/airflow/example_dags/example_sla_dag.py
[2025-04-05T15:25:18.834+0000] {processor.py:914} INFO - Processing file /home/airflow/.local/lib/python3.12/site-packages/airflow/example_dags/example_sla_dag.py for tasks to queue
[2025-04-05T15:25:18.836+0000] {logging_mixin.py:190} INFO - [2025-04-05T15:25:18.836+0000] {dagbag.py:588} INFO - Filling up the DagBag from /home/airflow/.local/lib/python3.12/site-packages/airflow/example_dags/example_sla_dag.py
[2025-04-05T15:25:18.844+0000] {processor.py:925} INFO - DAG(s) 'example_sla_dag' retrieved from /home/airflow/.local/lib/python3.12/site-packages/airflow/example_dags/example_sla_dag.py
[2025-04-05T15:25:18.859+0000] {logging_mixin.py:190} INFO - [2025-04-05T15:25:18.859+0000] {dag.py:3239} INFO - Sync 1 DAGs
[2025-04-05T15:25:18.878+0000] {logging_mixin.py:190} INFO - [2025-04-05T15:25:18.878+0000] {dag.py:4180} INFO - Setting next_dagrun for example_sla_dag to 2025-04-05 15:22:00+00:00, run_after=2025-04-05 15:24:00+00:00
[2025-04-05T15:25:18.895+0000] {processor.py:208} INFO - Processing /home/airflow/.local/lib/python3.12/site-packages/airflow/example_dags/example_sla_dag.py took 0.066 seconds
[2025-04-05T15:25:49.209+0000] {processor.py:186} INFO - Started process (PID=909) to work on /home/airflow/.local/lib/python3.12/site-packages/airflow/example_dags/example_sla_dag.py
[2025-04-05T15:25:49.210+0000] {processor.py:914} INFO - Processing file /home/airflow/.local/lib/python3.12/site-packages/airflow/example_dags/example_sla_dag.py for tasks to queue
[2025-04-05T15:25:49.212+0000] {logging_mixin.py:190} INFO - [2025-04-05T15:25:49.212+0000] {dagbag.py:588} INFO - Filling up the DagBag from /home/airflow/.local/lib/python3.12/site-packages/airflow/example_dags/example_sla_dag.py
[2025-04-05T15:25:49.221+0000] {processor.py:925} INFO - DAG(s) 'example_sla_dag' retrieved from /home/airflow/.local/lib/python3.12/site-packages/airflow/example_dags/example_sla_dag.py
[2025-04-05T15:25:49.239+0000] {logging_mixin.py:190} INFO - [2025-04-05T15:25:49.239+0000] {dag.py:3239} INFO - Sync 1 DAGs
[2025-04-05T15:25:49.266+0000] {logging_mixin.py:190} INFO - [2025-04-05T15:25:49.266+0000] {dag.py:4180} INFO - Setting next_dagrun for example_sla_dag to 2025-04-05 15:22:00+00:00, run_after=2025-04-05 15:24:00+00:00
[2025-04-05T15:25:49.286+0000] {processor.py:208} INFO - Processing /home/airflow/.local/lib/python3.12/site-packages/airflow/example_dags/example_sla_dag.py took 0.084 seconds
[2025-04-05T15:26:20.056+0000] {processor.py:186} INFO - Started process (PID=972) to work on /home/airflow/.local/lib/python3.12/site-packages/airflow/example_dags/example_sla_dag.py
[2025-04-05T15:26:20.058+0000] {processor.py:914} INFO - Processing file /home/airflow/.local/lib/python3.12/site-packages/airflow/example_dags/example_sla_dag.py for tasks to queue
[2025-04-05T15:26:20.060+0000] {logging_mixin.py:190} INFO - [2025-04-05T15:26:20.060+0000] {dagbag.py:588} INFO - Filling up the DagBag from /home/airflow/.local/lib/python3.12/site-packages/airflow/example_dags/example_sla_dag.py
[2025-04-05T15:26:20.071+0000] {processor.py:925} INFO - DAG(s) 'example_sla_dag' retrieved from /home/airflow/.local/lib/python3.12/site-packages/airflow/example_dags/example_sla_dag.py
[2025-04-05T15:26:20.088+0000] {logging_mixin.py:190} INFO - [2025-04-05T15:26:20.088+0000] {dag.py:3239} INFO - Sync 1 DAGs
[2025-04-05T15:26:20.110+0000] {logging_mixin.py:190} INFO - [2025-04-05T15:26:20.109+0000] {dag.py:4180} INFO - Setting next_dagrun for example_sla_dag to 2025-04-05 15:24:00+00:00, run_after=2025-04-05 15:26:00+00:00
[2025-04-05T15:26:20.129+0000] {processor.py:208} INFO - Processing /home/airflow/.local/lib/python3.12/site-packages/airflow/example_dags/example_sla_dag.py took 0.078 seconds
[2025-04-05T15:26:51.239+0000] {processor.py:186} INFO - Started process (PID=1035) to work on /home/airflow/.local/lib/python3.12/site-packages/airflow/example_dags/example_sla_dag.py
[2025-04-05T15:26:51.241+0000] {processor.py:914} INFO - Processing file /home/airflow/.local/lib/python3.12/site-packages/airflow/example_dags/example_sla_dag.py for tasks to queue
[2025-04-05T15:26:51.243+0000] {logging_mixin.py:190} INFO - [2025-04-05T15:26:51.242+0000] {dagbag.py:588} INFO - Filling up the DagBag from /home/airflow/.local/lib/python3.12/site-packages/airflow/example_dags/example_sla_dag.py
[2025-04-05T15:26:51.252+0000] {processor.py:925} INFO - DAG(s) 'example_sla_dag' retrieved from /home/airflow/.local/lib/python3.12/site-packages/airflow/example_dags/example_sla_dag.py
[2025-04-05T15:26:51.268+0000] {logging_mixin.py:190} INFO - [2025-04-05T15:26:51.268+0000] {dag.py:3239} INFO - Sync 1 DAGs
[2025-04-05T15:26:51.289+0000] {logging_mixin.py:190} INFO - [2025-04-05T15:26:51.288+0000] {dag.py:4180} INFO - Setting next_dagrun for example_sla_dag to 2025-04-05 15:24:00+00:00, run_after=2025-04-05 15:26:00+00:00
[2025-04-05T15:26:51.306+0000] {processor.py:208} INFO - Processing /home/airflow/.local/lib/python3.12/site-packages/airflow/example_dags/example_sla_dag.py took 0.072 seconds
[2025-04-05T15:27:21.784+0000] {processor.py:186} INFO - Started process (PID=1098) to work on /home/airflow/.local/lib/python3.12/site-packages/airflow/example_dags/example_sla_dag.py
[2025-04-05T15:27:21.786+0000] {processor.py:914} INFO - Processing file /home/airflow/.local/lib/python3.12/site-packages/airflow/example_dags/example_sla_dag.py for tasks to queue
[2025-04-05T15:27:21.788+0000] {logging_mixin.py:190} INFO - [2025-04-05T15:27:21.787+0000] {dagbag.py:588} INFO - Filling up the DagBag from /home/airflow/.local/lib/python3.12/site-packages/airflow/example_dags/example_sla_dag.py
[2025-04-05T15:27:21.796+0000] {processor.py:925} INFO - DAG(s) 'example_sla_dag' retrieved from /home/airflow/.local/lib/python3.12/site-packages/airflow/example_dags/example_sla_dag.py
[2025-04-05T15:27:21.816+0000] {logging_mixin.py:190} INFO - [2025-04-05T15:27:21.815+0000] {dag.py:3239} INFO - Sync 1 DAGs
[2025-04-05T15:27:21.839+0000] {logging_mixin.py:190} INFO - [2025-04-05T15:27:21.839+0000] {dag.py:4180} INFO - Setting next_dagrun for example_sla_dag to 2025-04-05 15:24:00+00:00, run_after=2025-04-05 15:26:00+00:00
[2025-04-05T15:27:21.858+0000] {processor.py:208} INFO - Processing /home/airflow/.local/lib/python3.12/site-packages/airflow/example_dags/example_sla_dag.py took 0.079 seconds
[2025-04-05T15:27:52.142+0000] {processor.py:186} INFO - Started process (PID=1161) to work on /home/airflow/.local/lib/python3.12/site-packages/airflow/example_dags/example_sla_dag.py
[2025-04-05T15:27:52.144+0000] {processor.py:914} INFO - Processing file /home/airflow/.local/lib/python3.12/site-packages/airflow/example_dags/example_sla_dag.py for tasks to queue
[2025-04-05T15:27:52.146+0000] {logging_mixin.py:190} INFO - [2025-04-05T15:27:52.146+0000] {dagbag.py:588} INFO - Filling up the DagBag from /home/airflow/.local/lib/python3.12/site-packages/airflow/example_dags/example_sla_dag.py
[2025-04-05T15:27:52.155+0000] {processor.py:925} INFO - DAG(s) 'example_sla_dag' retrieved from /home/airflow/.local/lib/python3.12/site-packages/airflow/example_dags/example_sla_dag.py
[2025-04-05T15:27:52.177+0000] {logging_mixin.py:190} INFO - [2025-04-05T15:27:52.177+0000] {dag.py:3239} INFO - Sync 1 DAGs
[2025-04-05T15:27:52.206+0000] {logging_mixin.py:190} INFO - [2025-04-05T15:27:52.206+0000] {dag.py:4180} INFO - Setting next_dagrun for example_sla_dag to 2025-04-05 15:24:00+00:00, run_after=2025-04-05 15:26:00+00:00
[2025-04-05T15:27:52.244+0000] {processor.py:208} INFO - Processing /home/airflow/.local/lib/python3.12/site-packages/airflow/example_dags/example_sla_dag.py took 0.108 seconds
[2025-04-05T15:28:22.448+0000] {processor.py:186} INFO - Started process (PID=1224) to work on /home/airflow/.local/lib/python3.12/site-packages/airflow/example_dags/example_sla_dag.py
[2025-04-05T15:28:22.452+0000] {processor.py:914} INFO - Processing file /home/airflow/.local/lib/python3.12/site-packages/airflow/example_dags/example_sla_dag.py for tasks to queue
[2025-04-05T15:28:22.455+0000] {logging_mixin.py:190} INFO - [2025-04-05T15:28:22.454+0000] {dagbag.py:588} INFO - Filling up the DagBag from /home/airflow/.local/lib/python3.12/site-packages/airflow/example_dags/example_sla_dag.py
[2025-04-05T15:28:22.465+0000] {processor.py:925} INFO - DAG(s) 'example_sla_dag' retrieved from /home/airflow/.local/lib/python3.12/site-packages/airflow/example_dags/example_sla_dag.py
[2025-04-05T15:28:22.482+0000] {logging_mixin.py:190} INFO - [2025-04-05T15:28:22.482+0000] {dag.py:3239} INFO - Sync 1 DAGs
[2025-04-05T15:28:22.516+0000] {logging_mixin.py:190} INFO - [2025-04-05T15:28:22.515+0000] {dag.py:4180} INFO - Setting next_dagrun for example_sla_dag to 2025-04-05 15:26:00+00:00, run_after=2025-04-05 15:28:00+00:00
[2025-04-05T15:28:22.534+0000] {processor.py:208} INFO - Processing /home/airflow/.local/lib/python3.12/site-packages/airflow/example_dags/example_sla_dag.py took 0.093 seconds
[2025-04-05T15:28:53.316+0000] {processor.py:186} INFO - Started process (PID=1287) to work on /home/airflow/.local/lib/python3.12/site-packages/airflow/example_dags/example_sla_dag.py
[2025-04-05T15:28:53.317+0000] {processor.py:914} INFO - Processing file /home/airflow/.local/lib/python3.12/site-packages/airflow/example_dags/example_sla_dag.py for tasks to queue
[2025-04-05T15:28:53.319+0000] {logging_mixin.py:190} INFO - [2025-04-05T15:28:53.319+0000] {dagbag.py:588} INFO - Filling up the DagBag from /home/airflow/.local/lib/python3.12/site-packages/airflow/example_dags/example_sla_dag.py
[2025-04-05T15:28:53.328+0000] {processor.py:925} INFO - DAG(s) 'example_sla_dag' retrieved from /home/airflow/.local/lib/python3.12/site-packages/airflow/example_dags/example_sla_dag.py
[2025-04-05T15:28:53.345+0000] {logging_mixin.py:190} INFO - [2025-04-05T15:28:53.345+0000] {dag.py:3239} INFO - Sync 1 DAGs
[2025-04-05T15:28:53.369+0000] {logging_mixin.py:190} INFO - [2025-04-05T15:28:53.369+0000] {dag.py:4180} INFO - Setting next_dagrun for example_sla_dag to 2025-04-05 15:26:00+00:00, run_after=2025-04-05 15:28:00+00:00
[2025-04-05T15:28:53.390+0000] {processor.py:208} INFO - Processing /home/airflow/.local/lib/python3.12/site-packages/airflow/example_dags/example_sla_dag.py took 0.080 seconds
[2025-04-05T15:29:24.343+0000] {processor.py:186} INFO - Started process (PID=1350) to work on /home/airflow/.local/lib/python3.12/site-packages/airflow/example_dags/example_sla_dag.py
[2025-04-05T15:29:24.344+0000] {processor.py:914} INFO - Processing file /home/airflow/.local/lib/python3.12/site-packages/airflow/example_dags/example_sla_dag.py for tasks to queue
[2025-04-05T15:29:24.348+0000] {logging_mixin.py:190} INFO - [2025-04-05T15:29:24.347+0000] {dagbag.py:588} INFO - Filling up the DagBag from /home/airflow/.local/lib/python3.12/site-packages/airflow/example_dags/example_sla_dag.py
[2025-04-05T15:29:24.359+0000] {processor.py:925} INFO - DAG(s) 'example_sla_dag' retrieved from /home/airflow/.local/lib/python3.12/site-packages/airflow/example_dags/example_sla_dag.py
[2025-04-05T15:29:24.377+0000] {logging_mixin.py:190} INFO - [2025-04-05T15:29:24.376+0000] {dag.py:3239} INFO - Sync 1 DAGs
[2025-04-05T15:29:24.405+0000] {logging_mixin.py:190} INFO - [2025-04-05T15:29:24.405+0000] {dag.py:4180} INFO - Setting next_dagrun for example_sla_dag to 2025-04-05 15:26:00+00:00, run_after=2025-04-05 15:28:00+00:00
[2025-04-05T15:29:24.423+0000] {processor.py:208} INFO - Processing /home/airflow/.local/lib/python3.12/site-packages/airflow/example_dags/example_sla_dag.py took 0.087 seconds
[2025-04-05T15:29:54.990+0000] {processor.py:186} INFO - Started process (PID=1413) to work on /home/airflow/.local/lib/python3.12/site-packages/airflow/example_dags/example_sla_dag.py
[2025-04-05T15:29:54.995+0000] {processor.py:914} INFO - Processing file /home/airflow/.local/lib/python3.12/site-packages/airflow/example_dags/example_sla_dag.py for tasks to queue
[2025-04-05T15:29:54.999+0000] {logging_mixin.py:190} INFO - [2025-04-05T15:29:54.998+0000] {dagbag.py:588} INFO - Filling up the DagBag from /home/airflow/.local/lib/python3.12/site-packages/airflow/example_dags/example_sla_dag.py
[2025-04-05T15:29:55.011+0000] {processor.py:925} INFO - DAG(s) 'example_sla_dag' retrieved from /home/airflow/.local/lib/python3.12/site-packages/airflow/example_dags/example_sla_dag.py
[2025-04-05T15:29:55.035+0000] {logging_mixin.py:190} INFO - [2025-04-05T15:29:55.035+0000] {dag.py:3239} INFO - Sync 1 DAGs
[2025-04-05T15:29:55.066+0000] {logging_mixin.py:190} INFO - [2025-04-05T15:29:55.065+0000] {dag.py:4180} INFO - Setting next_dagrun for example_sla_dag to 2025-04-05 15:26:00+00:00, run_after=2025-04-05 15:28:00+00:00
[2025-04-05T15:29:55.088+0000] {processor.py:208} INFO - Processing /home/airflow/.local/lib/python3.12/site-packages/airflow/example_dags/example_sla_dag.py took 0.105 seconds
[2025-04-05T15:30:25.852+0000] {processor.py:186} INFO - Started process (PID=1477) to work on /home/airflow/.local/lib/python3.12/site-packages/airflow/example_dags/example_sla_dag.py
[2025-04-05T15:30:25.853+0000] {processor.py:914} INFO - Processing file /home/airflow/.local/lib/python3.12/site-packages/airflow/example_dags/example_sla_dag.py for tasks to queue
[2025-04-05T15:30:25.855+0000] {logging_mixin.py:190} INFO - [2025-04-05T15:30:25.855+0000] {dagbag.py:588} INFO - Filling up the DagBag from /home/airflow/.local/lib/python3.12/site-packages/airflow/example_dags/example_sla_dag.py
[2025-04-05T15:30:25.864+0000] {processor.py:925} INFO - DAG(s) 'example_sla_dag' retrieved from /home/airflow/.local/lib/python3.12/site-packages/airflow/example_dags/example_sla_dag.py
[2025-04-05T15:30:25.882+0000] {logging_mixin.py:190} INFO - [2025-04-05T15:30:25.882+0000] {dag.py:3239} INFO - Sync 1 DAGs
[2025-04-05T15:30:25.903+0000] {logging_mixin.py:190} INFO - [2025-04-05T15:30:25.902+0000] {dag.py:4180} INFO - Setting next_dagrun for example_sla_dag to 2025-04-05 15:28:00+00:00, run_after=2025-04-05 15:30:00+00:00
[2025-04-05T15:30:25.926+0000] {processor.py:208} INFO - Processing /home/airflow/.local/lib/python3.12/site-packages/airflow/example_dags/example_sla_dag.py took 0.079 seconds
[2025-04-05T15:30:56.826+0000] {processor.py:186} INFO - Started process (PID=1540) to work on /home/airflow/.local/lib/python3.12/site-packages/airflow/example_dags/example_sla_dag.py
[2025-04-05T15:30:56.842+0000] {processor.py:914} INFO - Processing file /home/airflow/.local/lib/python3.12/site-packages/airflow/example_dags/example_sla_dag.py for tasks to queue
[2025-04-05T15:30:56.845+0000] {logging_mixin.py:190} INFO - [2025-04-05T15:30:56.844+0000] {dagbag.py:588} INFO - Filling up the DagBag from /home/airflow/.local/lib/python3.12/site-packages/airflow/example_dags/example_sla_dag.py
[2025-04-05T15:30:56.852+0000] {processor.py:925} INFO - DAG(s) 'example_sla_dag' retrieved from /home/airflow/.local/lib/python3.12/site-packages/airflow/example_dags/example_sla_dag.py
[2025-04-05T15:30:56.872+0000] {logging_mixin.py:190} INFO - [2025-04-05T15:30:56.872+0000] {dag.py:3239} INFO - Sync 1 DAGs
[2025-04-05T15:30:56.893+0000] {logging_mixin.py:190} INFO - [2025-04-05T15:30:56.892+0000] {dag.py:4180} INFO - Setting next_dagrun for example_sla_dag to 2025-04-05 15:28:00+00:00, run_after=2025-04-05 15:30:00+00:00
[2025-04-05T15:30:56.913+0000] {processor.py:208} INFO - Processing /home/airflow/.local/lib/python3.12/site-packages/airflow/example_dags/example_sla_dag.py took 0.092 seconds
[2025-04-05T15:31:27.607+0000] {processor.py:186} INFO - Started process (PID=1603) to work on /home/airflow/.local/lib/python3.12/site-packages/airflow/example_dags/example_sla_dag.py
[2025-04-05T15:31:27.609+0000] {processor.py:914} INFO - Processing file /home/airflow/.local/lib/python3.12/site-packages/airflow/example_dags/example_sla_dag.py for tasks to queue
[2025-04-05T15:31:27.610+0000] {logging_mixin.py:190} INFO - [2025-04-05T15:31:27.610+0000] {dagbag.py:588} INFO - Filling up the DagBag from /home/airflow/.local/lib/python3.12/site-packages/airflow/example_dags/example_sla_dag.py
[2025-04-05T15:31:27.618+0000] {processor.py:925} INFO - DAG(s) 'example_sla_dag' retrieved from /home/airflow/.local/lib/python3.12/site-packages/airflow/example_dags/example_sla_dag.py
[2025-04-05T15:31:27.638+0000] {logging_mixin.py:190} INFO - [2025-04-05T15:31:27.637+0000] {dag.py:3239} INFO - Sync 1 DAGs
[2025-04-05T15:31:27.662+0000] {logging_mixin.py:190} INFO - [2025-04-05T15:31:27.662+0000] {dag.py:4180} INFO - Setting next_dagrun for example_sla_dag to 2025-04-05 15:28:00+00:00, run_after=2025-04-05 15:30:00+00:00
[2025-04-05T15:31:27.683+0000] {processor.py:208} INFO - Processing /home/airflow/.local/lib/python3.12/site-packages/airflow/example_dags/example_sla_dag.py took 0.082 seconds
[2025-04-05T15:31:57.857+0000] {processor.py:186} INFO - Started process (PID=1666) to work on /home/airflow/.local/lib/python3.12/site-packages/airflow/example_dags/example_sla_dag.py
[2025-04-05T15:31:57.858+0000] {processor.py:914} INFO - Processing file /home/airflow/.local/lib/python3.12/site-packages/airflow/example_dags/example_sla_dag.py for tasks to queue
[2025-04-05T15:31:57.860+0000] {logging_mixin.py:190} INFO - [2025-04-05T15:31:57.859+0000] {dagbag.py:588} INFO - Filling up the DagBag from /home/airflow/.local/lib/python3.12/site-packages/airflow/example_dags/example_sla_dag.py
[2025-04-05T15:31:57.868+0000] {processor.py:925} INFO - DAG(s) 'example_sla_dag' retrieved from /home/airflow/.local/lib/python3.12/site-packages/airflow/example_dags/example_sla_dag.py
[2025-04-05T15:31:57.886+0000] {logging_mixin.py:190} INFO - [2025-04-05T15:31:57.886+0000] {dag.py:3239} INFO - Sync 1 DAGs
[2025-04-05T15:31:57.909+0000] {logging_mixin.py:190} INFO - [2025-04-05T15:31:57.909+0000] {dag.py:4180} INFO - Setting next_dagrun for example_sla_dag to 2025-04-05 15:28:00+00:00, run_after=2025-04-05 15:30:00+00:00
[2025-04-05T15:31:57.928+0000] {processor.py:208} INFO - Processing /home/airflow/.local/lib/python3.12/site-packages/airflow/example_dags/example_sla_dag.py took 0.078 seconds
[2025-04-05T15:32:28.901+0000] {processor.py:186} INFO - Started process (PID=1729) to work on /home/airflow/.local/lib/python3.12/site-packages/airflow/example_dags/example_sla_dag.py
[2025-04-05T15:32:28.903+0000] {processor.py:914} INFO - Processing file /home/airflow/.local/lib/python3.12/site-packages/airflow/example_dags/example_sla_dag.py for tasks to queue
[2025-04-05T15:32:28.905+0000] {logging_mixin.py:190} INFO - [2025-04-05T15:32:28.905+0000] {dagbag.py:588} INFO - Filling up the DagBag from /home/airflow/.local/lib/python3.12/site-packages/airflow/example_dags/example_sla_dag.py
[2025-04-05T15:32:28.916+0000] {processor.py:925} INFO - DAG(s) 'example_sla_dag' retrieved from /home/airflow/.local/lib/python3.12/site-packages/airflow/example_dags/example_sla_dag.py
[2025-04-05T15:32:28.934+0000] {logging_mixin.py:190} INFO - [2025-04-05T15:32:28.934+0000] {dag.py:3239} INFO - Sync 1 DAGs
[2025-04-05T15:32:28.954+0000] {logging_mixin.py:190} INFO - [2025-04-05T15:32:28.954+0000] {dag.py:4180} INFO - Setting next_dagrun for example_sla_dag to 2025-04-05 15:30:00+00:00, run_after=2025-04-05 15:32:00+00:00
[2025-04-05T15:32:28.972+0000] {processor.py:208} INFO - Processing /home/airflow/.local/lib/python3.12/site-packages/airflow/example_dags/example_sla_dag.py took 0.079 seconds
[2025-04-05T15:33:00.133+0000] {processor.py:186} INFO - Started process (PID=1792) to work on /home/airflow/.local/lib/python3.12/site-packages/airflow/example_dags/example_sla_dag.py
[2025-04-05T15:33:00.134+0000] {processor.py:914} INFO - Processing file /home/airflow/.local/lib/python3.12/site-packages/airflow/example_dags/example_sla_dag.py for tasks to queue
[2025-04-05T15:33:00.137+0000] {logging_mixin.py:190} INFO - [2025-04-05T15:33:00.136+0000] {dagbag.py:588} INFO - Filling up the DagBag from /home/airflow/.local/lib/python3.12/site-packages/airflow/example_dags/example_sla_dag.py
[2025-04-05T15:33:00.156+0000] {processor.py:925} INFO - DAG(s) 'example_sla_dag' retrieved from /home/airflow/.local/lib/python3.12/site-packages/airflow/example_dags/example_sla_dag.py
[2025-04-05T15:33:00.216+0000] {logging_mixin.py:190} INFO - [2025-04-05T15:33:00.216+0000] {dag.py:3239} INFO - Sync 1 DAGs
[2025-04-05T15:33:00.265+0000] {logging_mixin.py:190} INFO - [2025-04-05T15:33:00.265+0000] {dag.py:4180} INFO - Setting next_dagrun for example_sla_dag to 2025-04-05 15:30:00+00:00, run_after=2025-04-05 15:32:00+00:00
[2025-04-05T15:33:00.306+0000] {processor.py:208} INFO - Processing /home/airflow/.local/lib/python3.12/site-packages/airflow/example_dags/example_sla_dag.py took 0.205 seconds
