[2025-04-05T15:19:12.080+0000] {processor.py:186} INFO - Started process (PID=85) to work on /home/airflow/.local/lib/python3.12/site-packages/airflow/example_dags/example_latest_only_with_trigger.py
[2025-04-05T15:19:12.081+0000] {processor.py:914} INFO - Processing file /home/airflow/.local/lib/python3.12/site-packages/airflow/example_dags/example_latest_only_with_trigger.py for tasks to queue
[2025-04-05T15:19:12.086+0000] {logging_mixin.py:190} INFO - [2025-04-05T15:19:12.085+0000] {dagbag.py:588} INFO - Filling up the DagBag from /home/airflow/.local/lib/python3.12/site-packages/airflow/example_dags/example_latest_only_with_trigger.py
[2025-04-05T15:19:12.094+0000] {processor.py:925} INFO - DAG(s) 'latest_only_with_trigger' retrieved from /home/airflow/.local/lib/python3.12/site-packages/airflow/example_dags/example_latest_only_with_trigger.py
[2025-04-05T15:19:12.225+0000] {logging_mixin.py:190} INFO - [2025-04-05T15:19:12.218+0000] {override.py:1912} INFO - Created Permission View: can read on DAG:latest_only_with_trigger
[2025-04-05T15:19:12.251+0000] {logging_mixin.py:190} INFO - [2025-04-05T15:19:12.250+0000] {override.py:1912} INFO - Created Permission View: can delete on DAG:latest_only_with_trigger
[2025-04-05T15:19:12.260+0000] {logging_mixin.py:190} INFO - [2025-04-05T15:19:12.260+0000] {override.py:1912} INFO - Created Permission View: can edit on DAG:latest_only_with_trigger
[2025-04-05T15:19:12.275+0000] {logging_mixin.py:190} INFO - [2025-04-05T15:19:12.274+0000] {override.py:1912} INFO - Created Permission View: can read on DAG Run:latest_only_with_trigger
[2025-04-05T15:19:12.284+0000] {logging_mixin.py:190} INFO - [2025-04-05T15:19:12.284+0000] {override.py:1912} INFO - Created Permission View: can create on DAG Run:latest_only_with_trigger
[2025-04-05T15:19:12.296+0000] {logging_mixin.py:190} INFO - [2025-04-05T15:19:12.295+0000] {override.py:1912} INFO - Created Permission View: can delete on DAG Run:latest_only_with_trigger
[2025-04-05T15:19:12.305+0000] {logging_mixin.py:190} INFO - [2025-04-05T15:19:12.305+0000] {override.py:1912} INFO - Created Permission View: menu access on DAG Run:latest_only_with_trigger
[2025-04-05T15:19:12.306+0000] {logging_mixin.py:190} INFO - [2025-04-05T15:19:12.305+0000] {dag.py:3239} INFO - Sync 1 DAGs
[2025-04-05T15:19:12.323+0000] {logging_mixin.py:190} INFO - [2025-04-05T15:19:12.322+0000] {dag.py:3262} INFO - Creating ORM DAG for latest_only_with_trigger
[2025-04-05T15:19:12.333+0000] {logging_mixin.py:190} INFO - [2025-04-05T15:19:12.333+0000] {dag.py:4180} INFO - Setting next_dagrun for latest_only_with_trigger to 2025-04-05 08:00:00+00:00, run_after=2025-04-05 12:00:00+00:00
[2025-04-05T15:19:12.351+0000] {processor.py:208} INFO - Processing /home/airflow/.local/lib/python3.12/site-packages/airflow/example_dags/example_latest_only_with_trigger.py took 0.278 seconds
[2025-04-05T15:19:42.716+0000] {processor.py:186} INFO - Started process (PID=147) to work on /home/airflow/.local/lib/python3.12/site-packages/airflow/example_dags/example_latest_only_with_trigger.py
[2025-04-05T15:19:42.717+0000] {processor.py:914} INFO - Processing file /home/airflow/.local/lib/python3.12/site-packages/airflow/example_dags/example_latest_only_with_trigger.py for tasks to queue
[2025-04-05T15:19:42.719+0000] {logging_mixin.py:190} INFO - [2025-04-05T15:19:42.719+0000] {dagbag.py:588} INFO - Filling up the DagBag from /home/airflow/.local/lib/python3.12/site-packages/airflow/example_dags/example_latest_only_with_trigger.py
[2025-04-05T15:19:42.725+0000] {processor.py:925} INFO - DAG(s) 'latest_only_with_trigger' retrieved from /home/airflow/.local/lib/python3.12/site-packages/airflow/example_dags/example_latest_only_with_trigger.py
[2025-04-05T15:19:42.742+0000] {logging_mixin.py:190} INFO - [2025-04-05T15:19:42.741+0000] {dag.py:3239} INFO - Sync 1 DAGs
[2025-04-05T15:19:42.761+0000] {logging_mixin.py:190} INFO - [2025-04-05T15:19:42.761+0000] {dag.py:4180} INFO - Setting next_dagrun for latest_only_with_trigger to 2025-04-05 08:00:00+00:00, run_after=2025-04-05 12:00:00+00:00
[2025-04-05T15:19:42.781+0000] {processor.py:208} INFO - Processing /home/airflow/.local/lib/python3.12/site-packages/airflow/example_dags/example_latest_only_with_trigger.py took 0.071 seconds
[2025-04-05T15:20:13.220+0000] {processor.py:186} INFO - Started process (PID=209) to work on /home/airflow/.local/lib/python3.12/site-packages/airflow/example_dags/example_latest_only_with_trigger.py
[2025-04-05T15:20:13.221+0000] {processor.py:914} INFO - Processing file /home/airflow/.local/lib/python3.12/site-packages/airflow/example_dags/example_latest_only_with_trigger.py for tasks to queue
[2025-04-05T15:20:13.223+0000] {logging_mixin.py:190} INFO - [2025-04-05T15:20:13.223+0000] {dagbag.py:588} INFO - Filling up the DagBag from /home/airflow/.local/lib/python3.12/site-packages/airflow/example_dags/example_latest_only_with_trigger.py
[2025-04-05T15:20:13.230+0000] {processor.py:925} INFO - DAG(s) 'latest_only_with_trigger' retrieved from /home/airflow/.local/lib/python3.12/site-packages/airflow/example_dags/example_latest_only_with_trigger.py
[2025-04-05T15:20:13.248+0000] {logging_mixin.py:190} INFO - [2025-04-05T15:20:13.248+0000] {dag.py:3239} INFO - Sync 1 DAGs
[2025-04-05T15:20:13.272+0000] {logging_mixin.py:190} INFO - [2025-04-05T15:20:13.272+0000] {dag.py:4180} INFO - Setting next_dagrun for latest_only_with_trigger to 2025-04-05 08:00:00+00:00, run_after=2025-04-05 12:00:00+00:00
[2025-04-05T15:20:13.289+0000] {processor.py:208} INFO - Processing /home/airflow/.local/lib/python3.12/site-packages/airflow/example_dags/example_latest_only_with_trigger.py took 0.075 seconds
[2025-04-05T15:20:43.411+0000] {processor.py:186} INFO - Started process (PID=272) to work on /home/airflow/.local/lib/python3.12/site-packages/airflow/example_dags/example_latest_only_with_trigger.py
[2025-04-05T15:20:43.412+0000] {processor.py:914} INFO - Processing file /home/airflow/.local/lib/python3.12/site-packages/airflow/example_dags/example_latest_only_with_trigger.py for tasks to queue
[2025-04-05T15:20:43.414+0000] {logging_mixin.py:190} INFO - [2025-04-05T15:20:43.414+0000] {dagbag.py:588} INFO - Filling up the DagBag from /home/airflow/.local/lib/python3.12/site-packages/airflow/example_dags/example_latest_only_with_trigger.py
[2025-04-05T15:20:43.422+0000] {processor.py:925} INFO - DAG(s) 'latest_only_with_trigger' retrieved from /home/airflow/.local/lib/python3.12/site-packages/airflow/example_dags/example_latest_only_with_trigger.py
[2025-04-05T15:20:43.439+0000] {logging_mixin.py:190} INFO - [2025-04-05T15:20:43.439+0000] {dag.py:3239} INFO - Sync 1 DAGs
[2025-04-05T15:20:43.461+0000] {logging_mixin.py:190} INFO - [2025-04-05T15:20:43.461+0000] {dag.py:4180} INFO - Setting next_dagrun for latest_only_with_trigger to 2025-04-05 08:00:00+00:00, run_after=2025-04-05 12:00:00+00:00
[2025-04-05T15:20:43.477+0000] {processor.py:208} INFO - Processing /home/airflow/.local/lib/python3.12/site-packages/airflow/example_dags/example_latest_only_with_trigger.py took 0.072 seconds
[2025-04-05T15:21:13.860+0000] {processor.py:186} INFO - Started process (PID=335) to work on /home/airflow/.local/lib/python3.12/site-packages/airflow/example_dags/example_latest_only_with_trigger.py
[2025-04-05T15:21:13.861+0000] {processor.py:914} INFO - Processing file /home/airflow/.local/lib/python3.12/site-packages/airflow/example_dags/example_latest_only_with_trigger.py for tasks to queue
[2025-04-05T15:21:13.863+0000] {logging_mixin.py:190} INFO - [2025-04-05T15:21:13.863+0000] {dagbag.py:588} INFO - Filling up the DagBag from /home/airflow/.local/lib/python3.12/site-packages/airflow/example_dags/example_latest_only_with_trigger.py
[2025-04-05T15:21:13.869+0000] {processor.py:925} INFO - DAG(s) 'latest_only_with_trigger' retrieved from /home/airflow/.local/lib/python3.12/site-packages/airflow/example_dags/example_latest_only_with_trigger.py
[2025-04-05T15:21:13.886+0000] {logging_mixin.py:190} INFO - [2025-04-05T15:21:13.885+0000] {dag.py:3239} INFO - Sync 1 DAGs
[2025-04-05T15:21:13.902+0000] {logging_mixin.py:190} INFO - [2025-04-05T15:21:13.902+0000] {dag.py:4180} INFO - Setting next_dagrun for latest_only_with_trigger to 2025-04-05 08:00:00+00:00, run_after=2025-04-05 12:00:00+00:00
[2025-04-05T15:21:13.919+0000] {processor.py:208} INFO - Processing /home/airflow/.local/lib/python3.12/site-packages/airflow/example_dags/example_latest_only_with_trigger.py took 0.064 seconds
[2025-04-05T15:21:44.498+0000] {processor.py:186} INFO - Started process (PID=398) to work on /home/airflow/.local/lib/python3.12/site-packages/airflow/example_dags/example_latest_only_with_trigger.py
[2025-04-05T15:21:44.499+0000] {processor.py:914} INFO - Processing file /home/airflow/.local/lib/python3.12/site-packages/airflow/example_dags/example_latest_only_with_trigger.py for tasks to queue
[2025-04-05T15:21:44.503+0000] {logging_mixin.py:190} INFO - [2025-04-05T15:21:44.502+0000] {dagbag.py:588} INFO - Filling up the DagBag from /home/airflow/.local/lib/python3.12/site-packages/airflow/example_dags/example_latest_only_with_trigger.py
[2025-04-05T15:21:44.510+0000] {processor.py:925} INFO - DAG(s) 'latest_only_with_trigger' retrieved from /home/airflow/.local/lib/python3.12/site-packages/airflow/example_dags/example_latest_only_with_trigger.py
[2025-04-05T15:21:44.529+0000] {logging_mixin.py:190} INFO - [2025-04-05T15:21:44.529+0000] {dag.py:3239} INFO - Sync 1 DAGs
[2025-04-05T15:21:44.552+0000] {logging_mixin.py:190} INFO - [2025-04-05T15:21:44.552+0000] {dag.py:4180} INFO - Setting next_dagrun for latest_only_with_trigger to 2025-04-05 08:00:00+00:00, run_after=2025-04-05 12:00:00+00:00
[2025-04-05T15:21:44.569+0000] {processor.py:208} INFO - Processing /home/airflow/.local/lib/python3.12/site-packages/airflow/example_dags/example_latest_only_with_trigger.py took 0.078 seconds
[2025-04-05T15:22:15.026+0000] {processor.py:186} INFO - Started process (PID=461) to work on /home/airflow/.local/lib/python3.12/site-packages/airflow/example_dags/example_latest_only_with_trigger.py
[2025-04-05T15:22:15.028+0000] {processor.py:914} INFO - Processing file /home/airflow/.local/lib/python3.12/site-packages/airflow/example_dags/example_latest_only_with_trigger.py for tasks to queue
[2025-04-05T15:22:15.031+0000] {logging_mixin.py:190} INFO - [2025-04-05T15:22:15.031+0000] {dagbag.py:588} INFO - Filling up the DagBag from /home/airflow/.local/lib/python3.12/site-packages/airflow/example_dags/example_latest_only_with_trigger.py
[2025-04-05T15:22:15.038+0000] {processor.py:925} INFO - DAG(s) 'latest_only_with_trigger' retrieved from /home/airflow/.local/lib/python3.12/site-packages/airflow/example_dags/example_latest_only_with_trigger.py
[2025-04-05T15:22:15.058+0000] {logging_mixin.py:190} INFO - [2025-04-05T15:22:15.058+0000] {dag.py:3239} INFO - Sync 1 DAGs
[2025-04-05T15:22:15.080+0000] {logging_mixin.py:190} INFO - [2025-04-05T15:22:15.080+0000] {dag.py:4180} INFO - Setting next_dagrun for latest_only_with_trigger to 2025-04-05 08:00:00+00:00, run_after=2025-04-05 12:00:00+00:00
[2025-04-05T15:22:15.101+0000] {processor.py:208} INFO - Processing /home/airflow/.local/lib/python3.12/site-packages/airflow/example_dags/example_latest_only_with_trigger.py took 0.079 seconds
[2025-04-05T15:22:45.141+0000] {processor.py:186} INFO - Started process (PID=524) to work on /home/airflow/.local/lib/python3.12/site-packages/airflow/example_dags/example_latest_only_with_trigger.py
[2025-04-05T15:22:45.143+0000] {processor.py:914} INFO - Processing file /home/airflow/.local/lib/python3.12/site-packages/airflow/example_dags/example_latest_only_with_trigger.py for tasks to queue
[2025-04-05T15:22:45.145+0000] {logging_mixin.py:190} INFO - [2025-04-05T15:22:45.144+0000] {dagbag.py:588} INFO - Filling up the DagBag from /home/airflow/.local/lib/python3.12/site-packages/airflow/example_dags/example_latest_only_with_trigger.py
[2025-04-05T15:22:45.151+0000] {processor.py:925} INFO - DAG(s) 'latest_only_with_trigger' retrieved from /home/airflow/.local/lib/python3.12/site-packages/airflow/example_dags/example_latest_only_with_trigger.py
[2025-04-05T15:22:45.170+0000] {logging_mixin.py:190} INFO - [2025-04-05T15:22:45.170+0000] {dag.py:3239} INFO - Sync 1 DAGs
[2025-04-05T15:22:45.191+0000] {logging_mixin.py:190} INFO - [2025-04-05T15:22:45.190+0000] {dag.py:4180} INFO - Setting next_dagrun for latest_only_with_trigger to 2025-04-05 08:00:00+00:00, run_after=2025-04-05 12:00:00+00:00
[2025-04-05T15:22:45.209+0000] {processor.py:208} INFO - Processing /home/airflow/.local/lib/python3.12/site-packages/airflow/example_dags/example_latest_only_with_trigger.py took 0.073 seconds
[2025-04-05T15:23:15.239+0000] {processor.py:186} INFO - Started process (PID=587) to work on /home/airflow/.local/lib/python3.12/site-packages/airflow/example_dags/example_latest_only_with_trigger.py
[2025-04-05T15:23:15.241+0000] {processor.py:914} INFO - Processing file /home/airflow/.local/lib/python3.12/site-packages/airflow/example_dags/example_latest_only_with_trigger.py for tasks to queue
[2025-04-05T15:23:15.242+0000] {logging_mixin.py:190} INFO - [2025-04-05T15:23:15.242+0000] {dagbag.py:588} INFO - Filling up the DagBag from /home/airflow/.local/lib/python3.12/site-packages/airflow/example_dags/example_latest_only_with_trigger.py
[2025-04-05T15:23:15.249+0000] {processor.py:925} INFO - DAG(s) 'latest_only_with_trigger' retrieved from /home/airflow/.local/lib/python3.12/site-packages/airflow/example_dags/example_latest_only_with_trigger.py
[2025-04-05T15:23:15.266+0000] {logging_mixin.py:190} INFO - [2025-04-05T15:23:15.266+0000] {dag.py:3239} INFO - Sync 1 DAGs
[2025-04-05T15:23:15.283+0000] {logging_mixin.py:190} INFO - [2025-04-05T15:23:15.283+0000] {dag.py:4180} INFO - Setting next_dagrun for latest_only_with_trigger to 2025-04-05 08:00:00+00:00, run_after=2025-04-05 12:00:00+00:00
[2025-04-05T15:23:15.299+0000] {processor.py:208} INFO - Processing /home/airflow/.local/lib/python3.12/site-packages/airflow/example_dags/example_latest_only_with_trigger.py took 0.064 seconds
[2025-04-05T15:23:45.565+0000] {processor.py:186} INFO - Started process (PID=650) to work on /home/airflow/.local/lib/python3.12/site-packages/airflow/example_dags/example_latest_only_with_trigger.py
[2025-04-05T15:23:45.567+0000] {processor.py:914} INFO - Processing file /home/airflow/.local/lib/python3.12/site-packages/airflow/example_dags/example_latest_only_with_trigger.py for tasks to queue
[2025-04-05T15:23:45.569+0000] {logging_mixin.py:190} INFO - [2025-04-05T15:23:45.569+0000] {dagbag.py:588} INFO - Filling up the DagBag from /home/airflow/.local/lib/python3.12/site-packages/airflow/example_dags/example_latest_only_with_trigger.py
[2025-04-05T15:23:45.575+0000] {processor.py:925} INFO - DAG(s) 'latest_only_with_trigger' retrieved from /home/airflow/.local/lib/python3.12/site-packages/airflow/example_dags/example_latest_only_with_trigger.py
[2025-04-05T15:23:45.591+0000] {logging_mixin.py:190} INFO - [2025-04-05T15:23:45.591+0000] {dag.py:3239} INFO - Sync 1 DAGs
[2025-04-05T15:23:45.610+0000] {logging_mixin.py:190} INFO - [2025-04-05T15:23:45.610+0000] {dag.py:4180} INFO - Setting next_dagrun for latest_only_with_trigger to 2025-04-05 08:00:00+00:00, run_after=2025-04-05 12:00:00+00:00
[2025-04-05T15:23:45.625+0000] {processor.py:208} INFO - Processing /home/airflow/.local/lib/python3.12/site-packages/airflow/example_dags/example_latest_only_with_trigger.py took 0.065 seconds
[2025-04-05T15:24:15.870+0000] {processor.py:186} INFO - Started process (PID=713) to work on /home/airflow/.local/lib/python3.12/site-packages/airflow/example_dags/example_latest_only_with_trigger.py
[2025-04-05T15:24:15.872+0000] {processor.py:914} INFO - Processing file /home/airflow/.local/lib/python3.12/site-packages/airflow/example_dags/example_latest_only_with_trigger.py for tasks to queue
[2025-04-05T15:24:15.874+0000] {logging_mixin.py:190} INFO - [2025-04-05T15:24:15.874+0000] {dagbag.py:588} INFO - Filling up the DagBag from /home/airflow/.local/lib/python3.12/site-packages/airflow/example_dags/example_latest_only_with_trigger.py
[2025-04-05T15:24:15.882+0000] {processor.py:925} INFO - DAG(s) 'latest_only_with_trigger' retrieved from /home/airflow/.local/lib/python3.12/site-packages/airflow/example_dags/example_latest_only_with_trigger.py
[2025-04-05T15:24:15.900+0000] {logging_mixin.py:190} INFO - [2025-04-05T15:24:15.900+0000] {dag.py:3239} INFO - Sync 1 DAGs
[2025-04-05T15:24:15.917+0000] {logging_mixin.py:190} INFO - [2025-04-05T15:24:15.916+0000] {dag.py:4180} INFO - Setting next_dagrun for latest_only_with_trigger to 2025-04-05 08:00:00+00:00, run_after=2025-04-05 12:00:00+00:00
[2025-04-05T15:24:15.935+0000] {processor.py:208} INFO - Processing /home/airflow/.local/lib/python3.12/site-packages/airflow/example_dags/example_latest_only_with_trigger.py took 0.069 seconds
[2025-04-05T15:24:46.169+0000] {processor.py:186} INFO - Started process (PID=776) to work on /home/airflow/.local/lib/python3.12/site-packages/airflow/example_dags/example_latest_only_with_trigger.py
[2025-04-05T15:24:46.171+0000] {processor.py:914} INFO - Processing file /home/airflow/.local/lib/python3.12/site-packages/airflow/example_dags/example_latest_only_with_trigger.py for tasks to queue
[2025-04-05T15:24:46.173+0000] {logging_mixin.py:190} INFO - [2025-04-05T15:24:46.173+0000] {dagbag.py:588} INFO - Filling up the DagBag from /home/airflow/.local/lib/python3.12/site-packages/airflow/example_dags/example_latest_only_with_trigger.py
[2025-04-05T15:24:46.181+0000] {processor.py:925} INFO - DAG(s) 'latest_only_with_trigger' retrieved from /home/airflow/.local/lib/python3.12/site-packages/airflow/example_dags/example_latest_only_with_trigger.py
[2025-04-05T15:24:46.197+0000] {logging_mixin.py:190} INFO - [2025-04-05T15:24:46.197+0000] {dag.py:3239} INFO - Sync 1 DAGs
[2025-04-05T15:24:46.214+0000] {logging_mixin.py:190} INFO - [2025-04-05T15:24:46.214+0000] {dag.py:4180} INFO - Setting next_dagrun for latest_only_with_trigger to 2025-04-05 08:00:00+00:00, run_after=2025-04-05 12:00:00+00:00
[2025-04-05T15:24:46.230+0000] {processor.py:208} INFO - Processing /home/airflow/.local/lib/python3.12/site-packages/airflow/example_dags/example_latest_only_with_trigger.py took 0.066 seconds
[2025-04-05T15:25:16.502+0000] {processor.py:186} INFO - Started process (PID=839) to work on /home/airflow/.local/lib/python3.12/site-packages/airflow/example_dags/example_latest_only_with_trigger.py
[2025-04-05T15:25:16.504+0000] {processor.py:914} INFO - Processing file /home/airflow/.local/lib/python3.12/site-packages/airflow/example_dags/example_latest_only_with_trigger.py for tasks to queue
[2025-04-05T15:25:16.506+0000] {logging_mixin.py:190} INFO - [2025-04-05T15:25:16.505+0000] {dagbag.py:588} INFO - Filling up the DagBag from /home/airflow/.local/lib/python3.12/site-packages/airflow/example_dags/example_latest_only_with_trigger.py
[2025-04-05T15:25:16.513+0000] {processor.py:925} INFO - DAG(s) 'latest_only_with_trigger' retrieved from /home/airflow/.local/lib/python3.12/site-packages/airflow/example_dags/example_latest_only_with_trigger.py
[2025-04-05T15:25:16.561+0000] {logging_mixin.py:190} INFO - [2025-04-05T15:25:16.561+0000] {dag.py:3239} INFO - Sync 1 DAGs
[2025-04-05T15:25:16.579+0000] {logging_mixin.py:190} INFO - [2025-04-05T15:25:16.579+0000] {dag.py:4180} INFO - Setting next_dagrun for latest_only_with_trigger to 2025-04-05 08:00:00+00:00, run_after=2025-04-05 12:00:00+00:00
[2025-04-05T15:25:16.595+0000] {processor.py:208} INFO - Processing /home/airflow/.local/lib/python3.12/site-packages/airflow/example_dags/example_latest_only_with_trigger.py took 0.067 seconds
[2025-04-05T15:25:46.914+0000] {processor.py:186} INFO - Started process (PID=902) to work on /home/airflow/.local/lib/python3.12/site-packages/airflow/example_dags/example_latest_only_with_trigger.py
[2025-04-05T15:25:46.916+0000] {processor.py:914} INFO - Processing file /home/airflow/.local/lib/python3.12/site-packages/airflow/example_dags/example_latest_only_with_trigger.py for tasks to queue
[2025-04-05T15:25:46.918+0000] {logging_mixin.py:190} INFO - [2025-04-05T15:25:46.918+0000] {dagbag.py:588} INFO - Filling up the DagBag from /home/airflow/.local/lib/python3.12/site-packages/airflow/example_dags/example_latest_only_with_trigger.py
[2025-04-05T15:25:46.926+0000] {processor.py:925} INFO - DAG(s) 'latest_only_with_trigger' retrieved from /home/airflow/.local/lib/python3.12/site-packages/airflow/example_dags/example_latest_only_with_trigger.py
[2025-04-05T15:25:46.947+0000] {logging_mixin.py:190} INFO - [2025-04-05T15:25:46.947+0000] {dag.py:3239} INFO - Sync 1 DAGs
[2025-04-05T15:25:46.965+0000] {logging_mixin.py:190} INFO - [2025-04-05T15:25:46.965+0000] {dag.py:4180} INFO - Setting next_dagrun for latest_only_with_trigger to 2025-04-05 08:00:00+00:00, run_after=2025-04-05 12:00:00+00:00
[2025-04-05T15:25:46.985+0000] {processor.py:208} INFO - Processing /home/airflow/.local/lib/python3.12/site-packages/airflow/example_dags/example_latest_only_with_trigger.py took 0.077 seconds
[2025-04-05T15:26:17.693+0000] {processor.py:186} INFO - Started process (PID=965) to work on /home/airflow/.local/lib/python3.12/site-packages/airflow/example_dags/example_latest_only_with_trigger.py
[2025-04-05T15:26:17.695+0000] {processor.py:914} INFO - Processing file /home/airflow/.local/lib/python3.12/site-packages/airflow/example_dags/example_latest_only_with_trigger.py for tasks to queue
[2025-04-05T15:26:17.697+0000] {logging_mixin.py:190} INFO - [2025-04-05T15:26:17.696+0000] {dagbag.py:588} INFO - Filling up the DagBag from /home/airflow/.local/lib/python3.12/site-packages/airflow/example_dags/example_latest_only_with_trigger.py
[2025-04-05T15:26:17.703+0000] {processor.py:925} INFO - DAG(s) 'latest_only_with_trigger' retrieved from /home/airflow/.local/lib/python3.12/site-packages/airflow/example_dags/example_latest_only_with_trigger.py
[2025-04-05T15:26:17.724+0000] {logging_mixin.py:190} INFO - [2025-04-05T15:26:17.724+0000] {dag.py:3239} INFO - Sync 1 DAGs
[2025-04-05T15:26:17.746+0000] {logging_mixin.py:190} INFO - [2025-04-05T15:26:17.746+0000] {dag.py:4180} INFO - Setting next_dagrun for latest_only_with_trigger to 2025-04-05 08:00:00+00:00, run_after=2025-04-05 12:00:00+00:00
[2025-04-05T15:26:17.765+0000] {processor.py:208} INFO - Processing /home/airflow/.local/lib/python3.12/site-packages/airflow/example_dags/example_latest_only_with_trigger.py took 0.077 seconds
[2025-04-05T15:26:48.775+0000] {processor.py:186} INFO - Started process (PID=1028) to work on /home/airflow/.local/lib/python3.12/site-packages/airflow/example_dags/example_latest_only_with_trigger.py
[2025-04-05T15:26:48.776+0000] {processor.py:914} INFO - Processing file /home/airflow/.local/lib/python3.12/site-packages/airflow/example_dags/example_latest_only_with_trigger.py for tasks to queue
[2025-04-05T15:26:48.778+0000] {logging_mixin.py:190} INFO - [2025-04-05T15:26:48.778+0000] {dagbag.py:588} INFO - Filling up the DagBag from /home/airflow/.local/lib/python3.12/site-packages/airflow/example_dags/example_latest_only_with_trigger.py
[2025-04-05T15:26:48.785+0000] {processor.py:925} INFO - DAG(s) 'latest_only_with_trigger' retrieved from /home/airflow/.local/lib/python3.12/site-packages/airflow/example_dags/example_latest_only_with_trigger.py
[2025-04-05T15:26:48.803+0000] {logging_mixin.py:190} INFO - [2025-04-05T15:26:48.802+0000] {dag.py:3239} INFO - Sync 1 DAGs
[2025-04-05T15:26:48.823+0000] {logging_mixin.py:190} INFO - [2025-04-05T15:26:48.822+0000] {dag.py:4180} INFO - Setting next_dagrun for latest_only_with_trigger to 2025-04-05 08:00:00+00:00, run_after=2025-04-05 12:00:00+00:00
[2025-04-05T15:26:48.843+0000] {processor.py:208} INFO - Processing /home/airflow/.local/lib/python3.12/site-packages/airflow/example_dags/example_latest_only_with_trigger.py took 0.073 seconds
[2025-04-05T15:27:19.445+0000] {processor.py:186} INFO - Started process (PID=1091) to work on /home/airflow/.local/lib/python3.12/site-packages/airflow/example_dags/example_latest_only_with_trigger.py
[2025-04-05T15:27:19.446+0000] {processor.py:914} INFO - Processing file /home/airflow/.local/lib/python3.12/site-packages/airflow/example_dags/example_latest_only_with_trigger.py for tasks to queue
[2025-04-05T15:27:19.448+0000] {logging_mixin.py:190} INFO - [2025-04-05T15:27:19.448+0000] {dagbag.py:588} INFO - Filling up the DagBag from /home/airflow/.local/lib/python3.12/site-packages/airflow/example_dags/example_latest_only_with_trigger.py
[2025-04-05T15:27:19.455+0000] {processor.py:925} INFO - DAG(s) 'latest_only_with_trigger' retrieved from /home/airflow/.local/lib/python3.12/site-packages/airflow/example_dags/example_latest_only_with_trigger.py
[2025-04-05T15:27:19.474+0000] {logging_mixin.py:190} INFO - [2025-04-05T15:27:19.474+0000] {dag.py:3239} INFO - Sync 1 DAGs
[2025-04-05T15:27:19.500+0000] {logging_mixin.py:190} INFO - [2025-04-05T15:27:19.500+0000] {dag.py:4180} INFO - Setting next_dagrun for latest_only_with_trigger to 2025-04-05 08:00:00+00:00, run_after=2025-04-05 12:00:00+00:00
[2025-04-05T15:27:19.520+0000] {processor.py:208} INFO - Processing /home/airflow/.local/lib/python3.12/site-packages/airflow/example_dags/example_latest_only_with_trigger.py took 0.080 seconds
[2025-04-05T15:27:49.790+0000] {processor.py:186} INFO - Started process (PID=1154) to work on /home/airflow/.local/lib/python3.12/site-packages/airflow/example_dags/example_latest_only_with_trigger.py
[2025-04-05T15:27:49.791+0000] {processor.py:914} INFO - Processing file /home/airflow/.local/lib/python3.12/site-packages/airflow/example_dags/example_latest_only_with_trigger.py for tasks to queue
[2025-04-05T15:27:49.793+0000] {logging_mixin.py:190} INFO - [2025-04-05T15:27:49.793+0000] {dagbag.py:588} INFO - Filling up the DagBag from /home/airflow/.local/lib/python3.12/site-packages/airflow/example_dags/example_latest_only_with_trigger.py
[2025-04-05T15:27:49.802+0000] {processor.py:925} INFO - DAG(s) 'latest_only_with_trigger' retrieved from /home/airflow/.local/lib/python3.12/site-packages/airflow/example_dags/example_latest_only_with_trigger.py
[2025-04-05T15:27:49.823+0000] {logging_mixin.py:190} INFO - [2025-04-05T15:27:49.823+0000] {dag.py:3239} INFO - Sync 1 DAGs
[2025-04-05T15:27:49.846+0000] {logging_mixin.py:190} INFO - [2025-04-05T15:27:49.845+0000] {dag.py:4180} INFO - Setting next_dagrun for latest_only_with_trigger to 2025-04-05 08:00:00+00:00, run_after=2025-04-05 12:00:00+00:00
[2025-04-05T15:27:49.861+0000] {processor.py:208} INFO - Processing /home/airflow/.local/lib/python3.12/site-packages/airflow/example_dags/example_latest_only_with_trigger.py took 0.077 seconds
[2025-04-05T15:28:20.026+0000] {processor.py:186} INFO - Started process (PID=1217) to work on /home/airflow/.local/lib/python3.12/site-packages/airflow/example_dags/example_latest_only_with_trigger.py
[2025-04-05T15:28:20.027+0000] {processor.py:914} INFO - Processing file /home/airflow/.local/lib/python3.12/site-packages/airflow/example_dags/example_latest_only_with_trigger.py for tasks to queue
[2025-04-05T15:28:20.029+0000] {logging_mixin.py:190} INFO - [2025-04-05T15:28:20.029+0000] {dagbag.py:588} INFO - Filling up the DagBag from /home/airflow/.local/lib/python3.12/site-packages/airflow/example_dags/example_latest_only_with_trigger.py
[2025-04-05T15:28:20.036+0000] {processor.py:925} INFO - DAG(s) 'latest_only_with_trigger' retrieved from /home/airflow/.local/lib/python3.12/site-packages/airflow/example_dags/example_latest_only_with_trigger.py
[2025-04-05T15:28:20.053+0000] {logging_mixin.py:190} INFO - [2025-04-05T15:28:20.052+0000] {dag.py:3239} INFO - Sync 1 DAGs
[2025-04-05T15:28:20.071+0000] {logging_mixin.py:190} INFO - [2025-04-05T15:28:20.071+0000] {dag.py:4180} INFO - Setting next_dagrun for latest_only_with_trigger to 2025-04-05 08:00:00+00:00, run_after=2025-04-05 12:00:00+00:00
[2025-04-05T15:28:20.091+0000] {processor.py:208} INFO - Processing /home/airflow/.local/lib/python3.12/site-packages/airflow/example_dags/example_latest_only_with_trigger.py took 0.070 seconds
[2025-04-05T15:28:50.968+0000] {processor.py:186} INFO - Started process (PID=1280) to work on /home/airflow/.local/lib/python3.12/site-packages/airflow/example_dags/example_latest_only_with_trigger.py
[2025-04-05T15:28:50.969+0000] {processor.py:914} INFO - Processing file /home/airflow/.local/lib/python3.12/site-packages/airflow/example_dags/example_latest_only_with_trigger.py for tasks to queue
[2025-04-05T15:28:50.970+0000] {logging_mixin.py:190} INFO - [2025-04-05T15:28:50.970+0000] {dagbag.py:588} INFO - Filling up the DagBag from /home/airflow/.local/lib/python3.12/site-packages/airflow/example_dags/example_latest_only_with_trigger.py
[2025-04-05T15:28:50.977+0000] {processor.py:925} INFO - DAG(s) 'latest_only_with_trigger' retrieved from /home/airflow/.local/lib/python3.12/site-packages/airflow/example_dags/example_latest_only_with_trigger.py
[2025-04-05T15:28:50.996+0000] {logging_mixin.py:190} INFO - [2025-04-05T15:28:50.996+0000] {dag.py:3239} INFO - Sync 1 DAGs
[2025-04-05T15:28:51.014+0000] {logging_mixin.py:190} INFO - [2025-04-05T15:28:51.014+0000] {dag.py:4180} INFO - Setting next_dagrun for latest_only_with_trigger to 2025-04-05 08:00:00+00:00, run_after=2025-04-05 12:00:00+00:00
[2025-04-05T15:28:51.032+0000] {processor.py:208} INFO - Processing /home/airflow/.local/lib/python3.12/site-packages/airflow/example_dags/example_latest_only_with_trigger.py took 0.069 seconds
[2025-04-05T15:29:21.954+0000] {processor.py:186} INFO - Started process (PID=1343) to work on /home/airflow/.local/lib/python3.12/site-packages/airflow/example_dags/example_latest_only_with_trigger.py
[2025-04-05T15:29:21.956+0000] {processor.py:914} INFO - Processing file /home/airflow/.local/lib/python3.12/site-packages/airflow/example_dags/example_latest_only_with_trigger.py for tasks to queue
[2025-04-05T15:29:21.958+0000] {logging_mixin.py:190} INFO - [2025-04-05T15:29:21.958+0000] {dagbag.py:588} INFO - Filling up the DagBag from /home/airflow/.local/lib/python3.12/site-packages/airflow/example_dags/example_latest_only_with_trigger.py
[2025-04-05T15:29:21.965+0000] {processor.py:925} INFO - DAG(s) 'latest_only_with_trigger' retrieved from /home/airflow/.local/lib/python3.12/site-packages/airflow/example_dags/example_latest_only_with_trigger.py
[2025-04-05T15:29:21.984+0000] {logging_mixin.py:190} INFO - [2025-04-05T15:29:21.984+0000] {dag.py:3239} INFO - Sync 1 DAGs
[2025-04-05T15:29:22.010+0000] {logging_mixin.py:190} INFO - [2025-04-05T15:29:22.010+0000] {dag.py:4180} INFO - Setting next_dagrun for latest_only_with_trigger to 2025-04-05 08:00:00+00:00, run_after=2025-04-05 12:00:00+00:00
[2025-04-05T15:29:22.030+0000] {processor.py:208} INFO - Processing /home/airflow/.local/lib/python3.12/site-packages/airflow/example_dags/example_latest_only_with_trigger.py took 0.082 seconds
[2025-04-05T15:29:52.649+0000] {processor.py:186} INFO - Started process (PID=1406) to work on /home/airflow/.local/lib/python3.12/site-packages/airflow/example_dags/example_latest_only_with_trigger.py
[2025-04-05T15:29:52.650+0000] {processor.py:914} INFO - Processing file /home/airflow/.local/lib/python3.12/site-packages/airflow/example_dags/example_latest_only_with_trigger.py for tasks to queue
[2025-04-05T15:29:52.652+0000] {logging_mixin.py:190} INFO - [2025-04-05T15:29:52.652+0000] {dagbag.py:588} INFO - Filling up the DagBag from /home/airflow/.local/lib/python3.12/site-packages/airflow/example_dags/example_latest_only_with_trigger.py
[2025-04-05T15:29:52.659+0000] {processor.py:925} INFO - DAG(s) 'latest_only_with_trigger' retrieved from /home/airflow/.local/lib/python3.12/site-packages/airflow/example_dags/example_latest_only_with_trigger.py
[2025-04-05T15:29:52.678+0000] {logging_mixin.py:190} INFO - [2025-04-05T15:29:52.677+0000] {dag.py:3239} INFO - Sync 1 DAGs
[2025-04-05T15:29:52.698+0000] {logging_mixin.py:190} INFO - [2025-04-05T15:29:52.697+0000] {dag.py:4180} INFO - Setting next_dagrun for latest_only_with_trigger to 2025-04-05 08:00:00+00:00, run_after=2025-04-05 12:00:00+00:00
[2025-04-05T15:29:52.720+0000] {processor.py:208} INFO - Processing /home/airflow/.local/lib/python3.12/site-packages/airflow/example_dags/example_latest_only_with_trigger.py took 0.076 seconds
[2025-04-05T15:30:23.445+0000] {processor.py:186} INFO - Started process (PID=1470) to work on /home/airflow/.local/lib/python3.12/site-packages/airflow/example_dags/example_latest_only_with_trigger.py
[2025-04-05T15:30:23.446+0000] {processor.py:914} INFO - Processing file /home/airflow/.local/lib/python3.12/site-packages/airflow/example_dags/example_latest_only_with_trigger.py for tasks to queue
[2025-04-05T15:30:23.448+0000] {logging_mixin.py:190} INFO - [2025-04-05T15:30:23.448+0000] {dagbag.py:588} INFO - Filling up the DagBag from /home/airflow/.local/lib/python3.12/site-packages/airflow/example_dags/example_latest_only_with_trigger.py
[2025-04-05T15:30:23.455+0000] {processor.py:925} INFO - DAG(s) 'latest_only_with_trigger' retrieved from /home/airflow/.local/lib/python3.12/site-packages/airflow/example_dags/example_latest_only_with_trigger.py
[2025-04-05T15:30:23.475+0000] {logging_mixin.py:190} INFO - [2025-04-05T15:30:23.474+0000] {dag.py:3239} INFO - Sync 1 DAGs
[2025-04-05T15:30:23.493+0000] {logging_mixin.py:190} INFO - [2025-04-05T15:30:23.493+0000] {dag.py:4180} INFO - Setting next_dagrun for latest_only_with_trigger to 2025-04-05 08:00:00+00:00, run_after=2025-04-05 12:00:00+00:00
[2025-04-05T15:30:23.513+0000] {processor.py:208} INFO - Processing /home/airflow/.local/lib/python3.12/site-packages/airflow/example_dags/example_latest_only_with_trigger.py took 0.074 seconds
[2025-04-05T15:30:54.376+0000] {processor.py:186} INFO - Started process (PID=1533) to work on /home/airflow/.local/lib/python3.12/site-packages/airflow/example_dags/example_latest_only_with_trigger.py
[2025-04-05T15:30:54.377+0000] {processor.py:914} INFO - Processing file /home/airflow/.local/lib/python3.12/site-packages/airflow/example_dags/example_latest_only_with_trigger.py for tasks to queue
[2025-04-05T15:30:54.380+0000] {logging_mixin.py:190} INFO - [2025-04-05T15:30:54.380+0000] {dagbag.py:588} INFO - Filling up the DagBag from /home/airflow/.local/lib/python3.12/site-packages/airflow/example_dags/example_latest_only_with_trigger.py
[2025-04-05T15:30:54.390+0000] {processor.py:925} INFO - DAG(s) 'latest_only_with_trigger' retrieved from /home/airflow/.local/lib/python3.12/site-packages/airflow/example_dags/example_latest_only_with_trigger.py
[2025-04-05T15:30:54.412+0000] {logging_mixin.py:190} INFO - [2025-04-05T15:30:54.412+0000] {dag.py:3239} INFO - Sync 1 DAGs
[2025-04-05T15:30:54.438+0000] {logging_mixin.py:190} INFO - [2025-04-05T15:30:54.437+0000] {dag.py:4180} INFO - Setting next_dagrun for latest_only_with_trigger to 2025-04-05 08:00:00+00:00, run_after=2025-04-05 12:00:00+00:00
[2025-04-05T15:30:54.455+0000] {processor.py:208} INFO - Processing /home/airflow/.local/lib/python3.12/site-packages/airflow/example_dags/example_latest_only_with_trigger.py took 0.087 seconds
[2025-04-05T15:31:25.241+0000] {processor.py:186} INFO - Started process (PID=1596) to work on /home/airflow/.local/lib/python3.12/site-packages/airflow/example_dags/example_latest_only_with_trigger.py
[2025-04-05T15:31:25.251+0000] {processor.py:914} INFO - Processing file /home/airflow/.local/lib/python3.12/site-packages/airflow/example_dags/example_latest_only_with_trigger.py for tasks to queue
[2025-04-05T15:31:25.254+0000] {logging_mixin.py:190} INFO - [2025-04-05T15:31:25.253+0000] {dagbag.py:588} INFO - Filling up the DagBag from /home/airflow/.local/lib/python3.12/site-packages/airflow/example_dags/example_latest_only_with_trigger.py
[2025-04-05T15:31:25.262+0000] {processor.py:925} INFO - DAG(s) 'latest_only_with_trigger' retrieved from /home/airflow/.local/lib/python3.12/site-packages/airflow/example_dags/example_latest_only_with_trigger.py
[2025-04-05T15:31:25.289+0000] {logging_mixin.py:190} INFO - [2025-04-05T15:31:25.289+0000] {dag.py:3239} INFO - Sync 1 DAGs
[2025-04-05T15:31:25.314+0000] {logging_mixin.py:190} INFO - [2025-04-05T15:31:25.314+0000] {dag.py:4180} INFO - Setting next_dagrun for latest_only_with_trigger to 2025-04-05 08:00:00+00:00, run_after=2025-04-05 12:00:00+00:00
[2025-04-05T15:31:25.331+0000] {processor.py:208} INFO - Processing /home/airflow/.local/lib/python3.12/site-packages/airflow/example_dags/example_latest_only_with_trigger.py took 0.096 seconds
[2025-04-05T15:31:55.483+0000] {processor.py:186} INFO - Started process (PID=1659) to work on /home/airflow/.local/lib/python3.12/site-packages/airflow/example_dags/example_latest_only_with_trigger.py
[2025-04-05T15:31:55.485+0000] {processor.py:914} INFO - Processing file /home/airflow/.local/lib/python3.12/site-packages/airflow/example_dags/example_latest_only_with_trigger.py for tasks to queue
[2025-04-05T15:31:55.487+0000] {logging_mixin.py:190} INFO - [2025-04-05T15:31:55.486+0000] {dagbag.py:588} INFO - Filling up the DagBag from /home/airflow/.local/lib/python3.12/site-packages/airflow/example_dags/example_latest_only_with_trigger.py
[2025-04-05T15:31:55.494+0000] {processor.py:925} INFO - DAG(s) 'latest_only_with_trigger' retrieved from /home/airflow/.local/lib/python3.12/site-packages/airflow/example_dags/example_latest_only_with_trigger.py
[2025-04-05T15:31:55.519+0000] {logging_mixin.py:190} INFO - [2025-04-05T15:31:55.519+0000] {dag.py:3239} INFO - Sync 1 DAGs
[2025-04-05T15:31:55.553+0000] {logging_mixin.py:190} INFO - [2025-04-05T15:31:55.553+0000] {dag.py:4180} INFO - Setting next_dagrun for latest_only_with_trigger to 2025-04-05 08:00:00+00:00, run_after=2025-04-05 12:00:00+00:00
[2025-04-05T15:31:55.586+0000] {processor.py:208} INFO - Processing /home/airflow/.local/lib/python3.12/site-packages/airflow/example_dags/example_latest_only_with_trigger.py took 0.110 seconds
[2025-04-05T15:32:26.455+0000] {processor.py:186} INFO - Started process (PID=1722) to work on /home/airflow/.local/lib/python3.12/site-packages/airflow/example_dags/example_latest_only_with_trigger.py
[2025-04-05T15:32:26.457+0000] {processor.py:914} INFO - Processing file /home/airflow/.local/lib/python3.12/site-packages/airflow/example_dags/example_latest_only_with_trigger.py for tasks to queue
[2025-04-05T15:32:26.458+0000] {logging_mixin.py:190} INFO - [2025-04-05T15:32:26.458+0000] {dagbag.py:588} INFO - Filling up the DagBag from /home/airflow/.local/lib/python3.12/site-packages/airflow/example_dags/example_latest_only_with_trigger.py
[2025-04-05T15:32:26.465+0000] {processor.py:925} INFO - DAG(s) 'latest_only_with_trigger' retrieved from /home/airflow/.local/lib/python3.12/site-packages/airflow/example_dags/example_latest_only_with_trigger.py
[2025-04-05T15:32:26.485+0000] {logging_mixin.py:190} INFO - [2025-04-05T15:32:26.485+0000] {dag.py:3239} INFO - Sync 1 DAGs
[2025-04-05T15:32:26.505+0000] {logging_mixin.py:190} INFO - [2025-04-05T15:32:26.505+0000] {dag.py:4180} INFO - Setting next_dagrun for latest_only_with_trigger to 2025-04-05 08:00:00+00:00, run_after=2025-04-05 12:00:00+00:00
[2025-04-05T15:32:26.525+0000] {processor.py:208} INFO - Processing /home/airflow/.local/lib/python3.12/site-packages/airflow/example_dags/example_latest_only_with_trigger.py took 0.075 seconds
[2025-04-05T15:32:57.360+0000] {processor.py:186} INFO - Started process (PID=1785) to work on /home/airflow/.local/lib/python3.12/site-packages/airflow/example_dags/example_latest_only_with_trigger.py
[2025-04-05T15:32:57.361+0000] {processor.py:914} INFO - Processing file /home/airflow/.local/lib/python3.12/site-packages/airflow/example_dags/example_latest_only_with_trigger.py for tasks to queue
[2025-04-05T15:32:57.363+0000] {logging_mixin.py:190} INFO - [2025-04-05T15:32:57.363+0000] {dagbag.py:588} INFO - Filling up the DagBag from /home/airflow/.local/lib/python3.12/site-packages/airflow/example_dags/example_latest_only_with_trigger.py
[2025-04-05T15:32:57.371+0000] {processor.py:925} INFO - DAG(s) 'latest_only_with_trigger' retrieved from /home/airflow/.local/lib/python3.12/site-packages/airflow/example_dags/example_latest_only_with_trigger.py
[2025-04-05T15:32:57.389+0000] {logging_mixin.py:190} INFO - [2025-04-05T15:32:57.388+0000] {dag.py:3239} INFO - Sync 1 DAGs
[2025-04-05T15:32:57.410+0000] {logging_mixin.py:190} INFO - [2025-04-05T15:32:57.409+0000] {dag.py:4180} INFO - Setting next_dagrun for latest_only_with_trigger to 2025-04-05 08:00:00+00:00, run_after=2025-04-05 12:00:00+00:00
[2025-04-05T15:32:57.429+0000] {processor.py:208} INFO - Processing /home/airflow/.local/lib/python3.12/site-packages/airflow/example_dags/example_latest_only_with_trigger.py took 0.074 seconds
[2025-04-05T20:33:11.755+0000] {processor.py:186} INFO - Started process (PID=1845) to work on /home/airflow/.local/lib/python3.12/site-packages/airflow/example_dags/example_latest_only_with_trigger.py
[2025-04-05T20:33:11.757+0000] {processor.py:914} INFO - Processing file /home/airflow/.local/lib/python3.12/site-packages/airflow/example_dags/example_latest_only_with_trigger.py for tasks to queue
[2025-04-05T20:33:11.759+0000] {logging_mixin.py:190} INFO - [2025-04-05T20:33:11.759+0000] {dagbag.py:588} INFO - Filling up the DagBag from /home/airflow/.local/lib/python3.12/site-packages/airflow/example_dags/example_latest_only_with_trigger.py
[2025-04-05T20:33:11.769+0000] {processor.py:925} INFO - DAG(s) 'latest_only_with_trigger' retrieved from /home/airflow/.local/lib/python3.12/site-packages/airflow/example_dags/example_latest_only_with_trigger.py
[2025-04-05T20:33:11.796+0000] {logging_mixin.py:190} INFO - [2025-04-05T20:33:11.795+0000] {dag.py:3239} INFO - Sync 1 DAGs
[2025-04-05T20:33:11.828+0000] {logging_mixin.py:190} INFO - [2025-04-05T20:33:11.828+0000] {dag.py:4180} INFO - Setting next_dagrun for latest_only_with_trigger to 2025-04-05 16:00:00+00:00, run_after=2025-04-05 20:00:00+00:00
[2025-04-05T20:33:11.852+0000] {processor.py:208} INFO - Processing /home/airflow/.local/lib/python3.12/site-packages/airflow/example_dags/example_latest_only_with_trigger.py took 0.103 seconds
