[2025-04-05T15:19:12.375+0000] {processor.py:186} INFO - Started process (PID=86) to work on /home/airflow/.local/lib/python3.12/site-packages/airflow/example_dags/example_latest_only.py
[2025-04-05T15:19:12.376+0000] {processor.py:914} INFO - Processing file /home/airflow/.local/lib/python3.12/site-packages/airflow/example_dags/example_latest_only.py for tasks to queue
[2025-04-05T15:19:12.378+0000] {logging_mixin.py:190} INFO - [2025-04-05T15:19:12.378+0000] {dagbag.py:588} INFO - Filling up the DagBag from /home/airflow/.local/lib/python3.12/site-packages/airflow/example_dags/example_latest_only.py
[2025-04-05T15:19:12.386+0000] {processor.py:925} INFO - DAG(s) 'latest_only' retrieved from /home/airflow/.local/lib/python3.12/site-packages/airflow/example_dags/example_latest_only.py
[2025-04-05T15:19:12.540+0000] {logging_mixin.py:190} INFO - [2025-04-05T15:19:12.539+0000] {override.py:1912} INFO - Created Permission View: can read on DAG:latest_only
[2025-04-05T15:19:12.554+0000] {logging_mixin.py:190} INFO - [2025-04-05T15:19:12.554+0000] {override.py:1912} INFO - Created Permission View: can delete on DAG:latest_only
[2025-04-05T15:19:12.565+0000] {logging_mixin.py:190} INFO - [2025-04-05T15:19:12.564+0000] {override.py:1912} INFO - Created Permission View: can edit on DAG:latest_only
[2025-04-05T15:19:12.576+0000] {logging_mixin.py:190} INFO - [2025-04-05T15:19:12.575+0000] {override.py:1912} INFO - Created Permission View: can read on DAG Run:latest_only
[2025-04-05T15:19:12.584+0000] {logging_mixin.py:190} INFO - [2025-04-05T15:19:12.583+0000] {override.py:1912} INFO - Created Permission View: can create on DAG Run:latest_only
[2025-04-05T15:19:12.592+0000] {logging_mixin.py:190} INFO - [2025-04-05T15:19:12.592+0000] {override.py:1912} INFO - Created Permission View: can delete on DAG Run:latest_only
[2025-04-05T15:19:12.602+0000] {logging_mixin.py:190} INFO - [2025-04-05T15:19:12.602+0000] {override.py:1912} INFO - Created Permission View: menu access on DAG Run:latest_only
[2025-04-05T15:19:12.602+0000] {logging_mixin.py:190} INFO - [2025-04-05T15:19:12.602+0000] {dag.py:3239} INFO - Sync 1 DAGs
[2025-04-05T15:19:12.616+0000] {logging_mixin.py:190} INFO - [2025-04-05T15:19:12.616+0000] {dag.py:3262} INFO - Creating ORM DAG for latest_only
[2025-04-05T15:19:12.624+0000] {logging_mixin.py:190} INFO - [2025-04-05T15:19:12.624+0000] {dag.py:4180} INFO - Setting next_dagrun for latest_only to 2025-04-05 08:00:00+00:00, run_after=2025-04-05 12:00:00+00:00
[2025-04-05T15:19:12.662+0000] {processor.py:208} INFO - Processing /home/airflow/.local/lib/python3.12/site-packages/airflow/example_dags/example_latest_only.py took 0.292 seconds
[2025-04-05T15:19:42.729+0000] {processor.py:186} INFO - Started process (PID=148) to work on /home/airflow/.local/lib/python3.12/site-packages/airflow/example_dags/example_latest_only.py
[2025-04-05T15:19:42.731+0000] {processor.py:914} INFO - Processing file /home/airflow/.local/lib/python3.12/site-packages/airflow/example_dags/example_latest_only.py for tasks to queue
[2025-04-05T15:19:42.732+0000] {logging_mixin.py:190} INFO - [2025-04-05T15:19:42.732+0000] {dagbag.py:588} INFO - Filling up the DagBag from /home/airflow/.local/lib/python3.12/site-packages/airflow/example_dags/example_latest_only.py
[2025-04-05T15:19:42.738+0000] {processor.py:925} INFO - DAG(s) 'latest_only' retrieved from /home/airflow/.local/lib/python3.12/site-packages/airflow/example_dags/example_latest_only.py
[2025-04-05T15:19:42.755+0000] {logging_mixin.py:190} INFO - [2025-04-05T15:19:42.755+0000] {dag.py:3239} INFO - Sync 1 DAGs
[2025-04-05T15:19:42.774+0000] {logging_mixin.py:190} INFO - [2025-04-05T15:19:42.773+0000] {dag.py:4180} INFO - Setting next_dagrun for latest_only to 2025-04-05 08:00:00+00:00, run_after=2025-04-05 12:00:00+00:00
[2025-04-05T15:19:42.796+0000] {processor.py:208} INFO - Processing /home/airflow/.local/lib/python3.12/site-packages/airflow/example_dags/example_latest_only.py took 0.071 seconds
[2025-04-05T15:20:13.243+0000] {processor.py:186} INFO - Started process (PID=210) to work on /home/airflow/.local/lib/python3.12/site-packages/airflow/example_dags/example_latest_only.py
[2025-04-05T15:20:13.244+0000] {processor.py:914} INFO - Processing file /home/airflow/.local/lib/python3.12/site-packages/airflow/example_dags/example_latest_only.py for tasks to queue
[2025-04-05T15:20:13.246+0000] {logging_mixin.py:190} INFO - [2025-04-05T15:20:13.246+0000] {dagbag.py:588} INFO - Filling up the DagBag from /home/airflow/.local/lib/python3.12/site-packages/airflow/example_dags/example_latest_only.py
[2025-04-05T15:20:13.253+0000] {processor.py:925} INFO - DAG(s) 'latest_only' retrieved from /home/airflow/.local/lib/python3.12/site-packages/airflow/example_dags/example_latest_only.py
[2025-04-05T15:20:13.269+0000] {logging_mixin.py:190} INFO - [2025-04-05T15:20:13.269+0000] {dag.py:3239} INFO - Sync 1 DAGs
[2025-04-05T15:20:13.288+0000] {logging_mixin.py:190} INFO - [2025-04-05T15:20:13.288+0000] {dag.py:4180} INFO - Setting next_dagrun for latest_only to 2025-04-05 08:00:00+00:00, run_after=2025-04-05 12:00:00+00:00
[2025-04-05T15:20:13.308+0000] {processor.py:208} INFO - Processing /home/airflow/.local/lib/python3.12/site-packages/airflow/example_dags/example_latest_only.py took 0.070 seconds
[2025-04-05T15:20:43.423+0000] {processor.py:186} INFO - Started process (PID=273) to work on /home/airflow/.local/lib/python3.12/site-packages/airflow/example_dags/example_latest_only.py
[2025-04-05T15:20:43.425+0000] {processor.py:914} INFO - Processing file /home/airflow/.local/lib/python3.12/site-packages/airflow/example_dags/example_latest_only.py for tasks to queue
[2025-04-05T15:20:43.428+0000] {logging_mixin.py:190} INFO - [2025-04-05T15:20:43.428+0000] {dagbag.py:588} INFO - Filling up the DagBag from /home/airflow/.local/lib/python3.12/site-packages/airflow/example_dags/example_latest_only.py
[2025-04-05T15:20:43.434+0000] {processor.py:925} INFO - DAG(s) 'latest_only' retrieved from /home/airflow/.local/lib/python3.12/site-packages/airflow/example_dags/example_latest_only.py
[2025-04-05T15:20:43.451+0000] {logging_mixin.py:190} INFO - [2025-04-05T15:20:43.450+0000] {dag.py:3239} INFO - Sync 1 DAGs
[2025-04-05T15:20:43.472+0000] {logging_mixin.py:190} INFO - [2025-04-05T15:20:43.472+0000] {dag.py:4180} INFO - Setting next_dagrun for latest_only to 2025-04-05 08:00:00+00:00, run_after=2025-04-05 12:00:00+00:00
[2025-04-05T15:20:43.490+0000] {processor.py:208} INFO - Processing /home/airflow/.local/lib/python3.12/site-packages/airflow/example_dags/example_latest_only.py took 0.073 seconds
[2025-04-05T15:21:13.873+0000] {processor.py:186} INFO - Started process (PID=336) to work on /home/airflow/.local/lib/python3.12/site-packages/airflow/example_dags/example_latest_only.py
[2025-04-05T15:21:13.874+0000] {processor.py:914} INFO - Processing file /home/airflow/.local/lib/python3.12/site-packages/airflow/example_dags/example_latest_only.py for tasks to queue
[2025-04-05T15:21:13.876+0000] {logging_mixin.py:190} INFO - [2025-04-05T15:21:13.876+0000] {dagbag.py:588} INFO - Filling up the DagBag from /home/airflow/.local/lib/python3.12/site-packages/airflow/example_dags/example_latest_only.py
[2025-04-05T15:21:13.881+0000] {processor.py:925} INFO - DAG(s) 'latest_only' retrieved from /home/airflow/.local/lib/python3.12/site-packages/airflow/example_dags/example_latest_only.py
[2025-04-05T15:21:13.897+0000] {logging_mixin.py:190} INFO - [2025-04-05T15:21:13.896+0000] {dag.py:3239} INFO - Sync 1 DAGs
[2025-04-05T15:21:13.913+0000] {logging_mixin.py:190} INFO - [2025-04-05T15:21:13.913+0000] {dag.py:4180} INFO - Setting next_dagrun for latest_only to 2025-04-05 08:00:00+00:00, run_after=2025-04-05 12:00:00+00:00
[2025-04-05T15:21:13.931+0000] {processor.py:208} INFO - Processing /home/airflow/.local/lib/python3.12/site-packages/airflow/example_dags/example_latest_only.py took 0.063 seconds
[2025-04-05T15:21:44.519+0000] {processor.py:186} INFO - Started process (PID=399) to work on /home/airflow/.local/lib/python3.12/site-packages/airflow/example_dags/example_latest_only.py
[2025-04-05T15:21:44.520+0000] {processor.py:914} INFO - Processing file /home/airflow/.local/lib/python3.12/site-packages/airflow/example_dags/example_latest_only.py for tasks to queue
[2025-04-05T15:21:44.522+0000] {logging_mixin.py:190} INFO - [2025-04-05T15:21:44.522+0000] {dagbag.py:588} INFO - Filling up the DagBag from /home/airflow/.local/lib/python3.12/site-packages/airflow/example_dags/example_latest_only.py
[2025-04-05T15:21:44.528+0000] {processor.py:925} INFO - DAG(s) 'latest_only' retrieved from /home/airflow/.local/lib/python3.12/site-packages/airflow/example_dags/example_latest_only.py
[2025-04-05T15:21:44.546+0000] {logging_mixin.py:190} INFO - [2025-04-05T15:21:44.545+0000] {dag.py:3239} INFO - Sync 1 DAGs
[2025-04-05T15:21:44.565+0000] {logging_mixin.py:190} INFO - [2025-04-05T15:21:44.565+0000] {dag.py:4180} INFO - Setting next_dagrun for latest_only to 2025-04-05 08:00:00+00:00, run_after=2025-04-05 12:00:00+00:00
[2025-04-05T15:21:44.583+0000] {processor.py:208} INFO - Processing /home/airflow/.local/lib/python3.12/site-packages/airflow/example_dags/example_latest_only.py took 0.071 seconds
[2025-04-05T15:22:15.041+0000] {processor.py:186} INFO - Started process (PID=462) to work on /home/airflow/.local/lib/python3.12/site-packages/airflow/example_dags/example_latest_only.py
[2025-04-05T15:22:15.044+0000] {processor.py:914} INFO - Processing file /home/airflow/.local/lib/python3.12/site-packages/airflow/example_dags/example_latest_only.py for tasks to queue
[2025-04-05T15:22:15.046+0000] {logging_mixin.py:190} INFO - [2025-04-05T15:22:15.046+0000] {dagbag.py:588} INFO - Filling up the DagBag from /home/airflow/.local/lib/python3.12/site-packages/airflow/example_dags/example_latest_only.py
[2025-04-05T15:22:15.053+0000] {processor.py:925} INFO - DAG(s) 'latest_only' retrieved from /home/airflow/.local/lib/python3.12/site-packages/airflow/example_dags/example_latest_only.py
[2025-04-05T15:22:15.071+0000] {logging_mixin.py:190} INFO - [2025-04-05T15:22:15.070+0000] {dag.py:3239} INFO - Sync 1 DAGs
[2025-04-05T15:22:15.094+0000] {logging_mixin.py:190} INFO - [2025-04-05T15:22:15.094+0000] {dag.py:4180} INFO - Setting next_dagrun for latest_only to 2025-04-05 08:00:00+00:00, run_after=2025-04-05 12:00:00+00:00
[2025-04-05T15:22:15.116+0000] {processor.py:208} INFO - Processing /home/airflow/.local/lib/python3.12/site-packages/airflow/example_dags/example_latest_only.py took 0.081 seconds
[2025-04-05T15:22:45.154+0000] {processor.py:186} INFO - Started process (PID=525) to work on /home/airflow/.local/lib/python3.12/site-packages/airflow/example_dags/example_latest_only.py
[2025-04-05T15:22:45.155+0000] {processor.py:914} INFO - Processing file /home/airflow/.local/lib/python3.12/site-packages/airflow/example_dags/example_latest_only.py for tasks to queue
[2025-04-05T15:22:45.157+0000] {logging_mixin.py:190} INFO - [2025-04-05T15:22:45.156+0000] {dagbag.py:588} INFO - Filling up the DagBag from /home/airflow/.local/lib/python3.12/site-packages/airflow/example_dags/example_latest_only.py
[2025-04-05T15:22:45.164+0000] {processor.py:925} INFO - DAG(s) 'latest_only' retrieved from /home/airflow/.local/lib/python3.12/site-packages/airflow/example_dags/example_latest_only.py
[2025-04-05T15:22:45.180+0000] {logging_mixin.py:190} INFO - [2025-04-05T15:22:45.180+0000] {dag.py:3239} INFO - Sync 1 DAGs
[2025-04-05T15:22:45.200+0000] {logging_mixin.py:190} INFO - [2025-04-05T15:22:45.200+0000] {dag.py:4180} INFO - Setting next_dagrun for latest_only to 2025-04-05 08:00:00+00:00, run_after=2025-04-05 12:00:00+00:00
[2025-04-05T15:22:45.220+0000] {processor.py:208} INFO - Processing /home/airflow/.local/lib/python3.12/site-packages/airflow/example_dags/example_latest_only.py took 0.072 seconds
[2025-04-05T15:23:15.251+0000] {processor.py:186} INFO - Started process (PID=588) to work on /home/airflow/.local/lib/python3.12/site-packages/airflow/example_dags/example_latest_only.py
[2025-04-05T15:23:15.253+0000] {processor.py:914} INFO - Processing file /home/airflow/.local/lib/python3.12/site-packages/airflow/example_dags/example_latest_only.py for tasks to queue
[2025-04-05T15:23:15.255+0000] {logging_mixin.py:190} INFO - [2025-04-05T15:23:15.254+0000] {dagbag.py:588} INFO - Filling up the DagBag from /home/airflow/.local/lib/python3.12/site-packages/airflow/example_dags/example_latest_only.py
[2025-04-05T15:23:15.260+0000] {processor.py:925} INFO - DAG(s) 'latest_only' retrieved from /home/airflow/.local/lib/python3.12/site-packages/airflow/example_dags/example_latest_only.py
[2025-04-05T15:23:15.275+0000] {logging_mixin.py:190} INFO - [2025-04-05T15:23:15.275+0000] {dag.py:3239} INFO - Sync 1 DAGs
[2025-04-05T15:23:15.292+0000] {logging_mixin.py:190} INFO - [2025-04-05T15:23:15.292+0000] {dag.py:4180} INFO - Setting next_dagrun for latest_only to 2025-04-05 08:00:00+00:00, run_after=2025-04-05 12:00:00+00:00
[2025-04-05T15:23:15.312+0000] {processor.py:208} INFO - Processing /home/airflow/.local/lib/python3.12/site-packages/airflow/example_dags/example_latest_only.py took 0.065 seconds
[2025-04-05T15:23:45.580+0000] {processor.py:186} INFO - Started process (PID=651) to work on /home/airflow/.local/lib/python3.12/site-packages/airflow/example_dags/example_latest_only.py
[2025-04-05T15:23:45.581+0000] {processor.py:914} INFO - Processing file /home/airflow/.local/lib/python3.12/site-packages/airflow/example_dags/example_latest_only.py for tasks to queue
[2025-04-05T15:23:45.583+0000] {logging_mixin.py:190} INFO - [2025-04-05T15:23:45.583+0000] {dagbag.py:588} INFO - Filling up the DagBag from /home/airflow/.local/lib/python3.12/site-packages/airflow/example_dags/example_latest_only.py
[2025-04-05T15:23:45.588+0000] {processor.py:925} INFO - DAG(s) 'latest_only' retrieved from /home/airflow/.local/lib/python3.12/site-packages/airflow/example_dags/example_latest_only.py
[2025-04-05T15:23:45.605+0000] {logging_mixin.py:190} INFO - [2025-04-05T15:23:45.605+0000] {dag.py:3239} INFO - Sync 1 DAGs
[2025-04-05T15:23:45.621+0000] {logging_mixin.py:190} INFO - [2025-04-05T15:23:45.621+0000] {dag.py:4180} INFO - Setting next_dagrun for latest_only to 2025-04-05 08:00:00+00:00, run_after=2025-04-05 12:00:00+00:00
[2025-04-05T15:23:45.638+0000] {processor.py:208} INFO - Processing /home/airflow/.local/lib/python3.12/site-packages/airflow/example_dags/example_latest_only.py took 0.063 seconds
[2025-04-05T15:24:15.877+0000] {processor.py:186} INFO - Started process (PID=714) to work on /home/airflow/.local/lib/python3.12/site-packages/airflow/example_dags/example_latest_only.py
[2025-04-05T15:24:15.878+0000] {processor.py:914} INFO - Processing file /home/airflow/.local/lib/python3.12/site-packages/airflow/example_dags/example_latest_only.py for tasks to queue
[2025-04-05T15:24:15.880+0000] {logging_mixin.py:190} INFO - [2025-04-05T15:24:15.880+0000] {dagbag.py:588} INFO - Filling up the DagBag from /home/airflow/.local/lib/python3.12/site-packages/airflow/example_dags/example_latest_only.py
[2025-04-05T15:24:15.887+0000] {processor.py:925} INFO - DAG(s) 'latest_only' retrieved from /home/airflow/.local/lib/python3.12/site-packages/airflow/example_dags/example_latest_only.py
[2025-04-05T15:24:15.903+0000] {logging_mixin.py:190} INFO - [2025-04-05T15:24:15.903+0000] {dag.py:3239} INFO - Sync 1 DAGs
[2025-04-05T15:24:15.920+0000] {logging_mixin.py:190} INFO - [2025-04-05T15:24:15.919+0000] {dag.py:4180} INFO - Setting next_dagrun for latest_only to 2025-04-05 08:00:00+00:00, run_after=2025-04-05 12:00:00+00:00
[2025-04-05T15:24:15.939+0000] {processor.py:208} INFO - Processing /home/airflow/.local/lib/python3.12/site-packages/airflow/example_dags/example_latest_only.py took 0.067 seconds
[2025-04-05T15:24:46.189+0000] {processor.py:186} INFO - Started process (PID=777) to work on /home/airflow/.local/lib/python3.12/site-packages/airflow/example_dags/example_latest_only.py
[2025-04-05T15:24:46.191+0000] {processor.py:914} INFO - Processing file /home/airflow/.local/lib/python3.12/site-packages/airflow/example_dags/example_latest_only.py for tasks to queue
[2025-04-05T15:24:46.192+0000] {logging_mixin.py:190} INFO - [2025-04-05T15:24:46.192+0000] {dagbag.py:588} INFO - Filling up the DagBag from /home/airflow/.local/lib/python3.12/site-packages/airflow/example_dags/example_latest_only.py
[2025-04-05T15:24:46.198+0000] {processor.py:925} INFO - DAG(s) 'latest_only' retrieved from /home/airflow/.local/lib/python3.12/site-packages/airflow/example_dags/example_latest_only.py
[2025-04-05T15:24:46.213+0000] {logging_mixin.py:190} INFO - [2025-04-05T15:24:46.213+0000] {dag.py:3239} INFO - Sync 1 DAGs
[2025-04-05T15:24:46.230+0000] {logging_mixin.py:190} INFO - [2025-04-05T15:24:46.230+0000] {dag.py:4180} INFO - Setting next_dagrun for latest_only to 2025-04-05 08:00:00+00:00, run_after=2025-04-05 12:00:00+00:00
[2025-04-05T15:24:46.247+0000] {processor.py:208} INFO - Processing /home/airflow/.local/lib/python3.12/site-packages/airflow/example_dags/example_latest_only.py took 0.062 seconds
[2025-04-05T15:25:16.520+0000] {processor.py:186} INFO - Started process (PID=840) to work on /home/airflow/.local/lib/python3.12/site-packages/airflow/example_dags/example_latest_only.py
[2025-04-05T15:25:16.521+0000] {processor.py:914} INFO - Processing file /home/airflow/.local/lib/python3.12/site-packages/airflow/example_dags/example_latest_only.py for tasks to queue
[2025-04-05T15:25:16.523+0000] {logging_mixin.py:190} INFO - [2025-04-05T15:25:16.522+0000] {dagbag.py:588} INFO - Filling up the DagBag from /home/airflow/.local/lib/python3.12/site-packages/airflow/example_dags/example_latest_only.py
[2025-04-05T15:25:16.560+0000] {processor.py:925} INFO - DAG(s) 'latest_only' retrieved from /home/airflow/.local/lib/python3.12/site-packages/airflow/example_dags/example_latest_only.py
[2025-04-05T15:25:16.575+0000] {logging_mixin.py:190} INFO - [2025-04-05T15:25:16.575+0000] {dag.py:3239} INFO - Sync 1 DAGs
[2025-04-05T15:25:16.592+0000] {logging_mixin.py:190} INFO - [2025-04-05T15:25:16.592+0000] {dag.py:4180} INFO - Setting next_dagrun for latest_only to 2025-04-05 08:00:00+00:00, run_after=2025-04-05 12:00:00+00:00
[2025-04-05T15:25:16.609+0000] {processor.py:208} INFO - Processing /home/airflow/.local/lib/python3.12/site-packages/airflow/example_dags/example_latest_only.py took 0.064 seconds
[2025-04-05T15:25:46.920+0000] {processor.py:186} INFO - Started process (PID=903) to work on /home/airflow/.local/lib/python3.12/site-packages/airflow/example_dags/example_latest_only.py
[2025-04-05T15:25:46.921+0000] {processor.py:914} INFO - Processing file /home/airflow/.local/lib/python3.12/site-packages/airflow/example_dags/example_latest_only.py for tasks to queue
[2025-04-05T15:25:46.925+0000] {logging_mixin.py:190} INFO - [2025-04-05T15:25:46.924+0000] {dagbag.py:588} INFO - Filling up the DagBag from /home/airflow/.local/lib/python3.12/site-packages/airflow/example_dags/example_latest_only.py
[2025-04-05T15:25:46.932+0000] {processor.py:925} INFO - DAG(s) 'latest_only' retrieved from /home/airflow/.local/lib/python3.12/site-packages/airflow/example_dags/example_latest_only.py
[2025-04-05T15:25:46.950+0000] {logging_mixin.py:190} INFO - [2025-04-05T15:25:46.950+0000] {dag.py:3239} INFO - Sync 1 DAGs
[2025-04-05T15:25:46.968+0000] {logging_mixin.py:190} INFO - [2025-04-05T15:25:46.968+0000] {dag.py:4180} INFO - Setting next_dagrun for latest_only to 2025-04-05 08:00:00+00:00, run_after=2025-04-05 12:00:00+00:00
[2025-04-05T15:25:46.990+0000] {processor.py:208} INFO - Processing /home/airflow/.local/lib/python3.12/site-packages/airflow/example_dags/example_latest_only.py took 0.075 seconds
[2025-04-05T15:26:17.712+0000] {processor.py:186} INFO - Started process (PID=966) to work on /home/airflow/.local/lib/python3.12/site-packages/airflow/example_dags/example_latest_only.py
[2025-04-05T15:26:17.713+0000] {processor.py:914} INFO - Processing file /home/airflow/.local/lib/python3.12/site-packages/airflow/example_dags/example_latest_only.py for tasks to queue
[2025-04-05T15:26:17.716+0000] {logging_mixin.py:190} INFO - [2025-04-05T15:26:17.716+0000] {dagbag.py:588} INFO - Filling up the DagBag from /home/airflow/.local/lib/python3.12/site-packages/airflow/example_dags/example_latest_only.py
[2025-04-05T15:26:17.723+0000] {processor.py:925} INFO - DAG(s) 'latest_only' retrieved from /home/airflow/.local/lib/python3.12/site-packages/airflow/example_dags/example_latest_only.py
[2025-04-05T15:26:17.743+0000] {logging_mixin.py:190} INFO - [2025-04-05T15:26:17.743+0000] {dag.py:3239} INFO - Sync 1 DAGs
[2025-04-05T15:26:17.764+0000] {logging_mixin.py:190} INFO - [2025-04-05T15:26:17.764+0000] {dag.py:4180} INFO - Setting next_dagrun for latest_only to 2025-04-05 08:00:00+00:00, run_after=2025-04-05 12:00:00+00:00
[2025-04-05T15:26:17.786+0000] {processor.py:208} INFO - Processing /home/airflow/.local/lib/python3.12/site-packages/airflow/example_dags/example_latest_only.py took 0.081 seconds
[2025-04-05T15:26:48.789+0000] {processor.py:186} INFO - Started process (PID=1029) to work on /home/airflow/.local/lib/python3.12/site-packages/airflow/example_dags/example_latest_only.py
[2025-04-05T15:26:48.791+0000] {processor.py:914} INFO - Processing file /home/airflow/.local/lib/python3.12/site-packages/airflow/example_dags/example_latest_only.py for tasks to queue
[2025-04-05T15:26:48.793+0000] {logging_mixin.py:190} INFO - [2025-04-05T15:26:48.792+0000] {dagbag.py:588} INFO - Filling up the DagBag from /home/airflow/.local/lib/python3.12/site-packages/airflow/example_dags/example_latest_only.py
[2025-04-05T15:26:48.799+0000] {processor.py:925} INFO - DAG(s) 'latest_only' retrieved from /home/airflow/.local/lib/python3.12/site-packages/airflow/example_dags/example_latest_only.py
[2025-04-05T15:26:48.816+0000] {logging_mixin.py:190} INFO - [2025-04-05T15:26:48.815+0000] {dag.py:3239} INFO - Sync 1 DAGs
[2025-04-05T15:26:48.836+0000] {logging_mixin.py:190} INFO - [2025-04-05T15:26:48.836+0000] {dag.py:4180} INFO - Setting next_dagrun for latest_only to 2025-04-05 08:00:00+00:00, run_after=2025-04-05 12:00:00+00:00
[2025-04-05T15:26:48.856+0000] {processor.py:208} INFO - Processing /home/airflow/.local/lib/python3.12/site-packages/airflow/example_dags/example_latest_only.py took 0.073 seconds
[2025-04-05T15:27:19.460+0000] {processor.py:186} INFO - Started process (PID=1092) to work on /home/airflow/.local/lib/python3.12/site-packages/airflow/example_dags/example_latest_only.py
[2025-04-05T15:27:19.462+0000] {processor.py:914} INFO - Processing file /home/airflow/.local/lib/python3.12/site-packages/airflow/example_dags/example_latest_only.py for tasks to queue
[2025-04-05T15:27:19.463+0000] {logging_mixin.py:190} INFO - [2025-04-05T15:27:19.463+0000] {dagbag.py:588} INFO - Filling up the DagBag from /home/airflow/.local/lib/python3.12/site-packages/airflow/example_dags/example_latest_only.py
[2025-04-05T15:27:19.469+0000] {processor.py:925} INFO - DAG(s) 'latest_only' retrieved from /home/airflow/.local/lib/python3.12/site-packages/airflow/example_dags/example_latest_only.py
[2025-04-05T15:27:19.487+0000] {logging_mixin.py:190} INFO - [2025-04-05T15:27:19.487+0000] {dag.py:3239} INFO - Sync 1 DAGs
[2025-04-05T15:27:19.510+0000] {logging_mixin.py:190} INFO - [2025-04-05T15:27:19.510+0000] {dag.py:4180} INFO - Setting next_dagrun for latest_only to 2025-04-05 08:00:00+00:00, run_after=2025-04-05 12:00:00+00:00
[2025-04-05T15:27:19.531+0000] {processor.py:208} INFO - Processing /home/airflow/.local/lib/python3.12/site-packages/airflow/example_dags/example_latest_only.py took 0.075 seconds
[2025-04-05T15:27:49.804+0000] {processor.py:186} INFO - Started process (PID=1155) to work on /home/airflow/.local/lib/python3.12/site-packages/airflow/example_dags/example_latest_only.py
[2025-04-05T15:27:49.805+0000] {processor.py:914} INFO - Processing file /home/airflow/.local/lib/python3.12/site-packages/airflow/example_dags/example_latest_only.py for tasks to queue
[2025-04-05T15:27:49.808+0000] {logging_mixin.py:190} INFO - [2025-04-05T15:27:49.807+0000] {dagbag.py:588} INFO - Filling up the DagBag from /home/airflow/.local/lib/python3.12/site-packages/airflow/example_dags/example_latest_only.py
[2025-04-05T15:27:49.816+0000] {processor.py:925} INFO - DAG(s) 'latest_only' retrieved from /home/airflow/.local/lib/python3.12/site-packages/airflow/example_dags/example_latest_only.py
[2025-04-05T15:27:49.834+0000] {logging_mixin.py:190} INFO - [2025-04-05T15:27:49.834+0000] {dag.py:3239} INFO - Sync 1 DAGs
[2025-04-05T15:27:49.852+0000] {logging_mixin.py:190} INFO - [2025-04-05T15:27:49.852+0000] {dag.py:4180} INFO - Setting next_dagrun for latest_only to 2025-04-05 08:00:00+00:00, run_after=2025-04-05 12:00:00+00:00
[2025-04-05T15:27:49.869+0000] {processor.py:208} INFO - Processing /home/airflow/.local/lib/python3.12/site-packages/airflow/example_dags/example_latest_only.py took 0.070 seconds
[2025-04-05T15:28:20.040+0000] {processor.py:186} INFO - Started process (PID=1218) to work on /home/airflow/.local/lib/python3.12/site-packages/airflow/example_dags/example_latest_only.py
[2025-04-05T15:28:20.041+0000] {processor.py:914} INFO - Processing file /home/airflow/.local/lib/python3.12/site-packages/airflow/example_dags/example_latest_only.py for tasks to queue
[2025-04-05T15:28:20.043+0000] {logging_mixin.py:190} INFO - [2025-04-05T15:28:20.043+0000] {dagbag.py:588} INFO - Filling up the DagBag from /home/airflow/.local/lib/python3.12/site-packages/airflow/example_dags/example_latest_only.py
[2025-04-05T15:28:20.050+0000] {processor.py:925} INFO - DAG(s) 'latest_only' retrieved from /home/airflow/.local/lib/python3.12/site-packages/airflow/example_dags/example_latest_only.py
[2025-04-05T15:28:20.066+0000] {logging_mixin.py:190} INFO - [2025-04-05T15:28:20.066+0000] {dag.py:3239} INFO - Sync 1 DAGs
[2025-04-05T15:28:20.088+0000] {logging_mixin.py:190} INFO - [2025-04-05T15:28:20.087+0000] {dag.py:4180} INFO - Setting next_dagrun for latest_only to 2025-04-05 08:00:00+00:00, run_after=2025-04-05 12:00:00+00:00
[2025-04-05T15:28:20.109+0000] {processor.py:208} INFO - Processing /home/airflow/.local/lib/python3.12/site-packages/airflow/example_dags/example_latest_only.py took 0.074 seconds
[2025-04-05T15:28:50.988+0000] {processor.py:186} INFO - Started process (PID=1281) to work on /home/airflow/.local/lib/python3.12/site-packages/airflow/example_dags/example_latest_only.py
[2025-04-05T15:28:50.989+0000] {processor.py:914} INFO - Processing file /home/airflow/.local/lib/python3.12/site-packages/airflow/example_dags/example_latest_only.py for tasks to queue
[2025-04-05T15:28:50.991+0000] {logging_mixin.py:190} INFO - [2025-04-05T15:28:50.991+0000] {dagbag.py:588} INFO - Filling up the DagBag from /home/airflow/.local/lib/python3.12/site-packages/airflow/example_dags/example_latest_only.py
[2025-04-05T15:28:50.998+0000] {processor.py:925} INFO - DAG(s) 'latest_only' retrieved from /home/airflow/.local/lib/python3.12/site-packages/airflow/example_dags/example_latest_only.py
[2025-04-05T15:28:51.017+0000] {logging_mixin.py:190} INFO - [2025-04-05T15:28:51.016+0000] {dag.py:3239} INFO - Sync 1 DAGs
[2025-04-05T15:28:51.038+0000] {logging_mixin.py:190} INFO - [2025-04-05T15:28:51.038+0000] {dag.py:4180} INFO - Setting next_dagrun for latest_only to 2025-04-05 08:00:00+00:00, run_after=2025-04-05 12:00:00+00:00
[2025-04-05T15:28:51.058+0000] {processor.py:208} INFO - Processing /home/airflow/.local/lib/python3.12/site-packages/airflow/example_dags/example_latest_only.py took 0.075 seconds
[2025-04-05T15:29:21.974+0000] {processor.py:186} INFO - Started process (PID=1344) to work on /home/airflow/.local/lib/python3.12/site-packages/airflow/example_dags/example_latest_only.py
[2025-04-05T15:29:21.976+0000] {processor.py:914} INFO - Processing file /home/airflow/.local/lib/python3.12/site-packages/airflow/example_dags/example_latest_only.py for tasks to queue
[2025-04-05T15:29:21.978+0000] {logging_mixin.py:190} INFO - [2025-04-05T15:29:21.977+0000] {dagbag.py:588} INFO - Filling up the DagBag from /home/airflow/.local/lib/python3.12/site-packages/airflow/example_dags/example_latest_only.py
[2025-04-05T15:29:21.984+0000] {processor.py:925} INFO - DAG(s) 'latest_only' retrieved from /home/airflow/.local/lib/python3.12/site-packages/airflow/example_dags/example_latest_only.py
[2025-04-05T15:29:22.003+0000] {logging_mixin.py:190} INFO - [2025-04-05T15:29:22.002+0000] {dag.py:3239} INFO - Sync 1 DAGs
[2025-04-05T15:29:22.025+0000] {logging_mixin.py:190} INFO - [2025-04-05T15:29:22.025+0000] {dag.py:4180} INFO - Setting next_dagrun for latest_only to 2025-04-05 08:00:00+00:00, run_after=2025-04-05 12:00:00+00:00
[2025-04-05T15:29:22.046+0000] {processor.py:208} INFO - Processing /home/airflow/.local/lib/python3.12/site-packages/airflow/example_dags/example_latest_only.py took 0.077 seconds
[2025-04-05T15:29:52.654+0000] {processor.py:186} INFO - Started process (PID=1407) to work on /home/airflow/.local/lib/python3.12/site-packages/airflow/example_dags/example_latest_only.py
[2025-04-05T15:29:52.655+0000] {processor.py:914} INFO - Processing file /home/airflow/.local/lib/python3.12/site-packages/airflow/example_dags/example_latest_only.py for tasks to queue
[2025-04-05T15:29:52.657+0000] {logging_mixin.py:190} INFO - [2025-04-05T15:29:52.657+0000] {dagbag.py:588} INFO - Filling up the DagBag from /home/airflow/.local/lib/python3.12/site-packages/airflow/example_dags/example_latest_only.py
[2025-04-05T15:29:52.663+0000] {processor.py:925} INFO - DAG(s) 'latest_only' retrieved from /home/airflow/.local/lib/python3.12/site-packages/airflow/example_dags/example_latest_only.py
[2025-04-05T15:29:52.679+0000] {logging_mixin.py:190} INFO - [2025-04-05T15:29:52.679+0000] {dag.py:3239} INFO - Sync 1 DAGs
[2025-04-05T15:29:52.698+0000] {logging_mixin.py:190} INFO - [2025-04-05T15:29:52.697+0000] {dag.py:4180} INFO - Setting next_dagrun for latest_only to 2025-04-05 08:00:00+00:00, run_after=2025-04-05 12:00:00+00:00
[2025-04-05T15:29:52.714+0000] {processor.py:208} INFO - Processing /home/airflow/.local/lib/python3.12/site-packages/airflow/example_dags/example_latest_only.py took 0.065 seconds
[2025-04-05T15:30:23.460+0000] {processor.py:186} INFO - Started process (PID=1471) to work on /home/airflow/.local/lib/python3.12/site-packages/airflow/example_dags/example_latest_only.py
[2025-04-05T15:30:23.461+0000] {processor.py:914} INFO - Processing file /home/airflow/.local/lib/python3.12/site-packages/airflow/example_dags/example_latest_only.py for tasks to queue
[2025-04-05T15:30:23.463+0000] {logging_mixin.py:190} INFO - [2025-04-05T15:30:23.463+0000] {dagbag.py:588} INFO - Filling up the DagBag from /home/airflow/.local/lib/python3.12/site-packages/airflow/example_dags/example_latest_only.py
[2025-04-05T15:30:23.469+0000] {processor.py:925} INFO - DAG(s) 'latest_only' retrieved from /home/airflow/.local/lib/python3.12/site-packages/airflow/example_dags/example_latest_only.py
[2025-04-05T15:30:23.485+0000] {logging_mixin.py:190} INFO - [2025-04-05T15:30:23.485+0000] {dag.py:3239} INFO - Sync 1 DAGs
[2025-04-05T15:30:23.508+0000] {logging_mixin.py:190} INFO - [2025-04-05T15:30:23.508+0000] {dag.py:4180} INFO - Setting next_dagrun for latest_only to 2025-04-05 08:00:00+00:00, run_after=2025-04-05 12:00:00+00:00
[2025-04-05T15:30:23.529+0000] {processor.py:208} INFO - Processing /home/airflow/.local/lib/python3.12/site-packages/airflow/example_dags/example_latest_only.py took 0.074 seconds
[2025-04-05T15:30:54.400+0000] {processor.py:186} INFO - Started process (PID=1534) to work on /home/airflow/.local/lib/python3.12/site-packages/airflow/example_dags/example_latest_only.py
[2025-04-05T15:30:54.402+0000] {processor.py:914} INFO - Processing file /home/airflow/.local/lib/python3.12/site-packages/airflow/example_dags/example_latest_only.py for tasks to queue
[2025-04-05T15:30:54.404+0000] {logging_mixin.py:190} INFO - [2025-04-05T15:30:54.404+0000] {dagbag.py:588} INFO - Filling up the DagBag from /home/airflow/.local/lib/python3.12/site-packages/airflow/example_dags/example_latest_only.py
[2025-04-05T15:30:54.411+0000] {processor.py:925} INFO - DAG(s) 'latest_only' retrieved from /home/airflow/.local/lib/python3.12/site-packages/airflow/example_dags/example_latest_only.py
[2025-04-05T15:30:54.432+0000] {logging_mixin.py:190} INFO - [2025-04-05T15:30:54.432+0000] {dag.py:3239} INFO - Sync 1 DAGs
[2025-04-05T15:30:54.453+0000] {logging_mixin.py:190} INFO - [2025-04-05T15:30:54.453+0000] {dag.py:4180} INFO - Setting next_dagrun for latest_only to 2025-04-05 08:00:00+00:00, run_after=2025-04-05 12:00:00+00:00
[2025-04-05T15:30:54.473+0000] {processor.py:208} INFO - Processing /home/airflow/.local/lib/python3.12/site-packages/airflow/example_dags/example_latest_only.py took 0.080 seconds
[2025-04-05T15:31:25.277+0000] {processor.py:186} INFO - Started process (PID=1597) to work on /home/airflow/.local/lib/python3.12/site-packages/airflow/example_dags/example_latest_only.py
[2025-04-05T15:31:25.278+0000] {processor.py:914} INFO - Processing file /home/airflow/.local/lib/python3.12/site-packages/airflow/example_dags/example_latest_only.py for tasks to queue
[2025-04-05T15:31:25.280+0000] {logging_mixin.py:190} INFO - [2025-04-05T15:31:25.280+0000] {dagbag.py:588} INFO - Filling up the DagBag from /home/airflow/.local/lib/python3.12/site-packages/airflow/example_dags/example_latest_only.py
[2025-04-05T15:31:25.286+0000] {processor.py:925} INFO - DAG(s) 'latest_only' retrieved from /home/airflow/.local/lib/python3.12/site-packages/airflow/example_dags/example_latest_only.py
[2025-04-05T15:31:25.303+0000] {logging_mixin.py:190} INFO - [2025-04-05T15:31:25.303+0000] {dag.py:3239} INFO - Sync 1 DAGs
[2025-04-05T15:31:25.322+0000] {logging_mixin.py:190} INFO - [2025-04-05T15:31:25.322+0000] {dag.py:4180} INFO - Setting next_dagrun for latest_only to 2025-04-05 08:00:00+00:00, run_after=2025-04-05 12:00:00+00:00
[2025-04-05T15:31:25.338+0000] {processor.py:208} INFO - Processing /home/airflow/.local/lib/python3.12/site-packages/airflow/example_dags/example_latest_only.py took 0.067 seconds
[2025-04-05T15:31:55.500+0000] {processor.py:186} INFO - Started process (PID=1660) to work on /home/airflow/.local/lib/python3.12/site-packages/airflow/example_dags/example_latest_only.py
[2025-04-05T15:31:55.502+0000] {processor.py:914} INFO - Processing file /home/airflow/.local/lib/python3.12/site-packages/airflow/example_dags/example_latest_only.py for tasks to queue
[2025-04-05T15:31:55.504+0000] {logging_mixin.py:190} INFO - [2025-04-05T15:31:55.504+0000] {dagbag.py:588} INFO - Filling up the DagBag from /home/airflow/.local/lib/python3.12/site-packages/airflow/example_dags/example_latest_only.py
[2025-04-05T15:31:55.514+0000] {processor.py:925} INFO - DAG(s) 'latest_only' retrieved from /home/airflow/.local/lib/python3.12/site-packages/airflow/example_dags/example_latest_only.py
[2025-04-05T15:31:55.535+0000] {logging_mixin.py:190} INFO - [2025-04-05T15:31:55.535+0000] {dag.py:3239} INFO - Sync 1 DAGs
[2025-04-05T15:31:55.575+0000] {logging_mixin.py:190} INFO - [2025-04-05T15:31:55.575+0000] {dag.py:4180} INFO - Setting next_dagrun for latest_only to 2025-04-05 08:00:00+00:00, run_after=2025-04-05 12:00:00+00:00
[2025-04-05T15:31:55.613+0000] {processor.py:208} INFO - Processing /home/airflow/.local/lib/python3.12/site-packages/airflow/example_dags/example_latest_only.py took 0.118 seconds
[2025-04-05T15:32:26.478+0000] {processor.py:186} INFO - Started process (PID=1723) to work on /home/airflow/.local/lib/python3.12/site-packages/airflow/example_dags/example_latest_only.py
[2025-04-05T15:32:26.480+0000] {processor.py:914} INFO - Processing file /home/airflow/.local/lib/python3.12/site-packages/airflow/example_dags/example_latest_only.py for tasks to queue
[2025-04-05T15:32:26.482+0000] {logging_mixin.py:190} INFO - [2025-04-05T15:32:26.481+0000] {dagbag.py:588} INFO - Filling up the DagBag from /home/airflow/.local/lib/python3.12/site-packages/airflow/example_dags/example_latest_only.py
[2025-04-05T15:32:26.489+0000] {processor.py:925} INFO - DAG(s) 'latest_only' retrieved from /home/airflow/.local/lib/python3.12/site-packages/airflow/example_dags/example_latest_only.py
[2025-04-05T15:32:26.508+0000] {logging_mixin.py:190} INFO - [2025-04-05T15:32:26.508+0000] {dag.py:3239} INFO - Sync 1 DAGs
[2025-04-05T15:32:26.528+0000] {logging_mixin.py:190} INFO - [2025-04-05T15:32:26.527+0000] {dag.py:4180} INFO - Setting next_dagrun for latest_only to 2025-04-05 08:00:00+00:00, run_after=2025-04-05 12:00:00+00:00
[2025-04-05T15:32:26.546+0000] {processor.py:208} INFO - Processing /home/airflow/.local/lib/python3.12/site-packages/airflow/example_dags/example_latest_only.py took 0.072 seconds
[2025-04-05T15:32:57.374+0000] {processor.py:186} INFO - Started process (PID=1786) to work on /home/airflow/.local/lib/python3.12/site-packages/airflow/example_dags/example_latest_only.py
[2025-04-05T15:32:57.376+0000] {processor.py:914} INFO - Processing file /home/airflow/.local/lib/python3.12/site-packages/airflow/example_dags/example_latest_only.py for tasks to queue
[2025-04-05T15:32:57.377+0000] {logging_mixin.py:190} INFO - [2025-04-05T15:32:57.377+0000] {dagbag.py:588} INFO - Filling up the DagBag from /home/airflow/.local/lib/python3.12/site-packages/airflow/example_dags/example_latest_only.py
[2025-04-05T15:32:57.385+0000] {processor.py:925} INFO - DAG(s) 'latest_only' retrieved from /home/airflow/.local/lib/python3.12/site-packages/airflow/example_dags/example_latest_only.py
[2025-04-05T15:32:57.402+0000] {logging_mixin.py:190} INFO - [2025-04-05T15:32:57.402+0000] {dag.py:3239} INFO - Sync 1 DAGs
[2025-04-05T15:32:57.423+0000] {logging_mixin.py:190} INFO - [2025-04-05T15:32:57.423+0000] {dag.py:4180} INFO - Setting next_dagrun for latest_only to 2025-04-05 08:00:00+00:00, run_after=2025-04-05 12:00:00+00:00
[2025-04-05T15:32:57.442+0000] {processor.py:208} INFO - Processing /home/airflow/.local/lib/python3.12/site-packages/airflow/example_dags/example_latest_only.py took 0.074 seconds
[2025-04-05T20:33:11.876+0000] {processor.py:186} INFO - Started process (PID=1846) to work on /home/airflow/.local/lib/python3.12/site-packages/airflow/example_dags/example_latest_only.py
[2025-04-05T20:33:11.877+0000] {processor.py:914} INFO - Processing file /home/airflow/.local/lib/python3.12/site-packages/airflow/example_dags/example_latest_only.py for tasks to queue
[2025-04-05T20:33:11.880+0000] {logging_mixin.py:190} INFO - [2025-04-05T20:33:11.880+0000] {dagbag.py:588} INFO - Filling up the DagBag from /home/airflow/.local/lib/python3.12/site-packages/airflow/example_dags/example_latest_only.py
[2025-04-05T20:33:11.887+0000] {processor.py:925} INFO - DAG(s) 'latest_only' retrieved from /home/airflow/.local/lib/python3.12/site-packages/airflow/example_dags/example_latest_only.py
[2025-04-05T20:33:12.879+0000] {logging_mixin.py:190} INFO - [2025-04-05T20:33:12.878+0000] {dag.py:3239} INFO - Sync 1 DAGs
[2025-04-06T04:09:02.478+0000] {logging_mixin.py:190} INFO - [2025-04-06T04:09:02.477+0000] {dag.py:4180} INFO - Setting next_dagrun for latest_only to 2025-04-06 00:00:00+00:00, run_after=2025-04-06 04:00:00+00:00
[2025-04-06T04:09:02.649+0000] {processor.py:208} INFO - Processing /home/airflow/.local/lib/python3.12/site-packages/airflow/example_dags/example_latest_only.py took 2.694 seconds
