[2025-04-05T15:19:16.525+0000] {processor.py:186} INFO - Started process (PID=105) to work on /home/airflow/.local/lib/python3.12/site-packages/airflow/example_dags/example_python_decorator.py
[2025-04-05T15:19:16.525+0000] {processor.py:914} INFO - Processing file /home/airflow/.local/lib/python3.12/site-packages/airflow/example_dags/example_python_decorator.py for tasks to queue
[2025-04-05T15:19:16.528+0000] {logging_mixin.py:190} INFO - [2025-04-05T15:19:16.527+0000] {dagbag.py:588} INFO - Filling up the DagBag from /home/airflow/.local/lib/python3.12/site-packages/airflow/example_dags/example_python_decorator.py
[2025-04-05T15:19:16.544+0000] {processor.py:925} INFO - DAG(s) 'example_python_decorator' retrieved from /home/airflow/.local/lib/python3.12/site-packages/airflow/example_dags/example_python_decorator.py
[2025-04-05T15:19:16.694+0000] {logging_mixin.py:190} INFO - [2025-04-05T15:19:16.693+0000] {override.py:1912} INFO - Created Permission View: can read on DAG:example_python_decorator
[2025-04-05T15:19:16.711+0000] {logging_mixin.py:190} INFO - [2025-04-05T15:19:16.710+0000] {override.py:1912} INFO - Created Permission View: can delete on DAG:example_python_decorator
[2025-04-05T15:19:16.722+0000] {logging_mixin.py:190} INFO - [2025-04-05T15:19:16.722+0000] {override.py:1912} INFO - Created Permission View: can edit on DAG:example_python_decorator
[2025-04-05T15:19:16.736+0000] {logging_mixin.py:190} INFO - [2025-04-05T15:19:16.736+0000] {override.py:1912} INFO - Created Permission View: can read on DAG Run:example_python_decorator
[2025-04-05T15:19:16.745+0000] {logging_mixin.py:190} INFO - [2025-04-05T15:19:16.745+0000] {override.py:1912} INFO - Created Permission View: can create on DAG Run:example_python_decorator
[2025-04-05T15:19:16.755+0000] {logging_mixin.py:190} INFO - [2025-04-05T15:19:16.755+0000] {override.py:1912} INFO - Created Permission View: can delete on DAG Run:example_python_decorator
[2025-04-05T15:19:16.765+0000] {logging_mixin.py:190} INFO - [2025-04-05T15:19:16.765+0000] {override.py:1912} INFO - Created Permission View: menu access on DAG Run:example_python_decorator
[2025-04-05T15:19:16.766+0000] {logging_mixin.py:190} INFO - [2025-04-05T15:19:16.765+0000] {dag.py:3239} INFO - Sync 1 DAGs
[2025-04-05T15:19:16.782+0000] {logging_mixin.py:190} INFO - [2025-04-05T15:19:16.781+0000] {dag.py:3262} INFO - Creating ORM DAG for example_python_decorator
[2025-04-05T15:19:16.783+0000] {logging_mixin.py:190} INFO - [2025-04-05T15:19:16.782+0000] {dag.py:4180} INFO - Setting next_dagrun for example_python_decorator to None, run_after=None
[2025-04-05T15:19:16.805+0000] {processor.py:208} INFO - Processing /home/airflow/.local/lib/python3.12/site-packages/airflow/example_dags/example_python_decorator.py took 0.287 seconds
[2025-04-05T15:19:47.574+0000] {processor.py:186} INFO - Started process (PID=168) to work on /home/airflow/.local/lib/python3.12/site-packages/airflow/example_dags/example_python_decorator.py
[2025-04-05T15:19:47.575+0000] {processor.py:914} INFO - Processing file /home/airflow/.local/lib/python3.12/site-packages/airflow/example_dags/example_python_decorator.py for tasks to queue
[2025-04-05T15:19:47.577+0000] {logging_mixin.py:190} INFO - [2025-04-05T15:19:47.577+0000] {dagbag.py:588} INFO - Filling up the DagBag from /home/airflow/.local/lib/python3.12/site-packages/airflow/example_dags/example_python_decorator.py
[2025-04-05T15:19:47.588+0000] {processor.py:925} INFO - DAG(s) 'example_python_decorator' retrieved from /home/airflow/.local/lib/python3.12/site-packages/airflow/example_dags/example_python_decorator.py
[2025-04-05T15:19:47.611+0000] {logging_mixin.py:190} INFO - [2025-04-05T15:19:47.611+0000] {dag.py:3239} INFO - Sync 1 DAGs
[2025-04-05T15:19:47.624+0000] {logging_mixin.py:190} INFO - [2025-04-05T15:19:47.624+0000] {dag.py:4180} INFO - Setting next_dagrun for example_python_decorator to None, run_after=None
[2025-04-05T15:19:47.645+0000] {processor.py:208} INFO - Processing /home/airflow/.local/lib/python3.12/site-packages/airflow/example_dags/example_python_decorator.py took 0.077 seconds
[2025-04-05T15:20:17.835+0000] {processor.py:186} INFO - Started process (PID=230) to work on /home/airflow/.local/lib/python3.12/site-packages/airflow/example_dags/example_python_decorator.py
[2025-04-05T15:20:17.836+0000] {processor.py:914} INFO - Processing file /home/airflow/.local/lib/python3.12/site-packages/airflow/example_dags/example_python_decorator.py for tasks to queue
[2025-04-05T15:20:17.839+0000] {logging_mixin.py:190} INFO - [2025-04-05T15:20:17.838+0000] {dagbag.py:588} INFO - Filling up the DagBag from /home/airflow/.local/lib/python3.12/site-packages/airflow/example_dags/example_python_decorator.py
[2025-04-05T15:20:17.850+0000] {processor.py:925} INFO - DAG(s) 'example_python_decorator' retrieved from /home/airflow/.local/lib/python3.12/site-packages/airflow/example_dags/example_python_decorator.py
[2025-04-05T15:20:17.869+0000] {logging_mixin.py:190} INFO - [2025-04-05T15:20:17.869+0000] {dag.py:3239} INFO - Sync 1 DAGs
[2025-04-05T15:20:17.885+0000] {logging_mixin.py:190} INFO - [2025-04-05T15:20:17.885+0000] {dag.py:4180} INFO - Setting next_dagrun for example_python_decorator to None, run_after=None
[2025-04-05T15:20:17.904+0000] {processor.py:208} INFO - Processing /home/airflow/.local/lib/python3.12/site-packages/airflow/example_dags/example_python_decorator.py took 0.073 seconds
[2025-04-05T15:20:48.665+0000] {processor.py:186} INFO - Started process (PID=293) to work on /home/airflow/.local/lib/python3.12/site-packages/airflow/example_dags/example_python_decorator.py
[2025-04-05T15:20:48.666+0000] {processor.py:914} INFO - Processing file /home/airflow/.local/lib/python3.12/site-packages/airflow/example_dags/example_python_decorator.py for tasks to queue
[2025-04-05T15:20:48.668+0000] {logging_mixin.py:190} INFO - [2025-04-05T15:20:48.667+0000] {dagbag.py:588} INFO - Filling up the DagBag from /home/airflow/.local/lib/python3.12/site-packages/airflow/example_dags/example_python_decorator.py
[2025-04-05T15:20:48.680+0000] {processor.py:925} INFO - DAG(s) 'example_python_decorator' retrieved from /home/airflow/.local/lib/python3.12/site-packages/airflow/example_dags/example_python_decorator.py
[2025-04-05T15:20:48.698+0000] {logging_mixin.py:190} INFO - [2025-04-05T15:20:48.698+0000] {dag.py:3239} INFO - Sync 1 DAGs
[2025-04-05T15:20:48.710+0000] {logging_mixin.py:190} INFO - [2025-04-05T15:20:48.710+0000] {dag.py:4180} INFO - Setting next_dagrun for example_python_decorator to None, run_after=None
[2025-04-05T15:20:48.729+0000] {processor.py:208} INFO - Processing /home/airflow/.local/lib/python3.12/site-packages/airflow/example_dags/example_python_decorator.py took 0.070 seconds
[2025-04-05T15:21:19.069+0000] {processor.py:186} INFO - Started process (PID=356) to work on /home/airflow/.local/lib/python3.12/site-packages/airflow/example_dags/example_python_decorator.py
[2025-04-05T15:21:19.070+0000] {processor.py:914} INFO - Processing file /home/airflow/.local/lib/python3.12/site-packages/airflow/example_dags/example_python_decorator.py for tasks to queue
[2025-04-05T15:21:19.072+0000] {logging_mixin.py:190} INFO - [2025-04-05T15:21:19.072+0000] {dagbag.py:588} INFO - Filling up the DagBag from /home/airflow/.local/lib/python3.12/site-packages/airflow/example_dags/example_python_decorator.py
[2025-04-05T15:21:19.085+0000] {processor.py:925} INFO - DAG(s) 'example_python_decorator' retrieved from /home/airflow/.local/lib/python3.12/site-packages/airflow/example_dags/example_python_decorator.py
[2025-04-05T15:21:19.107+0000] {logging_mixin.py:190} INFO - [2025-04-05T15:21:19.106+0000] {dag.py:3239} INFO - Sync 1 DAGs
[2025-04-05T15:21:19.119+0000] {logging_mixin.py:190} INFO - [2025-04-05T15:21:19.119+0000] {dag.py:4180} INFO - Setting next_dagrun for example_python_decorator to None, run_after=None
[2025-04-05T15:21:19.139+0000] {processor.py:208} INFO - Processing /home/airflow/.local/lib/python3.12/site-packages/airflow/example_dags/example_python_decorator.py took 0.075 seconds
[2025-04-05T15:21:49.226+0000] {processor.py:186} INFO - Started process (PID=418) to work on /home/airflow/.local/lib/python3.12/site-packages/airflow/example_dags/example_python_decorator.py
[2025-04-05T15:21:49.227+0000] {processor.py:914} INFO - Processing file /home/airflow/.local/lib/python3.12/site-packages/airflow/example_dags/example_python_decorator.py for tasks to queue
[2025-04-05T15:21:49.229+0000] {logging_mixin.py:190} INFO - [2025-04-05T15:21:49.229+0000] {dagbag.py:588} INFO - Filling up the DagBag from /home/airflow/.local/lib/python3.12/site-packages/airflow/example_dags/example_python_decorator.py
[2025-04-05T15:21:49.240+0000] {processor.py:925} INFO - DAG(s) 'example_python_decorator' retrieved from /home/airflow/.local/lib/python3.12/site-packages/airflow/example_dags/example_python_decorator.py
[2025-04-05T15:21:49.259+0000] {logging_mixin.py:190} INFO - [2025-04-05T15:21:49.259+0000] {dag.py:3239} INFO - Sync 1 DAGs
[2025-04-05T15:21:49.271+0000] {logging_mixin.py:190} INFO - [2025-04-05T15:21:49.271+0000] {dag.py:4180} INFO - Setting next_dagrun for example_python_decorator to None, run_after=None
[2025-04-05T15:21:49.289+0000] {processor.py:208} INFO - Processing /home/airflow/.local/lib/python3.12/site-packages/airflow/example_dags/example_python_decorator.py took 0.068 seconds
[2025-04-05T15:22:20.138+0000] {processor.py:186} INFO - Started process (PID=481) to work on /home/airflow/.local/lib/python3.12/site-packages/airflow/example_dags/example_python_decorator.py
[2025-04-05T15:22:20.140+0000] {processor.py:914} INFO - Processing file /home/airflow/.local/lib/python3.12/site-packages/airflow/example_dags/example_python_decorator.py for tasks to queue
[2025-04-05T15:22:20.142+0000] {logging_mixin.py:190} INFO - [2025-04-05T15:22:20.142+0000] {dagbag.py:588} INFO - Filling up the DagBag from /home/airflow/.local/lib/python3.12/site-packages/airflow/example_dags/example_python_decorator.py
[2025-04-05T15:22:20.157+0000] {processor.py:925} INFO - DAG(s) 'example_python_decorator' retrieved from /home/airflow/.local/lib/python3.12/site-packages/airflow/example_dags/example_python_decorator.py
[2025-04-05T15:22:20.176+0000] {logging_mixin.py:190} INFO - [2025-04-05T15:22:20.175+0000] {dag.py:3239} INFO - Sync 1 DAGs
[2025-04-05T15:22:20.188+0000] {logging_mixin.py:190} INFO - [2025-04-05T15:22:20.188+0000] {dag.py:4180} INFO - Setting next_dagrun for example_python_decorator to None, run_after=None
[2025-04-05T15:22:20.210+0000] {processor.py:208} INFO - Processing /home/airflow/.local/lib/python3.12/site-packages/airflow/example_dags/example_python_decorator.py took 0.078 seconds
[2025-04-05T15:22:50.468+0000] {processor.py:186} INFO - Started process (PID=544) to work on /home/airflow/.local/lib/python3.12/site-packages/airflow/example_dags/example_python_decorator.py
[2025-04-05T15:22:50.469+0000] {processor.py:914} INFO - Processing file /home/airflow/.local/lib/python3.12/site-packages/airflow/example_dags/example_python_decorator.py for tasks to queue
[2025-04-05T15:22:50.471+0000] {logging_mixin.py:190} INFO - [2025-04-05T15:22:50.471+0000] {dagbag.py:588} INFO - Filling up the DagBag from /home/airflow/.local/lib/python3.12/site-packages/airflow/example_dags/example_python_decorator.py
[2025-04-05T15:22:50.480+0000] {processor.py:925} INFO - DAG(s) 'example_python_decorator' retrieved from /home/airflow/.local/lib/python3.12/site-packages/airflow/example_dags/example_python_decorator.py
[2025-04-05T15:22:50.499+0000] {logging_mixin.py:190} INFO - [2025-04-05T15:22:50.498+0000] {dag.py:3239} INFO - Sync 1 DAGs
[2025-04-05T15:22:50.512+0000] {logging_mixin.py:190} INFO - [2025-04-05T15:22:50.511+0000] {dag.py:4180} INFO - Setting next_dagrun for example_python_decorator to None, run_after=None
[2025-04-05T15:22:50.529+0000] {processor.py:208} INFO - Processing /home/airflow/.local/lib/python3.12/site-packages/airflow/example_dags/example_python_decorator.py took 0.066 seconds
[2025-04-05T15:23:21.484+0000] {processor.py:186} INFO - Started process (PID=607) to work on /home/airflow/.local/lib/python3.12/site-packages/airflow/example_dags/example_python_decorator.py
[2025-04-05T15:23:21.485+0000] {processor.py:914} INFO - Processing file /home/airflow/.local/lib/python3.12/site-packages/airflow/example_dags/example_python_decorator.py for tasks to queue
[2025-04-05T15:23:21.487+0000] {logging_mixin.py:190} INFO - [2025-04-05T15:23:21.487+0000] {dagbag.py:588} INFO - Filling up the DagBag from /home/airflow/.local/lib/python3.12/site-packages/airflow/example_dags/example_python_decorator.py
[2025-04-05T15:23:21.498+0000] {processor.py:925} INFO - DAG(s) 'example_python_decorator' retrieved from /home/airflow/.local/lib/python3.12/site-packages/airflow/example_dags/example_python_decorator.py
[2025-04-05T15:23:21.517+0000] {logging_mixin.py:190} INFO - [2025-04-05T15:23:21.517+0000] {dag.py:3239} INFO - Sync 1 DAGs
[2025-04-05T15:23:21.527+0000] {logging_mixin.py:190} INFO - [2025-04-05T15:23:21.527+0000] {dag.py:4180} INFO - Setting next_dagrun for example_python_decorator to None, run_after=None
[2025-04-05T15:23:21.545+0000] {processor.py:208} INFO - Processing /home/airflow/.local/lib/python3.12/site-packages/airflow/example_dags/example_python_decorator.py took 0.065 seconds
[2025-04-05T15:23:51.795+0000] {processor.py:186} INFO - Started process (PID=670) to work on /home/airflow/.local/lib/python3.12/site-packages/airflow/example_dags/example_python_decorator.py
[2025-04-05T15:23:51.797+0000] {processor.py:914} INFO - Processing file /home/airflow/.local/lib/python3.12/site-packages/airflow/example_dags/example_python_decorator.py for tasks to queue
[2025-04-05T15:23:51.798+0000] {logging_mixin.py:190} INFO - [2025-04-05T15:23:51.798+0000] {dagbag.py:588} INFO - Filling up the DagBag from /home/airflow/.local/lib/python3.12/site-packages/airflow/example_dags/example_python_decorator.py
[2025-04-05T15:23:51.810+0000] {processor.py:925} INFO - DAG(s) 'example_python_decorator' retrieved from /home/airflow/.local/lib/python3.12/site-packages/airflow/example_dags/example_python_decorator.py
[2025-04-05T15:23:51.827+0000] {logging_mixin.py:190} INFO - [2025-04-05T15:23:51.827+0000] {dag.py:3239} INFO - Sync 1 DAGs
[2025-04-05T15:23:51.838+0000] {logging_mixin.py:190} INFO - [2025-04-05T15:23:51.837+0000] {dag.py:4180} INFO - Setting next_dagrun for example_python_decorator to None, run_after=None
[2025-04-05T15:23:51.854+0000] {processor.py:208} INFO - Processing /home/airflow/.local/lib/python3.12/site-packages/airflow/example_dags/example_python_decorator.py took 0.063 seconds
[2025-04-05T15:24:22.879+0000] {processor.py:186} INFO - Started process (PID=733) to work on /home/airflow/.local/lib/python3.12/site-packages/airflow/example_dags/example_python_decorator.py
[2025-04-05T15:24:22.880+0000] {processor.py:914} INFO - Processing file /home/airflow/.local/lib/python3.12/site-packages/airflow/example_dags/example_python_decorator.py for tasks to queue
[2025-04-05T15:24:22.882+0000] {logging_mixin.py:190} INFO - [2025-04-05T15:24:22.882+0000] {dagbag.py:588} INFO - Filling up the DagBag from /home/airflow/.local/lib/python3.12/site-packages/airflow/example_dags/example_python_decorator.py
[2025-04-05T15:24:22.893+0000] {processor.py:925} INFO - DAG(s) 'example_python_decorator' retrieved from /home/airflow/.local/lib/python3.12/site-packages/airflow/example_dags/example_python_decorator.py
[2025-04-05T15:24:22.911+0000] {logging_mixin.py:190} INFO - [2025-04-05T15:24:22.911+0000] {dag.py:3239} INFO - Sync 1 DAGs
[2025-04-05T15:24:22.921+0000] {logging_mixin.py:190} INFO - [2025-04-05T15:24:22.921+0000] {dag.py:4180} INFO - Setting next_dagrun for example_python_decorator to None, run_after=None
[2025-04-05T15:24:22.939+0000] {processor.py:208} INFO - Processing /home/airflow/.local/lib/python3.12/site-packages/airflow/example_dags/example_python_decorator.py took 0.065 seconds
[2025-04-05T15:24:53.024+0000] {processor.py:186} INFO - Started process (PID=795) to work on /home/airflow/.local/lib/python3.12/site-packages/airflow/example_dags/example_python_decorator.py
[2025-04-05T15:24:53.026+0000] {processor.py:914} INFO - Processing file /home/airflow/.local/lib/python3.12/site-packages/airflow/example_dags/example_python_decorator.py for tasks to queue
[2025-04-05T15:24:53.027+0000] {logging_mixin.py:190} INFO - [2025-04-05T15:24:53.027+0000] {dagbag.py:588} INFO - Filling up the DagBag from /home/airflow/.local/lib/python3.12/site-packages/airflow/example_dags/example_python_decorator.py
[2025-04-05T15:24:53.038+0000] {processor.py:925} INFO - DAG(s) 'example_python_decorator' retrieved from /home/airflow/.local/lib/python3.12/site-packages/airflow/example_dags/example_python_decorator.py
[2025-04-05T15:24:53.057+0000] {logging_mixin.py:190} INFO - [2025-04-05T15:24:53.057+0000] {dag.py:3239} INFO - Sync 1 DAGs
[2025-04-05T15:24:53.067+0000] {logging_mixin.py:190} INFO - [2025-04-05T15:24:53.067+0000] {dag.py:4180} INFO - Setting next_dagrun for example_python_decorator to None, run_after=None
[2025-04-05T15:24:53.085+0000] {processor.py:208} INFO - Processing /home/airflow/.local/lib/python3.12/site-packages/airflow/example_dags/example_python_decorator.py took 0.065 seconds
[2025-04-05T15:25:23.319+0000] {processor.py:186} INFO - Started process (PID=858) to work on /home/airflow/.local/lib/python3.12/site-packages/airflow/example_dags/example_python_decorator.py
[2025-04-05T15:25:23.320+0000] {processor.py:914} INFO - Processing file /home/airflow/.local/lib/python3.12/site-packages/airflow/example_dags/example_python_decorator.py for tasks to queue
[2025-04-05T15:25:23.322+0000] {logging_mixin.py:190} INFO - [2025-04-05T15:25:23.322+0000] {dagbag.py:588} INFO - Filling up the DagBag from /home/airflow/.local/lib/python3.12/site-packages/airflow/example_dags/example_python_decorator.py
[2025-04-05T15:25:23.335+0000] {processor.py:925} INFO - DAG(s) 'example_python_decorator' retrieved from /home/airflow/.local/lib/python3.12/site-packages/airflow/example_dags/example_python_decorator.py
[2025-04-05T15:25:23.356+0000] {logging_mixin.py:190} INFO - [2025-04-05T15:25:23.356+0000] {dag.py:3239} INFO - Sync 1 DAGs
[2025-04-05T15:25:23.368+0000] {logging_mixin.py:190} INFO - [2025-04-05T15:25:23.367+0000] {dag.py:4180} INFO - Setting next_dagrun for example_python_decorator to None, run_after=None
[2025-04-05T15:25:23.387+0000] {processor.py:208} INFO - Processing /home/airflow/.local/lib/python3.12/site-packages/airflow/example_dags/example_python_decorator.py took 0.073 seconds
[2025-04-05T15:25:53.767+0000] {processor.py:186} INFO - Started process (PID=921) to work on /home/airflow/.local/lib/python3.12/site-packages/airflow/example_dags/example_python_decorator.py
[2025-04-05T15:25:53.768+0000] {processor.py:914} INFO - Processing file /home/airflow/.local/lib/python3.12/site-packages/airflow/example_dags/example_python_decorator.py for tasks to queue
[2025-04-05T15:25:53.770+0000] {logging_mixin.py:190} INFO - [2025-04-05T15:25:53.769+0000] {dagbag.py:588} INFO - Filling up the DagBag from /home/airflow/.local/lib/python3.12/site-packages/airflow/example_dags/example_python_decorator.py
[2025-04-05T15:25:53.780+0000] {processor.py:925} INFO - DAG(s) 'example_python_decorator' retrieved from /home/airflow/.local/lib/python3.12/site-packages/airflow/example_dags/example_python_decorator.py
[2025-04-05T15:25:53.800+0000] {logging_mixin.py:190} INFO - [2025-04-05T15:25:53.799+0000] {dag.py:3239} INFO - Sync 1 DAGs
[2025-04-05T15:25:53.811+0000] {logging_mixin.py:190} INFO - [2025-04-05T15:25:53.811+0000] {dag.py:4180} INFO - Setting next_dagrun for example_python_decorator to None, run_after=None
[2025-04-05T15:25:53.830+0000] {processor.py:208} INFO - Processing /home/airflow/.local/lib/python3.12/site-packages/airflow/example_dags/example_python_decorator.py took 0.067 seconds
[2025-04-05T15:26:24.762+0000] {processor.py:186} INFO - Started process (PID=984) to work on /home/airflow/.local/lib/python3.12/site-packages/airflow/example_dags/example_python_decorator.py
[2025-04-05T15:26:24.764+0000] {processor.py:914} INFO - Processing file /home/airflow/.local/lib/python3.12/site-packages/airflow/example_dags/example_python_decorator.py for tasks to queue
[2025-04-05T15:26:24.765+0000] {logging_mixin.py:190} INFO - [2025-04-05T15:26:24.765+0000] {dagbag.py:588} INFO - Filling up the DagBag from /home/airflow/.local/lib/python3.12/site-packages/airflow/example_dags/example_python_decorator.py
[2025-04-05T15:26:24.777+0000] {processor.py:925} INFO - DAG(s) 'example_python_decorator' retrieved from /home/airflow/.local/lib/python3.12/site-packages/airflow/example_dags/example_python_decorator.py
[2025-04-05T15:26:24.798+0000] {logging_mixin.py:190} INFO - [2025-04-05T15:26:24.798+0000] {dag.py:3239} INFO - Sync 1 DAGs
[2025-04-05T15:26:24.810+0000] {logging_mixin.py:190} INFO - [2025-04-05T15:26:24.809+0000] {dag.py:4180} INFO - Setting next_dagrun for example_python_decorator to None, run_after=None
[2025-04-05T15:26:24.830+0000] {processor.py:208} INFO - Processing /home/airflow/.local/lib/python3.12/site-packages/airflow/example_dags/example_python_decorator.py took 0.074 seconds
[2025-04-05T15:26:54.956+0000] {processor.py:186} INFO - Started process (PID=1047) to work on /home/airflow/.local/lib/python3.12/site-packages/airflow/example_dags/example_python_decorator.py
[2025-04-05T15:26:54.957+0000] {processor.py:914} INFO - Processing file /home/airflow/.local/lib/python3.12/site-packages/airflow/example_dags/example_python_decorator.py for tasks to queue
[2025-04-05T15:26:54.960+0000] {logging_mixin.py:190} INFO - [2025-04-05T15:26:54.960+0000] {dagbag.py:588} INFO - Filling up the DagBag from /home/airflow/.local/lib/python3.12/site-packages/airflow/example_dags/example_python_decorator.py
[2025-04-05T15:26:54.972+0000] {processor.py:925} INFO - DAG(s) 'example_python_decorator' retrieved from /home/airflow/.local/lib/python3.12/site-packages/airflow/example_dags/example_python_decorator.py
[2025-04-05T15:26:54.992+0000] {logging_mixin.py:190} INFO - [2025-04-05T15:26:54.992+0000] {dag.py:3239} INFO - Sync 1 DAGs
[2025-04-05T15:26:55.005+0000] {logging_mixin.py:190} INFO - [2025-04-05T15:26:55.004+0000] {dag.py:4180} INFO - Setting next_dagrun for example_python_decorator to None, run_after=None
[2025-04-05T15:26:55.042+0000] {processor.py:208} INFO - Processing /home/airflow/.local/lib/python3.12/site-packages/airflow/example_dags/example_python_decorator.py took 0.093 seconds
[2025-04-05T15:27:25.333+0000] {processor.py:186} INFO - Started process (PID=1110) to work on /home/airflow/.local/lib/python3.12/site-packages/airflow/example_dags/example_python_decorator.py
[2025-04-05T15:27:25.337+0000] {processor.py:914} INFO - Processing file /home/airflow/.local/lib/python3.12/site-packages/airflow/example_dags/example_python_decorator.py for tasks to queue
[2025-04-05T15:27:25.339+0000] {logging_mixin.py:190} INFO - [2025-04-05T15:27:25.338+0000] {dagbag.py:588} INFO - Filling up the DagBag from /home/airflow/.local/lib/python3.12/site-packages/airflow/example_dags/example_python_decorator.py
[2025-04-05T15:27:25.351+0000] {processor.py:925} INFO - DAG(s) 'example_python_decorator' retrieved from /home/airflow/.local/lib/python3.12/site-packages/airflow/example_dags/example_python_decorator.py
[2025-04-05T15:27:25.370+0000] {logging_mixin.py:190} INFO - [2025-04-05T15:27:25.370+0000] {dag.py:3239} INFO - Sync 1 DAGs
[2025-04-05T15:27:25.383+0000] {logging_mixin.py:190} INFO - [2025-04-05T15:27:25.382+0000] {dag.py:4180} INFO - Setting next_dagrun for example_python_decorator to None, run_after=None
[2025-04-05T15:27:25.404+0000] {processor.py:208} INFO - Processing /home/airflow/.local/lib/python3.12/site-packages/airflow/example_dags/example_python_decorator.py took 0.076 seconds
[2025-04-05T15:27:55.865+0000] {processor.py:186} INFO - Started process (PID=1173) to work on /home/airflow/.local/lib/python3.12/site-packages/airflow/example_dags/example_python_decorator.py
[2025-04-05T15:27:55.867+0000] {processor.py:914} INFO - Processing file /home/airflow/.local/lib/python3.12/site-packages/airflow/example_dags/example_python_decorator.py for tasks to queue
[2025-04-05T15:27:55.870+0000] {logging_mixin.py:190} INFO - [2025-04-05T15:27:55.869+0000] {dagbag.py:588} INFO - Filling up the DagBag from /home/airflow/.local/lib/python3.12/site-packages/airflow/example_dags/example_python_decorator.py
[2025-04-05T15:27:55.884+0000] {processor.py:925} INFO - DAG(s) 'example_python_decorator' retrieved from /home/airflow/.local/lib/python3.12/site-packages/airflow/example_dags/example_python_decorator.py
[2025-04-05T15:27:55.903+0000] {logging_mixin.py:190} INFO - [2025-04-05T15:27:55.903+0000] {dag.py:3239} INFO - Sync 1 DAGs
[2025-04-05T15:27:55.915+0000] {logging_mixin.py:190} INFO - [2025-04-05T15:27:55.915+0000] {dag.py:4180} INFO - Setting next_dagrun for example_python_decorator to None, run_after=None
[2025-04-05T15:27:55.935+0000] {processor.py:208} INFO - Processing /home/airflow/.local/lib/python3.12/site-packages/airflow/example_dags/example_python_decorator.py took 0.077 seconds
[2025-04-05T15:28:25.998+0000] {processor.py:186} INFO - Started process (PID=1235) to work on /home/airflow/.local/lib/python3.12/site-packages/airflow/example_dags/example_python_decorator.py
[2025-04-05T15:28:26.000+0000] {processor.py:914} INFO - Processing file /home/airflow/.local/lib/python3.12/site-packages/airflow/example_dags/example_python_decorator.py for tasks to queue
[2025-04-05T15:28:26.005+0000] {logging_mixin.py:190} INFO - [2025-04-05T15:28:26.005+0000] {dagbag.py:588} INFO - Filling up the DagBag from /home/airflow/.local/lib/python3.12/site-packages/airflow/example_dags/example_python_decorator.py
[2025-04-05T15:28:26.025+0000] {processor.py:925} INFO - DAG(s) 'example_python_decorator' retrieved from /home/airflow/.local/lib/python3.12/site-packages/airflow/example_dags/example_python_decorator.py
[2025-04-05T15:28:26.049+0000] {logging_mixin.py:190} INFO - [2025-04-05T15:28:26.049+0000] {dag.py:3239} INFO - Sync 1 DAGs
[2025-04-05T15:28:26.064+0000] {logging_mixin.py:190} INFO - [2025-04-05T15:28:26.064+0000] {dag.py:4180} INFO - Setting next_dagrun for example_python_decorator to None, run_after=None
[2025-04-05T15:28:26.092+0000] {processor.py:208} INFO - Processing /home/airflow/.local/lib/python3.12/site-packages/airflow/example_dags/example_python_decorator.py took 0.100 seconds
[2025-04-05T15:28:56.912+0000] {processor.py:186} INFO - Started process (PID=1299) to work on /home/airflow/.local/lib/python3.12/site-packages/airflow/example_dags/example_python_decorator.py
[2025-04-05T15:28:56.913+0000] {processor.py:914} INFO - Processing file /home/airflow/.local/lib/python3.12/site-packages/airflow/example_dags/example_python_decorator.py for tasks to queue
[2025-04-05T15:28:56.915+0000] {logging_mixin.py:190} INFO - [2025-04-05T15:28:56.915+0000] {dagbag.py:588} INFO - Filling up the DagBag from /home/airflow/.local/lib/python3.12/site-packages/airflow/example_dags/example_python_decorator.py
[2025-04-05T15:28:56.925+0000] {processor.py:925} INFO - DAG(s) 'example_python_decorator' retrieved from /home/airflow/.local/lib/python3.12/site-packages/airflow/example_dags/example_python_decorator.py
[2025-04-05T15:28:56.949+0000] {logging_mixin.py:190} INFO - [2025-04-05T15:28:56.949+0000] {dag.py:3239} INFO - Sync 1 DAGs
[2025-04-05T15:28:56.963+0000] {logging_mixin.py:190} INFO - [2025-04-05T15:28:56.962+0000] {dag.py:4180} INFO - Setting next_dagrun for example_python_decorator to None, run_after=None
[2025-04-05T15:28:56.983+0000] {processor.py:208} INFO - Processing /home/airflow/.local/lib/python3.12/site-packages/airflow/example_dags/example_python_decorator.py took 0.076 seconds
[2025-04-05T15:29:27.904+0000] {processor.py:186} INFO - Started process (PID=1362) to work on /home/airflow/.local/lib/python3.12/site-packages/airflow/example_dags/example_python_decorator.py
[2025-04-05T15:29:27.905+0000] {processor.py:914} INFO - Processing file /home/airflow/.local/lib/python3.12/site-packages/airflow/example_dags/example_python_decorator.py for tasks to queue
[2025-04-05T15:29:27.907+0000] {logging_mixin.py:190} INFO - [2025-04-05T15:29:27.907+0000] {dagbag.py:588} INFO - Filling up the DagBag from /home/airflow/.local/lib/python3.12/site-packages/airflow/example_dags/example_python_decorator.py
[2025-04-05T15:29:27.920+0000] {processor.py:925} INFO - DAG(s) 'example_python_decorator' retrieved from /home/airflow/.local/lib/python3.12/site-packages/airflow/example_dags/example_python_decorator.py
[2025-04-05T15:29:27.939+0000] {logging_mixin.py:190} INFO - [2025-04-05T15:29:27.939+0000] {dag.py:3239} INFO - Sync 1 DAGs
[2025-04-05T15:29:27.952+0000] {logging_mixin.py:190} INFO - [2025-04-05T15:29:27.952+0000] {dag.py:4180} INFO - Setting next_dagrun for example_python_decorator to None, run_after=None
[2025-04-05T15:29:27.972+0000] {processor.py:208} INFO - Processing /home/airflow/.local/lib/python3.12/site-packages/airflow/example_dags/example_python_decorator.py took 0.073 seconds
[2025-04-05T15:29:58.701+0000] {processor.py:186} INFO - Started process (PID=1425) to work on /home/airflow/.local/lib/python3.12/site-packages/airflow/example_dags/example_python_decorator.py
[2025-04-05T15:29:58.702+0000] {processor.py:914} INFO - Processing file /home/airflow/.local/lib/python3.12/site-packages/airflow/example_dags/example_python_decorator.py for tasks to queue
[2025-04-05T15:29:58.703+0000] {logging_mixin.py:190} INFO - [2025-04-05T15:29:58.703+0000] {dagbag.py:588} INFO - Filling up the DagBag from /home/airflow/.local/lib/python3.12/site-packages/airflow/example_dags/example_python_decorator.py
[2025-04-05T15:29:58.717+0000] {processor.py:925} INFO - DAG(s) 'example_python_decorator' retrieved from /home/airflow/.local/lib/python3.12/site-packages/airflow/example_dags/example_python_decorator.py
[2025-04-05T15:29:58.737+0000] {logging_mixin.py:190} INFO - [2025-04-05T15:29:58.736+0000] {dag.py:3239} INFO - Sync 1 DAGs
[2025-04-05T15:29:58.752+0000] {logging_mixin.py:190} INFO - [2025-04-05T15:29:58.751+0000] {dag.py:4180} INFO - Setting next_dagrun for example_python_decorator to None, run_after=None
[2025-04-05T15:29:58.771+0000] {processor.py:208} INFO - Processing /home/airflow/.local/lib/python3.12/site-packages/airflow/example_dags/example_python_decorator.py took 0.076 seconds
[2025-04-05T15:30:29.535+0000] {processor.py:186} INFO - Started process (PID=1489) to work on /home/airflow/.local/lib/python3.12/site-packages/airflow/example_dags/example_python_decorator.py
[2025-04-05T15:30:29.537+0000] {processor.py:914} INFO - Processing file /home/airflow/.local/lib/python3.12/site-packages/airflow/example_dags/example_python_decorator.py for tasks to queue
[2025-04-05T15:30:29.539+0000] {logging_mixin.py:190} INFO - [2025-04-05T15:30:29.539+0000] {dagbag.py:588} INFO - Filling up the DagBag from /home/airflow/.local/lib/python3.12/site-packages/airflow/example_dags/example_python_decorator.py
[2025-04-05T15:30:29.551+0000] {processor.py:925} INFO - DAG(s) 'example_python_decorator' retrieved from /home/airflow/.local/lib/python3.12/site-packages/airflow/example_dags/example_python_decorator.py
[2025-04-05T15:30:29.574+0000] {logging_mixin.py:190} INFO - [2025-04-05T15:30:29.574+0000] {dag.py:3239} INFO - Sync 1 DAGs
[2025-04-05T15:30:29.591+0000] {logging_mixin.py:190} INFO - [2025-04-05T15:30:29.590+0000] {dag.py:4180} INFO - Setting next_dagrun for example_python_decorator to None, run_after=None
[2025-04-05T15:30:29.614+0000] {processor.py:208} INFO - Processing /home/airflow/.local/lib/python3.12/site-packages/airflow/example_dags/example_python_decorator.py took 0.083 seconds
[2025-04-05T15:31:00.469+0000] {processor.py:186} INFO - Started process (PID=1552) to work on /home/airflow/.local/lib/python3.12/site-packages/airflow/example_dags/example_python_decorator.py
[2025-04-05T15:31:00.471+0000] {processor.py:914} INFO - Processing file /home/airflow/.local/lib/python3.12/site-packages/airflow/example_dags/example_python_decorator.py for tasks to queue
[2025-04-05T15:31:00.473+0000] {logging_mixin.py:190} INFO - [2025-04-05T15:31:00.472+0000] {dagbag.py:588} INFO - Filling up the DagBag from /home/airflow/.local/lib/python3.12/site-packages/airflow/example_dags/example_python_decorator.py
[2025-04-05T15:31:00.487+0000] {processor.py:925} INFO - DAG(s) 'example_python_decorator' retrieved from /home/airflow/.local/lib/python3.12/site-packages/airflow/example_dags/example_python_decorator.py
[2025-04-05T15:31:00.508+0000] {logging_mixin.py:190} INFO - [2025-04-05T15:31:00.507+0000] {dag.py:3239} INFO - Sync 1 DAGs
[2025-04-05T15:31:00.520+0000] {logging_mixin.py:190} INFO - [2025-04-05T15:31:00.520+0000] {dag.py:4180} INFO - Setting next_dagrun for example_python_decorator to None, run_after=None
[2025-04-05T15:31:00.542+0000] {processor.py:208} INFO - Processing /home/airflow/.local/lib/python3.12/site-packages/airflow/example_dags/example_python_decorator.py took 0.077 seconds
[2025-04-05T15:31:31.264+0000] {processor.py:186} INFO - Started process (PID=1615) to work on /home/airflow/.local/lib/python3.12/site-packages/airflow/example_dags/example_python_decorator.py
[2025-04-05T15:31:31.265+0000] {processor.py:914} INFO - Processing file /home/airflow/.local/lib/python3.12/site-packages/airflow/example_dags/example_python_decorator.py for tasks to queue
[2025-04-05T15:31:31.268+0000] {logging_mixin.py:190} INFO - [2025-04-05T15:31:31.268+0000] {dagbag.py:588} INFO - Filling up the DagBag from /home/airflow/.local/lib/python3.12/site-packages/airflow/example_dags/example_python_decorator.py
[2025-04-05T15:31:31.286+0000] {processor.py:925} INFO - DAG(s) 'example_python_decorator' retrieved from /home/airflow/.local/lib/python3.12/site-packages/airflow/example_dags/example_python_decorator.py
[2025-04-05T15:31:31.310+0000] {logging_mixin.py:190} INFO - [2025-04-05T15:31:31.310+0000] {dag.py:3239} INFO - Sync 1 DAGs
[2025-04-05T15:31:31.328+0000] {logging_mixin.py:190} INFO - [2025-04-05T15:31:31.328+0000] {dag.py:4180} INFO - Setting next_dagrun for example_python_decorator to None, run_after=None
[2025-04-05T15:31:31.348+0000] {processor.py:208} INFO - Processing /home/airflow/.local/lib/python3.12/site-packages/airflow/example_dags/example_python_decorator.py took 0.093 seconds
[2025-04-05T15:32:01.384+0000] {processor.py:186} INFO - Started process (PID=1677) to work on /home/airflow/.local/lib/python3.12/site-packages/airflow/example_dags/example_python_decorator.py
[2025-04-05T15:32:01.391+0000] {processor.py:914} INFO - Processing file /home/airflow/.local/lib/python3.12/site-packages/airflow/example_dags/example_python_decorator.py for tasks to queue
[2025-04-05T15:32:01.394+0000] {logging_mixin.py:190} INFO - [2025-04-05T15:32:01.393+0000] {dagbag.py:588} INFO - Filling up the DagBag from /home/airflow/.local/lib/python3.12/site-packages/airflow/example_dags/example_python_decorator.py
[2025-04-05T15:32:01.408+0000] {processor.py:925} INFO - DAG(s) 'example_python_decorator' retrieved from /home/airflow/.local/lib/python3.12/site-packages/airflow/example_dags/example_python_decorator.py
[2025-04-05T15:32:01.431+0000] {logging_mixin.py:190} INFO - [2025-04-05T15:32:01.431+0000] {dag.py:3239} INFO - Sync 1 DAGs
[2025-04-05T15:32:01.446+0000] {logging_mixin.py:190} INFO - [2025-04-05T15:32:01.445+0000] {dag.py:4180} INFO - Setting next_dagrun for example_python_decorator to None, run_after=None
[2025-04-05T15:32:01.468+0000] {processor.py:208} INFO - Processing /home/airflow/.local/lib/python3.12/site-packages/airflow/example_dags/example_python_decorator.py took 0.090 seconds
[2025-04-05T15:32:32.508+0000] {processor.py:186} INFO - Started process (PID=1741) to work on /home/airflow/.local/lib/python3.12/site-packages/airflow/example_dags/example_python_decorator.py
[2025-04-05T15:32:32.509+0000] {processor.py:914} INFO - Processing file /home/airflow/.local/lib/python3.12/site-packages/airflow/example_dags/example_python_decorator.py for tasks to queue
[2025-04-05T15:32:32.512+0000] {logging_mixin.py:190} INFO - [2025-04-05T15:32:32.511+0000] {dagbag.py:588} INFO - Filling up the DagBag from /home/airflow/.local/lib/python3.12/site-packages/airflow/example_dags/example_python_decorator.py
[2025-04-05T15:32:32.527+0000] {processor.py:925} INFO - DAG(s) 'example_python_decorator' retrieved from /home/airflow/.local/lib/python3.12/site-packages/airflow/example_dags/example_python_decorator.py
[2025-04-05T15:32:32.561+0000] {logging_mixin.py:190} INFO - [2025-04-05T15:32:32.561+0000] {dag.py:3239} INFO - Sync 1 DAGs
[2025-04-05T15:32:32.582+0000] {logging_mixin.py:190} INFO - [2025-04-05T15:32:32.582+0000] {dag.py:4180} INFO - Setting next_dagrun for example_python_decorator to None, run_after=None
[2025-04-05T15:32:32.602+0000] {processor.py:208} INFO - Processing /home/airflow/.local/lib/python3.12/site-packages/airflow/example_dags/example_python_decorator.py took 0.102 seconds
[2025-04-05T15:33:03.261+0000] {processor.py:186} INFO - Started process (PID=1804) to work on /home/airflow/.local/lib/python3.12/site-packages/airflow/example_dags/example_python_decorator.py
[2025-04-05T15:33:03.262+0000] {processor.py:914} INFO - Processing file /home/airflow/.local/lib/python3.12/site-packages/airflow/example_dags/example_python_decorator.py for tasks to queue
[2025-04-05T15:33:03.265+0000] {logging_mixin.py:190} INFO - [2025-04-05T15:33:03.265+0000] {dagbag.py:588} INFO - Filling up the DagBag from /home/airflow/.local/lib/python3.12/site-packages/airflow/example_dags/example_python_decorator.py
[2025-04-05T15:33:03.282+0000] {processor.py:925} INFO - DAG(s) 'example_python_decorator' retrieved from /home/airflow/.local/lib/python3.12/site-packages/airflow/example_dags/example_python_decorator.py
[2025-04-05T15:33:03.307+0000] {logging_mixin.py:190} INFO - [2025-04-05T15:33:03.306+0000] {dag.py:3239} INFO - Sync 1 DAGs
[2025-04-05T15:33:03.321+0000] {logging_mixin.py:190} INFO - [2025-04-05T15:33:03.320+0000] {dag.py:4180} INFO - Setting next_dagrun for example_python_decorator to None, run_after=None
[2025-04-05T15:33:03.338+0000] {processor.py:208} INFO - Processing /home/airflow/.local/lib/python3.12/site-packages/airflow/example_dags/example_python_decorator.py took 0.082 seconds
