[2025-04-05T15:19:10.383+0000] {processor.py:186} INFO - Started process (PID=81) to work on /home/airflow/.local/lib/python3.12/site-packages/airflow/example_dags/example_inlet_event_extra.py
[2025-04-05T15:19:10.384+0000] {processor.py:914} INFO - Processing file /home/airflow/.local/lib/python3.12/site-packages/airflow/example_dags/example_inlet_event_extra.py for tasks to queue
[2025-04-05T15:19:10.386+0000] {logging_mixin.py:190} INFO - [2025-04-05T15:19:10.386+0000] {dagbag.py:588} INFO - Filling up the DagBag from /home/airflow/.local/lib/python3.12/site-packages/airflow/example_dags/example_inlet_event_extra.py
[2025-04-05T15:19:12.963+0000] {processor.py:925} INFO - DAG(s) 'read_dataset_event_from_classic', 'read_dataset_event' retrieved from /home/airflow/.local/lib/python3.12/site-packages/airflow/example_dags/example_inlet_event_extra.py
[2025-04-05T15:19:13.109+0000] {logging_mixin.py:190} INFO - [2025-04-05T15:19:13.108+0000] {override.py:1912} INFO - Created Permission View: can read on DAG:read_dataset_event_from_classic
[2025-04-05T15:19:13.133+0000] {logging_mixin.py:190} INFO - [2025-04-05T15:19:13.133+0000] {override.py:1912} INFO - Created Permission View: can delete on DAG:read_dataset_event_from_classic
[2025-04-05T15:19:13.152+0000] {logging_mixin.py:190} INFO - [2025-04-05T15:19:13.151+0000] {override.py:1912} INFO - Created Permission View: can edit on DAG:read_dataset_event_from_classic
[2025-04-05T15:19:13.199+0000] {logging_mixin.py:190} INFO - [2025-04-05T15:19:13.198+0000] {override.py:1912} INFO - Created Permission View: can read on DAG Run:read_dataset_event_from_classic
[2025-04-05T15:19:13.219+0000] {logging_mixin.py:190} INFO - [2025-04-05T15:19:13.218+0000] {override.py:1912} INFO - Created Permission View: can create on DAG Run:read_dataset_event_from_classic
[2025-04-05T15:19:13.233+0000] {logging_mixin.py:190} INFO - [2025-04-05T15:19:13.232+0000] {override.py:1912} INFO - Created Permission View: can delete on DAG Run:read_dataset_event_from_classic
[2025-04-05T15:19:13.300+0000] {logging_mixin.py:190} INFO - [2025-04-05T15:19:13.299+0000] {override.py:1912} INFO - Created Permission View: menu access on DAG Run:read_dataset_event_from_classic
[2025-04-05T15:19:13.328+0000] {logging_mixin.py:190} INFO - [2025-04-05T15:19:13.327+0000] {override.py:1912} INFO - Created Permission View: can read on DAG:read_dataset_event
[2025-04-05T15:19:13.341+0000] {logging_mixin.py:190} INFO - [2025-04-05T15:19:13.340+0000] {override.py:1912} INFO - Created Permission View: can delete on DAG:read_dataset_event
[2025-04-05T15:19:13.354+0000] {logging_mixin.py:190} INFO - [2025-04-05T15:19:13.354+0000] {override.py:1912} INFO - Created Permission View: can edit on DAG:read_dataset_event
[2025-04-05T15:19:13.376+0000] {logging_mixin.py:190} INFO - [2025-04-05T15:19:13.375+0000] {override.py:1912} INFO - Created Permission View: can read on DAG Run:read_dataset_event
[2025-04-05T15:19:13.394+0000] {logging_mixin.py:190} INFO - [2025-04-05T15:19:13.393+0000] {override.py:1912} INFO - Created Permission View: can create on DAG Run:read_dataset_event
[2025-04-05T15:19:13.413+0000] {logging_mixin.py:190} INFO - [2025-04-05T15:19:13.413+0000] {override.py:1912} INFO - Created Permission View: can delete on DAG Run:read_dataset_event
[2025-04-05T15:19:13.437+0000] {logging_mixin.py:190} INFO - [2025-04-05T15:19:13.436+0000] {override.py:1912} INFO - Created Permission View: menu access on DAG Run:read_dataset_event
[2025-04-05T15:19:13.437+0000] {logging_mixin.py:190} INFO - [2025-04-05T15:19:13.437+0000] {dag.py:3239} INFO - Sync 2 DAGs
[2025-04-05T15:19:13.457+0000] {logging_mixin.py:190} INFO - [2025-04-05T15:19:13.456+0000] {dag.py:3262} INFO - Creating ORM DAG for read_dataset_event_from_classic
[2025-04-05T15:19:13.458+0000] {logging_mixin.py:190} INFO - [2025-04-05T15:19:13.458+0000] {dag.py:3262} INFO - Creating ORM DAG for read_dataset_event
[2025-04-05T15:19:13.479+0000] {logging_mixin.py:190} INFO - [2025-04-05T15:19:13.478+0000] {dag.py:4180} INFO - Setting next_dagrun for read_dataset_event to 2025-04-04 00:00:00+00:00, run_after=2025-04-05 00:00:00+00:00
[2025-04-05T15:19:13.481+0000] {logging_mixin.py:190} INFO - [2025-04-05T15:19:13.481+0000] {dag.py:4180} INFO - Setting next_dagrun for read_dataset_event_from_classic to 2025-04-04 00:00:00+00:00, run_after=2025-04-05 00:00:00+00:00
[2025-04-05T15:19:13.556+0000] {processor.py:208} INFO - Processing /home/airflow/.local/lib/python3.12/site-packages/airflow/example_dags/example_inlet_event_extra.py took 3.194 seconds
[2025-04-05T15:19:43.809+0000] {processor.py:186} INFO - Started process (PID=149) to work on /home/airflow/.local/lib/python3.12/site-packages/airflow/example_dags/example_inlet_event_extra.py
[2025-04-05T15:19:43.826+0000] {processor.py:914} INFO - Processing file /home/airflow/.local/lib/python3.12/site-packages/airflow/example_dags/example_inlet_event_extra.py for tasks to queue
[2025-04-05T15:19:43.828+0000] {logging_mixin.py:190} INFO - [2025-04-05T15:19:43.828+0000] {dagbag.py:588} INFO - Filling up the DagBag from /home/airflow/.local/lib/python3.12/site-packages/airflow/example_dags/example_inlet_event_extra.py
[2025-04-05T15:19:44.479+0000] {processor.py:925} INFO - DAG(s) 'read_dataset_event_from_classic', 'read_dataset_event' retrieved from /home/airflow/.local/lib/python3.12/site-packages/airflow/example_dags/example_inlet_event_extra.py
[2025-04-05T15:19:44.507+0000] {logging_mixin.py:190} INFO - [2025-04-05T15:19:44.507+0000] {dag.py:3239} INFO - Sync 2 DAGs
[2025-04-05T15:19:44.533+0000] {logging_mixin.py:190} INFO - [2025-04-05T15:19:44.533+0000] {dag.py:4180} INFO - Setting next_dagrun for read_dataset_event to 2025-04-04 00:00:00+00:00, run_after=2025-04-05 00:00:00+00:00
[2025-04-05T15:19:44.540+0000] {logging_mixin.py:190} INFO - [2025-04-05T15:19:44.539+0000] {dag.py:4180} INFO - Setting next_dagrun for read_dataset_event_from_classic to 2025-04-04 00:00:00+00:00, run_after=2025-04-05 00:00:00+00:00
[2025-04-05T15:19:44.563+0000] {processor.py:208} INFO - Processing /home/airflow/.local/lib/python3.12/site-packages/airflow/example_dags/example_inlet_event_extra.py took 0.759 seconds
[2025-04-05T15:20:14.598+0000] {processor.py:186} INFO - Started process (PID=217) to work on /home/airflow/.local/lib/python3.12/site-packages/airflow/example_dags/example_inlet_event_extra.py
[2025-04-05T15:20:14.600+0000] {processor.py:914} INFO - Processing file /home/airflow/.local/lib/python3.12/site-packages/airflow/example_dags/example_inlet_event_extra.py for tasks to queue
[2025-04-05T15:20:14.608+0000] {logging_mixin.py:190} INFO - [2025-04-05T15:20:14.608+0000] {dagbag.py:588} INFO - Filling up the DagBag from /home/airflow/.local/lib/python3.12/site-packages/airflow/example_dags/example_inlet_event_extra.py
[2025-04-05T15:20:15.254+0000] {processor.py:925} INFO - DAG(s) 'read_dataset_event', 'read_dataset_event_from_classic' retrieved from /home/airflow/.local/lib/python3.12/site-packages/airflow/example_dags/example_inlet_event_extra.py
[2025-04-05T15:20:15.274+0000] {logging_mixin.py:190} INFO - [2025-04-05T15:20:15.274+0000] {dag.py:3239} INFO - Sync 2 DAGs
[2025-04-05T15:20:15.291+0000] {logging_mixin.py:190} INFO - [2025-04-05T15:20:15.291+0000] {dag.py:4180} INFO - Setting next_dagrun for read_dataset_event to 2025-04-04 00:00:00+00:00, run_after=2025-04-05 00:00:00+00:00
[2025-04-05T15:20:15.296+0000] {logging_mixin.py:190} INFO - [2025-04-05T15:20:15.295+0000] {dag.py:4180} INFO - Setting next_dagrun for read_dataset_event_from_classic to 2025-04-04 00:00:00+00:00, run_after=2025-04-05 00:00:00+00:00
[2025-04-05T15:20:15.310+0000] {processor.py:208} INFO - Processing /home/airflow/.local/lib/python3.12/site-packages/airflow/example_dags/example_inlet_event_extra.py took 0.718 seconds
[2025-04-05T15:20:45.877+0000] {processor.py:186} INFO - Started process (PID=282) to work on /home/airflow/.local/lib/python3.12/site-packages/airflow/example_dags/example_inlet_event_extra.py
[2025-04-05T15:20:45.879+0000] {processor.py:914} INFO - Processing file /home/airflow/.local/lib/python3.12/site-packages/airflow/example_dags/example_inlet_event_extra.py for tasks to queue
[2025-04-05T15:20:45.881+0000] {logging_mixin.py:190} INFO - [2025-04-05T15:20:45.880+0000] {dagbag.py:588} INFO - Filling up the DagBag from /home/airflow/.local/lib/python3.12/site-packages/airflow/example_dags/example_inlet_event_extra.py
[2025-04-05T15:20:46.303+0000] {processor.py:925} INFO - DAG(s) 'read_dataset_event_from_classic', 'read_dataset_event' retrieved from /home/airflow/.local/lib/python3.12/site-packages/airflow/example_dags/example_inlet_event_extra.py
[2025-04-05T15:20:46.320+0000] {logging_mixin.py:190} INFO - [2025-04-05T15:20:46.319+0000] {dag.py:3239} INFO - Sync 2 DAGs
[2025-04-05T15:20:46.336+0000] {logging_mixin.py:190} INFO - [2025-04-05T15:20:46.336+0000] {dag.py:4180} INFO - Setting next_dagrun for read_dataset_event to 2025-04-04 00:00:00+00:00, run_after=2025-04-05 00:00:00+00:00
[2025-04-05T15:20:46.340+0000] {logging_mixin.py:190} INFO - [2025-04-05T15:20:46.340+0000] {dag.py:4180} INFO - Setting next_dagrun for read_dataset_event_from_classic to 2025-04-04 00:00:00+00:00, run_after=2025-04-05 00:00:00+00:00
[2025-04-05T15:20:46.355+0000] {processor.py:208} INFO - Processing /home/airflow/.local/lib/python3.12/site-packages/airflow/example_dags/example_inlet_event_extra.py took 0.462 seconds
[2025-04-05T15:21:16.410+0000] {processor.py:186} INFO - Started process (PID=346) to work on /home/airflow/.local/lib/python3.12/site-packages/airflow/example_dags/example_inlet_event_extra.py
[2025-04-05T15:21:16.411+0000] {processor.py:914} INFO - Processing file /home/airflow/.local/lib/python3.12/site-packages/airflow/example_dags/example_inlet_event_extra.py for tasks to queue
[2025-04-05T15:21:16.412+0000] {logging_mixin.py:190} INFO - [2025-04-05T15:21:16.412+0000] {dagbag.py:588} INFO - Filling up the DagBag from /home/airflow/.local/lib/python3.12/site-packages/airflow/example_dags/example_inlet_event_extra.py
[2025-04-05T15:21:16.804+0000] {processor.py:925} INFO - DAG(s) 'read_dataset_event_from_classic', 'read_dataset_event' retrieved from /home/airflow/.local/lib/python3.12/site-packages/airflow/example_dags/example_inlet_event_extra.py
[2025-04-05T15:21:16.820+0000] {logging_mixin.py:190} INFO - [2025-04-05T15:21:16.819+0000] {dag.py:3239} INFO - Sync 2 DAGs
[2025-04-05T15:21:16.838+0000] {logging_mixin.py:190} INFO - [2025-04-05T15:21:16.838+0000] {dag.py:4180} INFO - Setting next_dagrun for read_dataset_event to 2025-04-04 00:00:00+00:00, run_after=2025-04-05 00:00:00+00:00
[2025-04-05T15:21:16.842+0000] {logging_mixin.py:190} INFO - [2025-04-05T15:21:16.842+0000] {dag.py:4180} INFO - Setting next_dagrun for read_dataset_event_from_classic to 2025-04-04 00:00:00+00:00, run_after=2025-04-05 00:00:00+00:00
[2025-04-05T15:21:16.870+0000] {processor.py:208} INFO - Processing /home/airflow/.local/lib/python3.12/site-packages/airflow/example_dags/example_inlet_event_extra.py took 0.464 seconds
[2025-04-05T15:21:47.073+0000] {processor.py:186} INFO - Started process (PID=408) to work on /home/airflow/.local/lib/python3.12/site-packages/airflow/example_dags/example_inlet_event_extra.py
[2025-04-05T15:21:47.075+0000] {processor.py:914} INFO - Processing file /home/airflow/.local/lib/python3.12/site-packages/airflow/example_dags/example_inlet_event_extra.py for tasks to queue
[2025-04-05T15:21:47.077+0000] {logging_mixin.py:190} INFO - [2025-04-05T15:21:47.077+0000] {dagbag.py:588} INFO - Filling up the DagBag from /home/airflow/.local/lib/python3.12/site-packages/airflow/example_dags/example_inlet_event_extra.py
[2025-04-05T15:21:47.497+0000] {processor.py:925} INFO - DAG(s) 'read_dataset_event_from_classic', 'read_dataset_event' retrieved from /home/airflow/.local/lib/python3.12/site-packages/airflow/example_dags/example_inlet_event_extra.py
[2025-04-05T15:21:47.513+0000] {logging_mixin.py:190} INFO - [2025-04-05T15:21:47.513+0000] {dag.py:3239} INFO - Sync 2 DAGs
[2025-04-05T15:21:47.530+0000] {logging_mixin.py:190} INFO - [2025-04-05T15:21:47.530+0000] {dag.py:4180} INFO - Setting next_dagrun for read_dataset_event to 2025-04-04 00:00:00+00:00, run_after=2025-04-05 00:00:00+00:00
[2025-04-05T15:21:47.534+0000] {logging_mixin.py:190} INFO - [2025-04-05T15:21:47.534+0000] {dag.py:4180} INFO - Setting next_dagrun for read_dataset_event_from_classic to 2025-04-04 00:00:00+00:00, run_after=2025-04-05 00:00:00+00:00
[2025-04-05T15:21:47.551+0000] {processor.py:208} INFO - Processing /home/airflow/.local/lib/python3.12/site-packages/airflow/example_dags/example_inlet_event_extra.py took 0.483 seconds
[2025-04-05T15:22:17.641+0000] {processor.py:186} INFO - Started process (PID=471) to work on /home/airflow/.local/lib/python3.12/site-packages/airflow/example_dags/example_inlet_event_extra.py
[2025-04-05T15:22:17.643+0000] {processor.py:914} INFO - Processing file /home/airflow/.local/lib/python3.12/site-packages/airflow/example_dags/example_inlet_event_extra.py for tasks to queue
[2025-04-05T15:22:17.645+0000] {logging_mixin.py:190} INFO - [2025-04-05T15:22:17.645+0000] {dagbag.py:588} INFO - Filling up the DagBag from /home/airflow/.local/lib/python3.12/site-packages/airflow/example_dags/example_inlet_event_extra.py
[2025-04-05T15:22:18.064+0000] {processor.py:925} INFO - DAG(s) 'read_dataset_event', 'read_dataset_event_from_classic' retrieved from /home/airflow/.local/lib/python3.12/site-packages/airflow/example_dags/example_inlet_event_extra.py
[2025-04-05T15:22:18.082+0000] {logging_mixin.py:190} INFO - [2025-04-05T15:22:18.081+0000] {dag.py:3239} INFO - Sync 2 DAGs
[2025-04-05T15:22:18.099+0000] {logging_mixin.py:190} INFO - [2025-04-05T15:22:18.099+0000] {dag.py:4180} INFO - Setting next_dagrun for read_dataset_event to 2025-04-04 00:00:00+00:00, run_after=2025-04-05 00:00:00+00:00
[2025-04-05T15:22:18.104+0000] {logging_mixin.py:190} INFO - [2025-04-05T15:22:18.104+0000] {dag.py:4180} INFO - Setting next_dagrun for read_dataset_event_from_classic to 2025-04-04 00:00:00+00:00, run_after=2025-04-05 00:00:00+00:00
[2025-04-05T15:22:18.119+0000] {processor.py:208} INFO - Processing /home/airflow/.local/lib/python3.12/site-packages/airflow/example_dags/example_inlet_event_extra.py took 0.482 seconds
[2025-04-05T15:22:48.851+0000] {processor.py:186} INFO - Started process (PID=536) to work on /home/airflow/.local/lib/python3.12/site-packages/airflow/example_dags/example_inlet_event_extra.py
[2025-04-05T15:22:48.852+0000] {processor.py:914} INFO - Processing file /home/airflow/.local/lib/python3.12/site-packages/airflow/example_dags/example_inlet_event_extra.py for tasks to queue
[2025-04-05T15:22:48.854+0000] {logging_mixin.py:190} INFO - [2025-04-05T15:22:48.854+0000] {dagbag.py:588} INFO - Filling up the DagBag from /home/airflow/.local/lib/python3.12/site-packages/airflow/example_dags/example_inlet_event_extra.py
[2025-04-05T15:22:49.243+0000] {processor.py:925} INFO - DAG(s) 'read_dataset_event_from_classic', 'read_dataset_event' retrieved from /home/airflow/.local/lib/python3.12/site-packages/airflow/example_dags/example_inlet_event_extra.py
[2025-04-05T15:22:49.259+0000] {logging_mixin.py:190} INFO - [2025-04-05T15:22:49.259+0000] {dag.py:3239} INFO - Sync 2 DAGs
[2025-04-05T15:22:49.275+0000] {logging_mixin.py:190} INFO - [2025-04-05T15:22:49.275+0000] {dag.py:4180} INFO - Setting next_dagrun for read_dataset_event to 2025-04-04 00:00:00+00:00, run_after=2025-04-05 00:00:00+00:00
[2025-04-05T15:22:49.281+0000] {logging_mixin.py:190} INFO - [2025-04-05T15:22:49.281+0000] {dag.py:4180} INFO - Setting next_dagrun for read_dataset_event_from_classic to 2025-04-04 00:00:00+00:00, run_after=2025-04-05 00:00:00+00:00
[2025-04-05T15:22:49.297+0000] {processor.py:208} INFO - Processing /home/airflow/.local/lib/python3.12/site-packages/airflow/example_dags/example_inlet_event_extra.py took 0.450 seconds
[2025-04-05T15:23:19.793+0000] {processor.py:186} INFO - Started process (PID=599) to work on /home/airflow/.local/lib/python3.12/site-packages/airflow/example_dags/example_inlet_event_extra.py
[2025-04-05T15:23:19.794+0000] {processor.py:914} INFO - Processing file /home/airflow/.local/lib/python3.12/site-packages/airflow/example_dags/example_inlet_event_extra.py for tasks to queue
[2025-04-05T15:23:19.796+0000] {logging_mixin.py:190} INFO - [2025-04-05T15:23:19.796+0000] {dagbag.py:588} INFO - Filling up the DagBag from /home/airflow/.local/lib/python3.12/site-packages/airflow/example_dags/example_inlet_event_extra.py
[2025-04-05T15:23:20.189+0000] {processor.py:925} INFO - DAG(s) 'read_dataset_event', 'read_dataset_event_from_classic' retrieved from /home/airflow/.local/lib/python3.12/site-packages/airflow/example_dags/example_inlet_event_extra.py
[2025-04-05T15:23:20.205+0000] {logging_mixin.py:190} INFO - [2025-04-05T15:23:20.204+0000] {dag.py:3239} INFO - Sync 2 DAGs
[2025-04-05T15:23:20.221+0000] {logging_mixin.py:190} INFO - [2025-04-05T15:23:20.221+0000] {dag.py:4180} INFO - Setting next_dagrun for read_dataset_event to 2025-04-04 00:00:00+00:00, run_after=2025-04-05 00:00:00+00:00
[2025-04-05T15:23:20.225+0000] {logging_mixin.py:190} INFO - [2025-04-05T15:23:20.224+0000] {dag.py:4180} INFO - Setting next_dagrun for read_dataset_event_from_classic to 2025-04-04 00:00:00+00:00, run_after=2025-04-05 00:00:00+00:00
[2025-04-05T15:23:20.240+0000] {processor.py:208} INFO - Processing /home/airflow/.local/lib/python3.12/site-packages/airflow/example_dags/example_inlet_event_extra.py took 0.451 seconds
[2025-04-05T15:23:51.220+0000] {processor.py:186} INFO - Started process (PID=664) to work on /home/airflow/.local/lib/python3.12/site-packages/airflow/example_dags/example_inlet_event_extra.py
[2025-04-05T15:23:51.224+0000] {processor.py:914} INFO - Processing file /home/airflow/.local/lib/python3.12/site-packages/airflow/example_dags/example_inlet_event_extra.py for tasks to queue
[2025-04-05T15:23:51.226+0000] {logging_mixin.py:190} INFO - [2025-04-05T15:23:51.226+0000] {dagbag.py:588} INFO - Filling up the DagBag from /home/airflow/.local/lib/python3.12/site-packages/airflow/example_dags/example_inlet_event_extra.py
[2025-04-05T15:23:51.613+0000] {processor.py:925} INFO - DAG(s) 'read_dataset_event_from_classic', 'read_dataset_event' retrieved from /home/airflow/.local/lib/python3.12/site-packages/airflow/example_dags/example_inlet_event_extra.py
[2025-04-05T15:23:51.629+0000] {logging_mixin.py:190} INFO - [2025-04-05T15:23:51.629+0000] {dag.py:3239} INFO - Sync 2 DAGs
[2025-04-05T15:23:51.651+0000] {logging_mixin.py:190} INFO - [2025-04-05T15:23:51.651+0000] {dag.py:4180} INFO - Setting next_dagrun for read_dataset_event to 2025-04-04 00:00:00+00:00, run_after=2025-04-05 00:00:00+00:00
[2025-04-05T15:23:51.655+0000] {logging_mixin.py:190} INFO - [2025-04-05T15:23:51.655+0000] {dag.py:4180} INFO - Setting next_dagrun for read_dataset_event_from_classic to 2025-04-04 00:00:00+00:00, run_after=2025-04-05 00:00:00+00:00
[2025-04-05T15:23:51.669+0000] {processor.py:208} INFO - Processing /home/airflow/.local/lib/python3.12/site-packages/airflow/example_dags/example_inlet_event_extra.py took 0.453 seconds
[2025-04-05T15:24:22.551+0000] {processor.py:186} INFO - Started process (PID=730) to work on /home/airflow/.local/lib/python3.12/site-packages/airflow/example_dags/example_inlet_event_extra.py
[2025-04-05T15:24:22.564+0000] {processor.py:914} INFO - Processing file /home/airflow/.local/lib/python3.12/site-packages/airflow/example_dags/example_inlet_event_extra.py for tasks to queue
[2025-04-05T15:24:22.566+0000] {logging_mixin.py:190} INFO - [2025-04-05T15:24:22.566+0000] {dagbag.py:588} INFO - Filling up the DagBag from /home/airflow/.local/lib/python3.12/site-packages/airflow/example_dags/example_inlet_event_extra.py
[2025-04-05T15:24:22.982+0000] {processor.py:925} INFO - DAG(s) 'read_dataset_event_from_classic', 'read_dataset_event' retrieved from /home/airflow/.local/lib/python3.12/site-packages/airflow/example_dags/example_inlet_event_extra.py
[2025-04-05T15:24:22.998+0000] {logging_mixin.py:190} INFO - [2025-04-05T15:24:22.998+0000] {dag.py:3239} INFO - Sync 2 DAGs
[2025-04-05T15:24:23.016+0000] {logging_mixin.py:190} INFO - [2025-04-05T15:24:23.016+0000] {dag.py:4180} INFO - Setting next_dagrun for read_dataset_event to 2025-04-04 00:00:00+00:00, run_after=2025-04-05 00:00:00+00:00
[2025-04-05T15:24:23.021+0000] {logging_mixin.py:190} INFO - [2025-04-05T15:24:23.020+0000] {dag.py:4180} INFO - Setting next_dagrun for read_dataset_event_from_classic to 2025-04-04 00:00:00+00:00, run_after=2025-04-05 00:00:00+00:00
[2025-04-05T15:24:23.036+0000] {processor.py:208} INFO - Processing /home/airflow/.local/lib/python3.12/site-packages/airflow/example_dags/example_inlet_event_extra.py took 0.490 seconds
[2025-04-05T15:24:53.108+0000] {processor.py:186} INFO - Started process (PID=797) to work on /home/airflow/.local/lib/python3.12/site-packages/airflow/example_dags/example_inlet_event_extra.py
[2025-04-05T15:24:53.110+0000] {processor.py:914} INFO - Processing file /home/airflow/.local/lib/python3.12/site-packages/airflow/example_dags/example_inlet_event_extra.py for tasks to queue
[2025-04-05T15:24:53.112+0000] {logging_mixin.py:190} INFO - [2025-04-05T15:24:53.112+0000] {dagbag.py:588} INFO - Filling up the DagBag from /home/airflow/.local/lib/python3.12/site-packages/airflow/example_dags/example_inlet_event_extra.py
[2025-04-05T15:24:53.569+0000] {processor.py:925} INFO - DAG(s) 'read_dataset_event', 'read_dataset_event_from_classic' retrieved from /home/airflow/.local/lib/python3.12/site-packages/airflow/example_dags/example_inlet_event_extra.py
[2025-04-05T15:24:53.585+0000] {logging_mixin.py:190} INFO - [2025-04-05T15:24:53.585+0000] {dag.py:3239} INFO - Sync 2 DAGs
[2025-04-05T15:24:53.603+0000] {logging_mixin.py:190} INFO - [2025-04-05T15:24:53.603+0000] {dag.py:4180} INFO - Setting next_dagrun for read_dataset_event to 2025-04-04 00:00:00+00:00, run_after=2025-04-05 00:00:00+00:00
[2025-04-05T15:24:53.608+0000] {logging_mixin.py:190} INFO - [2025-04-05T15:24:53.608+0000] {dag.py:4180} INFO - Setting next_dagrun for read_dataset_event_from_classic to 2025-04-04 00:00:00+00:00, run_after=2025-04-05 00:00:00+00:00
[2025-04-05T15:24:53.624+0000] {processor.py:208} INFO - Processing /home/airflow/.local/lib/python3.12/site-packages/airflow/example_dags/example_inlet_event_extra.py took 0.521 seconds
[2025-04-05T15:25:23.655+0000] {processor.py:186} INFO - Started process (PID=865) to work on /home/airflow/.local/lib/python3.12/site-packages/airflow/example_dags/example_inlet_event_extra.py
[2025-04-05T15:25:23.657+0000] {processor.py:914} INFO - Processing file /home/airflow/.local/lib/python3.12/site-packages/airflow/example_dags/example_inlet_event_extra.py for tasks to queue
[2025-04-05T15:25:23.658+0000] {logging_mixin.py:190} INFO - [2025-04-05T15:25:23.658+0000] {dagbag.py:588} INFO - Filling up the DagBag from /home/airflow/.local/lib/python3.12/site-packages/airflow/example_dags/example_inlet_event_extra.py
[2025-04-05T15:25:24.048+0000] {processor.py:925} INFO - DAG(s) 'read_dataset_event', 'read_dataset_event_from_classic' retrieved from /home/airflow/.local/lib/python3.12/site-packages/airflow/example_dags/example_inlet_event_extra.py
[2025-04-05T15:25:24.064+0000] {logging_mixin.py:190} INFO - [2025-04-05T15:25:24.064+0000] {dag.py:3239} INFO - Sync 2 DAGs
[2025-04-05T15:25:24.080+0000] {logging_mixin.py:190} INFO - [2025-04-05T15:25:24.080+0000] {dag.py:4180} INFO - Setting next_dagrun for read_dataset_event to 2025-04-04 00:00:00+00:00, run_after=2025-04-05 00:00:00+00:00
[2025-04-05T15:25:24.084+0000] {logging_mixin.py:190} INFO - [2025-04-05T15:25:24.084+0000] {dag.py:4180} INFO - Setting next_dagrun for read_dataset_event_from_classic to 2025-04-04 00:00:00+00:00, run_after=2025-04-05 00:00:00+00:00
[2025-04-05T15:25:24.099+0000] {processor.py:208} INFO - Processing /home/airflow/.local/lib/python3.12/site-packages/airflow/example_dags/example_inlet_event_extra.py took 0.448 seconds
[2025-04-05T15:25:54.203+0000] {processor.py:186} INFO - Started process (PID=929) to work on /home/airflow/.local/lib/python3.12/site-packages/airflow/example_dags/example_inlet_event_extra.py
[2025-04-05T15:25:54.204+0000] {processor.py:914} INFO - Processing file /home/airflow/.local/lib/python3.12/site-packages/airflow/example_dags/example_inlet_event_extra.py for tasks to queue
[2025-04-05T15:25:54.207+0000] {logging_mixin.py:190} INFO - [2025-04-05T15:25:54.207+0000] {dagbag.py:588} INFO - Filling up the DagBag from /home/airflow/.local/lib/python3.12/site-packages/airflow/example_dags/example_inlet_event_extra.py
[2025-04-05T15:25:54.662+0000] {processor.py:925} INFO - DAG(s) 'read_dataset_event_from_classic', 'read_dataset_event' retrieved from /home/airflow/.local/lib/python3.12/site-packages/airflow/example_dags/example_inlet_event_extra.py
[2025-04-05T15:25:54.683+0000] {logging_mixin.py:190} INFO - [2025-04-05T15:25:54.682+0000] {dag.py:3239} INFO - Sync 2 DAGs
[2025-04-05T15:25:54.700+0000] {logging_mixin.py:190} INFO - [2025-04-05T15:25:54.700+0000] {dag.py:4180} INFO - Setting next_dagrun for read_dataset_event to 2025-04-04 00:00:00+00:00, run_after=2025-04-05 00:00:00+00:00
[2025-04-05T15:25:54.704+0000] {logging_mixin.py:190} INFO - [2025-04-05T15:25:54.704+0000] {dag.py:4180} INFO - Setting next_dagrun for read_dataset_event_from_classic to 2025-04-04 00:00:00+00:00, run_after=2025-04-05 00:00:00+00:00
[2025-04-05T15:25:54.732+0000] {processor.py:208} INFO - Processing /home/airflow/.local/lib/python3.12/site-packages/airflow/example_dags/example_inlet_event_extra.py took 0.535 seconds
[2025-04-05T15:26:25.259+0000] {processor.py:186} INFO - Started process (PID=992) to work on /home/airflow/.local/lib/python3.12/site-packages/airflow/example_dags/example_inlet_event_extra.py
[2025-04-05T15:26:25.262+0000] {processor.py:914} INFO - Processing file /home/airflow/.local/lib/python3.12/site-packages/airflow/example_dags/example_inlet_event_extra.py for tasks to queue
[2025-04-05T15:26:25.264+0000] {logging_mixin.py:190} INFO - [2025-04-05T15:26:25.264+0000] {dagbag.py:588} INFO - Filling up the DagBag from /home/airflow/.local/lib/python3.12/site-packages/airflow/example_dags/example_inlet_event_extra.py
[2025-04-05T15:26:25.710+0000] {processor.py:925} INFO - DAG(s) 'read_dataset_event_from_classic', 'read_dataset_event' retrieved from /home/airflow/.local/lib/python3.12/site-packages/airflow/example_dags/example_inlet_event_extra.py
[2025-04-05T15:26:25.736+0000] {logging_mixin.py:190} INFO - [2025-04-05T15:26:25.735+0000] {dag.py:3239} INFO - Sync 2 DAGs
[2025-04-05T15:26:25.760+0000] {logging_mixin.py:190} INFO - [2025-04-05T15:26:25.760+0000] {dag.py:4180} INFO - Setting next_dagrun for read_dataset_event to 2025-04-04 00:00:00+00:00, run_after=2025-04-05 00:00:00+00:00
[2025-04-05T15:26:25.765+0000] {logging_mixin.py:190} INFO - [2025-04-05T15:26:25.765+0000] {dag.py:4180} INFO - Setting next_dagrun for read_dataset_event_from_classic to 2025-04-04 00:00:00+00:00, run_after=2025-04-05 00:00:00+00:00
[2025-04-05T15:26:25.797+0000] {processor.py:208} INFO - Processing /home/airflow/.local/lib/python3.12/site-packages/airflow/example_dags/example_inlet_event_extra.py took 0.544 seconds
[2025-04-05T15:26:56.520+0000] {processor.py:186} INFO - Started process (PID=1055) to work on /home/airflow/.local/lib/python3.12/site-packages/airflow/example_dags/example_inlet_event_extra.py
[2025-04-05T15:26:56.534+0000] {processor.py:914} INFO - Processing file /home/airflow/.local/lib/python3.12/site-packages/airflow/example_dags/example_inlet_event_extra.py for tasks to queue
[2025-04-05T15:26:56.536+0000] {logging_mixin.py:190} INFO - [2025-04-05T15:26:56.536+0000] {dagbag.py:588} INFO - Filling up the DagBag from /home/airflow/.local/lib/python3.12/site-packages/airflow/example_dags/example_inlet_event_extra.py
[2025-04-05T15:26:57.066+0000] {processor.py:925} INFO - DAG(s) 'read_dataset_event', 'read_dataset_event_from_classic' retrieved from /home/airflow/.local/lib/python3.12/site-packages/airflow/example_dags/example_inlet_event_extra.py
[2025-04-05T15:26:57.087+0000] {logging_mixin.py:190} INFO - [2025-04-05T15:26:57.087+0000] {dag.py:3239} INFO - Sync 2 DAGs
[2025-04-05T15:26:57.110+0000] {logging_mixin.py:190} INFO - [2025-04-05T15:26:57.110+0000] {dag.py:4180} INFO - Setting next_dagrun for read_dataset_event to 2025-04-04 00:00:00+00:00, run_after=2025-04-05 00:00:00+00:00
[2025-04-05T15:26:57.114+0000] {logging_mixin.py:190} INFO - [2025-04-05T15:26:57.114+0000] {dag.py:4180} INFO - Setting next_dagrun for read_dataset_event_from_classic to 2025-04-04 00:00:00+00:00, run_after=2025-04-05 00:00:00+00:00
[2025-04-05T15:26:57.130+0000] {processor.py:208} INFO - Processing /home/airflow/.local/lib/python3.12/site-packages/airflow/example_dags/example_inlet_event_extra.py took 0.618 seconds
[2025-04-05T15:27:27.943+0000] {processor.py:186} INFO - Started process (PID=1121) to work on /home/airflow/.local/lib/python3.12/site-packages/airflow/example_dags/example_inlet_event_extra.py
[2025-04-05T15:27:27.944+0000] {processor.py:914} INFO - Processing file /home/airflow/.local/lib/python3.12/site-packages/airflow/example_dags/example_inlet_event_extra.py for tasks to queue
[2025-04-05T15:27:27.947+0000] {logging_mixin.py:190} INFO - [2025-04-05T15:27:27.947+0000] {dagbag.py:588} INFO - Filling up the DagBag from /home/airflow/.local/lib/python3.12/site-packages/airflow/example_dags/example_inlet_event_extra.py
[2025-04-05T15:27:28.446+0000] {processor.py:925} INFO - DAG(s) 'read_dataset_event_from_classic', 'read_dataset_event' retrieved from /home/airflow/.local/lib/python3.12/site-packages/airflow/example_dags/example_inlet_event_extra.py
[2025-04-05T15:27:28.466+0000] {logging_mixin.py:190} INFO - [2025-04-05T15:27:28.466+0000] {dag.py:3239} INFO - Sync 2 DAGs
[2025-04-05T15:27:28.487+0000] {logging_mixin.py:190} INFO - [2025-04-05T15:27:28.487+0000] {dag.py:4180} INFO - Setting next_dagrun for read_dataset_event to 2025-04-04 00:00:00+00:00, run_after=2025-04-05 00:00:00+00:00
[2025-04-05T15:27:28.491+0000] {logging_mixin.py:190} INFO - [2025-04-05T15:27:28.491+0000] {dag.py:4180} INFO - Setting next_dagrun for read_dataset_event_from_classic to 2025-04-04 00:00:00+00:00, run_after=2025-04-05 00:00:00+00:00
[2025-04-05T15:27:28.510+0000] {processor.py:208} INFO - Processing /home/airflow/.local/lib/python3.12/site-packages/airflow/example_dags/example_inlet_event_extra.py took 0.574 seconds
[2025-04-05T15:27:58.653+0000] {processor.py:186} INFO - Started process (PID=1188) to work on /home/airflow/.local/lib/python3.12/site-packages/airflow/example_dags/example_inlet_event_extra.py
[2025-04-05T15:27:58.654+0000] {processor.py:914} INFO - Processing file /home/airflow/.local/lib/python3.12/site-packages/airflow/example_dags/example_inlet_event_extra.py for tasks to queue
[2025-04-05T15:27:58.656+0000] {logging_mixin.py:190} INFO - [2025-04-05T15:27:58.655+0000] {dagbag.py:588} INFO - Filling up the DagBag from /home/airflow/.local/lib/python3.12/site-packages/airflow/example_dags/example_inlet_event_extra.py
[2025-04-05T15:27:59.053+0000] {processor.py:925} INFO - DAG(s) 'read_dataset_event', 'read_dataset_event_from_classic' retrieved from /home/airflow/.local/lib/python3.12/site-packages/airflow/example_dags/example_inlet_event_extra.py
[2025-04-05T15:27:59.074+0000] {logging_mixin.py:190} INFO - [2025-04-05T15:27:59.074+0000] {dag.py:3239} INFO - Sync 2 DAGs
[2025-04-05T15:27:59.093+0000] {logging_mixin.py:190} INFO - [2025-04-05T15:27:59.093+0000] {dag.py:4180} INFO - Setting next_dagrun for read_dataset_event to 2025-04-04 00:00:00+00:00, run_after=2025-04-05 00:00:00+00:00
[2025-04-05T15:27:59.097+0000] {logging_mixin.py:190} INFO - [2025-04-05T15:27:59.097+0000] {dag.py:4180} INFO - Setting next_dagrun for read_dataset_event_from_classic to 2025-04-04 00:00:00+00:00, run_after=2025-04-05 00:00:00+00:00
[2025-04-05T15:27:59.128+0000] {processor.py:208} INFO - Processing /home/airflow/.local/lib/python3.12/site-packages/airflow/example_dags/example_inlet_event_extra.py took 0.480 seconds
[2025-04-05T15:28:29.974+0000] {processor.py:186} INFO - Started process (PID=1251) to work on /home/airflow/.local/lib/python3.12/site-packages/airflow/example_dags/example_inlet_event_extra.py
[2025-04-05T15:28:29.977+0000] {processor.py:914} INFO - Processing file /home/airflow/.local/lib/python3.12/site-packages/airflow/example_dags/example_inlet_event_extra.py for tasks to queue
[2025-04-05T15:28:29.981+0000] {logging_mixin.py:190} INFO - [2025-04-05T15:28:29.981+0000] {dagbag.py:588} INFO - Filling up the DagBag from /home/airflow/.local/lib/python3.12/site-packages/airflow/example_dags/example_inlet_event_extra.py
[2025-04-05T15:28:30.528+0000] {processor.py:925} INFO - DAG(s) 'read_dataset_event', 'read_dataset_event_from_classic' retrieved from /home/airflow/.local/lib/python3.12/site-packages/airflow/example_dags/example_inlet_event_extra.py
[2025-04-05T15:28:30.547+0000] {logging_mixin.py:190} INFO - [2025-04-05T15:28:30.547+0000] {dag.py:3239} INFO - Sync 2 DAGs
[2025-04-05T15:28:30.571+0000] {logging_mixin.py:190} INFO - [2025-04-05T15:28:30.570+0000] {dag.py:4180} INFO - Setting next_dagrun for read_dataset_event to 2025-04-04 00:00:00+00:00, run_after=2025-04-05 00:00:00+00:00
[2025-04-05T15:28:30.576+0000] {logging_mixin.py:190} INFO - [2025-04-05T15:28:30.575+0000] {dag.py:4180} INFO - Setting next_dagrun for read_dataset_event_from_classic to 2025-04-04 00:00:00+00:00, run_after=2025-04-05 00:00:00+00:00
[2025-04-05T15:28:30.594+0000] {processor.py:208} INFO - Processing /home/airflow/.local/lib/python3.12/site-packages/airflow/example_dags/example_inlet_event_extra.py took 0.629 seconds
[2025-04-05T15:29:00.798+0000] {processor.py:186} INFO - Started process (PID=1314) to work on /home/airflow/.local/lib/python3.12/site-packages/airflow/example_dags/example_inlet_event_extra.py
[2025-04-05T15:29:00.799+0000] {processor.py:914} INFO - Processing file /home/airflow/.local/lib/python3.12/site-packages/airflow/example_dags/example_inlet_event_extra.py for tasks to queue
[2025-04-05T15:29:00.802+0000] {logging_mixin.py:190} INFO - [2025-04-05T15:29:00.801+0000] {dagbag.py:588} INFO - Filling up the DagBag from /home/airflow/.local/lib/python3.12/site-packages/airflow/example_dags/example_inlet_event_extra.py
[2025-04-05T15:29:01.300+0000] {processor.py:925} INFO - DAG(s) 'read_dataset_event', 'read_dataset_event_from_classic' retrieved from /home/airflow/.local/lib/python3.12/site-packages/airflow/example_dags/example_inlet_event_extra.py
[2025-04-05T15:29:01.321+0000] {logging_mixin.py:190} INFO - [2025-04-05T15:29:01.321+0000] {dag.py:3239} INFO - Sync 2 DAGs
[2025-04-05T15:29:01.345+0000] {logging_mixin.py:190} INFO - [2025-04-05T15:29:01.345+0000] {dag.py:4180} INFO - Setting next_dagrun for read_dataset_event to 2025-04-04 00:00:00+00:00, run_after=2025-04-05 00:00:00+00:00
[2025-04-05T15:29:01.352+0000] {logging_mixin.py:190} INFO - [2025-04-05T15:29:01.352+0000] {dag.py:4180} INFO - Setting next_dagrun for read_dataset_event_from_classic to 2025-04-04 00:00:00+00:00, run_after=2025-04-05 00:00:00+00:00
[2025-04-05T15:29:01.376+0000] {processor.py:208} INFO - Processing /home/airflow/.local/lib/python3.12/site-packages/airflow/example_dags/example_inlet_event_extra.py took 0.585 seconds
[2025-04-05T15:29:31.692+0000] {processor.py:186} INFO - Started process (PID=1377) to work on /home/airflow/.local/lib/python3.12/site-packages/airflow/example_dags/example_inlet_event_extra.py
[2025-04-05T15:29:31.694+0000] {processor.py:914} INFO - Processing file /home/airflow/.local/lib/python3.12/site-packages/airflow/example_dags/example_inlet_event_extra.py for tasks to queue
[2025-04-05T15:29:31.696+0000] {logging_mixin.py:190} INFO - [2025-04-05T15:29:31.695+0000] {dagbag.py:588} INFO - Filling up the DagBag from /home/airflow/.local/lib/python3.12/site-packages/airflow/example_dags/example_inlet_event_extra.py
[2025-04-05T15:29:32.196+0000] {processor.py:925} INFO - DAG(s) 'read_dataset_event_from_classic', 'read_dataset_event' retrieved from /home/airflow/.local/lib/python3.12/site-packages/airflow/example_dags/example_inlet_event_extra.py
[2025-04-05T15:29:32.219+0000] {logging_mixin.py:190} INFO - [2025-04-05T15:29:32.219+0000] {dag.py:3239} INFO - Sync 2 DAGs
[2025-04-05T15:29:32.247+0000] {logging_mixin.py:190} INFO - [2025-04-05T15:29:32.247+0000] {dag.py:4180} INFO - Setting next_dagrun for read_dataset_event to 2025-04-04 00:00:00+00:00, run_after=2025-04-05 00:00:00+00:00
[2025-04-05T15:29:32.261+0000] {logging_mixin.py:190} INFO - [2025-04-05T15:29:32.261+0000] {dag.py:4180} INFO - Setting next_dagrun for read_dataset_event_from_classic to 2025-04-04 00:00:00+00:00, run_after=2025-04-05 00:00:00+00:00
[2025-04-05T15:29:32.310+0000] {processor.py:208} INFO - Processing /home/airflow/.local/lib/python3.12/site-packages/airflow/example_dags/example_inlet_event_extra.py took 0.625 seconds
[2025-04-05T15:30:02.512+0000] {processor.py:186} INFO - Started process (PID=1440) to work on /home/airflow/.local/lib/python3.12/site-packages/airflow/example_dags/example_inlet_event_extra.py
[2025-04-05T15:30:02.514+0000] {processor.py:914} INFO - Processing file /home/airflow/.local/lib/python3.12/site-packages/airflow/example_dags/example_inlet_event_extra.py for tasks to queue
[2025-04-05T15:30:02.516+0000] {logging_mixin.py:190} INFO - [2025-04-05T15:30:02.516+0000] {dagbag.py:588} INFO - Filling up the DagBag from /home/airflow/.local/lib/python3.12/site-packages/airflow/example_dags/example_inlet_event_extra.py
[2025-04-05T15:30:02.988+0000] {processor.py:925} INFO - DAG(s) 'read_dataset_event_from_classic', 'read_dataset_event' retrieved from /home/airflow/.local/lib/python3.12/site-packages/airflow/example_dags/example_inlet_event_extra.py
[2025-04-05T15:30:03.019+0000] {logging_mixin.py:190} INFO - [2025-04-05T15:30:03.016+0000] {dag.py:3239} INFO - Sync 2 DAGs
[2025-04-05T15:30:03.044+0000] {logging_mixin.py:190} INFO - [2025-04-05T15:30:03.044+0000] {dag.py:4180} INFO - Setting next_dagrun for read_dataset_event to 2025-04-04 00:00:00+00:00, run_after=2025-04-05 00:00:00+00:00
[2025-04-05T15:30:03.049+0000] {logging_mixin.py:190} INFO - [2025-04-05T15:30:03.049+0000] {dag.py:4180} INFO - Setting next_dagrun for read_dataset_event_from_classic to 2025-04-04 00:00:00+00:00, run_after=2025-04-05 00:00:00+00:00
[2025-04-05T15:30:03.068+0000] {processor.py:208} INFO - Processing /home/airflow/.local/lib/python3.12/site-packages/airflow/example_dags/example_inlet_event_extra.py took 0.560 seconds
[2025-04-05T15:30:33.399+0000] {processor.py:186} INFO - Started process (PID=1504) to work on /home/airflow/.local/lib/python3.12/site-packages/airflow/example_dags/example_inlet_event_extra.py
[2025-04-05T15:30:33.412+0000] {processor.py:914} INFO - Processing file /home/airflow/.local/lib/python3.12/site-packages/airflow/example_dags/example_inlet_event_extra.py for tasks to queue
[2025-04-05T15:30:33.415+0000] {logging_mixin.py:190} INFO - [2025-04-05T15:30:33.414+0000] {dagbag.py:588} INFO - Filling up the DagBag from /home/airflow/.local/lib/python3.12/site-packages/airflow/example_dags/example_inlet_event_extra.py
[2025-04-05T15:30:33.992+0000] {processor.py:925} INFO - DAG(s) 'read_dataset_event_from_classic', 'read_dataset_event' retrieved from /home/airflow/.local/lib/python3.12/site-packages/airflow/example_dags/example_inlet_event_extra.py
[2025-04-05T15:30:34.010+0000] {logging_mixin.py:190} INFO - [2025-04-05T15:30:34.009+0000] {dag.py:3239} INFO - Sync 2 DAGs
[2025-04-05T15:30:34.034+0000] {logging_mixin.py:190} INFO - [2025-04-05T15:30:34.034+0000] {dag.py:4180} INFO - Setting next_dagrun for read_dataset_event to 2025-04-04 00:00:00+00:00, run_after=2025-04-05 00:00:00+00:00
[2025-04-05T15:30:34.039+0000] {logging_mixin.py:190} INFO - [2025-04-05T15:30:34.039+0000] {dag.py:4180} INFO - Setting next_dagrun for read_dataset_event_from_classic to 2025-04-04 00:00:00+00:00, run_after=2025-04-05 00:00:00+00:00
[2025-04-05T15:30:34.058+0000] {processor.py:208} INFO - Processing /home/airflow/.local/lib/python3.12/site-packages/airflow/example_dags/example_inlet_event_extra.py took 0.666 seconds
[2025-04-05T15:31:04.254+0000] {processor.py:186} INFO - Started process (PID=1567) to work on /home/airflow/.local/lib/python3.12/site-packages/airflow/example_dags/example_inlet_event_extra.py
[2025-04-05T15:31:04.264+0000] {processor.py:914} INFO - Processing file /home/airflow/.local/lib/python3.12/site-packages/airflow/example_dags/example_inlet_event_extra.py for tasks to queue
[2025-04-05T15:31:04.266+0000] {logging_mixin.py:190} INFO - [2025-04-05T15:31:04.266+0000] {dagbag.py:588} INFO - Filling up the DagBag from /home/airflow/.local/lib/python3.12/site-packages/airflow/example_dags/example_inlet_event_extra.py
[2025-04-05T15:31:04.826+0000] {processor.py:925} INFO - DAG(s) 'read_dataset_event', 'read_dataset_event_from_classic' retrieved from /home/airflow/.local/lib/python3.12/site-packages/airflow/example_dags/example_inlet_event_extra.py
[2025-04-05T15:31:04.845+0000] {logging_mixin.py:190} INFO - [2025-04-05T15:31:04.844+0000] {dag.py:3239} INFO - Sync 2 DAGs
[2025-04-05T15:31:04.865+0000] {logging_mixin.py:190} INFO - [2025-04-05T15:31:04.865+0000] {dag.py:4180} INFO - Setting next_dagrun for read_dataset_event to 2025-04-04 00:00:00+00:00, run_after=2025-04-05 00:00:00+00:00
[2025-04-05T15:31:04.873+0000] {logging_mixin.py:190} INFO - [2025-04-05T15:31:04.872+0000] {dag.py:4180} INFO - Setting next_dagrun for read_dataset_event_from_classic to 2025-04-04 00:00:00+00:00, run_after=2025-04-05 00:00:00+00:00
[2025-04-05T15:31:04.893+0000] {processor.py:208} INFO - Processing /home/airflow/.local/lib/python3.12/site-packages/airflow/example_dags/example_inlet_event_extra.py took 0.644 seconds
[2025-04-05T15:31:35.018+0000] {processor.py:186} INFO - Started process (PID=1630) to work on /home/airflow/.local/lib/python3.12/site-packages/airflow/example_dags/example_inlet_event_extra.py
[2025-04-05T15:31:35.031+0000] {processor.py:914} INFO - Processing file /home/airflow/.local/lib/python3.12/site-packages/airflow/example_dags/example_inlet_event_extra.py for tasks to queue
[2025-04-05T15:31:35.033+0000] {logging_mixin.py:190} INFO - [2025-04-05T15:31:35.033+0000] {dagbag.py:588} INFO - Filling up the DagBag from /home/airflow/.local/lib/python3.12/site-packages/airflow/example_dags/example_inlet_event_extra.py
[2025-04-05T15:31:35.578+0000] {processor.py:925} INFO - DAG(s) 'read_dataset_event', 'read_dataset_event_from_classic' retrieved from /home/airflow/.local/lib/python3.12/site-packages/airflow/example_dags/example_inlet_event_extra.py
[2025-04-05T15:31:35.597+0000] {logging_mixin.py:190} INFO - [2025-04-05T15:31:35.597+0000] {dag.py:3239} INFO - Sync 2 DAGs
[2025-04-05T15:31:35.617+0000] {logging_mixin.py:190} INFO - [2025-04-05T15:31:35.617+0000] {dag.py:4180} INFO - Setting next_dagrun for read_dataset_event to 2025-04-04 00:00:00+00:00, run_after=2025-04-05 00:00:00+00:00
[2025-04-05T15:31:35.622+0000] {logging_mixin.py:190} INFO - [2025-04-05T15:31:35.622+0000] {dag.py:4180} INFO - Setting next_dagrun for read_dataset_event_from_classic to 2025-04-04 00:00:00+00:00, run_after=2025-04-05 00:00:00+00:00
[2025-04-05T15:31:35.637+0000] {processor.py:208} INFO - Processing /home/airflow/.local/lib/python3.12/site-packages/airflow/example_dags/example_inlet_event_extra.py took 0.626 seconds
[2025-04-05T15:32:05.690+0000] {processor.py:186} INFO - Started process (PID=1698) to work on /home/airflow/.local/lib/python3.12/site-packages/airflow/example_dags/example_inlet_event_extra.py
[2025-04-05T15:32:05.692+0000] {processor.py:914} INFO - Processing file /home/airflow/.local/lib/python3.12/site-packages/airflow/example_dags/example_inlet_event_extra.py for tasks to queue
[2025-04-05T15:32:05.694+0000] {logging_mixin.py:190} INFO - [2025-04-05T15:32:05.694+0000] {dagbag.py:588} INFO - Filling up the DagBag from /home/airflow/.local/lib/python3.12/site-packages/airflow/example_dags/example_inlet_event_extra.py
[2025-04-05T15:32:06.237+0000] {processor.py:925} INFO - DAG(s) 'read_dataset_event_from_classic', 'read_dataset_event' retrieved from /home/airflow/.local/lib/python3.12/site-packages/airflow/example_dags/example_inlet_event_extra.py
[2025-04-05T15:32:06.257+0000] {logging_mixin.py:190} INFO - [2025-04-05T15:32:06.257+0000] {dag.py:3239} INFO - Sync 2 DAGs
[2025-04-05T15:32:06.284+0000] {logging_mixin.py:190} INFO - [2025-04-05T15:32:06.284+0000] {dag.py:4180} INFO - Setting next_dagrun for read_dataset_event to 2025-04-04 00:00:00+00:00, run_after=2025-04-05 00:00:00+00:00
[2025-04-05T15:32:06.289+0000] {logging_mixin.py:190} INFO - [2025-04-05T15:32:06.288+0000] {dag.py:4180} INFO - Setting next_dagrun for read_dataset_event_from_classic to 2025-04-04 00:00:00+00:00, run_after=2025-04-05 00:00:00+00:00
[2025-04-05T15:32:06.305+0000] {processor.py:208} INFO - Processing /home/airflow/.local/lib/python3.12/site-packages/airflow/example_dags/example_inlet_event_extra.py took 0.622 seconds
[2025-04-05T15:32:36.362+0000] {processor.py:186} INFO - Started process (PID=1756) to work on /home/airflow/.local/lib/python3.12/site-packages/airflow/example_dags/example_inlet_event_extra.py
[2025-04-05T15:32:36.373+0000] {processor.py:914} INFO - Processing file /home/airflow/.local/lib/python3.12/site-packages/airflow/example_dags/example_inlet_event_extra.py for tasks to queue
[2025-04-05T15:32:36.375+0000] {logging_mixin.py:190} INFO - [2025-04-05T15:32:36.374+0000] {dagbag.py:588} INFO - Filling up the DagBag from /home/airflow/.local/lib/python3.12/site-packages/airflow/example_dags/example_inlet_event_extra.py
[2025-04-05T15:32:36.845+0000] {processor.py:925} INFO - DAG(s) 'read_dataset_event', 'read_dataset_event_from_classic' retrieved from /home/airflow/.local/lib/python3.12/site-packages/airflow/example_dags/example_inlet_event_extra.py
[2025-04-05T15:32:36.869+0000] {logging_mixin.py:190} INFO - [2025-04-05T15:32:36.869+0000] {dag.py:3239} INFO - Sync 2 DAGs
[2025-04-05T15:32:36.899+0000] {logging_mixin.py:190} INFO - [2025-04-05T15:32:36.899+0000] {dag.py:4180} INFO - Setting next_dagrun for read_dataset_event to 2025-04-04 00:00:00+00:00, run_after=2025-04-05 00:00:00+00:00
[2025-04-05T15:32:36.905+0000] {logging_mixin.py:190} INFO - [2025-04-05T15:32:36.904+0000] {dag.py:4180} INFO - Setting next_dagrun for read_dataset_event_from_classic to 2025-04-04 00:00:00+00:00, run_after=2025-04-05 00:00:00+00:00
[2025-04-05T15:32:36.926+0000] {processor.py:208} INFO - Processing /home/airflow/.local/lib/python3.12/site-packages/airflow/example_dags/example_inlet_event_extra.py took 0.569 seconds
[2025-04-05T15:33:07.081+0000] {processor.py:186} INFO - Started process (PID=1819) to work on /home/airflow/.local/lib/python3.12/site-packages/airflow/example_dags/example_inlet_event_extra.py
[2025-04-05T15:33:07.082+0000] {processor.py:914} INFO - Processing file /home/airflow/.local/lib/python3.12/site-packages/airflow/example_dags/example_inlet_event_extra.py for tasks to queue
[2025-04-05T15:33:07.085+0000] {logging_mixin.py:190} INFO - [2025-04-05T15:33:07.085+0000] {dagbag.py:588} INFO - Filling up the DagBag from /home/airflow/.local/lib/python3.12/site-packages/airflow/example_dags/example_inlet_event_extra.py
[2025-04-05T15:33:08.552+0000] {processor.py:925} INFO - DAG(s) 'read_dataset_event', 'read_dataset_event_from_classic' retrieved from /home/airflow/.local/lib/python3.12/site-packages/airflow/example_dags/example_inlet_event_extra.py
[2025-04-05T15:33:08.601+0000] {logging_mixin.py:190} INFO - [2025-04-05T15:33:08.601+0000] {dag.py:3239} INFO - Sync 2 DAGs
[2025-04-05T15:33:08.673+0000] {logging_mixin.py:190} INFO - [2025-04-05T15:33:08.673+0000] {dag.py:4180} INFO - Setting next_dagrun for read_dataset_event to 2025-04-04 00:00:00+00:00, run_after=2025-04-05 00:00:00+00:00
[2025-04-05T15:33:08.689+0000] {logging_mixin.py:190} INFO - [2025-04-05T15:33:08.689+0000] {dag.py:4180} INFO - Setting next_dagrun for read_dataset_event_from_classic to 2025-04-04 00:00:00+00:00, run_after=2025-04-05 00:00:00+00:00
[2025-04-05T15:33:08.733+0000] {processor.py:208} INFO - Processing /home/airflow/.local/lib/python3.12/site-packages/airflow/example_dags/example_inlet_event_extra.py took 1.669 seconds
[2025-04-05T20:33:11.006+0000] {processor.py:186} INFO - Started process (PID=1841) to work on /home/airflow/.local/lib/python3.12/site-packages/airflow/example_dags/example_inlet_event_extra.py
[2025-04-05T20:33:11.006+0000] {processor.py:914} INFO - Processing file /home/airflow/.local/lib/python3.12/site-packages/airflow/example_dags/example_inlet_event_extra.py for tasks to queue
[2025-04-05T20:33:11.009+0000] {logging_mixin.py:190} INFO - [2025-04-05T20:33:11.008+0000] {dagbag.py:588} INFO - Filling up the DagBag from /home/airflow/.local/lib/python3.12/site-packages/airflow/example_dags/example_inlet_event_extra.py
[2025-04-05T20:33:11.916+0000] {processor.py:925} INFO - DAG(s) 'read_dataset_event', 'read_dataset_event_from_classic' retrieved from /home/airflow/.local/lib/python3.12/site-packages/airflow/example_dags/example_inlet_event_extra.py
[2025-04-05T20:33:13.050+0000] {logging_mixin.py:190} INFO - [2025-04-05T20:33:13.050+0000] {dag.py:3239} INFO - Sync 2 DAGs
[2025-04-05T20:33:13.987+0000] {logging_mixin.py:190} INFO - [2025-04-05T20:33:13.969+0000] {dag.py:4180} INFO - Setting next_dagrun for read_dataset_event to 2025-04-04 00:00:00+00:00, run_after=2025-04-05 00:00:00+00:00
[2025-04-05T20:33:13.995+0000] {logging_mixin.py:190} INFO - [2025-04-05T20:33:13.995+0000] {dag.py:4180} INFO - Setting next_dagrun for read_dataset_event_from_classic to 2025-04-04 00:00:00+00:00, run_after=2025-04-05 00:00:00+00:00
[2025-04-05T20:33:14.146+0000] {processor.py:208} INFO - Processing /home/airflow/.local/lib/python3.12/site-packages/airflow/example_dags/example_inlet_event_extra.py took 3.147 seconds
