[2025-04-05T15:19:11.136+0000] {processor.py:186} INFO - Started process (PID=82) to work on /home/airflow/.local/lib/python3.12/site-packages/airflow/example_dags/example_bash_decorator.py
[2025-04-05T15:19:11.137+0000] {processor.py:914} INFO - Processing file /home/airflow/.local/lib/python3.12/site-packages/airflow/example_dags/example_bash_decorator.py for tasks to queue
[2025-04-05T15:19:11.139+0000] {logging_mixin.py:190} INFO - [2025-04-05T15:19:11.139+0000] {dagbag.py:588} INFO - Filling up the DagBag from /home/airflow/.local/lib/python3.12/site-packages/airflow/example_dags/example_bash_decorator.py
[2025-04-05T15:19:11.165+0000] {processor.py:925} INFO - DAG(s) 'example_bash_decorator' retrieved from /home/airflow/.local/lib/python3.12/site-packages/airflow/example_dags/example_bash_decorator.py
[2025-04-05T15:19:11.291+0000] {logging_mixin.py:190} INFO - [2025-04-05T15:19:11.291+0000] {override.py:1912} INFO - Created Permission View: can read on DAG:example_bash_decorator
[2025-04-05T15:19:11.303+0000] {logging_mixin.py:190} INFO - [2025-04-05T15:19:11.303+0000] {override.py:1912} INFO - Created Permission View: can delete on DAG:example_bash_decorator
[2025-04-05T15:19:11.313+0000] {logging_mixin.py:190} INFO - [2025-04-05T15:19:11.312+0000] {override.py:1912} INFO - Created Permission View: can edit on DAG:example_bash_decorator
[2025-04-05T15:19:11.323+0000] {logging_mixin.py:190} INFO - [2025-04-05T15:19:11.323+0000] {override.py:1912} INFO - Created Permission View: can read on DAG Run:example_bash_decorator
[2025-04-05T15:19:11.332+0000] {logging_mixin.py:190} INFO - [2025-04-05T15:19:11.331+0000] {override.py:1912} INFO - Created Permission View: can create on DAG Run:example_bash_decorator
[2025-04-05T15:19:11.340+0000] {logging_mixin.py:190} INFO - [2025-04-05T15:19:11.339+0000] {override.py:1912} INFO - Created Permission View: can delete on DAG Run:example_bash_decorator
[2025-04-05T15:19:11.350+0000] {logging_mixin.py:190} INFO - [2025-04-05T15:19:11.349+0000] {override.py:1912} INFO - Created Permission View: menu access on DAG Run:example_bash_decorator
[2025-04-05T15:19:11.350+0000] {logging_mixin.py:190} INFO - [2025-04-05T15:19:11.350+0000] {dag.py:3239} INFO - Sync 1 DAGs
[2025-04-05T15:19:11.369+0000] {logging_mixin.py:190} INFO - [2025-04-05T15:19:11.369+0000] {dag.py:3262} INFO - Creating ORM DAG for example_bash_decorator
[2025-04-05T15:19:11.369+0000] {logging_mixin.py:190} INFO - [2025-04-05T15:19:11.369+0000] {dag.py:4180} INFO - Setting next_dagrun for example_bash_decorator to None, run_after=None
[2025-04-05T15:19:11.385+0000] {processor.py:208} INFO - Processing /home/airflow/.local/lib/python3.12/site-packages/airflow/example_dags/example_bash_decorator.py took 0.257 seconds
[2025-04-05T15:19:41.612+0000] {processor.py:186} INFO - Started process (PID=144) to work on /home/airflow/.local/lib/python3.12/site-packages/airflow/example_dags/example_bash_decorator.py
[2025-04-05T15:19:41.613+0000] {processor.py:914} INFO - Processing file /home/airflow/.local/lib/python3.12/site-packages/airflow/example_dags/example_bash_decorator.py for tasks to queue
[2025-04-05T15:19:41.615+0000] {logging_mixin.py:190} INFO - [2025-04-05T15:19:41.615+0000] {dagbag.py:588} INFO - Filling up the DagBag from /home/airflow/.local/lib/python3.12/site-packages/airflow/example_dags/example_bash_decorator.py
[2025-04-05T15:19:41.631+0000] {processor.py:925} INFO - DAG(s) 'example_bash_decorator' retrieved from /home/airflow/.local/lib/python3.12/site-packages/airflow/example_dags/example_bash_decorator.py
[2025-04-05T15:19:41.656+0000] {logging_mixin.py:190} INFO - [2025-04-05T15:19:41.655+0000] {dag.py:3239} INFO - Sync 1 DAGs
[2025-04-05T15:19:41.670+0000] {logging_mixin.py:190} INFO - [2025-04-05T15:19:41.669+0000] {dag.py:4180} INFO - Setting next_dagrun for example_bash_decorator to None, run_after=None
[2025-04-05T15:19:41.695+0000] {processor.py:208} INFO - Processing /home/airflow/.local/lib/python3.12/site-packages/airflow/example_dags/example_bash_decorator.py took 0.089 seconds
[2025-04-05T15:20:11.960+0000] {processor.py:186} INFO - Started process (PID=206) to work on /home/airflow/.local/lib/python3.12/site-packages/airflow/example_dags/example_bash_decorator.py
[2025-04-05T15:20:11.962+0000] {processor.py:914} INFO - Processing file /home/airflow/.local/lib/python3.12/site-packages/airflow/example_dags/example_bash_decorator.py for tasks to queue
[2025-04-05T15:20:11.966+0000] {logging_mixin.py:190} INFO - [2025-04-05T15:20:11.966+0000] {dagbag.py:588} INFO - Filling up the DagBag from /home/airflow/.local/lib/python3.12/site-packages/airflow/example_dags/example_bash_decorator.py
[2025-04-05T15:20:12.000+0000] {processor.py:925} INFO - DAG(s) 'example_bash_decorator' retrieved from /home/airflow/.local/lib/python3.12/site-packages/airflow/example_dags/example_bash_decorator.py
[2025-04-05T15:20:12.024+0000] {logging_mixin.py:190} INFO - [2025-04-05T15:20:12.024+0000] {dag.py:3239} INFO - Sync 1 DAGs
[2025-04-05T15:20:12.062+0000] {logging_mixin.py:190} INFO - [2025-04-05T15:20:12.062+0000] {dag.py:4180} INFO - Setting next_dagrun for example_bash_decorator to None, run_after=None
[2025-04-05T15:20:12.082+0000] {processor.py:208} INFO - Processing /home/airflow/.local/lib/python3.12/site-packages/airflow/example_dags/example_bash_decorator.py took 0.130 seconds
[2025-04-05T15:20:42.200+0000] {processor.py:186} INFO - Started process (PID=269) to work on /home/airflow/.local/lib/python3.12/site-packages/airflow/example_dags/example_bash_decorator.py
[2025-04-05T15:20:42.201+0000] {processor.py:914} INFO - Processing file /home/airflow/.local/lib/python3.12/site-packages/airflow/example_dags/example_bash_decorator.py for tasks to queue
[2025-04-05T15:20:42.203+0000] {logging_mixin.py:190} INFO - [2025-04-05T15:20:42.202+0000] {dagbag.py:588} INFO - Filling up the DagBag from /home/airflow/.local/lib/python3.12/site-packages/airflow/example_dags/example_bash_decorator.py
[2025-04-05T15:20:42.217+0000] {processor.py:925} INFO - DAG(s) 'example_bash_decorator' retrieved from /home/airflow/.local/lib/python3.12/site-packages/airflow/example_dags/example_bash_decorator.py
[2025-04-05T15:20:42.235+0000] {logging_mixin.py:190} INFO - [2025-04-05T15:20:42.235+0000] {dag.py:3239} INFO - Sync 1 DAGs
[2025-04-05T15:20:42.245+0000] {logging_mixin.py:190} INFO - [2025-04-05T15:20:42.245+0000] {dag.py:4180} INFO - Setting next_dagrun for example_bash_decorator to None, run_after=None
[2025-04-05T15:20:42.264+0000] {processor.py:208} INFO - Processing /home/airflow/.local/lib/python3.12/site-packages/airflow/example_dags/example_bash_decorator.py took 0.069 seconds
[2025-04-05T15:21:12.753+0000] {processor.py:186} INFO - Started process (PID=332) to work on /home/airflow/.local/lib/python3.12/site-packages/airflow/example_dags/example_bash_decorator.py
[2025-04-05T15:21:12.754+0000] {processor.py:914} INFO - Processing file /home/airflow/.local/lib/python3.12/site-packages/airflow/example_dags/example_bash_decorator.py for tasks to queue
[2025-04-05T15:21:12.756+0000] {logging_mixin.py:190} INFO - [2025-04-05T15:21:12.756+0000] {dagbag.py:588} INFO - Filling up the DagBag from /home/airflow/.local/lib/python3.12/site-packages/airflow/example_dags/example_bash_decorator.py
[2025-04-05T15:21:12.766+0000] {processor.py:925} INFO - DAG(s) 'example_bash_decorator' retrieved from /home/airflow/.local/lib/python3.12/site-packages/airflow/example_dags/example_bash_decorator.py
[2025-04-05T15:21:12.784+0000] {logging_mixin.py:190} INFO - [2025-04-05T15:21:12.784+0000] {dag.py:3239} INFO - Sync 1 DAGs
[2025-04-05T15:21:12.794+0000] {logging_mixin.py:190} INFO - [2025-04-05T15:21:12.794+0000] {dag.py:4180} INFO - Setting next_dagrun for example_bash_decorator to None, run_after=None
[2025-04-05T15:21:12.812+0000] {processor.py:208} INFO - Processing /home/airflow/.local/lib/python3.12/site-packages/airflow/example_dags/example_bash_decorator.py took 0.062 seconds
[2025-04-05T15:21:43.310+0000] {processor.py:186} INFO - Started process (PID=395) to work on /home/airflow/.local/lib/python3.12/site-packages/airflow/example_dags/example_bash_decorator.py
[2025-04-05T15:21:43.314+0000] {processor.py:914} INFO - Processing file /home/airflow/.local/lib/python3.12/site-packages/airflow/example_dags/example_bash_decorator.py for tasks to queue
[2025-04-05T15:21:43.317+0000] {logging_mixin.py:190} INFO - [2025-04-05T15:21:43.316+0000] {dagbag.py:588} INFO - Filling up the DagBag from /home/airflow/.local/lib/python3.12/site-packages/airflow/example_dags/example_bash_decorator.py
[2025-04-05T15:21:43.328+0000] {processor.py:925} INFO - DAG(s) 'example_bash_decorator' retrieved from /home/airflow/.local/lib/python3.12/site-packages/airflow/example_dags/example_bash_decorator.py
[2025-04-05T15:21:43.346+0000] {logging_mixin.py:190} INFO - [2025-04-05T15:21:43.345+0000] {dag.py:3239} INFO - Sync 1 DAGs
[2025-04-05T15:21:43.356+0000] {logging_mixin.py:190} INFO - [2025-04-05T15:21:43.356+0000] {dag.py:4180} INFO - Setting next_dagrun for example_bash_decorator to None, run_after=None
[2025-04-05T15:21:43.373+0000] {processor.py:208} INFO - Processing /home/airflow/.local/lib/python3.12/site-packages/airflow/example_dags/example_bash_decorator.py took 0.068 seconds
[2025-04-05T15:22:13.827+0000] {processor.py:186} INFO - Started process (PID=458) to work on /home/airflow/.local/lib/python3.12/site-packages/airflow/example_dags/example_bash_decorator.py
[2025-04-05T15:22:13.828+0000] {processor.py:914} INFO - Processing file /home/airflow/.local/lib/python3.12/site-packages/airflow/example_dags/example_bash_decorator.py for tasks to queue
[2025-04-05T15:22:13.830+0000] {logging_mixin.py:190} INFO - [2025-04-05T15:22:13.830+0000] {dagbag.py:588} INFO - Filling up the DagBag from /home/airflow/.local/lib/python3.12/site-packages/airflow/example_dags/example_bash_decorator.py
[2025-04-05T15:22:13.846+0000] {processor.py:925} INFO - DAG(s) 'example_bash_decorator' retrieved from /home/airflow/.local/lib/python3.12/site-packages/airflow/example_dags/example_bash_decorator.py
[2025-04-05T15:22:13.873+0000] {logging_mixin.py:190} INFO - [2025-04-05T15:22:13.872+0000] {dag.py:3239} INFO - Sync 1 DAGs
[2025-04-05T15:22:13.888+0000] {logging_mixin.py:190} INFO - [2025-04-05T15:22:13.887+0000] {dag.py:4180} INFO - Setting next_dagrun for example_bash_decorator to None, run_after=None
[2025-04-05T15:22:13.911+0000] {processor.py:208} INFO - Processing /home/airflow/.local/lib/python3.12/site-packages/airflow/example_dags/example_bash_decorator.py took 0.091 seconds
[2025-04-05T15:22:44.025+0000] {processor.py:186} INFO - Started process (PID=521) to work on /home/airflow/.local/lib/python3.12/site-packages/airflow/example_dags/example_bash_decorator.py
[2025-04-05T15:22:44.030+0000] {processor.py:914} INFO - Processing file /home/airflow/.local/lib/python3.12/site-packages/airflow/example_dags/example_bash_decorator.py for tasks to queue
[2025-04-05T15:22:44.032+0000] {logging_mixin.py:190} INFO - [2025-04-05T15:22:44.032+0000] {dagbag.py:588} INFO - Filling up the DagBag from /home/airflow/.local/lib/python3.12/site-packages/airflow/example_dags/example_bash_decorator.py
[2025-04-05T15:22:44.043+0000] {processor.py:925} INFO - DAG(s) 'example_bash_decorator' retrieved from /home/airflow/.local/lib/python3.12/site-packages/airflow/example_dags/example_bash_decorator.py
[2025-04-05T15:22:44.063+0000] {logging_mixin.py:190} INFO - [2025-04-05T15:22:44.062+0000] {dag.py:3239} INFO - Sync 1 DAGs
[2025-04-05T15:22:44.073+0000] {logging_mixin.py:190} INFO - [2025-04-05T15:22:44.073+0000] {dag.py:4180} INFO - Setting next_dagrun for example_bash_decorator to None, run_after=None
[2025-04-05T15:22:44.091+0000] {processor.py:208} INFO - Processing /home/airflow/.local/lib/python3.12/site-packages/airflow/example_dags/example_bash_decorator.py took 0.071 seconds
[2025-04-05T15:23:14.139+0000] {processor.py:186} INFO - Started process (PID=584) to work on /home/airflow/.local/lib/python3.12/site-packages/airflow/example_dags/example_bash_decorator.py
[2025-04-05T15:23:14.146+0000] {processor.py:914} INFO - Processing file /home/airflow/.local/lib/python3.12/site-packages/airflow/example_dags/example_bash_decorator.py for tasks to queue
[2025-04-05T15:23:14.148+0000] {logging_mixin.py:190} INFO - [2025-04-05T15:23:14.148+0000] {dagbag.py:588} INFO - Filling up the DagBag from /home/airflow/.local/lib/python3.12/site-packages/airflow/example_dags/example_bash_decorator.py
[2025-04-05T15:23:14.160+0000] {processor.py:925} INFO - DAG(s) 'example_bash_decorator' retrieved from /home/airflow/.local/lib/python3.12/site-packages/airflow/example_dags/example_bash_decorator.py
[2025-04-05T15:23:14.178+0000] {logging_mixin.py:190} INFO - [2025-04-05T15:23:14.178+0000] {dag.py:3239} INFO - Sync 1 DAGs
[2025-04-05T15:23:14.188+0000] {logging_mixin.py:190} INFO - [2025-04-05T15:23:14.188+0000] {dag.py:4180} INFO - Setting next_dagrun for example_bash_decorator to None, run_after=None
[2025-04-05T15:23:14.207+0000] {processor.py:208} INFO - Processing /home/airflow/.local/lib/python3.12/site-packages/airflow/example_dags/example_bash_decorator.py took 0.072 seconds
[2025-04-05T15:23:44.402+0000] {processor.py:186} INFO - Started process (PID=647) to work on /home/airflow/.local/lib/python3.12/site-packages/airflow/example_dags/example_bash_decorator.py
[2025-04-05T15:23:44.403+0000] {processor.py:914} INFO - Processing file /home/airflow/.local/lib/python3.12/site-packages/airflow/example_dags/example_bash_decorator.py for tasks to queue
[2025-04-05T15:23:44.405+0000] {logging_mixin.py:190} INFO - [2025-04-05T15:23:44.405+0000] {dagbag.py:588} INFO - Filling up the DagBag from /home/airflow/.local/lib/python3.12/site-packages/airflow/example_dags/example_bash_decorator.py
[2025-04-05T15:23:44.416+0000] {processor.py:925} INFO - DAG(s) 'example_bash_decorator' retrieved from /home/airflow/.local/lib/python3.12/site-packages/airflow/example_dags/example_bash_decorator.py
[2025-04-05T15:23:44.434+0000] {logging_mixin.py:190} INFO - [2025-04-05T15:23:44.434+0000] {dag.py:3239} INFO - Sync 1 DAGs
[2025-04-05T15:23:44.444+0000] {logging_mixin.py:190} INFO - [2025-04-05T15:23:44.444+0000] {dag.py:4180} INFO - Setting next_dagrun for example_bash_decorator to None, run_after=None
[2025-04-05T15:23:44.465+0000] {processor.py:208} INFO - Processing /home/airflow/.local/lib/python3.12/site-packages/airflow/example_dags/example_bash_decorator.py took 0.067 seconds
[2025-04-05T15:24:14.749+0000] {processor.py:186} INFO - Started process (PID=710) to work on /home/airflow/.local/lib/python3.12/site-packages/airflow/example_dags/example_bash_decorator.py
[2025-04-05T15:24:14.750+0000] {processor.py:914} INFO - Processing file /home/airflow/.local/lib/python3.12/site-packages/airflow/example_dags/example_bash_decorator.py for tasks to queue
[2025-04-05T15:24:14.752+0000] {logging_mixin.py:190} INFO - [2025-04-05T15:24:14.752+0000] {dagbag.py:588} INFO - Filling up the DagBag from /home/airflow/.local/lib/python3.12/site-packages/airflow/example_dags/example_bash_decorator.py
[2025-04-05T15:24:14.766+0000] {processor.py:925} INFO - DAG(s) 'example_bash_decorator' retrieved from /home/airflow/.local/lib/python3.12/site-packages/airflow/example_dags/example_bash_decorator.py
[2025-04-05T15:24:14.785+0000] {logging_mixin.py:190} INFO - [2025-04-05T15:24:14.785+0000] {dag.py:3239} INFO - Sync 1 DAGs
[2025-04-05T15:24:14.798+0000] {logging_mixin.py:190} INFO - [2025-04-05T15:24:14.797+0000] {dag.py:4180} INFO - Setting next_dagrun for example_bash_decorator to None, run_after=None
[2025-04-05T15:24:14.828+0000] {processor.py:208} INFO - Processing /home/airflow/.local/lib/python3.12/site-packages/airflow/example_dags/example_bash_decorator.py took 0.084 seconds
[2025-04-05T15:24:45.077+0000] {processor.py:186} INFO - Started process (PID=773) to work on /home/airflow/.local/lib/python3.12/site-packages/airflow/example_dags/example_bash_decorator.py
[2025-04-05T15:24:45.078+0000] {processor.py:914} INFO - Processing file /home/airflow/.local/lib/python3.12/site-packages/airflow/example_dags/example_bash_decorator.py for tasks to queue
[2025-04-05T15:24:45.080+0000] {logging_mixin.py:190} INFO - [2025-04-05T15:24:45.080+0000] {dagbag.py:588} INFO - Filling up the DagBag from /home/airflow/.local/lib/python3.12/site-packages/airflow/example_dags/example_bash_decorator.py
[2025-04-05T15:24:45.092+0000] {processor.py:925} INFO - DAG(s) 'example_bash_decorator' retrieved from /home/airflow/.local/lib/python3.12/site-packages/airflow/example_dags/example_bash_decorator.py
[2025-04-05T15:24:45.111+0000] {logging_mixin.py:190} INFO - [2025-04-05T15:24:45.111+0000] {dag.py:3239} INFO - Sync 1 DAGs
[2025-04-05T15:24:45.121+0000] {logging_mixin.py:190} INFO - [2025-04-05T15:24:45.121+0000] {dag.py:4180} INFO - Setting next_dagrun for example_bash_decorator to None, run_after=None
[2025-04-05T15:24:45.140+0000] {processor.py:208} INFO - Processing /home/airflow/.local/lib/python3.12/site-packages/airflow/example_dags/example_bash_decorator.py took 0.068 seconds
[2025-04-05T15:25:15.397+0000] {processor.py:186} INFO - Started process (PID=836) to work on /home/airflow/.local/lib/python3.12/site-packages/airflow/example_dags/example_bash_decorator.py
[2025-04-05T15:25:15.398+0000] {processor.py:914} INFO - Processing file /home/airflow/.local/lib/python3.12/site-packages/airflow/example_dags/example_bash_decorator.py for tasks to queue
[2025-04-05T15:25:15.400+0000] {logging_mixin.py:190} INFO - [2025-04-05T15:25:15.399+0000] {dagbag.py:588} INFO - Filling up the DagBag from /home/airflow/.local/lib/python3.12/site-packages/airflow/example_dags/example_bash_decorator.py
[2025-04-05T15:25:15.410+0000] {processor.py:925} INFO - DAG(s) 'example_bash_decorator' retrieved from /home/airflow/.local/lib/python3.12/site-packages/airflow/example_dags/example_bash_decorator.py
[2025-04-05T15:25:15.428+0000] {logging_mixin.py:190} INFO - [2025-04-05T15:25:15.428+0000] {dag.py:3239} INFO - Sync 1 DAGs
[2025-04-05T15:25:15.438+0000] {logging_mixin.py:190} INFO - [2025-04-05T15:25:15.438+0000] {dag.py:4180} INFO - Setting next_dagrun for example_bash_decorator to None, run_after=None
[2025-04-05T15:25:15.457+0000] {processor.py:208} INFO - Processing /home/airflow/.local/lib/python3.12/site-packages/airflow/example_dags/example_bash_decorator.py took 0.064 seconds
[2025-04-05T15:25:45.737+0000] {processor.py:186} INFO - Started process (PID=899) to work on /home/airflow/.local/lib/python3.12/site-packages/airflow/example_dags/example_bash_decorator.py
[2025-04-05T15:25:45.742+0000] {processor.py:914} INFO - Processing file /home/airflow/.local/lib/python3.12/site-packages/airflow/example_dags/example_bash_decorator.py for tasks to queue
[2025-04-05T15:25:45.745+0000] {logging_mixin.py:190} INFO - [2025-04-05T15:25:45.744+0000] {dagbag.py:588} INFO - Filling up the DagBag from /home/airflow/.local/lib/python3.12/site-packages/airflow/example_dags/example_bash_decorator.py
[2025-04-05T15:25:45.756+0000] {processor.py:925} INFO - DAG(s) 'example_bash_decorator' retrieved from /home/airflow/.local/lib/python3.12/site-packages/airflow/example_dags/example_bash_decorator.py
[2025-04-05T15:25:45.779+0000] {logging_mixin.py:190} INFO - [2025-04-05T15:25:45.778+0000] {dag.py:3239} INFO - Sync 1 DAGs
[2025-04-05T15:25:45.790+0000] {logging_mixin.py:190} INFO - [2025-04-05T15:25:45.789+0000] {dag.py:4180} INFO - Setting next_dagrun for example_bash_decorator to None, run_after=None
[2025-04-05T15:25:45.813+0000] {processor.py:208} INFO - Processing /home/airflow/.local/lib/python3.12/site-packages/airflow/example_dags/example_bash_decorator.py took 0.081 seconds
[2025-04-05T15:26:16.327+0000] {processor.py:186} INFO - Started process (PID=962) to work on /home/airflow/.local/lib/python3.12/site-packages/airflow/example_dags/example_bash_decorator.py
[2025-04-05T15:26:16.330+0000] {processor.py:914} INFO - Processing file /home/airflow/.local/lib/python3.12/site-packages/airflow/example_dags/example_bash_decorator.py for tasks to queue
[2025-04-05T15:26:16.332+0000] {logging_mixin.py:190} INFO - [2025-04-05T15:26:16.332+0000] {dagbag.py:588} INFO - Filling up the DagBag from /home/airflow/.local/lib/python3.12/site-packages/airflow/example_dags/example_bash_decorator.py
[2025-04-05T15:26:16.346+0000] {processor.py:925} INFO - DAG(s) 'example_bash_decorator' retrieved from /home/airflow/.local/lib/python3.12/site-packages/airflow/example_dags/example_bash_decorator.py
[2025-04-05T15:26:16.368+0000] {logging_mixin.py:190} INFO - [2025-04-05T15:26:16.368+0000] {dag.py:3239} INFO - Sync 1 DAGs
[2025-04-05T15:26:16.380+0000] {logging_mixin.py:190} INFO - [2025-04-05T15:26:16.380+0000] {dag.py:4180} INFO - Setting next_dagrun for example_bash_decorator to None, run_after=None
[2025-04-05T15:26:16.402+0000] {processor.py:208} INFO - Processing /home/airflow/.local/lib/python3.12/site-packages/airflow/example_dags/example_bash_decorator.py took 0.083 seconds
[2025-04-05T15:26:46.453+0000] {processor.py:186} INFO - Started process (PID=1025) to work on /home/airflow/.local/lib/python3.12/site-packages/airflow/example_dags/example_bash_decorator.py
[2025-04-05T15:26:46.455+0000] {processor.py:914} INFO - Processing file /home/airflow/.local/lib/python3.12/site-packages/airflow/example_dags/example_bash_decorator.py for tasks to queue
[2025-04-05T15:26:46.457+0000] {logging_mixin.py:190} INFO - [2025-04-05T15:26:46.457+0000] {dagbag.py:588} INFO - Filling up the DagBag from /home/airflow/.local/lib/python3.12/site-packages/airflow/example_dags/example_bash_decorator.py
[2025-04-05T15:26:46.472+0000] {processor.py:925} INFO - DAG(s) 'example_bash_decorator' retrieved from /home/airflow/.local/lib/python3.12/site-packages/airflow/example_dags/example_bash_decorator.py
[2025-04-05T15:26:46.493+0000] {logging_mixin.py:190} INFO - [2025-04-05T15:26:46.493+0000] {dag.py:3239} INFO - Sync 1 DAGs
[2025-04-05T15:26:46.507+0000] {logging_mixin.py:190} INFO - [2025-04-05T15:26:46.507+0000] {dag.py:4180} INFO - Setting next_dagrun for example_bash_decorator to None, run_after=None
[2025-04-05T15:26:46.533+0000] {processor.py:208} INFO - Processing /home/airflow/.local/lib/python3.12/site-packages/airflow/example_dags/example_bash_decorator.py took 0.087 seconds
[2025-04-05T15:27:17.203+0000] {processor.py:186} INFO - Started process (PID=1088) to work on /home/airflow/.local/lib/python3.12/site-packages/airflow/example_dags/example_bash_decorator.py
[2025-04-05T15:27:17.207+0000] {processor.py:914} INFO - Processing file /home/airflow/.local/lib/python3.12/site-packages/airflow/example_dags/example_bash_decorator.py for tasks to queue
[2025-04-05T15:27:17.209+0000] {logging_mixin.py:190} INFO - [2025-04-05T15:27:17.208+0000] {dagbag.py:588} INFO - Filling up the DagBag from /home/airflow/.local/lib/python3.12/site-packages/airflow/example_dags/example_bash_decorator.py
[2025-04-05T15:27:17.224+0000] {processor.py:925} INFO - DAG(s) 'example_bash_decorator' retrieved from /home/airflow/.local/lib/python3.12/site-packages/airflow/example_dags/example_bash_decorator.py
[2025-04-05T15:27:17.246+0000] {logging_mixin.py:190} INFO - [2025-04-05T15:27:17.245+0000] {dag.py:3239} INFO - Sync 1 DAGs
[2025-04-05T15:27:17.260+0000] {logging_mixin.py:190} INFO - [2025-04-05T15:27:17.259+0000] {dag.py:4180} INFO - Setting next_dagrun for example_bash_decorator to None, run_after=None
[2025-04-05T15:27:17.279+0000] {processor.py:208} INFO - Processing /home/airflow/.local/lib/python3.12/site-packages/airflow/example_dags/example_bash_decorator.py took 0.081 seconds
[2025-04-05T15:27:47.647+0000] {processor.py:186} INFO - Started process (PID=1151) to work on /home/airflow/.local/lib/python3.12/site-packages/airflow/example_dags/example_bash_decorator.py
[2025-04-05T15:27:47.650+0000] {processor.py:914} INFO - Processing file /home/airflow/.local/lib/python3.12/site-packages/airflow/example_dags/example_bash_decorator.py for tasks to queue
[2025-04-05T15:27:47.652+0000] {logging_mixin.py:190} INFO - [2025-04-05T15:27:47.652+0000] {dagbag.py:588} INFO - Filling up the DagBag from /home/airflow/.local/lib/python3.12/site-packages/airflow/example_dags/example_bash_decorator.py
[2025-04-05T15:27:47.668+0000] {processor.py:925} INFO - DAG(s) 'example_bash_decorator' retrieved from /home/airflow/.local/lib/python3.12/site-packages/airflow/example_dags/example_bash_decorator.py
[2025-04-05T15:27:47.699+0000] {logging_mixin.py:190} INFO - [2025-04-05T15:27:47.699+0000] {dag.py:3239} INFO - Sync 1 DAGs
[2025-04-05T15:27:47.714+0000] {logging_mixin.py:190} INFO - [2025-04-05T15:27:47.713+0000] {dag.py:4180} INFO - Setting next_dagrun for example_bash_decorator to None, run_after=None
[2025-04-05T15:27:47.738+0000] {processor.py:208} INFO - Processing /home/airflow/.local/lib/python3.12/site-packages/airflow/example_dags/example_bash_decorator.py took 0.097 seconds
[2025-04-05T15:28:18.771+0000] {processor.py:186} INFO - Started process (PID=1214) to work on /home/airflow/.local/lib/python3.12/site-packages/airflow/example_dags/example_bash_decorator.py
[2025-04-05T15:28:18.774+0000] {processor.py:914} INFO - Processing file /home/airflow/.local/lib/python3.12/site-packages/airflow/example_dags/example_bash_decorator.py for tasks to queue
[2025-04-05T15:28:18.778+0000] {logging_mixin.py:190} INFO - [2025-04-05T15:28:18.777+0000] {dagbag.py:588} INFO - Filling up the DagBag from /home/airflow/.local/lib/python3.12/site-packages/airflow/example_dags/example_bash_decorator.py
[2025-04-05T15:28:18.794+0000] {processor.py:925} INFO - DAG(s) 'example_bash_decorator' retrieved from /home/airflow/.local/lib/python3.12/site-packages/airflow/example_dags/example_bash_decorator.py
[2025-04-05T15:28:18.822+0000] {logging_mixin.py:190} INFO - [2025-04-05T15:28:18.822+0000] {dag.py:3239} INFO - Sync 1 DAGs
[2025-04-05T15:28:18.840+0000] {logging_mixin.py:190} INFO - [2025-04-05T15:28:18.839+0000] {dag.py:4180} INFO - Setting next_dagrun for example_bash_decorator to None, run_after=None
[2025-04-05T15:28:18.896+0000] {processor.py:208} INFO - Processing /home/airflow/.local/lib/python3.12/site-packages/airflow/example_dags/example_bash_decorator.py took 0.132 seconds
[2025-04-05T15:28:49.772+0000] {processor.py:186} INFO - Started process (PID=1277) to work on /home/airflow/.local/lib/python3.12/site-packages/airflow/example_dags/example_bash_decorator.py
[2025-04-05T15:28:49.779+0000] {processor.py:914} INFO - Processing file /home/airflow/.local/lib/python3.12/site-packages/airflow/example_dags/example_bash_decorator.py for tasks to queue
[2025-04-05T15:28:49.781+0000] {logging_mixin.py:190} INFO - [2025-04-05T15:28:49.781+0000] {dagbag.py:588} INFO - Filling up the DagBag from /home/airflow/.local/lib/python3.12/site-packages/airflow/example_dags/example_bash_decorator.py
[2025-04-05T15:28:49.792+0000] {processor.py:925} INFO - DAG(s) 'example_bash_decorator' retrieved from /home/airflow/.local/lib/python3.12/site-packages/airflow/example_dags/example_bash_decorator.py
[2025-04-05T15:28:49.813+0000] {logging_mixin.py:190} INFO - [2025-04-05T15:28:49.813+0000] {dag.py:3239} INFO - Sync 1 DAGs
[2025-04-05T15:28:49.824+0000] {logging_mixin.py:190} INFO - [2025-04-05T15:28:49.824+0000] {dag.py:4180} INFO - Setting next_dagrun for example_bash_decorator to None, run_after=None
[2025-04-05T15:28:49.841+0000] {processor.py:208} INFO - Processing /home/airflow/.local/lib/python3.12/site-packages/airflow/example_dags/example_bash_decorator.py took 0.074 seconds
[2025-04-05T15:29:20.716+0000] {processor.py:186} INFO - Started process (PID=1340) to work on /home/airflow/.local/lib/python3.12/site-packages/airflow/example_dags/example_bash_decorator.py
[2025-04-05T15:29:20.720+0000] {processor.py:914} INFO - Processing file /home/airflow/.local/lib/python3.12/site-packages/airflow/example_dags/example_bash_decorator.py for tasks to queue
[2025-04-05T15:29:20.722+0000] {logging_mixin.py:190} INFO - [2025-04-05T15:29:20.722+0000] {dagbag.py:588} INFO - Filling up the DagBag from /home/airflow/.local/lib/python3.12/site-packages/airflow/example_dags/example_bash_decorator.py
[2025-04-05T15:29:20.737+0000] {processor.py:925} INFO - DAG(s) 'example_bash_decorator' retrieved from /home/airflow/.local/lib/python3.12/site-packages/airflow/example_dags/example_bash_decorator.py
[2025-04-05T15:29:20.766+0000] {logging_mixin.py:190} INFO - [2025-04-05T15:29:20.765+0000] {dag.py:3239} INFO - Sync 1 DAGs
[2025-04-05T15:29:20.784+0000] {logging_mixin.py:190} INFO - [2025-04-05T15:29:20.783+0000] {dag.py:4180} INFO - Setting next_dagrun for example_bash_decorator to None, run_after=None
[2025-04-05T15:29:20.807+0000] {processor.py:208} INFO - Processing /home/airflow/.local/lib/python3.12/site-packages/airflow/example_dags/example_bash_decorator.py took 0.098 seconds
[2025-04-05T15:29:51.530+0000] {processor.py:186} INFO - Started process (PID=1403) to work on /home/airflow/.local/lib/python3.12/site-packages/airflow/example_dags/example_bash_decorator.py
[2025-04-05T15:29:51.531+0000] {processor.py:914} INFO - Processing file /home/airflow/.local/lib/python3.12/site-packages/airflow/example_dags/example_bash_decorator.py for tasks to queue
[2025-04-05T15:29:51.533+0000] {logging_mixin.py:190} INFO - [2025-04-05T15:29:51.533+0000] {dagbag.py:588} INFO - Filling up the DagBag from /home/airflow/.local/lib/python3.12/site-packages/airflow/example_dags/example_bash_decorator.py
[2025-04-05T15:29:51.546+0000] {processor.py:925} INFO - DAG(s) 'example_bash_decorator' retrieved from /home/airflow/.local/lib/python3.12/site-packages/airflow/example_dags/example_bash_decorator.py
[2025-04-05T15:29:51.570+0000] {logging_mixin.py:190} INFO - [2025-04-05T15:29:51.570+0000] {dag.py:3239} INFO - Sync 1 DAGs
[2025-04-05T15:29:51.581+0000] {logging_mixin.py:190} INFO - [2025-04-05T15:29:51.581+0000] {dag.py:4180} INFO - Setting next_dagrun for example_bash_decorator to None, run_after=None
[2025-04-05T15:29:51.607+0000] {processor.py:208} INFO - Processing /home/airflow/.local/lib/python3.12/site-packages/airflow/example_dags/example_bash_decorator.py took 0.083 seconds
[2025-04-05T15:30:22.232+0000] {processor.py:186} INFO - Started process (PID=1467) to work on /home/airflow/.local/lib/python3.12/site-packages/airflow/example_dags/example_bash_decorator.py
[2025-04-05T15:30:22.238+0000] {processor.py:914} INFO - Processing file /home/airflow/.local/lib/python3.12/site-packages/airflow/example_dags/example_bash_decorator.py for tasks to queue
[2025-04-05T15:30:22.241+0000] {logging_mixin.py:190} INFO - [2025-04-05T15:30:22.241+0000] {dagbag.py:588} INFO - Filling up the DagBag from /home/airflow/.local/lib/python3.12/site-packages/airflow/example_dags/example_bash_decorator.py
[2025-04-05T15:30:22.253+0000] {processor.py:925} INFO - DAG(s) 'example_bash_decorator' retrieved from /home/airflow/.local/lib/python3.12/site-packages/airflow/example_dags/example_bash_decorator.py
[2025-04-05T15:30:22.275+0000] {logging_mixin.py:190} INFO - [2025-04-05T15:30:22.275+0000] {dag.py:3239} INFO - Sync 1 DAGs
[2025-04-05T15:30:22.285+0000] {logging_mixin.py:190} INFO - [2025-04-05T15:30:22.285+0000] {dag.py:4180} INFO - Setting next_dagrun for example_bash_decorator to None, run_after=None
[2025-04-05T15:30:22.304+0000] {processor.py:208} INFO - Processing /home/airflow/.local/lib/python3.12/site-packages/airflow/example_dags/example_bash_decorator.py took 0.077 seconds
[2025-04-05T15:30:53.250+0000] {processor.py:186} INFO - Started process (PID=1530) to work on /home/airflow/.local/lib/python3.12/site-packages/airflow/example_dags/example_bash_decorator.py
[2025-04-05T15:30:53.252+0000] {processor.py:914} INFO - Processing file /home/airflow/.local/lib/python3.12/site-packages/airflow/example_dags/example_bash_decorator.py for tasks to queue
[2025-04-05T15:30:53.254+0000] {logging_mixin.py:190} INFO - [2025-04-05T15:30:53.254+0000] {dagbag.py:588} INFO - Filling up the DagBag from /home/airflow/.local/lib/python3.12/site-packages/airflow/example_dags/example_bash_decorator.py
[2025-04-05T15:30:53.267+0000] {processor.py:925} INFO - DAG(s) 'example_bash_decorator' retrieved from /home/airflow/.local/lib/python3.12/site-packages/airflow/example_dags/example_bash_decorator.py
[2025-04-05T15:30:53.287+0000] {logging_mixin.py:190} INFO - [2025-04-05T15:30:53.287+0000] {dag.py:3239} INFO - Sync 1 DAGs
[2025-04-05T15:30:53.297+0000] {logging_mixin.py:190} INFO - [2025-04-05T15:30:53.297+0000] {dag.py:4180} INFO - Setting next_dagrun for example_bash_decorator to None, run_after=None
[2025-04-05T15:30:53.319+0000] {processor.py:208} INFO - Processing /home/airflow/.local/lib/python3.12/site-packages/airflow/example_dags/example_bash_decorator.py took 0.074 seconds
[2025-04-05T15:31:24.050+0000] {processor.py:186} INFO - Started process (PID=1593) to work on /home/airflow/.local/lib/python3.12/site-packages/airflow/example_dags/example_bash_decorator.py
[2025-04-05T15:31:24.052+0000] {processor.py:914} INFO - Processing file /home/airflow/.local/lib/python3.12/site-packages/airflow/example_dags/example_bash_decorator.py for tasks to queue
[2025-04-05T15:31:24.054+0000] {logging_mixin.py:190} INFO - [2025-04-05T15:31:24.054+0000] {dagbag.py:588} INFO - Filling up the DagBag from /home/airflow/.local/lib/python3.12/site-packages/airflow/example_dags/example_bash_decorator.py
[2025-04-05T15:31:24.067+0000] {processor.py:925} INFO - DAG(s) 'example_bash_decorator' retrieved from /home/airflow/.local/lib/python3.12/site-packages/airflow/example_dags/example_bash_decorator.py
[2025-04-05T15:31:24.086+0000] {logging_mixin.py:190} INFO - [2025-04-05T15:31:24.085+0000] {dag.py:3239} INFO - Sync 1 DAGs
[2025-04-05T15:31:24.096+0000] {logging_mixin.py:190} INFO - [2025-04-05T15:31:24.096+0000] {dag.py:4180} INFO - Setting next_dagrun for example_bash_decorator to None, run_after=None
[2025-04-05T15:31:24.116+0000] {processor.py:208} INFO - Processing /home/airflow/.local/lib/python3.12/site-packages/airflow/example_dags/example_bash_decorator.py took 0.072 seconds
[2025-04-05T15:31:54.332+0000] {processor.py:186} INFO - Started process (PID=1656) to work on /home/airflow/.local/lib/python3.12/site-packages/airflow/example_dags/example_bash_decorator.py
[2025-04-05T15:31:54.337+0000] {processor.py:914} INFO - Processing file /home/airflow/.local/lib/python3.12/site-packages/airflow/example_dags/example_bash_decorator.py for tasks to queue
[2025-04-05T15:31:54.339+0000] {logging_mixin.py:190} INFO - [2025-04-05T15:31:54.339+0000] {dagbag.py:588} INFO - Filling up the DagBag from /home/airflow/.local/lib/python3.12/site-packages/airflow/example_dags/example_bash_decorator.py
[2025-04-05T15:31:54.358+0000] {processor.py:925} INFO - DAG(s) 'example_bash_decorator' retrieved from /home/airflow/.local/lib/python3.12/site-packages/airflow/example_dags/example_bash_decorator.py
[2025-04-05T15:31:54.383+0000] {logging_mixin.py:190} INFO - [2025-04-05T15:31:54.383+0000] {dag.py:3239} INFO - Sync 1 DAGs
[2025-04-05T15:31:54.399+0000] {logging_mixin.py:190} INFO - [2025-04-05T15:31:54.399+0000] {dag.py:4180} INFO - Setting next_dagrun for example_bash_decorator to None, run_after=None
[2025-04-05T15:31:54.423+0000] {processor.py:208} INFO - Processing /home/airflow/.local/lib/python3.12/site-packages/airflow/example_dags/example_bash_decorator.py took 0.096 seconds
[2025-04-05T15:32:25.216+0000] {processor.py:186} INFO - Started process (PID=1719) to work on /home/airflow/.local/lib/python3.12/site-packages/airflow/example_dags/example_bash_decorator.py
[2025-04-05T15:32:25.222+0000] {processor.py:914} INFO - Processing file /home/airflow/.local/lib/python3.12/site-packages/airflow/example_dags/example_bash_decorator.py for tasks to queue
[2025-04-05T15:32:25.224+0000] {logging_mixin.py:190} INFO - [2025-04-05T15:32:25.224+0000] {dagbag.py:588} INFO - Filling up the DagBag from /home/airflow/.local/lib/python3.12/site-packages/airflow/example_dags/example_bash_decorator.py
[2025-04-05T15:32:25.239+0000] {processor.py:925} INFO - DAG(s) 'example_bash_decorator' retrieved from /home/airflow/.local/lib/python3.12/site-packages/airflow/example_dags/example_bash_decorator.py
[2025-04-05T15:32:25.265+0000] {logging_mixin.py:190} INFO - [2025-04-05T15:32:25.264+0000] {dag.py:3239} INFO - Sync 1 DAGs
[2025-04-05T15:32:25.281+0000] {logging_mixin.py:190} INFO - [2025-04-05T15:32:25.281+0000] {dag.py:4180} INFO - Setting next_dagrun for example_bash_decorator to None, run_after=None
[2025-04-05T15:32:25.304+0000] {processor.py:208} INFO - Processing /home/airflow/.local/lib/python3.12/site-packages/airflow/example_dags/example_bash_decorator.py took 0.094 seconds
[2025-04-05T15:32:56.135+0000] {processor.py:186} INFO - Started process (PID=1782) to work on /home/airflow/.local/lib/python3.12/site-packages/airflow/example_dags/example_bash_decorator.py
[2025-04-05T15:32:56.140+0000] {processor.py:914} INFO - Processing file /home/airflow/.local/lib/python3.12/site-packages/airflow/example_dags/example_bash_decorator.py for tasks to queue
[2025-04-05T15:32:56.142+0000] {logging_mixin.py:190} INFO - [2025-04-05T15:32:56.142+0000] {dagbag.py:588} INFO - Filling up the DagBag from /home/airflow/.local/lib/python3.12/site-packages/airflow/example_dags/example_bash_decorator.py
[2025-04-05T15:32:56.157+0000] {processor.py:925} INFO - DAG(s) 'example_bash_decorator' retrieved from /home/airflow/.local/lib/python3.12/site-packages/airflow/example_dags/example_bash_decorator.py
[2025-04-05T15:32:56.181+0000] {logging_mixin.py:190} INFO - [2025-04-05T15:32:56.181+0000] {dag.py:3239} INFO - Sync 1 DAGs
[2025-04-05T15:32:56.192+0000] {logging_mixin.py:190} INFO - [2025-04-05T15:32:56.192+0000] {dag.py:4180} INFO - Setting next_dagrun for example_bash_decorator to None, run_after=None
[2025-04-05T15:32:56.212+0000] {processor.py:208} INFO - Processing /home/airflow/.local/lib/python3.12/site-packages/airflow/example_dags/example_bash_decorator.py took 0.083 seconds
[2025-04-05T20:33:11.174+0000] {processor.py:186} INFO - Started process (PID=1842) to work on /home/airflow/.local/lib/python3.12/site-packages/airflow/example_dags/example_bash_decorator.py
[2025-04-05T20:33:11.178+0000] {processor.py:914} INFO - Processing file /home/airflow/.local/lib/python3.12/site-packages/airflow/example_dags/example_bash_decorator.py for tasks to queue
[2025-04-05T20:33:11.186+0000] {logging_mixin.py:190} INFO - [2025-04-05T20:33:11.185+0000] {dagbag.py:588} INFO - Filling up the DagBag from /home/airflow/.local/lib/python3.12/site-packages/airflow/example_dags/example_bash_decorator.py
[2025-04-05T20:33:11.211+0000] {processor.py:925} INFO - DAG(s) 'example_bash_decorator' retrieved from /home/airflow/.local/lib/python3.12/site-packages/airflow/example_dags/example_bash_decorator.py
[2025-04-05T20:33:11.258+0000] {logging_mixin.py:190} INFO - [2025-04-05T20:33:11.258+0000] {dag.py:3239} INFO - Sync 1 DAGs
[2025-04-05T20:33:11.283+0000] {logging_mixin.py:190} INFO - [2025-04-05T20:33:11.283+0000] {dag.py:4180} INFO - Setting next_dagrun for example_bash_decorator to None, run_after=None
[2025-04-05T20:33:11.316+0000] {processor.py:208} INFO - Processing /home/airflow/.local/lib/python3.12/site-packages/airflow/example_dags/example_bash_decorator.py took 0.150 seconds
