[2025-04-05T15:19:20.497+0000] {processor.py:186} INFO - Started process (PID=120) to work on /home/airflow/.local/lib/python3.12/site-packages/airflow/example_dags/tutorial.py
[2025-04-05T15:19:20.499+0000] {processor.py:914} INFO - Processing file /home/airflow/.local/lib/python3.12/site-packages/airflow/example_dags/tutorial.py for tasks to queue
[2025-04-05T15:19:20.501+0000] {logging_mixin.py:190} INFO - [2025-04-05T15:19:20.501+0000] {dagbag.py:588} INFO - Filling up the DagBag from /home/airflow/.local/lib/python3.12/site-packages/airflow/example_dags/tutorial.py
[2025-04-05T15:19:20.511+0000] {processor.py:925} INFO - DAG(s) 'tutorial' retrieved from /home/airflow/.local/lib/python3.12/site-packages/airflow/example_dags/tutorial.py
[2025-04-05T15:19:20.628+0000] {logging_mixin.py:190} INFO - [2025-04-05T15:19:20.627+0000] {override.py:1912} INFO - Created Permission View: can read on DAG:tutorial
[2025-04-05T15:19:20.640+0000] {logging_mixin.py:190} INFO - [2025-04-05T15:19:20.639+0000] {override.py:1912} INFO - Created Permission View: can delete on DAG:tutorial
[2025-04-05T15:19:20.649+0000] {logging_mixin.py:190} INFO - [2025-04-05T15:19:20.648+0000] {override.py:1912} INFO - Created Permission View: can edit on DAG:tutorial
[2025-04-05T15:19:20.661+0000] {logging_mixin.py:190} INFO - [2025-04-05T15:19:20.661+0000] {override.py:1912} INFO - Created Permission View: can read on DAG Run:tutorial
[2025-04-05T15:19:20.669+0000] {logging_mixin.py:190} INFO - [2025-04-05T15:19:20.669+0000] {override.py:1912} INFO - Created Permission View: can create on DAG Run:tutorial
[2025-04-05T15:19:20.677+0000] {logging_mixin.py:190} INFO - [2025-04-05T15:19:20.677+0000] {override.py:1912} INFO - Created Permission View: can delete on DAG Run:tutorial
[2025-04-05T15:19:20.686+0000] {logging_mixin.py:190} INFO - [2025-04-05T15:19:20.686+0000] {override.py:1912} INFO - Created Permission View: menu access on DAG Run:tutorial
[2025-04-05T15:19:20.687+0000] {logging_mixin.py:190} INFO - [2025-04-05T15:19:20.686+0000] {dag.py:3239} INFO - Sync 1 DAGs
[2025-04-05T15:19:20.698+0000] {logging_mixin.py:190} INFO - [2025-04-05T15:19:20.698+0000] {dag.py:3262} INFO - Creating ORM DAG for tutorial
[2025-04-05T15:19:20.707+0000] {logging_mixin.py:190} INFO - [2025-04-05T15:19:20.707+0000] {dag.py:4180} INFO - Setting next_dagrun for tutorial to 2025-04-04 00:00:00+00:00, run_after=2025-04-05 00:00:00+00:00
[2025-04-05T15:19:20.727+0000] {processor.py:208} INFO - Processing /home/airflow/.local/lib/python3.12/site-packages/airflow/example_dags/tutorial.py took 0.237 seconds
[2025-04-05T15:19:51.412+0000] {processor.py:186} INFO - Started process (PID=183) to work on /home/airflow/.local/lib/python3.12/site-packages/airflow/example_dags/tutorial.py
[2025-04-05T15:19:51.413+0000] {processor.py:914} INFO - Processing file /home/airflow/.local/lib/python3.12/site-packages/airflow/example_dags/tutorial.py for tasks to queue
[2025-04-05T15:19:51.415+0000] {logging_mixin.py:190} INFO - [2025-04-05T15:19:51.414+0000] {dagbag.py:588} INFO - Filling up the DagBag from /home/airflow/.local/lib/python3.12/site-packages/airflow/example_dags/tutorial.py
[2025-04-05T15:19:51.421+0000] {processor.py:925} INFO - DAG(s) 'tutorial' retrieved from /home/airflow/.local/lib/python3.12/site-packages/airflow/example_dags/tutorial.py
[2025-04-05T15:19:51.438+0000] {logging_mixin.py:190} INFO - [2025-04-05T15:19:51.438+0000] {dag.py:3239} INFO - Sync 1 DAGs
[2025-04-05T15:19:51.458+0000] {logging_mixin.py:190} INFO - [2025-04-05T15:19:51.458+0000] {dag.py:4180} INFO - Setting next_dagrun for tutorial to 2025-04-04 00:00:00+00:00, run_after=2025-04-05 00:00:00+00:00
[2025-04-05T15:19:51.479+0000] {processor.py:208} INFO - Processing /home/airflow/.local/lib/python3.12/site-packages/airflow/example_dags/tutorial.py took 0.072 seconds
[2025-04-05T15:20:21.528+0000] {processor.py:186} INFO - Started process (PID=244) to work on /home/airflow/.local/lib/python3.12/site-packages/airflow/example_dags/tutorial.py
[2025-04-05T15:20:21.530+0000] {processor.py:914} INFO - Processing file /home/airflow/.local/lib/python3.12/site-packages/airflow/example_dags/tutorial.py for tasks to queue
[2025-04-05T15:20:21.531+0000] {logging_mixin.py:190} INFO - [2025-04-05T15:20:21.531+0000] {dagbag.py:588} INFO - Filling up the DagBag from /home/airflow/.local/lib/python3.12/site-packages/airflow/example_dags/tutorial.py
[2025-04-05T15:20:21.537+0000] {processor.py:925} INFO - DAG(s) 'tutorial' retrieved from /home/airflow/.local/lib/python3.12/site-packages/airflow/example_dags/tutorial.py
[2025-04-05T15:20:21.553+0000] {logging_mixin.py:190} INFO - [2025-04-05T15:20:21.553+0000] {dag.py:3239} INFO - Sync 1 DAGs
[2025-04-05T15:20:21.572+0000] {logging_mixin.py:190} INFO - [2025-04-05T15:20:21.572+0000] {dag.py:4180} INFO - Setting next_dagrun for tutorial to 2025-04-04 00:00:00+00:00, run_after=2025-04-05 00:00:00+00:00
[2025-04-05T15:20:21.590+0000] {processor.py:208} INFO - Processing /home/airflow/.local/lib/python3.12/site-packages/airflow/example_dags/tutorial.py took 0.066 seconds
[2025-04-05T15:20:52.246+0000] {processor.py:186} INFO - Started process (PID=307) to work on /home/airflow/.local/lib/python3.12/site-packages/airflow/example_dags/tutorial.py
[2025-04-05T15:20:52.247+0000] {processor.py:914} INFO - Processing file /home/airflow/.local/lib/python3.12/site-packages/airflow/example_dags/tutorial.py for tasks to queue
[2025-04-05T15:20:52.250+0000] {logging_mixin.py:190} INFO - [2025-04-05T15:20:52.249+0000] {dagbag.py:588} INFO - Filling up the DagBag from /home/airflow/.local/lib/python3.12/site-packages/airflow/example_dags/tutorial.py
[2025-04-05T15:20:52.256+0000] {processor.py:925} INFO - DAG(s) 'tutorial' retrieved from /home/airflow/.local/lib/python3.12/site-packages/airflow/example_dags/tutorial.py
[2025-04-05T15:20:52.272+0000] {logging_mixin.py:190} INFO - [2025-04-05T15:20:52.272+0000] {dag.py:3239} INFO - Sync 1 DAGs
[2025-04-05T15:20:52.292+0000] {logging_mixin.py:190} INFO - [2025-04-05T15:20:52.291+0000] {dag.py:4180} INFO - Setting next_dagrun for tutorial to 2025-04-04 00:00:00+00:00, run_after=2025-04-05 00:00:00+00:00
[2025-04-05T15:20:52.310+0000] {processor.py:208} INFO - Processing /home/airflow/.local/lib/python3.12/site-packages/airflow/example_dags/tutorial.py took 0.070 seconds
[2025-04-05T15:21:22.703+0000] {processor.py:186} INFO - Started process (PID=370) to work on /home/airflow/.local/lib/python3.12/site-packages/airflow/example_dags/tutorial.py
[2025-04-05T15:21:22.704+0000] {processor.py:914} INFO - Processing file /home/airflow/.local/lib/python3.12/site-packages/airflow/example_dags/tutorial.py for tasks to queue
[2025-04-05T15:21:22.706+0000] {logging_mixin.py:190} INFO - [2025-04-05T15:21:22.706+0000] {dagbag.py:588} INFO - Filling up the DagBag from /home/airflow/.local/lib/python3.12/site-packages/airflow/example_dags/tutorial.py
[2025-04-05T15:21:22.712+0000] {processor.py:925} INFO - DAG(s) 'tutorial' retrieved from /home/airflow/.local/lib/python3.12/site-packages/airflow/example_dags/tutorial.py
[2025-04-05T15:21:22.727+0000] {logging_mixin.py:190} INFO - [2025-04-05T15:21:22.727+0000] {dag.py:3239} INFO - Sync 1 DAGs
[2025-04-05T15:21:22.744+0000] {logging_mixin.py:190} INFO - [2025-04-05T15:21:22.744+0000] {dag.py:4180} INFO - Setting next_dagrun for tutorial to 2025-04-04 00:00:00+00:00, run_after=2025-04-05 00:00:00+00:00
[2025-04-05T15:21:22.764+0000] {processor.py:208} INFO - Processing /home/airflow/.local/lib/python3.12/site-packages/airflow/example_dags/tutorial.py took 0.065 seconds
[2025-04-05T15:21:53.064+0000] {processor.py:186} INFO - Started process (PID=433) to work on /home/airflow/.local/lib/python3.12/site-packages/airflow/example_dags/tutorial.py
[2025-04-05T15:21:53.065+0000] {processor.py:914} INFO - Processing file /home/airflow/.local/lib/python3.12/site-packages/airflow/example_dags/tutorial.py for tasks to queue
[2025-04-05T15:21:53.067+0000] {logging_mixin.py:190} INFO - [2025-04-05T15:21:53.066+0000] {dagbag.py:588} INFO - Filling up the DagBag from /home/airflow/.local/lib/python3.12/site-packages/airflow/example_dags/tutorial.py
[2025-04-05T15:21:53.073+0000] {processor.py:925} INFO - DAG(s) 'tutorial' retrieved from /home/airflow/.local/lib/python3.12/site-packages/airflow/example_dags/tutorial.py
[2025-04-05T15:21:53.089+0000] {logging_mixin.py:190} INFO - [2025-04-05T15:21:53.089+0000] {dag.py:3239} INFO - Sync 1 DAGs
[2025-04-05T15:21:53.108+0000] {logging_mixin.py:190} INFO - [2025-04-05T15:21:53.108+0000] {dag.py:4180} INFO - Setting next_dagrun for tutorial to 2025-04-04 00:00:00+00:00, run_after=2025-04-05 00:00:00+00:00
[2025-04-05T15:21:53.128+0000] {processor.py:208} INFO - Processing /home/airflow/.local/lib/python3.12/site-packages/airflow/example_dags/tutorial.py took 0.069 seconds
[2025-04-05T15:22:23.410+0000] {processor.py:186} INFO - Started process (PID=496) to work on /home/airflow/.local/lib/python3.12/site-packages/airflow/example_dags/tutorial.py
[2025-04-05T15:22:23.411+0000] {processor.py:914} INFO - Processing file /home/airflow/.local/lib/python3.12/site-packages/airflow/example_dags/tutorial.py for tasks to queue
[2025-04-05T15:22:23.413+0000] {logging_mixin.py:190} INFO - [2025-04-05T15:22:23.412+0000] {dagbag.py:588} INFO - Filling up the DagBag from /home/airflow/.local/lib/python3.12/site-packages/airflow/example_dags/tutorial.py
[2025-04-05T15:22:23.418+0000] {processor.py:925} INFO - DAG(s) 'tutorial' retrieved from /home/airflow/.local/lib/python3.12/site-packages/airflow/example_dags/tutorial.py
[2025-04-05T15:22:23.434+0000] {logging_mixin.py:190} INFO - [2025-04-05T15:22:23.434+0000] {dag.py:3239} INFO - Sync 1 DAGs
[2025-04-05T15:22:23.450+0000] {logging_mixin.py:190} INFO - [2025-04-05T15:22:23.450+0000] {dag.py:4180} INFO - Setting next_dagrun for tutorial to 2025-04-04 00:00:00+00:00, run_after=2025-04-05 00:00:00+00:00
[2025-04-05T15:22:23.468+0000] {processor.py:208} INFO - Processing /home/airflow/.local/lib/python3.12/site-packages/airflow/example_dags/tutorial.py took 0.063 seconds
[2025-04-05T15:22:54.270+0000] {processor.py:186} INFO - Started process (PID=559) to work on /home/airflow/.local/lib/python3.12/site-packages/airflow/example_dags/tutorial.py
[2025-04-05T15:22:54.271+0000] {processor.py:914} INFO - Processing file /home/airflow/.local/lib/python3.12/site-packages/airflow/example_dags/tutorial.py for tasks to queue
[2025-04-05T15:22:54.273+0000] {logging_mixin.py:190} INFO - [2025-04-05T15:22:54.273+0000] {dagbag.py:588} INFO - Filling up the DagBag from /home/airflow/.local/lib/python3.12/site-packages/airflow/example_dags/tutorial.py
[2025-04-05T15:22:54.281+0000] {processor.py:925} INFO - DAG(s) 'tutorial' retrieved from /home/airflow/.local/lib/python3.12/site-packages/airflow/example_dags/tutorial.py
[2025-04-05T15:22:54.298+0000] {logging_mixin.py:190} INFO - [2025-04-05T15:22:54.297+0000] {dag.py:3239} INFO - Sync 1 DAGs
[2025-04-05T15:22:54.316+0000] {logging_mixin.py:190} INFO - [2025-04-05T15:22:54.316+0000] {dag.py:4180} INFO - Setting next_dagrun for tutorial to 2025-04-04 00:00:00+00:00, run_after=2025-04-05 00:00:00+00:00
[2025-04-05T15:22:54.335+0000] {processor.py:208} INFO - Processing /home/airflow/.local/lib/python3.12/site-packages/airflow/example_dags/tutorial.py took 0.071 seconds
[2025-04-05T15:23:24.479+0000] {processor.py:186} INFO - Started process (PID=622) to work on /home/airflow/.local/lib/python3.12/site-packages/airflow/example_dags/tutorial.py
[2025-04-05T15:23:24.481+0000] {processor.py:914} INFO - Processing file /home/airflow/.local/lib/python3.12/site-packages/airflow/example_dags/tutorial.py for tasks to queue
[2025-04-05T15:23:24.483+0000] {logging_mixin.py:190} INFO - [2025-04-05T15:23:24.482+0000] {dagbag.py:588} INFO - Filling up the DagBag from /home/airflow/.local/lib/python3.12/site-packages/airflow/example_dags/tutorial.py
[2025-04-05T15:23:24.489+0000] {processor.py:925} INFO - DAG(s) 'tutorial' retrieved from /home/airflow/.local/lib/python3.12/site-packages/airflow/example_dags/tutorial.py
[2025-04-05T15:23:24.506+0000] {logging_mixin.py:190} INFO - [2025-04-05T15:23:24.506+0000] {dag.py:3239} INFO - Sync 1 DAGs
[2025-04-05T15:23:24.524+0000] {logging_mixin.py:190} INFO - [2025-04-05T15:23:24.524+0000] {dag.py:4180} INFO - Setting next_dagrun for tutorial to 2025-04-04 00:00:00+00:00, run_after=2025-04-05 00:00:00+00:00
[2025-04-05T15:23:24.540+0000] {processor.py:208} INFO - Processing /home/airflow/.local/lib/python3.12/site-packages/airflow/example_dags/tutorial.py took 0.065 seconds
[2025-04-05T15:23:54.925+0000] {processor.py:186} INFO - Started process (PID=685) to work on /home/airflow/.local/lib/python3.12/site-packages/airflow/example_dags/tutorial.py
[2025-04-05T15:23:54.926+0000] {processor.py:914} INFO - Processing file /home/airflow/.local/lib/python3.12/site-packages/airflow/example_dags/tutorial.py for tasks to queue
[2025-04-05T15:23:54.928+0000] {logging_mixin.py:190} INFO - [2025-04-05T15:23:54.928+0000] {dagbag.py:588} INFO - Filling up the DagBag from /home/airflow/.local/lib/python3.12/site-packages/airflow/example_dags/tutorial.py
[2025-04-05T15:23:54.934+0000] {processor.py:925} INFO - DAG(s) 'tutorial' retrieved from /home/airflow/.local/lib/python3.12/site-packages/airflow/example_dags/tutorial.py
[2025-04-05T15:23:54.951+0000] {logging_mixin.py:190} INFO - [2025-04-05T15:23:54.951+0000] {dag.py:3239} INFO - Sync 1 DAGs
[2025-04-05T15:23:54.973+0000] {logging_mixin.py:190} INFO - [2025-04-05T15:23:54.973+0000] {dag.py:4180} INFO - Setting next_dagrun for tutorial to 2025-04-04 00:00:00+00:00, run_after=2025-04-05 00:00:00+00:00
[2025-04-05T15:23:55.008+0000] {processor.py:208} INFO - Processing /home/airflow/.local/lib/python3.12/site-packages/airflow/example_dags/tutorial.py took 0.087 seconds
[2025-04-05T15:24:25.132+0000] {processor.py:186} INFO - Started process (PID=748) to work on /home/airflow/.local/lib/python3.12/site-packages/airflow/example_dags/tutorial.py
[2025-04-05T15:24:25.133+0000] {processor.py:914} INFO - Processing file /home/airflow/.local/lib/python3.12/site-packages/airflow/example_dags/tutorial.py for tasks to queue
[2025-04-05T15:24:25.135+0000] {logging_mixin.py:190} INFO - [2025-04-05T15:24:25.135+0000] {dagbag.py:588} INFO - Filling up the DagBag from /home/airflow/.local/lib/python3.12/site-packages/airflow/example_dags/tutorial.py
[2025-04-05T15:24:25.143+0000] {processor.py:925} INFO - DAG(s) 'tutorial' retrieved from /home/airflow/.local/lib/python3.12/site-packages/airflow/example_dags/tutorial.py
[2025-04-05T15:24:25.162+0000] {logging_mixin.py:190} INFO - [2025-04-05T15:24:25.161+0000] {dag.py:3239} INFO - Sync 1 DAGs
[2025-04-05T15:24:25.184+0000] {logging_mixin.py:190} INFO - [2025-04-05T15:24:25.184+0000] {dag.py:4180} INFO - Setting next_dagrun for tutorial to 2025-04-04 00:00:00+00:00, run_after=2025-04-05 00:00:00+00:00
[2025-04-05T15:24:25.207+0000] {processor.py:208} INFO - Processing /home/airflow/.local/lib/python3.12/site-packages/airflow/example_dags/tutorial.py took 0.080 seconds
[2025-04-05T15:24:56.054+0000] {processor.py:186} INFO - Started process (PID=811) to work on /home/airflow/.local/lib/python3.12/site-packages/airflow/example_dags/tutorial.py
[2025-04-05T15:24:56.055+0000] {processor.py:914} INFO - Processing file /home/airflow/.local/lib/python3.12/site-packages/airflow/example_dags/tutorial.py for tasks to queue
[2025-04-05T15:24:56.057+0000] {logging_mixin.py:190} INFO - [2025-04-05T15:24:56.056+0000] {dagbag.py:588} INFO - Filling up the DagBag from /home/airflow/.local/lib/python3.12/site-packages/airflow/example_dags/tutorial.py
[2025-04-05T15:24:56.063+0000] {processor.py:925} INFO - DAG(s) 'tutorial' retrieved from /home/airflow/.local/lib/python3.12/site-packages/airflow/example_dags/tutorial.py
[2025-04-05T15:24:56.079+0000] {logging_mixin.py:190} INFO - [2025-04-05T15:24:56.079+0000] {dag.py:3239} INFO - Sync 1 DAGs
[2025-04-05T15:24:56.097+0000] {logging_mixin.py:190} INFO - [2025-04-05T15:24:56.096+0000] {dag.py:4180} INFO - Setting next_dagrun for tutorial to 2025-04-04 00:00:00+00:00, run_after=2025-04-05 00:00:00+00:00
[2025-04-05T15:24:56.113+0000] {processor.py:208} INFO - Processing /home/airflow/.local/lib/python3.12/site-packages/airflow/example_dags/tutorial.py took 0.064 seconds
[2025-04-05T15:25:26.221+0000] {processor.py:186} INFO - Started process (PID=873) to work on /home/airflow/.local/lib/python3.12/site-packages/airflow/example_dags/tutorial.py
[2025-04-05T15:25:26.222+0000] {processor.py:914} INFO - Processing file /home/airflow/.local/lib/python3.12/site-packages/airflow/example_dags/tutorial.py for tasks to queue
[2025-04-05T15:25:26.224+0000] {logging_mixin.py:190} INFO - [2025-04-05T15:25:26.224+0000] {dagbag.py:588} INFO - Filling up the DagBag from /home/airflow/.local/lib/python3.12/site-packages/airflow/example_dags/tutorial.py
[2025-04-05T15:25:26.231+0000] {processor.py:925} INFO - DAG(s) 'tutorial' retrieved from /home/airflow/.local/lib/python3.12/site-packages/airflow/example_dags/tutorial.py
[2025-04-05T15:25:26.249+0000] {logging_mixin.py:190} INFO - [2025-04-05T15:25:26.249+0000] {dag.py:3239} INFO - Sync 1 DAGs
[2025-04-05T15:25:26.270+0000] {logging_mixin.py:190} INFO - [2025-04-05T15:25:26.269+0000] {dag.py:4180} INFO - Setting next_dagrun for tutorial to 2025-04-04 00:00:00+00:00, run_after=2025-04-05 00:00:00+00:00
[2025-04-05T15:25:26.289+0000] {processor.py:208} INFO - Processing /home/airflow/.local/lib/python3.12/site-packages/airflow/example_dags/tutorial.py took 0.074 seconds
[2025-04-05T15:25:56.501+0000] {processor.py:186} INFO - Started process (PID=936) to work on /home/airflow/.local/lib/python3.12/site-packages/airflow/example_dags/tutorial.py
[2025-04-05T15:25:56.502+0000] {processor.py:914} INFO - Processing file /home/airflow/.local/lib/python3.12/site-packages/airflow/example_dags/tutorial.py for tasks to queue
[2025-04-05T15:25:56.505+0000] {logging_mixin.py:190} INFO - [2025-04-05T15:25:56.504+0000] {dagbag.py:588} INFO - Filling up the DagBag from /home/airflow/.local/lib/python3.12/site-packages/airflow/example_dags/tutorial.py
[2025-04-05T15:25:56.511+0000] {processor.py:925} INFO - DAG(s) 'tutorial' retrieved from /home/airflow/.local/lib/python3.12/site-packages/airflow/example_dags/tutorial.py
[2025-04-05T15:25:56.530+0000] {logging_mixin.py:190} INFO - [2025-04-05T15:25:56.530+0000] {dag.py:3239} INFO - Sync 1 DAGs
[2025-04-05T15:25:56.551+0000] {logging_mixin.py:190} INFO - [2025-04-05T15:25:56.551+0000] {dag.py:4180} INFO - Setting next_dagrun for tutorial to 2025-04-04 00:00:00+00:00, run_after=2025-04-05 00:00:00+00:00
[2025-04-05T15:25:56.571+0000] {processor.py:208} INFO - Processing /home/airflow/.local/lib/python3.12/site-packages/airflow/example_dags/tutorial.py took 0.075 seconds
[2025-04-05T15:26:27.097+0000] {processor.py:186} INFO - Started process (PID=999) to work on /home/airflow/.local/lib/python3.12/site-packages/airflow/example_dags/tutorial.py
[2025-04-05T15:26:27.098+0000] {processor.py:914} INFO - Processing file /home/airflow/.local/lib/python3.12/site-packages/airflow/example_dags/tutorial.py for tasks to queue
[2025-04-05T15:26:27.100+0000] {logging_mixin.py:190} INFO - [2025-04-05T15:26:27.100+0000] {dagbag.py:588} INFO - Filling up the DagBag from /home/airflow/.local/lib/python3.12/site-packages/airflow/example_dags/tutorial.py
[2025-04-05T15:26:27.106+0000] {processor.py:925} INFO - DAG(s) 'tutorial' retrieved from /home/airflow/.local/lib/python3.12/site-packages/airflow/example_dags/tutorial.py
[2025-04-05T15:26:27.125+0000] {logging_mixin.py:190} INFO - [2025-04-05T15:26:27.124+0000] {dag.py:3239} INFO - Sync 1 DAGs
[2025-04-05T15:26:27.146+0000] {logging_mixin.py:190} INFO - [2025-04-05T15:26:27.146+0000] {dag.py:4180} INFO - Setting next_dagrun for tutorial to 2025-04-04 00:00:00+00:00, run_after=2025-04-05 00:00:00+00:00
[2025-04-05T15:26:27.168+0000] {processor.py:208} INFO - Processing /home/airflow/.local/lib/python3.12/site-packages/airflow/example_dags/tutorial.py took 0.075 seconds
[2025-04-05T15:26:57.272+0000] {processor.py:186} INFO - Started process (PID=1062) to work on /home/airflow/.local/lib/python3.12/site-packages/airflow/example_dags/tutorial.py
[2025-04-05T15:26:57.273+0000] {processor.py:914} INFO - Processing file /home/airflow/.local/lib/python3.12/site-packages/airflow/example_dags/tutorial.py for tasks to queue
[2025-04-05T15:26:57.275+0000] {logging_mixin.py:190} INFO - [2025-04-05T15:26:57.275+0000] {dagbag.py:588} INFO - Filling up the DagBag from /home/airflow/.local/lib/python3.12/site-packages/airflow/example_dags/tutorial.py
[2025-04-05T15:26:57.281+0000] {processor.py:925} INFO - DAG(s) 'tutorial' retrieved from /home/airflow/.local/lib/python3.12/site-packages/airflow/example_dags/tutorial.py
[2025-04-05T15:26:57.298+0000] {logging_mixin.py:190} INFO - [2025-04-05T15:26:57.298+0000] {dag.py:3239} INFO - Sync 1 DAGs
[2025-04-05T15:26:57.316+0000] {logging_mixin.py:190} INFO - [2025-04-05T15:26:57.316+0000] {dag.py:4180} INFO - Setting next_dagrun for tutorial to 2025-04-04 00:00:00+00:00, run_after=2025-04-05 00:00:00+00:00
[2025-04-05T15:26:57.335+0000] {processor.py:208} INFO - Processing /home/airflow/.local/lib/python3.12/site-packages/airflow/example_dags/tutorial.py took 0.068 seconds
[2025-04-05T15:27:28.295+0000] {processor.py:186} INFO - Started process (PID=1125) to work on /home/airflow/.local/lib/python3.12/site-packages/airflow/example_dags/tutorial.py
[2025-04-05T15:27:28.297+0000] {processor.py:914} INFO - Processing file /home/airflow/.local/lib/python3.12/site-packages/airflow/example_dags/tutorial.py for tasks to queue
[2025-04-05T15:27:28.299+0000] {logging_mixin.py:190} INFO - [2025-04-05T15:27:28.298+0000] {dagbag.py:588} INFO - Filling up the DagBag from /home/airflow/.local/lib/python3.12/site-packages/airflow/example_dags/tutorial.py
[2025-04-05T15:27:28.307+0000] {processor.py:925} INFO - DAG(s) 'tutorial' retrieved from /home/airflow/.local/lib/python3.12/site-packages/airflow/example_dags/tutorial.py
[2025-04-05T15:27:28.326+0000] {logging_mixin.py:190} INFO - [2025-04-05T15:27:28.326+0000] {dag.py:3239} INFO - Sync 1 DAGs
[2025-04-05T15:27:28.346+0000] {logging_mixin.py:190} INFO - [2025-04-05T15:27:28.346+0000] {dag.py:4180} INFO - Setting next_dagrun for tutorial to 2025-04-04 00:00:00+00:00, run_after=2025-04-05 00:00:00+00:00
[2025-04-05T15:27:28.371+0000] {processor.py:208} INFO - Processing /home/airflow/.local/lib/python3.12/site-packages/airflow/example_dags/tutorial.py took 0.080 seconds
[2025-04-05T15:27:58.575+0000] {processor.py:186} INFO - Started process (PID=1187) to work on /home/airflow/.local/lib/python3.12/site-packages/airflow/example_dags/tutorial.py
[2025-04-05T15:27:58.576+0000] {processor.py:914} INFO - Processing file /home/airflow/.local/lib/python3.12/site-packages/airflow/example_dags/tutorial.py for tasks to queue
[2025-04-05T15:27:58.578+0000] {logging_mixin.py:190} INFO - [2025-04-05T15:27:58.578+0000] {dagbag.py:588} INFO - Filling up the DagBag from /home/airflow/.local/lib/python3.12/site-packages/airflow/example_dags/tutorial.py
[2025-04-05T15:27:58.583+0000] {processor.py:925} INFO - DAG(s) 'tutorial' retrieved from /home/airflow/.local/lib/python3.12/site-packages/airflow/example_dags/tutorial.py
[2025-04-05T15:27:58.600+0000] {logging_mixin.py:190} INFO - [2025-04-05T15:27:58.600+0000] {dag.py:3239} INFO - Sync 1 DAGs
[2025-04-05T15:27:58.617+0000] {logging_mixin.py:190} INFO - [2025-04-05T15:27:58.616+0000] {dag.py:4180} INFO - Setting next_dagrun for tutorial to 2025-04-04 00:00:00+00:00, run_after=2025-04-05 00:00:00+00:00
[2025-04-05T15:27:58.635+0000] {processor.py:208} INFO - Processing /home/airflow/.local/lib/python3.12/site-packages/airflow/example_dags/tutorial.py took 0.066 seconds
[2025-04-05T15:28:28.950+0000] {processor.py:186} INFO - Started process (PID=1250) to work on /home/airflow/.local/lib/python3.12/site-packages/airflow/example_dags/tutorial.py
[2025-04-05T15:28:28.951+0000] {processor.py:914} INFO - Processing file /home/airflow/.local/lib/python3.12/site-packages/airflow/example_dags/tutorial.py for tasks to queue
[2025-04-05T15:28:28.953+0000] {logging_mixin.py:190} INFO - [2025-04-05T15:28:28.952+0000] {dagbag.py:588} INFO - Filling up the DagBag from /home/airflow/.local/lib/python3.12/site-packages/airflow/example_dags/tutorial.py
[2025-04-05T15:28:28.958+0000] {processor.py:925} INFO - DAG(s) 'tutorial' retrieved from /home/airflow/.local/lib/python3.12/site-packages/airflow/example_dags/tutorial.py
[2025-04-05T15:28:28.976+0000] {logging_mixin.py:190} INFO - [2025-04-05T15:28:28.976+0000] {dag.py:3239} INFO - Sync 1 DAGs
[2025-04-05T15:28:28.999+0000] {logging_mixin.py:190} INFO - [2025-04-05T15:28:28.999+0000] {dag.py:4180} INFO - Setting next_dagrun for tutorial to 2025-04-04 00:00:00+00:00, run_after=2025-04-05 00:00:00+00:00
[2025-04-05T15:28:29.017+0000] {processor.py:208} INFO - Processing /home/airflow/.local/lib/python3.12/site-packages/airflow/example_dags/tutorial.py took 0.072 seconds
[2025-04-05T15:28:59.692+0000] {processor.py:186} INFO - Started process (PID=1313) to work on /home/airflow/.local/lib/python3.12/site-packages/airflow/example_dags/tutorial.py
[2025-04-05T15:28:59.693+0000] {processor.py:914} INFO - Processing file /home/airflow/.local/lib/python3.12/site-packages/airflow/example_dags/tutorial.py for tasks to queue
[2025-04-05T15:28:59.695+0000] {logging_mixin.py:190} INFO - [2025-04-05T15:28:59.695+0000] {dagbag.py:588} INFO - Filling up the DagBag from /home/airflow/.local/lib/python3.12/site-packages/airflow/example_dags/tutorial.py
[2025-04-05T15:28:59.705+0000] {processor.py:925} INFO - DAG(s) 'tutorial' retrieved from /home/airflow/.local/lib/python3.12/site-packages/airflow/example_dags/tutorial.py
[2025-04-05T15:28:59.726+0000] {logging_mixin.py:190} INFO - [2025-04-05T15:28:59.726+0000] {dag.py:3239} INFO - Sync 1 DAGs
[2025-04-05T15:28:59.745+0000] {logging_mixin.py:190} INFO - [2025-04-05T15:28:59.745+0000] {dag.py:4180} INFO - Setting next_dagrun for tutorial to 2025-04-04 00:00:00+00:00, run_after=2025-04-05 00:00:00+00:00
[2025-04-05T15:28:59.763+0000] {processor.py:208} INFO - Processing /home/airflow/.local/lib/python3.12/site-packages/airflow/example_dags/tutorial.py took 0.075 seconds
[2025-04-05T15:29:30.677+0000] {processor.py:186} INFO - Started process (PID=1376) to work on /home/airflow/.local/lib/python3.12/site-packages/airflow/example_dags/tutorial.py
[2025-04-05T15:29:30.678+0000] {processor.py:914} INFO - Processing file /home/airflow/.local/lib/python3.12/site-packages/airflow/example_dags/tutorial.py for tasks to queue
[2025-04-05T15:29:30.680+0000] {logging_mixin.py:190} INFO - [2025-04-05T15:29:30.680+0000] {dagbag.py:588} INFO - Filling up the DagBag from /home/airflow/.local/lib/python3.12/site-packages/airflow/example_dags/tutorial.py
[2025-04-05T15:29:30.687+0000] {processor.py:925} INFO - DAG(s) 'tutorial' retrieved from /home/airflow/.local/lib/python3.12/site-packages/airflow/example_dags/tutorial.py
[2025-04-05T15:29:30.706+0000] {logging_mixin.py:190} INFO - [2025-04-05T15:29:30.706+0000] {dag.py:3239} INFO - Sync 1 DAGs
[2025-04-05T15:29:30.729+0000] {logging_mixin.py:190} INFO - [2025-04-05T15:29:30.728+0000] {dag.py:4180} INFO - Setting next_dagrun for tutorial to 2025-04-04 00:00:00+00:00, run_after=2025-04-05 00:00:00+00:00
[2025-04-05T15:29:30.751+0000] {processor.py:208} INFO - Processing /home/airflow/.local/lib/python3.12/site-packages/airflow/example_dags/tutorial.py took 0.080 seconds
[2025-04-05T15:30:01.407+0000] {processor.py:186} INFO - Started process (PID=1439) to work on /home/airflow/.local/lib/python3.12/site-packages/airflow/example_dags/tutorial.py
[2025-04-05T15:30:01.409+0000] {processor.py:914} INFO - Processing file /home/airflow/.local/lib/python3.12/site-packages/airflow/example_dags/tutorial.py for tasks to queue
[2025-04-05T15:30:01.411+0000] {logging_mixin.py:190} INFO - [2025-04-05T15:30:01.411+0000] {dagbag.py:588} INFO - Filling up the DagBag from /home/airflow/.local/lib/python3.12/site-packages/airflow/example_dags/tutorial.py
[2025-04-05T15:30:01.418+0000] {processor.py:925} INFO - DAG(s) 'tutorial' retrieved from /home/airflow/.local/lib/python3.12/site-packages/airflow/example_dags/tutorial.py
[2025-04-05T15:30:01.436+0000] {logging_mixin.py:190} INFO - [2025-04-05T15:30:01.436+0000] {dag.py:3239} INFO - Sync 1 DAGs
[2025-04-05T15:30:01.466+0000] {logging_mixin.py:190} INFO - [2025-04-05T15:30:01.466+0000] {dag.py:4180} INFO - Setting next_dagrun for tutorial to 2025-04-04 00:00:00+00:00, run_after=2025-04-05 00:00:00+00:00
[2025-04-05T15:30:01.488+0000] {processor.py:208} INFO - Processing /home/airflow/.local/lib/python3.12/site-packages/airflow/example_dags/tutorial.py took 0.086 seconds
[2025-04-05T15:30:32.284+0000] {processor.py:186} INFO - Started process (PID=1503) to work on /home/airflow/.local/lib/python3.12/site-packages/airflow/example_dags/tutorial.py
[2025-04-05T15:30:32.285+0000] {processor.py:914} INFO - Processing file /home/airflow/.local/lib/python3.12/site-packages/airflow/example_dags/tutorial.py for tasks to queue
[2025-04-05T15:30:32.287+0000] {logging_mixin.py:190} INFO - [2025-04-05T15:30:32.287+0000] {dagbag.py:588} INFO - Filling up the DagBag from /home/airflow/.local/lib/python3.12/site-packages/airflow/example_dags/tutorial.py
[2025-04-05T15:30:32.293+0000] {processor.py:925} INFO - DAG(s) 'tutorial' retrieved from /home/airflow/.local/lib/python3.12/site-packages/airflow/example_dags/tutorial.py
[2025-04-05T15:30:32.312+0000] {logging_mixin.py:190} INFO - [2025-04-05T15:30:32.312+0000] {dag.py:3239} INFO - Sync 1 DAGs
[2025-04-05T15:30:32.335+0000] {logging_mixin.py:190} INFO - [2025-04-05T15:30:32.335+0000] {dag.py:4180} INFO - Setting next_dagrun for tutorial to 2025-04-04 00:00:00+00:00, run_after=2025-04-05 00:00:00+00:00
[2025-04-05T15:30:32.375+0000] {processor.py:208} INFO - Processing /home/airflow/.local/lib/python3.12/site-packages/airflow/example_dags/tutorial.py took 0.095 seconds
[2025-04-05T15:31:03.245+0000] {processor.py:186} INFO - Started process (PID=1566) to work on /home/airflow/.local/lib/python3.12/site-packages/airflow/example_dags/tutorial.py
[2025-04-05T15:31:03.247+0000] {processor.py:914} INFO - Processing file /home/airflow/.local/lib/python3.12/site-packages/airflow/example_dags/tutorial.py for tasks to queue
[2025-04-05T15:31:03.250+0000] {logging_mixin.py:190} INFO - [2025-04-05T15:31:03.250+0000] {dagbag.py:588} INFO - Filling up the DagBag from /home/airflow/.local/lib/python3.12/site-packages/airflow/example_dags/tutorial.py
[2025-04-05T15:31:03.261+0000] {processor.py:925} INFO - DAG(s) 'tutorial' retrieved from /home/airflow/.local/lib/python3.12/site-packages/airflow/example_dags/tutorial.py
[2025-04-05T15:31:03.281+0000] {logging_mixin.py:190} INFO - [2025-04-05T15:31:03.280+0000] {dag.py:3239} INFO - Sync 1 DAGs
[2025-04-05T15:31:03.300+0000] {logging_mixin.py:190} INFO - [2025-04-05T15:31:03.300+0000] {dag.py:4180} INFO - Setting next_dagrun for tutorial to 2025-04-04 00:00:00+00:00, run_after=2025-04-05 00:00:00+00:00
[2025-04-05T15:31:03.318+0000] {processor.py:208} INFO - Processing /home/airflow/.local/lib/python3.12/site-packages/airflow/example_dags/tutorial.py took 0.082 seconds
[2025-04-05T15:31:34.002+0000] {processor.py:186} INFO - Started process (PID=1629) to work on /home/airflow/.local/lib/python3.12/site-packages/airflow/example_dags/tutorial.py
[2025-04-05T15:31:34.003+0000] {processor.py:914} INFO - Processing file /home/airflow/.local/lib/python3.12/site-packages/airflow/example_dags/tutorial.py for tasks to queue
[2025-04-05T15:31:34.005+0000] {logging_mixin.py:190} INFO - [2025-04-05T15:31:34.005+0000] {dagbag.py:588} INFO - Filling up the DagBag from /home/airflow/.local/lib/python3.12/site-packages/airflow/example_dags/tutorial.py
[2025-04-05T15:31:34.013+0000] {processor.py:925} INFO - DAG(s) 'tutorial' retrieved from /home/airflow/.local/lib/python3.12/site-packages/airflow/example_dags/tutorial.py
[2025-04-05T15:31:34.030+0000] {logging_mixin.py:190} INFO - [2025-04-05T15:31:34.030+0000] {dag.py:3239} INFO - Sync 1 DAGs
[2025-04-05T15:31:34.052+0000] {logging_mixin.py:190} INFO - [2025-04-05T15:31:34.051+0000] {dag.py:4180} INFO - Setting next_dagrun for tutorial to 2025-04-04 00:00:00+00:00, run_after=2025-04-05 00:00:00+00:00
[2025-04-05T15:31:34.071+0000] {processor.py:208} INFO - Processing /home/airflow/.local/lib/python3.12/site-packages/airflow/example_dags/tutorial.py took 0.075 seconds
[2025-04-05T15:32:04.278+0000] {processor.py:186} INFO - Started process (PID=1692) to work on /home/airflow/.local/lib/python3.12/site-packages/airflow/example_dags/tutorial.py
[2025-04-05T15:32:04.280+0000] {processor.py:914} INFO - Processing file /home/airflow/.local/lib/python3.12/site-packages/airflow/example_dags/tutorial.py for tasks to queue
[2025-04-05T15:32:04.281+0000] {logging_mixin.py:190} INFO - [2025-04-05T15:32:04.281+0000] {dagbag.py:588} INFO - Filling up the DagBag from /home/airflow/.local/lib/python3.12/site-packages/airflow/example_dags/tutorial.py
[2025-04-05T15:32:04.289+0000] {processor.py:925} INFO - DAG(s) 'tutorial' retrieved from /home/airflow/.local/lib/python3.12/site-packages/airflow/example_dags/tutorial.py
[2025-04-05T15:32:04.308+0000] {logging_mixin.py:190} INFO - [2025-04-05T15:32:04.308+0000] {dag.py:3239} INFO - Sync 1 DAGs
[2025-04-05T15:32:04.328+0000] {logging_mixin.py:190} INFO - [2025-04-05T15:32:04.328+0000] {dag.py:4180} INFO - Setting next_dagrun for tutorial to 2025-04-04 00:00:00+00:00, run_after=2025-04-05 00:00:00+00:00
[2025-04-05T15:32:04.361+0000] {processor.py:208} INFO - Processing /home/airflow/.local/lib/python3.12/site-packages/airflow/example_dags/tutorial.py took 0.088 seconds
[2025-04-05T15:32:35.351+0000] {processor.py:186} INFO - Started process (PID=1755) to work on /home/airflow/.local/lib/python3.12/site-packages/airflow/example_dags/tutorial.py
[2025-04-05T15:32:35.352+0000] {processor.py:914} INFO - Processing file /home/airflow/.local/lib/python3.12/site-packages/airflow/example_dags/tutorial.py for tasks to queue
[2025-04-05T15:32:35.354+0000] {logging_mixin.py:190} INFO - [2025-04-05T15:32:35.354+0000] {dagbag.py:588} INFO - Filling up the DagBag from /home/airflow/.local/lib/python3.12/site-packages/airflow/example_dags/tutorial.py
[2025-04-05T15:32:35.362+0000] {processor.py:925} INFO - DAG(s) 'tutorial' retrieved from /home/airflow/.local/lib/python3.12/site-packages/airflow/example_dags/tutorial.py
[2025-04-05T15:32:35.380+0000] {logging_mixin.py:190} INFO - [2025-04-05T15:32:35.380+0000] {dag.py:3239} INFO - Sync 1 DAGs
[2025-04-05T15:32:35.400+0000] {logging_mixin.py:190} INFO - [2025-04-05T15:32:35.400+0000] {dag.py:4180} INFO - Setting next_dagrun for tutorial to 2025-04-04 00:00:00+00:00, run_after=2025-04-05 00:00:00+00:00
[2025-04-05T15:32:35.419+0000] {processor.py:208} INFO - Processing /home/airflow/.local/lib/python3.12/site-packages/airflow/example_dags/tutorial.py took 0.075 seconds
[2025-04-05T15:33:06.791+0000] {processor.py:186} INFO - Started process (PID=1818) to work on /home/airflow/.local/lib/python3.12/site-packages/airflow/example_dags/tutorial.py
[2025-04-05T15:33:06.793+0000] {processor.py:914} INFO - Processing file /home/airflow/.local/lib/python3.12/site-packages/airflow/example_dags/tutorial.py for tasks to queue
[2025-04-05T15:33:06.796+0000] {logging_mixin.py:190} INFO - [2025-04-05T15:33:06.795+0000] {dagbag.py:588} INFO - Filling up the DagBag from /home/airflow/.local/lib/python3.12/site-packages/airflow/example_dags/tutorial.py
[2025-04-05T15:33:06.824+0000] {processor.py:925} INFO - DAG(s) 'tutorial' retrieved from /home/airflow/.local/lib/python3.12/site-packages/airflow/example_dags/tutorial.py
[2025-04-05T15:33:06.877+0000] {logging_mixin.py:190} INFO - [2025-04-05T15:33:06.877+0000] {dag.py:3239} INFO - Sync 1 DAGs
[2025-04-05T15:33:06.983+0000] {logging_mixin.py:190} INFO - [2025-04-05T15:33:06.981+0000] {dag.py:4180} INFO - Setting next_dagrun for tutorial to 2025-04-04 00:00:00+00:00, run_after=2025-04-05 00:00:00+00:00
[2025-04-05T15:33:07.044+0000] {processor.py:208} INFO - Processing /home/airflow/.local/lib/python3.12/site-packages/airflow/example_dags/tutorial.py took 0.270 seconds
