[2025-04-05T15:19:20.843+0000] {processor.py:186} INFO - Started process (PID=123) to work on /home/airflow/.local/lib/python3.12/site-packages/airflow/example_dags/tutorial_dag.py
[2025-04-05T15:19:20.844+0000] {processor.py:914} INFO - Processing file /home/airflow/.local/lib/python3.12/site-packages/airflow/example_dags/tutorial_dag.py for tasks to queue
[2025-04-05T15:19:20.847+0000] {logging_mixin.py:190} INFO - [2025-04-05T15:19:20.846+0000] {dagbag.py:588} INFO - Filling up the DagBag from /home/airflow/.local/lib/python3.12/site-packages/airflow/example_dags/tutorial_dag.py
[2025-04-05T15:19:20.856+0000] {processor.py:925} INFO - DAG(s) 'tutorial_dag' retrieved from /home/airflow/.local/lib/python3.12/site-packages/airflow/example_dags/tutorial_dag.py
[2025-04-05T15:19:20.972+0000] {logging_mixin.py:190} INFO - [2025-04-05T15:19:20.972+0000] {override.py:1912} INFO - Created Permission View: can read on DAG:tutorial_dag
[2025-04-05T15:19:20.983+0000] {logging_mixin.py:190} INFO - [2025-04-05T15:19:20.983+0000] {override.py:1912} INFO - Created Permission View: can delete on DAG:tutorial_dag
[2025-04-05T15:19:20.992+0000] {logging_mixin.py:190} INFO - [2025-04-05T15:19:20.992+0000] {override.py:1912} INFO - Created Permission View: can edit on DAG:tutorial_dag
[2025-04-05T15:19:21.006+0000] {logging_mixin.py:190} INFO - [2025-04-05T15:19:21.005+0000] {override.py:1912} INFO - Created Permission View: can read on DAG Run:tutorial_dag
[2025-04-05T15:19:21.014+0000] {logging_mixin.py:190} INFO - [2025-04-05T15:19:21.014+0000] {override.py:1912} INFO - Created Permission View: can create on DAG Run:tutorial_dag
[2025-04-05T15:19:21.022+0000] {logging_mixin.py:190} INFO - [2025-04-05T15:19:21.022+0000] {override.py:1912} INFO - Created Permission View: can delete on DAG Run:tutorial_dag
[2025-04-05T15:19:21.031+0000] {logging_mixin.py:190} INFO - [2025-04-05T15:19:21.030+0000] {override.py:1912} INFO - Created Permission View: menu access on DAG Run:tutorial_dag
[2025-04-05T15:19:21.031+0000] {logging_mixin.py:190} INFO - [2025-04-05T15:19:21.031+0000] {dag.py:3239} INFO - Sync 1 DAGs
[2025-04-05T15:19:21.046+0000] {logging_mixin.py:190} INFO - [2025-04-05T15:19:21.045+0000] {dag.py:3262} INFO - Creating ORM DAG for tutorial_dag
[2025-04-05T15:19:21.047+0000] {logging_mixin.py:190} INFO - [2025-04-05T15:19:21.046+0000] {dag.py:4180} INFO - Setting next_dagrun for tutorial_dag to None, run_after=None
[2025-04-05T15:19:21.066+0000] {processor.py:208} INFO - Processing /home/airflow/.local/lib/python3.12/site-packages/airflow/example_dags/tutorial_dag.py took 0.230 seconds
[2025-04-05T15:19:51.671+0000] {processor.py:186} INFO - Started process (PID=186) to work on /home/airflow/.local/lib/python3.12/site-packages/airflow/example_dags/tutorial_dag.py
[2025-04-05T15:19:51.673+0000] {processor.py:914} INFO - Processing file /home/airflow/.local/lib/python3.12/site-packages/airflow/example_dags/tutorial_dag.py for tasks to queue
[2025-04-05T15:19:51.674+0000] {logging_mixin.py:190} INFO - [2025-04-05T15:19:51.674+0000] {dagbag.py:588} INFO - Filling up the DagBag from /home/airflow/.local/lib/python3.12/site-packages/airflow/example_dags/tutorial_dag.py
[2025-04-05T15:19:51.679+0000] {processor.py:925} INFO - DAG(s) 'tutorial_dag' retrieved from /home/airflow/.local/lib/python3.12/site-packages/airflow/example_dags/tutorial_dag.py
[2025-04-05T15:19:51.695+0000] {logging_mixin.py:190} INFO - [2025-04-05T15:19:51.695+0000] {dag.py:3239} INFO - Sync 1 DAGs
[2025-04-05T15:19:51.705+0000] {logging_mixin.py:190} INFO - [2025-04-05T15:19:51.705+0000] {dag.py:4180} INFO - Setting next_dagrun for tutorial_dag to None, run_after=None
[2025-04-05T15:19:51.722+0000] {processor.py:208} INFO - Processing /home/airflow/.local/lib/python3.12/site-packages/airflow/example_dags/tutorial_dag.py took 0.054 seconds
[2025-04-05T15:20:21.808+0000] {processor.py:186} INFO - Started process (PID=248) to work on /home/airflow/.local/lib/python3.12/site-packages/airflow/example_dags/tutorial_dag.py
[2025-04-05T15:20:21.810+0000] {processor.py:914} INFO - Processing file /home/airflow/.local/lib/python3.12/site-packages/airflow/example_dags/tutorial_dag.py for tasks to queue
[2025-04-05T15:20:21.811+0000] {logging_mixin.py:190} INFO - [2025-04-05T15:20:21.811+0000] {dagbag.py:588} INFO - Filling up the DagBag from /home/airflow/.local/lib/python3.12/site-packages/airflow/example_dags/tutorial_dag.py
[2025-04-05T15:20:21.816+0000] {processor.py:925} INFO - DAG(s) 'tutorial_dag' retrieved from /home/airflow/.local/lib/python3.12/site-packages/airflow/example_dags/tutorial_dag.py
[2025-04-05T15:20:21.834+0000] {logging_mixin.py:190} INFO - [2025-04-05T15:20:21.834+0000] {dag.py:3239} INFO - Sync 1 DAGs
[2025-04-05T15:20:21.845+0000] {logging_mixin.py:190} INFO - [2025-04-05T15:20:21.845+0000] {dag.py:4180} INFO - Setting next_dagrun for tutorial_dag to None, run_after=None
[2025-04-05T15:20:21.865+0000] {processor.py:208} INFO - Processing /home/airflow/.local/lib/python3.12/site-packages/airflow/example_dags/tutorial_dag.py took 0.061 seconds
[2025-04-05T15:20:52.432+0000] {processor.py:186} INFO - Started process (PID=310) to work on /home/airflow/.local/lib/python3.12/site-packages/airflow/example_dags/tutorial_dag.py
[2025-04-05T15:20:52.434+0000] {processor.py:914} INFO - Processing file /home/airflow/.local/lib/python3.12/site-packages/airflow/example_dags/tutorial_dag.py for tasks to queue
[2025-04-05T15:20:52.435+0000] {logging_mixin.py:190} INFO - [2025-04-05T15:20:52.435+0000] {dagbag.py:588} INFO - Filling up the DagBag from /home/airflow/.local/lib/python3.12/site-packages/airflow/example_dags/tutorial_dag.py
[2025-04-05T15:20:52.440+0000] {processor.py:925} INFO - DAG(s) 'tutorial_dag' retrieved from /home/airflow/.local/lib/python3.12/site-packages/airflow/example_dags/tutorial_dag.py
[2025-04-05T15:20:52.456+0000] {logging_mixin.py:190} INFO - [2025-04-05T15:20:52.456+0000] {dag.py:3239} INFO - Sync 1 DAGs
[2025-04-05T15:20:52.466+0000] {logging_mixin.py:190} INFO - [2025-04-05T15:20:52.466+0000] {dag.py:4180} INFO - Setting next_dagrun for tutorial_dag to None, run_after=None
[2025-04-05T15:20:52.483+0000] {processor.py:208} INFO - Processing /home/airflow/.local/lib/python3.12/site-packages/airflow/example_dags/tutorial_dag.py took 0.058 seconds
[2025-04-05T15:21:22.867+0000] {processor.py:186} INFO - Started process (PID=373) to work on /home/airflow/.local/lib/python3.12/site-packages/airflow/example_dags/tutorial_dag.py
[2025-04-05T15:21:22.868+0000] {processor.py:914} INFO - Processing file /home/airflow/.local/lib/python3.12/site-packages/airflow/example_dags/tutorial_dag.py for tasks to queue
[2025-04-05T15:21:22.870+0000] {logging_mixin.py:190} INFO - [2025-04-05T15:21:22.869+0000] {dagbag.py:588} INFO - Filling up the DagBag from /home/airflow/.local/lib/python3.12/site-packages/airflow/example_dags/tutorial_dag.py
[2025-04-05T15:21:22.875+0000] {processor.py:925} INFO - DAG(s) 'tutorial_dag' retrieved from /home/airflow/.local/lib/python3.12/site-packages/airflow/example_dags/tutorial_dag.py
[2025-04-05T15:21:22.890+0000] {logging_mixin.py:190} INFO - [2025-04-05T15:21:22.890+0000] {dag.py:3239} INFO - Sync 1 DAGs
[2025-04-05T15:21:22.900+0000] {logging_mixin.py:190} INFO - [2025-04-05T15:21:22.900+0000] {dag.py:4180} INFO - Setting next_dagrun for tutorial_dag to None, run_after=None
[2025-04-05T15:21:22.917+0000] {processor.py:208} INFO - Processing /home/airflow/.local/lib/python3.12/site-packages/airflow/example_dags/tutorial_dag.py took 0.054 seconds
[2025-04-05T15:21:53.241+0000] {processor.py:186} INFO - Started process (PID=436) to work on /home/airflow/.local/lib/python3.12/site-packages/airflow/example_dags/tutorial_dag.py
[2025-04-05T15:21:53.242+0000] {processor.py:914} INFO - Processing file /home/airflow/.local/lib/python3.12/site-packages/airflow/example_dags/tutorial_dag.py for tasks to queue
[2025-04-05T15:21:53.244+0000] {logging_mixin.py:190} INFO - [2025-04-05T15:21:53.243+0000] {dagbag.py:588} INFO - Filling up the DagBag from /home/airflow/.local/lib/python3.12/site-packages/airflow/example_dags/tutorial_dag.py
[2025-04-05T15:21:53.249+0000] {processor.py:925} INFO - DAG(s) 'tutorial_dag' retrieved from /home/airflow/.local/lib/python3.12/site-packages/airflow/example_dags/tutorial_dag.py
[2025-04-05T15:21:53.266+0000] {logging_mixin.py:190} INFO - [2025-04-05T15:21:53.266+0000] {dag.py:3239} INFO - Sync 1 DAGs
[2025-04-05T15:21:53.277+0000] {logging_mixin.py:190} INFO - [2025-04-05T15:21:53.277+0000] {dag.py:4180} INFO - Setting next_dagrun for tutorial_dag to None, run_after=None
[2025-04-05T15:21:53.297+0000] {processor.py:208} INFO - Processing /home/airflow/.local/lib/python3.12/site-packages/airflow/example_dags/tutorial_dag.py took 0.061 seconds
[2025-04-05T15:22:23.652+0000] {processor.py:186} INFO - Started process (PID=499) to work on /home/airflow/.local/lib/python3.12/site-packages/airflow/example_dags/tutorial_dag.py
[2025-04-05T15:22:23.653+0000] {processor.py:914} INFO - Processing file /home/airflow/.local/lib/python3.12/site-packages/airflow/example_dags/tutorial_dag.py for tasks to queue
[2025-04-05T15:22:23.655+0000] {logging_mixin.py:190} INFO - [2025-04-05T15:22:23.654+0000] {dagbag.py:588} INFO - Filling up the DagBag from /home/airflow/.local/lib/python3.12/site-packages/airflow/example_dags/tutorial_dag.py
[2025-04-05T15:22:23.660+0000] {processor.py:925} INFO - DAG(s) 'tutorial_dag' retrieved from /home/airflow/.local/lib/python3.12/site-packages/airflow/example_dags/tutorial_dag.py
[2025-04-05T15:22:23.677+0000] {logging_mixin.py:190} INFO - [2025-04-05T15:22:23.677+0000] {dag.py:3239} INFO - Sync 1 DAGs
[2025-04-05T15:22:23.689+0000] {logging_mixin.py:190} INFO - [2025-04-05T15:22:23.689+0000] {dag.py:4180} INFO - Setting next_dagrun for tutorial_dag to None, run_after=None
[2025-04-05T15:22:23.709+0000] {processor.py:208} INFO - Processing /home/airflow/.local/lib/python3.12/site-packages/airflow/example_dags/tutorial_dag.py took 0.062 seconds
[2025-04-05T15:22:54.462+0000] {processor.py:186} INFO - Started process (PID=562) to work on /home/airflow/.local/lib/python3.12/site-packages/airflow/example_dags/tutorial_dag.py
[2025-04-05T15:22:54.464+0000] {processor.py:914} INFO - Processing file /home/airflow/.local/lib/python3.12/site-packages/airflow/example_dags/tutorial_dag.py for tasks to queue
[2025-04-05T15:22:54.465+0000] {logging_mixin.py:190} INFO - [2025-04-05T15:22:54.465+0000] {dagbag.py:588} INFO - Filling up the DagBag from /home/airflow/.local/lib/python3.12/site-packages/airflow/example_dags/tutorial_dag.py
[2025-04-05T15:22:54.471+0000] {processor.py:925} INFO - DAG(s) 'tutorial_dag' retrieved from /home/airflow/.local/lib/python3.12/site-packages/airflow/example_dags/tutorial_dag.py
[2025-04-05T15:22:54.487+0000] {logging_mixin.py:190} INFO - [2025-04-05T15:22:54.487+0000] {dag.py:3239} INFO - Sync 1 DAGs
[2025-04-05T15:22:54.499+0000] {logging_mixin.py:190} INFO - [2025-04-05T15:22:54.499+0000] {dag.py:4180} INFO - Setting next_dagrun for tutorial_dag to None, run_after=None
[2025-04-05T15:22:54.519+0000] {processor.py:208} INFO - Processing /home/airflow/.local/lib/python3.12/site-packages/airflow/example_dags/tutorial_dag.py took 0.061 seconds
[2025-04-05T15:23:24.667+0000] {processor.py:186} INFO - Started process (PID=625) to work on /home/airflow/.local/lib/python3.12/site-packages/airflow/example_dags/tutorial_dag.py
[2025-04-05T15:23:24.668+0000] {processor.py:914} INFO - Processing file /home/airflow/.local/lib/python3.12/site-packages/airflow/example_dags/tutorial_dag.py for tasks to queue
[2025-04-05T15:23:24.670+0000] {logging_mixin.py:190} INFO - [2025-04-05T15:23:24.670+0000] {dagbag.py:588} INFO - Filling up the DagBag from /home/airflow/.local/lib/python3.12/site-packages/airflow/example_dags/tutorial_dag.py
[2025-04-05T15:23:24.677+0000] {processor.py:925} INFO - DAG(s) 'tutorial_dag' retrieved from /home/airflow/.local/lib/python3.12/site-packages/airflow/example_dags/tutorial_dag.py
[2025-04-05T15:23:24.694+0000] {logging_mixin.py:190} INFO - [2025-04-05T15:23:24.694+0000] {dag.py:3239} INFO - Sync 1 DAGs
[2025-04-05T15:23:24.710+0000] {logging_mixin.py:190} INFO - [2025-04-05T15:23:24.709+0000] {dag.py:4180} INFO - Setting next_dagrun for tutorial_dag to None, run_after=None
[2025-04-05T15:23:24.758+0000] {processor.py:208} INFO - Processing /home/airflow/.local/lib/python3.12/site-packages/airflow/example_dags/tutorial_dag.py took 0.097 seconds
[2025-04-05T15:23:55.121+0000] {processor.py:186} INFO - Started process (PID=688) to work on /home/airflow/.local/lib/python3.12/site-packages/airflow/example_dags/tutorial_dag.py
[2025-04-05T15:23:55.122+0000] {processor.py:914} INFO - Processing file /home/airflow/.local/lib/python3.12/site-packages/airflow/example_dags/tutorial_dag.py for tasks to queue
[2025-04-05T15:23:55.124+0000] {logging_mixin.py:190} INFO - [2025-04-05T15:23:55.124+0000] {dagbag.py:588} INFO - Filling up the DagBag from /home/airflow/.local/lib/python3.12/site-packages/airflow/example_dags/tutorial_dag.py
[2025-04-05T15:23:55.129+0000] {processor.py:925} INFO - DAG(s) 'tutorial_dag' retrieved from /home/airflow/.local/lib/python3.12/site-packages/airflow/example_dags/tutorial_dag.py
[2025-04-05T15:23:55.144+0000] {logging_mixin.py:190} INFO - [2025-04-05T15:23:55.144+0000] {dag.py:3239} INFO - Sync 1 DAGs
[2025-04-05T15:23:55.154+0000] {logging_mixin.py:190} INFO - [2025-04-05T15:23:55.154+0000] {dag.py:4180} INFO - Setting next_dagrun for tutorial_dag to None, run_after=None
[2025-04-05T15:23:55.171+0000] {processor.py:208} INFO - Processing /home/airflow/.local/lib/python3.12/site-packages/airflow/example_dags/tutorial_dag.py took 0.056 seconds
[2025-04-05T15:24:25.338+0000] {processor.py:186} INFO - Started process (PID=751) to work on /home/airflow/.local/lib/python3.12/site-packages/airflow/example_dags/tutorial_dag.py
[2025-04-05T15:24:25.340+0000] {processor.py:914} INFO - Processing file /home/airflow/.local/lib/python3.12/site-packages/airflow/example_dags/tutorial_dag.py for tasks to queue
[2025-04-05T15:24:25.342+0000] {logging_mixin.py:190} INFO - [2025-04-05T15:24:25.341+0000] {dagbag.py:588} INFO - Filling up the DagBag from /home/airflow/.local/lib/python3.12/site-packages/airflow/example_dags/tutorial_dag.py
[2025-04-05T15:24:25.347+0000] {processor.py:925} INFO - DAG(s) 'tutorial_dag' retrieved from /home/airflow/.local/lib/python3.12/site-packages/airflow/example_dags/tutorial_dag.py
[2025-04-05T15:24:25.366+0000] {logging_mixin.py:190} INFO - [2025-04-05T15:24:25.366+0000] {dag.py:3239} INFO - Sync 1 DAGs
[2025-04-05T15:24:25.379+0000] {logging_mixin.py:190} INFO - [2025-04-05T15:24:25.379+0000] {dag.py:4180} INFO - Setting next_dagrun for tutorial_dag to None, run_after=None
[2025-04-05T15:24:25.397+0000] {processor.py:208} INFO - Processing /home/airflow/.local/lib/python3.12/site-packages/airflow/example_dags/tutorial_dag.py took 0.064 seconds
[2025-04-05T15:24:56.263+0000] {processor.py:186} INFO - Started process (PID=814) to work on /home/airflow/.local/lib/python3.12/site-packages/airflow/example_dags/tutorial_dag.py
[2025-04-05T15:24:56.264+0000] {processor.py:914} INFO - Processing file /home/airflow/.local/lib/python3.12/site-packages/airflow/example_dags/tutorial_dag.py for tasks to queue
[2025-04-05T15:24:56.266+0000] {logging_mixin.py:190} INFO - [2025-04-05T15:24:56.265+0000] {dagbag.py:588} INFO - Filling up the DagBag from /home/airflow/.local/lib/python3.12/site-packages/airflow/example_dags/tutorial_dag.py
[2025-04-05T15:24:56.271+0000] {processor.py:925} INFO - DAG(s) 'tutorial_dag' retrieved from /home/airflow/.local/lib/python3.12/site-packages/airflow/example_dags/tutorial_dag.py
[2025-04-05T15:24:56.287+0000] {logging_mixin.py:190} INFO - [2025-04-05T15:24:56.287+0000] {dag.py:3239} INFO - Sync 1 DAGs
[2025-04-05T15:24:56.299+0000] {logging_mixin.py:190} INFO - [2025-04-05T15:24:56.298+0000] {dag.py:4180} INFO - Setting next_dagrun for tutorial_dag to None, run_after=None
[2025-04-05T15:24:56.317+0000] {processor.py:208} INFO - Processing /home/airflow/.local/lib/python3.12/site-packages/airflow/example_dags/tutorial_dag.py took 0.059 seconds
[2025-04-05T15:25:26.545+0000] {processor.py:186} INFO - Started process (PID=877) to work on /home/airflow/.local/lib/python3.12/site-packages/airflow/example_dags/tutorial_dag.py
[2025-04-05T15:25:26.547+0000] {processor.py:914} INFO - Processing file /home/airflow/.local/lib/python3.12/site-packages/airflow/example_dags/tutorial_dag.py for tasks to queue
[2025-04-05T15:25:26.548+0000] {logging_mixin.py:190} INFO - [2025-04-05T15:25:26.548+0000] {dagbag.py:588} INFO - Filling up the DagBag from /home/airflow/.local/lib/python3.12/site-packages/airflow/example_dags/tutorial_dag.py
[2025-04-05T15:25:26.555+0000] {processor.py:925} INFO - DAG(s) 'tutorial_dag' retrieved from /home/airflow/.local/lib/python3.12/site-packages/airflow/example_dags/tutorial_dag.py
[2025-04-05T15:25:26.572+0000] {logging_mixin.py:190} INFO - [2025-04-05T15:25:26.572+0000] {dag.py:3239} INFO - Sync 1 DAGs
[2025-04-05T15:25:26.585+0000] {logging_mixin.py:190} INFO - [2025-04-05T15:25:26.585+0000] {dag.py:4180} INFO - Setting next_dagrun for tutorial_dag to None, run_after=None
[2025-04-05T15:25:26.603+0000] {processor.py:208} INFO - Processing /home/airflow/.local/lib/python3.12/site-packages/airflow/example_dags/tutorial_dag.py took 0.063 seconds
[2025-04-05T15:25:56.817+0000] {processor.py:186} INFO - Started process (PID=939) to work on /home/airflow/.local/lib/python3.12/site-packages/airflow/example_dags/tutorial_dag.py
[2025-04-05T15:25:56.819+0000] {processor.py:914} INFO - Processing file /home/airflow/.local/lib/python3.12/site-packages/airflow/example_dags/tutorial_dag.py for tasks to queue
[2025-04-05T15:25:56.822+0000] {logging_mixin.py:190} INFO - [2025-04-05T15:25:56.821+0000] {dagbag.py:588} INFO - Filling up the DagBag from /home/airflow/.local/lib/python3.12/site-packages/airflow/example_dags/tutorial_dag.py
[2025-04-05T15:25:56.828+0000] {processor.py:925} INFO - DAG(s) 'tutorial_dag' retrieved from /home/airflow/.local/lib/python3.12/site-packages/airflow/example_dags/tutorial_dag.py
[2025-04-05T15:25:56.847+0000] {logging_mixin.py:190} INFO - [2025-04-05T15:25:56.847+0000] {dag.py:3239} INFO - Sync 1 DAGs
[2025-04-05T15:25:56.859+0000] {logging_mixin.py:190} INFO - [2025-04-05T15:25:56.859+0000] {dag.py:4180} INFO - Setting next_dagrun for tutorial_dag to None, run_after=None
[2025-04-05T15:25:56.880+0000] {processor.py:208} INFO - Processing /home/airflow/.local/lib/python3.12/site-packages/airflow/example_dags/tutorial_dag.py took 0.067 seconds
[2025-04-05T15:26:27.302+0000] {processor.py:186} INFO - Started process (PID=1002) to work on /home/airflow/.local/lib/python3.12/site-packages/airflow/example_dags/tutorial_dag.py
[2025-04-05T15:26:27.304+0000] {processor.py:914} INFO - Processing file /home/airflow/.local/lib/python3.12/site-packages/airflow/example_dags/tutorial_dag.py for tasks to queue
[2025-04-05T15:26:27.305+0000] {logging_mixin.py:190} INFO - [2025-04-05T15:26:27.305+0000] {dagbag.py:588} INFO - Filling up the DagBag from /home/airflow/.local/lib/python3.12/site-packages/airflow/example_dags/tutorial_dag.py
[2025-04-05T15:26:27.312+0000] {processor.py:925} INFO - DAG(s) 'tutorial_dag' retrieved from /home/airflow/.local/lib/python3.12/site-packages/airflow/example_dags/tutorial_dag.py
[2025-04-05T15:26:27.333+0000] {logging_mixin.py:190} INFO - [2025-04-05T15:26:27.333+0000] {dag.py:3239} INFO - Sync 1 DAGs
[2025-04-05T15:26:27.345+0000] {logging_mixin.py:190} INFO - [2025-04-05T15:26:27.345+0000] {dag.py:4180} INFO - Setting next_dagrun for tutorial_dag to None, run_after=None
[2025-04-05T15:26:27.384+0000] {processor.py:208} INFO - Processing /home/airflow/.local/lib/python3.12/site-packages/airflow/example_dags/tutorial_dag.py took 0.087 seconds
[2025-04-05T15:26:57.461+0000] {processor.py:186} INFO - Started process (PID=1065) to work on /home/airflow/.local/lib/python3.12/site-packages/airflow/example_dags/tutorial_dag.py
[2025-04-05T15:26:57.463+0000] {processor.py:914} INFO - Processing file /home/airflow/.local/lib/python3.12/site-packages/airflow/example_dags/tutorial_dag.py for tasks to queue
[2025-04-05T15:26:57.466+0000] {logging_mixin.py:190} INFO - [2025-04-05T15:26:57.465+0000] {dagbag.py:588} INFO - Filling up the DagBag from /home/airflow/.local/lib/python3.12/site-packages/airflow/example_dags/tutorial_dag.py
[2025-04-05T15:26:57.472+0000] {processor.py:925} INFO - DAG(s) 'tutorial_dag' retrieved from /home/airflow/.local/lib/python3.12/site-packages/airflow/example_dags/tutorial_dag.py
[2025-04-05T15:26:57.492+0000] {logging_mixin.py:190} INFO - [2025-04-05T15:26:57.492+0000] {dag.py:3239} INFO - Sync 1 DAGs
[2025-04-05T15:26:57.509+0000] {logging_mixin.py:190} INFO - [2025-04-05T15:26:57.508+0000] {dag.py:4180} INFO - Setting next_dagrun for tutorial_dag to None, run_after=None
[2025-04-05T15:26:57.551+0000] {processor.py:208} INFO - Processing /home/airflow/.local/lib/python3.12/site-packages/airflow/example_dags/tutorial_dag.py took 0.095 seconds
[2025-04-05T15:27:28.543+0000] {processor.py:186} INFO - Started process (PID=1128) to work on /home/airflow/.local/lib/python3.12/site-packages/airflow/example_dags/tutorial_dag.py
[2025-04-05T15:27:28.544+0000] {processor.py:914} INFO - Processing file /home/airflow/.local/lib/python3.12/site-packages/airflow/example_dags/tutorial_dag.py for tasks to queue
[2025-04-05T15:27:28.546+0000] {logging_mixin.py:190} INFO - [2025-04-05T15:27:28.546+0000] {dagbag.py:588} INFO - Filling up the DagBag from /home/airflow/.local/lib/python3.12/site-packages/airflow/example_dags/tutorial_dag.py
[2025-04-05T15:27:28.552+0000] {processor.py:925} INFO - DAG(s) 'tutorial_dag' retrieved from /home/airflow/.local/lib/python3.12/site-packages/airflow/example_dags/tutorial_dag.py
[2025-04-05T15:27:28.570+0000] {logging_mixin.py:190} INFO - [2025-04-05T15:27:28.570+0000] {dag.py:3239} INFO - Sync 1 DAGs
[2025-04-05T15:27:28.584+0000] {logging_mixin.py:190} INFO - [2025-04-05T15:27:28.584+0000] {dag.py:4180} INFO - Setting next_dagrun for tutorial_dag to None, run_after=None
[2025-04-05T15:27:28.606+0000] {processor.py:208} INFO - Processing /home/airflow/.local/lib/python3.12/site-packages/airflow/example_dags/tutorial_dag.py took 0.068 seconds
[2025-04-05T15:27:59.263+0000] {processor.py:186} INFO - Started process (PID=1191) to work on /home/airflow/.local/lib/python3.12/site-packages/airflow/example_dags/tutorial_dag.py
[2025-04-05T15:27:59.265+0000] {processor.py:914} INFO - Processing file /home/airflow/.local/lib/python3.12/site-packages/airflow/example_dags/tutorial_dag.py for tasks to queue
[2025-04-05T15:27:59.268+0000] {logging_mixin.py:190} INFO - [2025-04-05T15:27:59.268+0000] {dagbag.py:588} INFO - Filling up the DagBag from /home/airflow/.local/lib/python3.12/site-packages/airflow/example_dags/tutorial_dag.py
[2025-04-05T15:27:59.278+0000] {processor.py:925} INFO - DAG(s) 'tutorial_dag' retrieved from /home/airflow/.local/lib/python3.12/site-packages/airflow/example_dags/tutorial_dag.py
[2025-04-05T15:27:59.301+0000] {logging_mixin.py:190} INFO - [2025-04-05T15:27:59.301+0000] {dag.py:3239} INFO - Sync 1 DAGs
[2025-04-05T15:27:59.313+0000] {logging_mixin.py:190} INFO - [2025-04-05T15:27:59.313+0000] {dag.py:4180} INFO - Setting next_dagrun for tutorial_dag to None, run_after=None
[2025-04-05T15:27:59.331+0000] {processor.py:208} INFO - Processing /home/airflow/.local/lib/python3.12/site-packages/airflow/example_dags/tutorial_dag.py took 0.075 seconds
[2025-04-05T15:28:30.243+0000] {processor.py:186} INFO - Started process (PID=1254) to work on /home/airflow/.local/lib/python3.12/site-packages/airflow/example_dags/tutorial_dag.py
[2025-04-05T15:28:30.244+0000] {processor.py:914} INFO - Processing file /home/airflow/.local/lib/python3.12/site-packages/airflow/example_dags/tutorial_dag.py for tasks to queue
[2025-04-05T15:28:30.247+0000] {logging_mixin.py:190} INFO - [2025-04-05T15:28:30.246+0000] {dagbag.py:588} INFO - Filling up the DagBag from /home/airflow/.local/lib/python3.12/site-packages/airflow/example_dags/tutorial_dag.py
[2025-04-05T15:28:30.255+0000] {processor.py:925} INFO - DAG(s) 'tutorial_dag' retrieved from /home/airflow/.local/lib/python3.12/site-packages/airflow/example_dags/tutorial_dag.py
[2025-04-05T15:28:30.275+0000] {logging_mixin.py:190} INFO - [2025-04-05T15:28:30.275+0000] {dag.py:3239} INFO - Sync 1 DAGs
[2025-04-05T15:28:30.287+0000] {logging_mixin.py:190} INFO - [2025-04-05T15:28:30.287+0000] {dag.py:4180} INFO - Setting next_dagrun for tutorial_dag to None, run_after=None
[2025-04-05T15:28:30.306+0000] {processor.py:208} INFO - Processing /home/airflow/.local/lib/python3.12/site-packages/airflow/example_dags/tutorial_dag.py took 0.070 seconds
[2025-04-05T15:29:01.044+0000] {processor.py:186} INFO - Started process (PID=1317) to work on /home/airflow/.local/lib/python3.12/site-packages/airflow/example_dags/tutorial_dag.py
[2025-04-05T15:29:01.045+0000] {processor.py:914} INFO - Processing file /home/airflow/.local/lib/python3.12/site-packages/airflow/example_dags/tutorial_dag.py for tasks to queue
[2025-04-05T15:29:01.047+0000] {logging_mixin.py:190} INFO - [2025-04-05T15:29:01.047+0000] {dagbag.py:588} INFO - Filling up the DagBag from /home/airflow/.local/lib/python3.12/site-packages/airflow/example_dags/tutorial_dag.py
[2025-04-05T15:29:01.053+0000] {processor.py:925} INFO - DAG(s) 'tutorial_dag' retrieved from /home/airflow/.local/lib/python3.12/site-packages/airflow/example_dags/tutorial_dag.py
[2025-04-05T15:29:01.071+0000] {logging_mixin.py:190} INFO - [2025-04-05T15:29:01.071+0000] {dag.py:3239} INFO - Sync 1 DAGs
[2025-04-05T15:29:01.085+0000] {logging_mixin.py:190} INFO - [2025-04-05T15:29:01.084+0000] {dag.py:4180} INFO - Setting next_dagrun for tutorial_dag to None, run_after=None
[2025-04-05T15:29:01.107+0000] {processor.py:208} INFO - Processing /home/airflow/.local/lib/python3.12/site-packages/airflow/example_dags/tutorial_dag.py took 0.068 seconds
[2025-04-05T15:29:31.930+0000] {processor.py:186} INFO - Started process (PID=1380) to work on /home/airflow/.local/lib/python3.12/site-packages/airflow/example_dags/tutorial_dag.py
[2025-04-05T15:29:31.931+0000] {processor.py:914} INFO - Processing file /home/airflow/.local/lib/python3.12/site-packages/airflow/example_dags/tutorial_dag.py for tasks to queue
[2025-04-05T15:29:31.933+0000] {logging_mixin.py:190} INFO - [2025-04-05T15:29:31.933+0000] {dagbag.py:588} INFO - Filling up the DagBag from /home/airflow/.local/lib/python3.12/site-packages/airflow/example_dags/tutorial_dag.py
[2025-04-05T15:29:31.939+0000] {processor.py:925} INFO - DAG(s) 'tutorial_dag' retrieved from /home/airflow/.local/lib/python3.12/site-packages/airflow/example_dags/tutorial_dag.py
[2025-04-05T15:29:31.959+0000] {logging_mixin.py:190} INFO - [2025-04-05T15:29:31.958+0000] {dag.py:3239} INFO - Sync 1 DAGs
[2025-04-05T15:29:31.973+0000] {logging_mixin.py:190} INFO - [2025-04-05T15:29:31.973+0000] {dag.py:4180} INFO - Setting next_dagrun for tutorial_dag to None, run_after=None
[2025-04-05T15:29:31.996+0000] {processor.py:208} INFO - Processing /home/airflow/.local/lib/python3.12/site-packages/airflow/example_dags/tutorial_dag.py took 0.072 seconds
[2025-04-05T15:30:02.712+0000] {processor.py:186} INFO - Started process (PID=1443) to work on /home/airflow/.local/lib/python3.12/site-packages/airflow/example_dags/tutorial_dag.py
[2025-04-05T15:30:02.713+0000] {processor.py:914} INFO - Processing file /home/airflow/.local/lib/python3.12/site-packages/airflow/example_dags/tutorial_dag.py for tasks to queue
[2025-04-05T15:30:02.715+0000] {logging_mixin.py:190} INFO - [2025-04-05T15:30:02.715+0000] {dagbag.py:588} INFO - Filling up the DagBag from /home/airflow/.local/lib/python3.12/site-packages/airflow/example_dags/tutorial_dag.py
[2025-04-05T15:30:02.721+0000] {processor.py:925} INFO - DAG(s) 'tutorial_dag' retrieved from /home/airflow/.local/lib/python3.12/site-packages/airflow/example_dags/tutorial_dag.py
[2025-04-05T15:30:02.743+0000] {logging_mixin.py:190} INFO - [2025-04-05T15:30:02.742+0000] {dag.py:3239} INFO - Sync 1 DAGs
[2025-04-05T15:30:02.759+0000] {logging_mixin.py:190} INFO - [2025-04-05T15:30:02.758+0000] {dag.py:4180} INFO - Setting next_dagrun for tutorial_dag to None, run_after=None
[2025-04-05T15:30:02.778+0000] {processor.py:208} INFO - Processing /home/airflow/.local/lib/python3.12/site-packages/airflow/example_dags/tutorial_dag.py took 0.071 seconds
[2025-04-05T15:30:33.657+0000] {processor.py:186} INFO - Started process (PID=1507) to work on /home/airflow/.local/lib/python3.12/site-packages/airflow/example_dags/tutorial_dag.py
[2025-04-05T15:30:33.659+0000] {processor.py:914} INFO - Processing file /home/airflow/.local/lib/python3.12/site-packages/airflow/example_dags/tutorial_dag.py for tasks to queue
[2025-04-05T15:30:33.661+0000] {logging_mixin.py:190} INFO - [2025-04-05T15:30:33.661+0000] {dagbag.py:588} INFO - Filling up the DagBag from /home/airflow/.local/lib/python3.12/site-packages/airflow/example_dags/tutorial_dag.py
[2025-04-05T15:30:33.668+0000] {processor.py:925} INFO - DAG(s) 'tutorial_dag' retrieved from /home/airflow/.local/lib/python3.12/site-packages/airflow/example_dags/tutorial_dag.py
[2025-04-05T15:30:33.687+0000] {logging_mixin.py:190} INFO - [2025-04-05T15:30:33.687+0000] {dag.py:3239} INFO - Sync 1 DAGs
[2025-04-05T15:30:33.702+0000] {logging_mixin.py:190} INFO - [2025-04-05T15:30:33.702+0000] {dag.py:4180} INFO - Setting next_dagrun for tutorial_dag to None, run_after=None
[2025-04-05T15:30:33.737+0000] {processor.py:208} INFO - Processing /home/airflow/.local/lib/python3.12/site-packages/airflow/example_dags/tutorial_dag.py took 0.086 seconds
[2025-04-05T15:31:04.499+0000] {processor.py:186} INFO - Started process (PID=1570) to work on /home/airflow/.local/lib/python3.12/site-packages/airflow/example_dags/tutorial_dag.py
[2025-04-05T15:31:04.500+0000] {processor.py:914} INFO - Processing file /home/airflow/.local/lib/python3.12/site-packages/airflow/example_dags/tutorial_dag.py for tasks to queue
[2025-04-05T15:31:04.503+0000] {logging_mixin.py:190} INFO - [2025-04-05T15:31:04.502+0000] {dagbag.py:588} INFO - Filling up the DagBag from /home/airflow/.local/lib/python3.12/site-packages/airflow/example_dags/tutorial_dag.py
[2025-04-05T15:31:04.510+0000] {processor.py:925} INFO - DAG(s) 'tutorial_dag' retrieved from /home/airflow/.local/lib/python3.12/site-packages/airflow/example_dags/tutorial_dag.py
[2025-04-05T15:31:04.526+0000] {logging_mixin.py:190} INFO - [2025-04-05T15:31:04.525+0000] {dag.py:3239} INFO - Sync 1 DAGs
[2025-04-05T15:31:04.541+0000] {logging_mixin.py:190} INFO - [2025-04-05T15:31:04.540+0000] {dag.py:4180} INFO - Setting next_dagrun for tutorial_dag to None, run_after=None
[2025-04-05T15:31:04.567+0000] {processor.py:208} INFO - Processing /home/airflow/.local/lib/python3.12/site-packages/airflow/example_dags/tutorial_dag.py took 0.082 seconds
[2025-04-05T15:31:35.282+0000] {processor.py:186} INFO - Started process (PID=1633) to work on /home/airflow/.local/lib/python3.12/site-packages/airflow/example_dags/tutorial_dag.py
[2025-04-05T15:31:35.284+0000] {processor.py:914} INFO - Processing file /home/airflow/.local/lib/python3.12/site-packages/airflow/example_dags/tutorial_dag.py for tasks to queue
[2025-04-05T15:31:35.286+0000] {logging_mixin.py:190} INFO - [2025-04-05T15:31:35.285+0000] {dagbag.py:588} INFO - Filling up the DagBag from /home/airflow/.local/lib/python3.12/site-packages/airflow/example_dags/tutorial_dag.py
[2025-04-05T15:31:35.293+0000] {processor.py:925} INFO - DAG(s) 'tutorial_dag' retrieved from /home/airflow/.local/lib/python3.12/site-packages/airflow/example_dags/tutorial_dag.py
[2025-04-05T15:31:35.311+0000] {logging_mixin.py:190} INFO - [2025-04-05T15:31:35.311+0000] {dag.py:3239} INFO - Sync 1 DAGs
[2025-04-05T15:31:35.325+0000] {logging_mixin.py:190} INFO - [2025-04-05T15:31:35.325+0000] {dag.py:4180} INFO - Setting next_dagrun for tutorial_dag to None, run_after=None
[2025-04-05T15:31:35.349+0000] {processor.py:208} INFO - Processing /home/airflow/.local/lib/python3.12/site-packages/airflow/example_dags/tutorial_dag.py took 0.073 seconds
[2025-04-05T15:32:05.493+0000] {processor.py:186} INFO - Started process (PID=1695) to work on /home/airflow/.local/lib/python3.12/site-packages/airflow/example_dags/tutorial_dag.py
[2025-04-05T15:32:05.495+0000] {processor.py:914} INFO - Processing file /home/airflow/.local/lib/python3.12/site-packages/airflow/example_dags/tutorial_dag.py for tasks to queue
[2025-04-05T15:32:05.497+0000] {logging_mixin.py:190} INFO - [2025-04-05T15:32:05.497+0000] {dagbag.py:588} INFO - Filling up the DagBag from /home/airflow/.local/lib/python3.12/site-packages/airflow/example_dags/tutorial_dag.py
[2025-04-05T15:32:05.504+0000] {processor.py:925} INFO - DAG(s) 'tutorial_dag' retrieved from /home/airflow/.local/lib/python3.12/site-packages/airflow/example_dags/tutorial_dag.py
[2025-04-05T15:32:05.524+0000] {logging_mixin.py:190} INFO - [2025-04-05T15:32:05.524+0000] {dag.py:3239} INFO - Sync 1 DAGs
[2025-04-05T15:32:05.538+0000] {logging_mixin.py:190} INFO - [2025-04-05T15:32:05.538+0000] {dag.py:4180} INFO - Setting next_dagrun for tutorial_dag to None, run_after=None
[2025-04-05T15:32:05.556+0000] {processor.py:208} INFO - Processing /home/airflow/.local/lib/python3.12/site-packages/airflow/example_dags/tutorial_dag.py took 0.067 seconds
[2025-04-05T15:32:36.592+0000] {processor.py:186} INFO - Started process (PID=1759) to work on /home/airflow/.local/lib/python3.12/site-packages/airflow/example_dags/tutorial_dag.py
[2025-04-05T15:32:36.593+0000] {processor.py:914} INFO - Processing file /home/airflow/.local/lib/python3.12/site-packages/airflow/example_dags/tutorial_dag.py for tasks to queue
[2025-04-05T15:32:36.596+0000] {logging_mixin.py:190} INFO - [2025-04-05T15:32:36.595+0000] {dagbag.py:588} INFO - Filling up the DagBag from /home/airflow/.local/lib/python3.12/site-packages/airflow/example_dags/tutorial_dag.py
[2025-04-05T15:32:36.602+0000] {processor.py:925} INFO - DAG(s) 'tutorial_dag' retrieved from /home/airflow/.local/lib/python3.12/site-packages/airflow/example_dags/tutorial_dag.py
[2025-04-05T15:32:36.624+0000] {logging_mixin.py:190} INFO - [2025-04-05T15:32:36.624+0000] {dag.py:3239} INFO - Sync 1 DAGs
[2025-04-05T15:32:36.640+0000] {logging_mixin.py:190} INFO - [2025-04-05T15:32:36.640+0000] {dag.py:4180} INFO - Setting next_dagrun for tutorial_dag to None, run_after=None
[2025-04-05T15:32:36.667+0000] {processor.py:208} INFO - Processing /home/airflow/.local/lib/python3.12/site-packages/airflow/example_dags/tutorial_dag.py took 0.081 seconds
[2025-04-05T15:33:07.805+0000] {processor.py:186} INFO - Started process (PID=1828) to work on /home/airflow/.local/lib/python3.12/site-packages/airflow/example_dags/tutorial_dag.py
[2025-04-05T15:33:07.816+0000] {processor.py:914} INFO - Processing file /home/airflow/.local/lib/python3.12/site-packages/airflow/example_dags/tutorial_dag.py for tasks to queue
[2025-04-05T15:33:07.820+0000] {logging_mixin.py:190} INFO - [2025-04-05T15:33:07.819+0000] {dagbag.py:588} INFO - Filling up the DagBag from /home/airflow/.local/lib/python3.12/site-packages/airflow/example_dags/tutorial_dag.py
[2025-04-05T15:33:07.848+0000] {processor.py:925} INFO - DAG(s) 'tutorial_dag' retrieved from /home/airflow/.local/lib/python3.12/site-packages/airflow/example_dags/tutorial_dag.py
[2025-04-05T15:33:07.882+0000] {logging_mixin.py:190} INFO - [2025-04-05T15:33:07.881+0000] {dag.py:3239} INFO - Sync 1 DAGs
[2025-04-05T15:33:07.926+0000] {logging_mixin.py:190} INFO - [2025-04-05T15:33:07.925+0000] {dag.py:4180} INFO - Setting next_dagrun for tutorial_dag to None, run_after=None
[2025-04-05T15:33:08.000+0000] {processor.py:208} INFO - Processing /home/airflow/.local/lib/python3.12/site-packages/airflow/example_dags/tutorial_dag.py took 0.202 seconds
